============================================================================
ConserveFM ClimaX forecasting adapter
============================================================================
ERA5 channels : 71
ERA5 grid     : (121, 240)
ClimaX grid   : (124, 240)
patch size    : 4
leads         : 6 / 24 / 72 h
============================================================================
[PRETRAIN] loading /home/tahiti/ConserveFM/models/climax/1.40625deg.ckpt
[PRETRAIN] positional grid 32x64 -> 31x60
[PRETRAIN] load: <All keys matched successfully>
[PRETRAIN] shared variables: 38/71
  geopotential_50                  -> geopotential@50hPa
  geopotential_250                 -> geopotential@250hPa
  geopotential_500                 -> geopotential@500hPa
  geopotential_600                 -> geopotential@600hPa
  geopotential_700                 -> geopotential@700hPa
  geopotential_850                 -> geopotential@850hPa
  geopotential_925                 -> geopotential@925hPa
  temperature_50                   -> temperature@50hPa
  temperature_250                  -> temperature@250hPa
  temperature_500                  -> temperature@500hPa
  temperature_600                  -> temperature@600hPa
  temperature_700                  -> temperature@700hPa
  temperature_850                  -> temperature@850hPa
  temperature_925                  -> temperature@925hPa
  specific_humidity_50             -> specific_humidity@50hPa
  specific_humidity_250            -> specific_humidity@250hPa
  specific_humidity_500            -> specific_humidity@500hPa
  specific_humidity_600            -> specific_humidity@600hPa
  specific_humidity_700            -> specific_humidity@700hPa
  specific_humidity_850            -> specific_humidity@850hPa
  specific_humidity_925            -> specific_humidity@925hPa
  u_component_of_wind_50           -> u_component_of_wind@50hPa
  u_component_of_wind_250          -> u_component_of_wind@250hPa
  u_component_of_wind_500          -> u_component_of_wind@500hPa
  u_component_of_wind_600          -> u_component_of_wind@600hPa
  u_component_of_wind_700          -> u_component_of_wind@700hPa
  u_component_of_wind_850          -> u_component_of_wind@850hPa
  u_component_of_wind_925          -> u_component_of_wind@925hPa
  v_component_of_wind_50           -> v_component_of_wind@50hPa
  v_component_of_wind_250          -> v_component_of_wind@250hPa
  v_component_of_wind_500          -> v_component_of_wind@500hPa
  v_component_of_wind_600          -> v_component_of_wind@600hPa
  v_component_of_wind_700          -> v_component_of_wind@700hPa
  v_component_of_wind_850          -> v_component_of_wind@850hPa
  v_component_of_wind_925          -> v_component_of_wind@925hPa
  2m_temperature                   -> 2m_temperature
  10m_u_component_of_wind          -> 10m_u_component_of_wind
  10m_v_component_of_wind          -> 10m_v_component_of_wind
[PRETRAIN] newly initialized variables: 33
[LOADER] batch=8 workers=8 prefetch=1
[DATA] train=32 val=8
[TRAIN] epoch=1/1 batch=1/4 lead=[24, 24, 6, 72, 72, 72, 6, 24] loss=1.093485 GPU_now=1.42GiB GPU_peak=24.84GiB
[TRAIN] epoch=1/1 batch=2/4 lead=[72, 6, 24, 24, 72, 24, 24, 72] loss=1.130606 GPU_now=1.42GiB GPU_peak=23.24GiB
[TRAIN] epoch=1/1 batch=3/4 lead=[72, 24, 24, 6, 6, 72, 72, 24] loss=1.122494 GPU_now=1.42GiB GPU_peak=23.24GiB
[TRAIN] epoch=1/1 batch=4/4 lead=[72, 6, 24, 24, 72, 72, 72, 6] loss=1.148965 GPU_now=1.42GiB GPU_peak=23.24GiB
[EPOCH] {'epoch': 0, 'global_step': 4, 'train_mse': 1.1238872706890106, 'val_mse': 1.155985713005066, 'elapsed_seconds': 7.45}
[BEST] val_mse=1.155986
[COMPLETE] {
  "status": "completed",
  "best_val_mse": 1.155985713005066,
  "epochs": 1,
  "global_step": 4,
  "train_examples": 32,
  "val_examples": 8,
  "shared_pretrained_channels": 38,
  "checkpoint_best": "models/batch_tune/b8/checkpoint_best.pt"
}
