[SETUP] device=cuda
[SETUP] run_id=train_climax_residual_repair_s42 method=residual_repair backbone=climax
[FORECAST] using frozen forecast cache: /home/tahiti/ConserveFM/forecasts/climax.zarr
[STAGE] finetune epochs=6 start_epoch=0
[TRAIN] stage=finetune epoch=1/6 batch=10/87647 step=10 repair=0.1346 localization=0 type=0 minimal=0.05527 physics=0 total=0.1352
[TRAIN] stage=finetune epoch=1/6 batch=20/87647 step=20 repair=0.1674 localization=0 type=0 minimal=0.02808 physics=0 total=0.1677
[TRAIN] stage=finetune epoch=1/6 batch=30/87647 step=30 repair=0.1181 localization=0 type=0 minimal=0.0291 physics=0 total=0.1183
[TRAIN] stage=finetune epoch=1/6 batch=40/87647 step=40 repair=0.08868 localization=0 type=0 minimal=0.02509 physics=0 total=0.08893
[TRAIN] stage=finetune epoch=1/6 batch=50/87647 step=50 repair=0.1167 localization=0 type=0 minimal=0.02295 physics=0 total=0.1169
[TRAIN] stage=finetune epoch=1/6 batch=60/87647 step=60 repair=0.08139 localization=0 type=0 minimal=0.02371 physics=0 total=0.08163
[TRAIN] stage=finetune epoch=1/6 batch=70/87647 step=70 repair=0.1176 localization=0 type=0 minimal=0.02504 physics=0 total=0.1179
[TRAIN] stage=finetune epoch=1/6 batch=80/87647 step=80 repair=0.09492 localization=0 type=0 minimal=0.0242 physics=0 total=0.09516
[TRAIN] stage=finetune epoch=1/6 batch=90/87647 step=90 repair=0.1577 localization=0 type=0 minimal=0.02551 physics=0 total=0.1579
[TRAIN] stage=finetune epoch=1/6 batch=100/87647 step=100 repair=0.07831 localization=0 type=0 minimal=0.0276 physics=0 total=0.07858
[TRAIN] stage=finetune epoch=1/6 batch=110/87647 step=110 repair=0.1237 localization=0 type=0 minimal=0.02676 physics=0 total=0.124
[TRAIN] stage=finetune epoch=1/6 batch=120/87647 step=120 repair=0.1249 localization=0 type=0 minimal=0.02803 physics=0 total=0.1251
[TRAIN] stage=finetune epoch=1/6 batch=130/87647 step=130 repair=0.1198 localization=0 type=0 minimal=0.02779 physics=0 total=0.1201
[TRAIN] stage=finetune epoch=1/6 batch=140/87647 step=140 repair=0.1169 localization=0 type=0 minimal=0.02844 physics=0 total=0.1172
[TRAIN] stage=finetune epoch=1/6 batch=150/87647 step=150 repair=0.1214 localization=0 type=0 minimal=0.03011 physics=0 total=0.1217
[TRAIN] stage=finetune epoch=1/6 batch=160/87647 step=160 repair=0.07622 localization=0 type=0 minimal=0.03116 physics=0 total=0.07654
[TRAIN] stage=finetune epoch=1/6 batch=170/87647 step=170 repair=0.08444 localization=0 type=0 minimal=0.03311 physics=0 total=0.08477
[TRAIN] stage=finetune epoch=1/6 batch=180/87647 step=180 repair=0.1317 localization=0 type=0 minimal=0.03053 physics=0 total=0.132
[TRAIN] stage=finetune epoch=1/6 batch=190/87647 step=190 repair=0.1174 localization=0 type=0 minimal=0.03302 physics=0 total=0.1177
[TRAIN] stage=finetune epoch=1/6 batch=200/87647 step=200 repair=0.1265 localization=0 type=0 minimal=0.03217 physics=0 total=0.1268
[TRAIN] stage=finetune epoch=1/6 batch=210/87647 step=210 repair=0.1475 localization=0 type=0 minimal=0.03543 physics=0 total=0.1478
[TRAIN] stage=finetune epoch=1/6 batch=220/87647 step=220 repair=0.1328 localization=0 type=0 minimal=0.03284 physics=0 total=0.1332
