[TRAIN train_climax_static_physics_loss_s44] [SETUP] device=cuda
[TRAIN train_climax_static_physics_loss_s44] [SETUP] run_id=prelim20_train_climax_static_physics_loss_s44 method=static_physics_loss backbone=climax
[TRAIN train_climax_static_physics_loss_s44] [FORECAST] using frozen forecast cache: /home/tahiti/ConserveFM/forecasts/climax.zarr
[TRAIN train_climax_static_physics_loss_s44] [STAGE] finetune epochs=1 start_epoch=0
[TRAIN train_climax_static_physics_loss_s44] [TRAIN] stage=finetune epoch=1/1 batch=10/3000 step=10 repair=0.08857 localization=0 type=0 minimal=0 physics=1.262 total=0.1517
[TRAIN train_climax_static_physics_loss_s44] [TRAIN] stage=finetune epoch=1/1 batch=20/3000 step=20 repair=0.128 localization=0 type=0 minimal=0 physics=1.162 total=0.1861
[TRAIN train_climax_static_physics_loss_s44] [TRAIN] stage=finetune epoch=1/1 batch=30/3000 step=30 repair=0.1179 localization=0 type=0 minimal=0 physics=0.8979 total=0.1628
[TRAIN train_climax_static_physics_loss_s44] [TRAIN] stage=finetune epoch=1/1 batch=40/3000 step=40 repair=0.1283 localization=0 type=0 minimal=0 physics=0.8599 total=0.1713
[TRAIN train_climax_static_physics_loss_s44] [TRAIN] stage=finetune epoch=1/1 batch=50/3000 step=50 repair=0.1235 localization=0 type=0 minimal=0 physics=0.7128 total=0.1592
[TRAIN train_climax_static_physics_loss_s44] [TRAIN] stage=finetune epoch=1/1 batch=60/3000 step=60 repair=0.08003 localization=0 type=0 minimal=0 physics=0.6295 total=0.1115
[TRAIN train_climax_static_physics_loss_s44] [TRAIN] stage=finetune epoch=1/1 batch=70/3000 step=70 repair=0.125 localization=0 type=0 minimal=0 physics=0.7545 total=0.1627
[TRAIN train_climax_static_physics_loss_s44] [TRAIN] stage=finetune epoch=1/1 batch=80/3000 step=80 repair=0.1575 localization=0 type=0 minimal=0 physics=0.8311 total=0.1991
[TRAIN train_climax_static_physics_loss_s44] [TRAIN] stage=finetune epoch=1/1 batch=90/3000 step=90 repair=0.08572 localization=0 type=0 minimal=0 physics=0.5644 total=0.1139
[TRAIN train_climax_static_physics_loss_s44] [TRAIN] stage=finetune epoch=1/1 batch=100/3000 step=100 repair=0.1145 localization=0 type=0 minimal=0 physics=0.7089 total=0.1499
[TRAIN train_climax_static_physics_loss_s44] [TRAIN] stage=finetune epoch=1/1 batch=110/3000 step=110 repair=0.09483 localization=0 type=0 minimal=0 physics=0.5996 total=0.1248
[TRAIN train_climax_static_physics_loss_s44] [TRAIN] stage=finetune epoch=1/1 batch=120/3000 step=120 repair=0.1209 localization=0 type=0 minimal=0 physics=0.7435 total=0.1581
[TRAIN train_climax_static_physics_loss_s44] [TRAIN] stage=finetune epoch=1/1 batch=130/3000 step=130 repair=0.09468 localization=0 type=0 minimal=0 physics=0.7373 total=0.1315
[TRAIN train_climax_static_physics_loss_s44] [TRAIN] stage=finetune epoch=1/1 batch=140/3000 step=140 repair=0.08983 localization=0 type=0 minimal=0 physics=0.6382 total=0.1217
[TRAIN train_climax_static_physics_loss_s44] [TRAIN] stage=finetune epoch=1/1 batch=150/3000 step=150 repair=0.08728 localization=0 type=0 minimal=0 physics=0.7287 total=0.1237
[TRAIN train_climax_static_physics_loss_s44] [TRAIN] stage=finetune epoch=1/1 batch=160/3000 step=160 repair=0.1148 localization=0 type=0 minimal=0 physics=0.6741 total=0.1485
[TRAIN train_climax_static_physics_loss_s44] [TRAIN] stage=finetune epoch=1/1 batch=170/3000 step=170 repair=0.0927 localization=0 type=0 minimal=0 physics=0.5741 total=0.1214
[TRAIN train_climax_static_physics_loss_s44] [TRAIN] stage=finetune epoch=1/1 batch=180/3000 step=180 repair=0.1202 localization=0 type=0 minimal=0 physics=0.8045 total=0.1605
[TRAIN train_climax_static_physics_loss_s44] [TRAIN] stage=finetune epoch=1/1 batch=190/3000 step=190 repair=0.121 localization=0 type=0 minimal=0 physics=0.6719 total=0.1546
[TRAIN train_climax_static_physics_loss_s44] [TRAIN] stage=finetune epoch=1/1 batch=200/3000 step=200 repair=0.1311 localization=0 type=0 minimal=0 physics=0.6642 total=0.1643
[TRAIN train_climax_static_physics_loss_s44] [TRAIN] stage=finetune epoch=1/1 batch=210/3000 step=210 repair=0.08459 localization=0 type=0 minimal=0 physics=0.5966 total=0.1144
[TRAIN train_climax_static_physics_loss_s44] [TRAIN] stage=finetune epoch=1/1 batch=220/3000 step=220 repair=0.1203 localization=0 type=0 minimal=0 physics=0.6353 total=0.152
[TRAIN train_climax_static_physics_loss_s44] [TRAIN] stage=finetune epoch=1/1 batch=230/3000 step=230 repair=0.08202 localization=0 type=0 minimal=0 physics=0.5363 total=0.1088
[TRAIN train_climax_static_physics_loss_s44] [TRAIN] stage=finetune epoch=1/1 batch=240/3000 step=240 repair=0.1271 localization=0 type=0 minimal=0 physics=0.7819 total=0.1662
[TRAIN train_climax_static_physics_loss_s44] [TRAIN] stage=finetune epoch=1/1 batch=250/3000 step=250 repair=0.09119 localization=0 type=0 minimal=0 physics=0.762 total=0.1293
[TRAIN train_climax_static_physics_loss_s44] [TRAIN] stage=finetune epoch=1/1 batch=260/3000 step=260 repair=0.1653 localization=0 type=0 minimal=0 physics=0.6569 total=0.1982
[TRAIN train_climax_static_physics_loss_s44] [TRAIN] stage=finetune epoch=1/1 batch=270/3000 step=270 repair=0.1281 localization=0 type=0 minimal=0 physics=0.6241 total=0.1593
[TRAIN train_climax_static_physics_loss_s44] [TRAIN] stage=finetune epoch=1/1 batch=280/3000 step=280 repair=0.1265 localization=0 type=0 minimal=0 physics=0.5582 total=0.1545
[TRAIN train_climax_static_physics_loss_s44] [TRAIN] stage=finetune epoch=1/1 batch=290/3000 step=290 repair=0.1255 localization=0 type=0 minimal=0 physics=0.5814 total=0.1545
[TRAIN train_climax_static_physics_loss_s44] [TRAIN] stage=finetune epoch=1/1 batch=300/3000 step=300 repair=0.1586 localization=0 type=0 minimal=0 physics=0.6005 total=0.1887
[TRAIN train_climax_static_physics_loss_s44] [TRAIN] stage=finetune epoch=1/1 batch=310/3000 step=310 repair=0.1683 localization=0 type=0 minimal=0 physics=0.6375 total=0.2002
[TRAIN train_climax_static_physics_loss_s44] [TRAIN] stage=finetune epoch=1/1 batch=320/3000 step=320 repair=0.08578 localization=0 type=0 minimal=0 physics=0.5381 total=0.1127
[TRAIN train_climax_static_physics_loss_s44] [TRAIN] stage=finetune epoch=1/1 batch=330/3000 step=330 repair=0.1184 localization=0 type=0 minimal=0 physics=0.5353 total=0.1451
[TRAIN train_climax_static_physics_loss_s44] [TRAIN] stage=finetune epoch=1/1 batch=340/3000 step=340 repair=0.08793 localization=0 type=0 minimal=0 physics=0.6454 total=0.1202
[TRAIN train_climax_static_physics_loss_s44] [TRAIN] stage=finetune epoch=1/1 batch=350/3000 step=350 repair=0.1596 localization=0 type=0 minimal=0 physics=0.6179 total=0.1905
[TRAIN train_climax_static_physics_loss_s44] [TRAIN] stage=finetune epoch=1/1 batch=360/3000 step=360 repair=0.1638 localization=0 type=0 minimal=0 physics=0.825 total=0.205
[TRAIN train_climax_static_physics_loss_s44] [TRAIN] stage=finetune epoch=1/1 batch=370/3000 step=370 repair=0.1304 localization=0 type=0 minimal=0 physics=0.5523 total=0.158
[TRAIN train_climax_static_physics_loss_s44] [TRAIN] stage=finetune epoch=1/1 batch=380/3000 step=380 repair=0.1221 localization=0 type=0 minimal=0 physics=0.5519 total=0.1497
[TRAIN train_climax_static_physics_loss_s44] [TRAIN] stage=finetune epoch=1/1 batch=390/3000 step=390 repair=0.08027 localization=0 type=0 minimal=0 physics=0.4823 total=0.1044
[TRAIN train_climax_static_physics_loss_s44] [TRAIN] stage=finetune epoch=1/1 batch=400/3000 step=400 repair=0.1231 localization=0 type=0 minimal=0 physics=0.6376 total=0.155
[TRAIN train_climax_static_physics_loss_s44] [TRAIN] stage=finetune epoch=1/1 batch=410/3000 step=410 repair=0.07723 localization=0 type=0 minimal=0 physics=0.5788 total=0.1062
[TRAIN train_climax_static_physics_loss_s44] [TRAIN] stage=finetune epoch=1/1 batch=420/3000 step=420 repair=0.08383 localization=0 type=0 minimal=0 physics=0.4998 total=0.1088
[TRAIN train_climax_static_physics_loss_s44] [TRAIN] stage=finetune epoch=1/1 batch=430/3000 step=430 repair=0.0809 localization=0 type=0 minimal=0 physics=0.557 total=0.1087
[TRAIN train_climax_static_physics_loss_s44] [TRAIN] stage=finetune epoch=1/1 batch=440/3000 step=440 repair=0.1107 localization=0 type=0 minimal=0 physics=0.5659 total=0.139
[TRAIN train_climax_static_physics_loss_s44] [TRAIN] stage=finetune epoch=1/1 batch=450/3000 step=450 repair=0.0885 localization=0 type=0 minimal=0 physics=0.6687 total=0.1219
[TRAIN train_climax_static_physics_loss_s44] [TRAIN] stage=finetune epoch=1/1 batch=460/3000 step=460 repair=0.08102 localization=0 type=0 minimal=0 physics=0.5264 total=0.1073
[TRAIN train_climax_static_physics_loss_s44] [TRAIN] stage=finetune epoch=1/1 batch=470/3000 step=470 repair=0.1126 localization=0 type=0 minimal=0 physics=0.5607 total=0.1406
[TRAIN train_climax_static_physics_loss_s44] [TRAIN] stage=finetune epoch=1/1 batch=480/3000 step=480 repair=0.1073 localization=0 type=0 minimal=0 physics=0.5701 total=0.1358
[TRAIN train_climax_static_physics_loss_s44] [TRAIN] stage=finetune epoch=1/1 batch=490/3000 step=490 repair=0.08205 localization=0 type=0 minimal=0 physics=0.5549 total=0.1098
[TRAIN train_climax_static_physics_loss_s44] [TRAIN] stage=finetune epoch=1/1 batch=500/3000 step=500 repair=0.09421 localization=0 type=0 minimal=0 physics=0.5862 total=0.1235
[TRAIN train_climax_static_physics_loss_s44] [TRAIN] stage=finetune epoch=1/1 batch=510/3000 step=510 repair=0.1321 localization=0 type=0 minimal=0 physics=0.5644 total=0.1603
[TRAIN train_climax_static_physics_loss_s44] [TRAIN] stage=finetune epoch=1/1 batch=520/3000 step=520 repair=0.09131 localization=0 type=0 minimal=0 physics=0.5682 total=0.1197
[TRAIN train_climax_static_physics_loss_s44] [TRAIN] stage=finetune epoch=1/1 batch=530/3000 step=530 repair=0.08554 localization=0 type=0 minimal=0 physics=0.5362 total=0.1124
[TRAIN train_climax_static_physics_loss_s44] [TRAIN] stage=finetune epoch=1/1 batch=540/3000 step=540 repair=0.0928 localization=0 type=0 minimal=0 physics=0.562 total=0.1209
[TRAIN train_climax_static_physics_loss_s44] [TRAIN] stage=finetune epoch=1/1 batch=550/3000 step=550 repair=0.08151 localization=0 type=0 minimal=0 physics=0.5733 total=0.1102
[TRAIN train_climax_static_physics_loss_s44] [TRAIN] stage=finetune epoch=1/1 batch=560/3000 step=560 repair=0.1208 localization=0 type=0 minimal=0 physics=0.5622 total=0.1489
[TRAIN train_climax_static_physics_loss_s44] [TRAIN] stage=finetune epoch=1/1 batch=570/3000 step=570 repair=0.1161 localization=0 type=0 minimal=0 physics=0.6266 total=0.1474
[TRAIN train_climax_static_physics_loss_s44] [TRAIN] stage=finetune epoch=1/1 batch=580/3000 step=580 repair=0.0892 localization=0 type=0 minimal=0 physics=0.5388 total=0.1161
[TRAIN train_climax_static_physics_loss_s44] [TRAIN] stage=finetune epoch=1/1 batch=590/3000 step=590 repair=0.1376 localization=0 type=0 minimal=0 physics=0.5557 total=0.1654
[TRAIN train_climax_static_physics_loss_s44] [TRAIN] stage=finetune epoch=1/1 batch=600/3000 step=600 repair=0.1205 localization=0 type=0 minimal=0 physics=0.5919 total=0.1501
[TRAIN train_climax_static_physics_loss_s44] [TRAIN] stage=finetune epoch=1/1 batch=610/3000 step=610 repair=0.1261 localization=0 type=0 minimal=0 physics=0.5337 total=0.1528
[TRAIN train_climax_static_physics_loss_s44] [TRAIN] stage=finetune epoch=1/1 batch=620/3000 step=620 repair=0.1233 localization=0 type=0 minimal=0 physics=0.7058 total=0.1585
[TRAIN train_climax_static_physics_loss_s44] [TRAIN] stage=finetune epoch=1/1 batch=630/3000 step=630 repair=0.1236 localization=0 type=0 minimal=0 physics=0.6204 total=0.1546
[TRAIN train_climax_static_physics_loss_s44] [TRAIN] stage=finetune epoch=1/1 batch=640/3000 step=640 repair=0.127 localization=0 type=0 minimal=0 physics=0.6207 total=0.1581
[TRAIN train_climax_static_physics_loss_s44] [TRAIN] stage=finetune epoch=1/1 batch=650/3000 step=650 repair=0.08742 localization=0 type=0 minimal=0 physics=0.5825 total=0.1165
[TRAIN train_climax_static_physics_loss_s44] [TRAIN] stage=finetune epoch=1/1 batch=660/3000 step=660 repair=0.07868 localization=0 type=0 minimal=0 physics=0.5887 total=0.1081
[TRAIN train_climax_static_physics_loss_s44] [TRAIN] stage=finetune epoch=1/1 batch=670/3000 step=670 repair=0.08223 localization=0 type=0 minimal=0 physics=0.5012 total=0.1073
[TRAIN train_climax_static_physics_loss_s44] [TRAIN] stage=finetune epoch=1/1 batch=680/3000 step=680 repair=0.1242 localization=0 type=0 minimal=0 physics=0.5462 total=0.1515
[TRAIN train_climax_static_physics_loss_s44] [TRAIN] stage=finetune epoch=1/1 batch=690/3000 step=690 repair=0.1308 localization=0 type=0 minimal=0 physics=0.6185 total=0.1617
[TRAIN train_climax_static_physics_loss_s44] [TRAIN] stage=finetune epoch=1/1 batch=700/3000 step=700 repair=0.08469 localization=0 type=0 minimal=0 physics=0.6304 total=0.1162
[TRAIN train_climax_static_physics_loss_s44] [TRAIN] stage=finetune epoch=1/1 batch=710/3000 step=710 repair=0.1221 localization=0 type=0 minimal=0 physics=0.6516 total=0.1547
[TRAIN train_climax_static_physics_loss_s44] [TRAIN] stage=finetune epoch=1/1 batch=720/3000 step=720 repair=0.1132 localization=0 type=0 minimal=0 physics=0.5569 total=0.141
[TRAIN train_climax_static_physics_loss_s44] [TRAIN] stage=finetune epoch=1/1 batch=730/3000 step=730 repair=0.1346 localization=0 type=0 minimal=0 physics=0.669 total=0.1681
[TRAIN train_climax_static_physics_loss_s44] [TRAIN] stage=finetune epoch=1/1 batch=740/3000 step=740 repair=0.08799 localization=0 type=0 minimal=0 physics=0.5486 total=0.1154
[TRAIN train_climax_static_physics_loss_s44] [TRAIN] stage=finetune epoch=1/1 batch=750/3000 step=750 repair=0.08836 localization=0 type=0 minimal=0 physics=0.5077 total=0.1137
[TRAIN train_climax_static_physics_loss_s44] [TRAIN] stage=finetune epoch=1/1 batch=760/3000 step=760 repair=0.08938 localization=0 type=0 minimal=0 physics=0.5296 total=0.1159
[TRAIN train_climax_static_physics_loss_s44] [TRAIN] stage=finetune epoch=1/1 batch=770/3000 step=770 repair=0.08274 localization=0 type=0 minimal=0 physics=0.5804 total=0.1118
[TRAIN train_climax_static_physics_loss_s44] [TRAIN] stage=finetune epoch=1/1 batch=780/3000 step=780 repair=0.09012 localization=0 type=0 minimal=0 physics=0.4915 total=0.1147
[TRAIN train_climax_static_physics_loss_s44] [TRAIN] stage=finetune epoch=1/1 batch=790/3000 step=790 repair=0.08002 localization=0 type=0 minimal=0 physics=0.5472 total=0.1074
[TRAIN train_climax_static_physics_loss_s44] [TRAIN] stage=finetune epoch=1/1 batch=800/3000 step=800 repair=0.1454 localization=0 type=0 minimal=0 physics=0.5655 total=0.1737
[TRAIN train_climax_static_physics_loss_s44] [TRAIN] stage=finetune epoch=1/1 batch=810/3000 step=810 repair=0.1156 localization=0 type=0 minimal=0 physics=0.5505 total=0.1431
[TRAIN train_climax_static_physics_loss_s44] [TRAIN] stage=finetune epoch=1/1 batch=820/3000 step=820 repair=0.0758 localization=0 type=0 minimal=0 physics=0.5755 total=0.1046
[TRAIN train_climax_static_physics_loss_s44] [TRAIN] stage=finetune epoch=1/1 batch=830/3000 step=830 repair=0.1197 localization=0 type=0 minimal=0 physics=0.5338 total=0.1464
[TRAIN train_climax_static_physics_loss_s44] [TRAIN] stage=finetune epoch=1/1 batch=840/3000 step=840 repair=0.1157 localization=0 type=0 minimal=0 physics=0.5152 total=0.1414
[TRAIN train_climax_static_physics_loss_s44] [TRAIN] stage=finetune epoch=1/1 batch=850/3000 step=850 repair=0.1198 localization=0 type=0 minimal=0 physics=0.5269 total=0.1461
[TRAIN train_climax_static_physics_loss_s44] [TRAIN] stage=finetune epoch=1/1 batch=860/3000 step=860 repair=0.1194 localization=0 type=0 minimal=0 physics=0.5114 total=0.145
[TRAIN train_climax_static_physics_loss_s44] [TRAIN] stage=finetune epoch=1/1 batch=870/3000 step=870 repair=0.07991 localization=0 type=0 minimal=0 physics=0.5183 total=0.1058
[TRAIN train_climax_static_physics_loss_s44] [TRAIN] stage=finetune epoch=1/1 batch=880/3000 step=880 repair=0.09256 localization=0 type=0 minimal=0 physics=0.4711 total=0.1161
[TRAIN train_climax_static_physics_loss_s44] [TRAIN] stage=finetune epoch=1/1 batch=890/3000 step=890 repair=0.1146 localization=0 type=0 minimal=0 physics=0.4979 total=0.1395
[TRAIN train_climax_static_physics_loss_s44] [TRAIN] stage=finetune epoch=1/1 batch=900/3000 step=900 repair=0.1673 localization=0 type=0 minimal=0 physics=0.5676 total=0.1956
[TRAIN train_climax_static_physics_loss_s44] [TRAIN] stage=finetune epoch=1/1 batch=910/3000 step=910 repair=0.128 localization=0 type=0 minimal=0 physics=0.5228 total=0.1542
[TRAIN train_climax_static_physics_loss_s44] [TRAIN] stage=finetune epoch=1/1 batch=920/3000 step=920 repair=0.08797 localization=0 type=0 minimal=0 physics=0.5515 total=0.1155
[TRAIN train_climax_static_physics_loss_s44] [TRAIN] stage=finetune epoch=1/1 batch=930/3000 step=930 repair=0.1271 localization=0 type=0 minimal=0 physics=0.5402 total=0.1542
[TRAIN train_climax_static_physics_loss_s44] [TRAIN] stage=finetune epoch=1/1 batch=940/3000 step=940 repair=0.1603 localization=0 type=0 minimal=0 physics=0.6166 total=0.1912
[TRAIN train_climax_static_physics_loss_s44] [TRAIN] stage=finetune epoch=1/1 batch=950/3000 step=950 repair=0.08352 localization=0 type=0 minimal=0 physics=0.5081 total=0.1089
[TRAIN train_climax_static_physics_loss_s44] [TRAIN] stage=finetune epoch=1/1 batch=960/3000 step=960 repair=0.09079 localization=0 type=0 minimal=0 physics=0.5457 total=0.1181
[TRAIN train_climax_static_physics_loss_s44] [TRAIN] stage=finetune epoch=1/1 batch=970/3000 step=970 repair=0.1684 localization=0 type=0 minimal=0 physics=0.5957 total=0.1982
[TRAIN train_climax_static_physics_loss_s44] [TRAIN] stage=finetune epoch=1/1 batch=980/3000 step=980 repair=0.07538 localization=0 type=0 minimal=0 physics=0.5308 total=0.1019
[TRAIN train_climax_static_physics_loss_s44] [TRAIN] stage=finetune epoch=1/1 batch=990/3000 step=990 repair=0.1238 localization=0 type=0 minimal=0 physics=0.5128 total=0.1495
[TRAIN train_climax_static_physics_loss_s44] [TRAIN] stage=finetune epoch=1/1 batch=1000/3000 step=1000 repair=0.0882 localization=0 type=0 minimal=0 physics=0.5266 total=0.1145
[TRAIN train_climax_static_physics_loss_s44] [TRAIN] stage=finetune epoch=1/1 batch=1010/3000 step=1010 repair=0.1335 localization=0 type=0 minimal=0 physics=0.634 total=0.1652
[TRAIN train_climax_static_physics_loss_s44] [TRAIN] stage=finetune epoch=1/1 batch=1020/3000 step=1020 repair=0.06986 localization=0 type=0 minimal=0 physics=0.4801 total=0.09386
[TRAIN train_climax_static_physics_loss_s44] [TRAIN] stage=finetune epoch=1/1 batch=1030/3000 step=1030 repair=0.1172 localization=0 type=0 minimal=0 physics=0.5156 total=0.143
[TRAIN train_climax_static_physics_loss_s44] [TRAIN] stage=finetune epoch=1/1 batch=1040/3000 step=1040 repair=0.1675 localization=0 type=0 minimal=0 physics=0.5612 total=0.1956
[TRAIN train_climax_static_physics_loss_s44] [TRAIN] stage=finetune epoch=1/1 batch=1050/3000 step=1050 repair=0.121 localization=0 type=0 minimal=0 physics=0.5925 total=0.1506
[TRAIN train_climax_static_physics_loss_s44] [TRAIN] stage=finetune epoch=1/1 batch=1060/3000 step=1060 repair=0.08526 localization=0 type=0 minimal=0 physics=0.4787 total=0.1092
[TRAIN train_climax_static_physics_loss_s44] [TRAIN] stage=finetune epoch=1/1 batch=1070/3000 step=1070 repair=0.07689 localization=0 type=0 minimal=0 physics=0.4954 total=0.1017
[TRAIN train_climax_static_physics_loss_s44] [TRAIN] stage=finetune epoch=1/1 batch=1080/3000 step=1080 repair=0.1071 localization=0 type=0 minimal=0 physics=0.5445 total=0.1343
[TRAIN train_climax_static_physics_loss_s44] [TRAIN] stage=finetune epoch=1/1 batch=1090/3000 step=1090 repair=0.1225 localization=0 type=0 minimal=0 physics=0.5681 total=0.1509
[TRAIN train_climax_static_physics_loss_s44] [TRAIN] stage=finetune epoch=1/1 batch=1100/3000 step=1100 repair=0.1315 localization=0 type=0 minimal=0 physics=0.7613 total=0.1695
[TRAIN train_climax_static_physics_loss_s44] [TRAIN] stage=finetune epoch=1/1 batch=1110/3000 step=1110 repair=0.1705 localization=0 type=0 minimal=0 physics=0.5279 total=0.1969
[TRAIN train_climax_static_physics_loss_s44] [TRAIN] stage=finetune epoch=1/1 batch=1120/3000 step=1120 repair=0.07616 localization=0 type=0 minimal=0 physics=0.503 total=0.1013
[TRAIN train_climax_static_physics_loss_s44] [TRAIN] stage=finetune epoch=1/1 batch=1130/3000 step=1130 repair=0.1245 localization=0 type=0 minimal=0 physics=0.6122 total=0.1551
[TRAIN train_climax_static_physics_loss_s44] [TRAIN] stage=finetune epoch=1/1 batch=1140/3000 step=1140 repair=0.09278 localization=0 type=0 minimal=0 physics=0.4793 total=0.1167
[TRAIN train_climax_static_physics_loss_s44] [TRAIN] stage=finetune epoch=1/1 batch=1150/3000 step=1150 repair=0.1219 localization=0 type=0 minimal=0 physics=0.5506 total=0.1494
[TRAIN train_climax_static_physics_loss_s44] [TRAIN] stage=finetune epoch=1/1 batch=1160/3000 step=1160 repair=0.1539 localization=0 type=0 minimal=0 physics=0.6308 total=0.1855
[TRAIN train_climax_static_physics_loss_s44] [TRAIN] stage=finetune epoch=1/1 batch=1170/3000 step=1170 repair=0.1163 localization=0 type=0 minimal=0 physics=0.516 total=0.1421
[TRAIN train_climax_static_physics_loss_s44] [TRAIN] stage=finetune epoch=1/1 batch=1180/3000 step=1180 repair=0.07846 localization=0 type=0 minimal=0 physics=0.5363 total=0.1053
[TRAIN train_climax_static_physics_loss_s44] [TRAIN] stage=finetune epoch=1/1 batch=1190/3000 step=1190 repair=0.127 localization=0 type=0 minimal=0 physics=0.7096 total=0.1625
[TRAIN train_climax_static_physics_loss_s44] [TRAIN] stage=finetune epoch=1/1 batch=1200/3000 step=1200 repair=0.1491 localization=0 type=0 minimal=0 physics=0.6092 total=0.1795
[TRAIN train_climax_static_physics_loss_s44] [TRAIN] stage=finetune epoch=1/1 batch=1210/3000 step=1210 repair=0.08319 localization=0 type=0 minimal=0 physics=0.5505 total=0.1107
[TRAIN train_climax_static_physics_loss_s44] [TRAIN] stage=finetune epoch=1/1 batch=1220/3000 step=1220 repair=0.07627 localization=0 type=0 minimal=0 physics=0.4655 total=0.09955
[TRAIN train_climax_static_physics_loss_s44] [TRAIN] stage=finetune epoch=1/1 batch=1230/3000 step=1230 repair=0.1302 localization=0 type=0 minimal=0 physics=0.5188 total=0.1561
[TRAIN train_climax_static_physics_loss_s44] [TRAIN] stage=finetune epoch=1/1 batch=1240/3000 step=1240 repair=0.07134 localization=0 type=0 minimal=0 physics=0.4889 total=0.09578
[TRAIN train_climax_static_physics_loss_s44] [TRAIN] stage=finetune epoch=1/1 batch=1250/3000 step=1250 repair=0.08191 localization=0 type=0 minimal=0 physics=0.56 total=0.1099
[TRAIN train_climax_static_physics_loss_s44] [TRAIN] stage=finetune epoch=1/1 batch=1260/3000 step=1260 repair=0.08093 localization=0 type=0 minimal=0 physics=0.6122 total=0.1115
[TRAIN train_climax_static_physics_loss_s44] [TRAIN] stage=finetune epoch=1/1 batch=1270/3000 step=1270 repair=0.1242 localization=0 type=0 minimal=0 physics=0.4981 total=0.1491
[TRAIN train_climax_static_physics_loss_s44] [TRAIN] stage=finetune epoch=1/1 batch=1280/3000 step=1280 repair=0.1289 localization=0 type=0 minimal=0 physics=0.5075 total=0.1543
[TRAIN train_climax_static_physics_loss_s44] [TRAIN] stage=finetune epoch=1/1 batch=1290/3000 step=1290 repair=0.1181 localization=0 type=0 minimal=0 physics=0.5538 total=0.1458
[TRAIN train_climax_static_physics_loss_s44] [TRAIN] stage=finetune epoch=1/1 batch=1300/3000 step=1300 repair=0.08733 localization=0 type=0 minimal=0 physics=0.5868 total=0.1167
[TRAIN train_climax_static_physics_loss_s44] [TRAIN] stage=finetune epoch=1/1 batch=1310/3000 step=1310 repair=0.1102 localization=0 type=0 minimal=0 physics=0.5082 total=0.1356
[TRAIN train_climax_static_physics_loss_s44] [TRAIN] stage=finetune epoch=1/1 batch=1320/3000 step=1320 repair=0.1162 localization=0 type=0 minimal=0 physics=0.6334 total=0.1479
[TRAIN train_climax_static_physics_loss_s44] [TRAIN] stage=finetune epoch=1/1 batch=1330/3000 step=1330 repair=0.1195 localization=0 type=0 minimal=0 physics=0.4822 total=0.1436
[TRAIN train_climax_static_physics_loss_s44] [TRAIN] stage=finetune epoch=1/1 batch=1340/3000 step=1340 repair=0.06968 localization=0 type=0 minimal=0 physics=0.5411 total=0.09674
[TRAIN train_climax_static_physics_loss_s44] [TRAIN] stage=finetune epoch=1/1 batch=1350/3000 step=1350 repair=0.1291 localization=0 type=0 minimal=0 physics=0.5009 total=0.1541
[TRAIN train_climax_static_physics_loss_s44] [TRAIN] stage=finetune epoch=1/1 batch=1360/3000 step=1360 repair=0.08752 localization=0 type=0 minimal=0 physics=0.5123 total=0.1131
[TRAIN train_climax_static_physics_loss_s44] [TRAIN] stage=finetune epoch=1/1 batch=1370/3000 step=1370 repair=0.09293 localization=0 type=0 minimal=0 physics=0.5353 total=0.1197
[TRAIN train_climax_static_physics_loss_s44] [TRAIN] stage=finetune epoch=1/1 batch=1380/3000 step=1380 repair=0.1275 localization=0 type=0 minimal=0 physics=0.5496 total=0.155
[TRAIN train_climax_static_physics_loss_s44] [TRAIN] stage=finetune epoch=1/1 batch=1390/3000 step=1390 repair=0.156 localization=0 type=0 minimal=0 physics=0.5241 total=0.1822
[TRAIN train_climax_static_physics_loss_s44] [TRAIN] stage=finetune epoch=1/1 batch=1400/3000 step=1400 repair=0.1362 localization=0 type=0 minimal=0 physics=0.5372 total=0.163
[TRAIN train_climax_static_physics_loss_s44] [TRAIN] stage=finetune epoch=1/1 batch=1410/3000 step=1410 repair=0.06911 localization=0 type=0 minimal=0 physics=0.5358 total=0.09591
[TRAIN train_climax_static_physics_loss_s44] [TRAIN] stage=finetune epoch=1/1 batch=1420/3000 step=1420 repair=0.1094 localization=0 type=0 minimal=0 physics=0.4669 total=0.1328
[TRAIN train_climax_static_physics_loss_s44] [TRAIN] stage=finetune epoch=1/1 batch=1430/3000 step=1430 repair=0.07032 localization=0 type=0 minimal=0 physics=0.5271 total=0.09667
[TRAIN train_climax_static_physics_loss_s44] [TRAIN] stage=finetune epoch=1/1 batch=1440/3000 step=1440 repair=0.1218 localization=0 type=0 minimal=0 physics=0.5051 total=0.1471
[TRAIN train_climax_static_physics_loss_s44] [TRAIN] stage=finetune epoch=1/1 batch=1450/3000 step=1450 repair=0.1751 localization=0 type=0 minimal=0 physics=0.6304 total=0.2066
[TRAIN train_climax_static_physics_loss_s44] [TRAIN] stage=finetune epoch=1/1 batch=1460/3000 step=1460 repair=0.1136 localization=0 type=0 minimal=0 physics=0.4806 total=0.1377
[TRAIN train_climax_static_physics_loss_s44] [TRAIN] stage=finetune epoch=1/1 batch=1470/3000 step=1470 repair=0.1144 localization=0 type=0 minimal=0 physics=0.4826 total=0.1386
[TRAIN train_climax_static_physics_loss_s44] [TRAIN] stage=finetune epoch=1/1 batch=1480/3000 step=1480 repair=0.1187 localization=0 type=0 minimal=0 physics=0.6216 total=0.1498
[TRAIN train_climax_static_physics_loss_s44] [TRAIN] stage=finetune epoch=1/1 batch=1490/3000 step=1490 repair=0.08275 localization=0 type=0 minimal=0 physics=0.4703 total=0.1063
[TRAIN train_climax_static_physics_loss_s44] [TRAIN] stage=finetune epoch=1/1 batch=1500/3000 step=1500 repair=0.1235 localization=0 type=0 minimal=0 physics=0.5471 total=0.1508
[TRAIN train_climax_static_physics_loss_s44] [TRAIN] stage=finetune epoch=1/1 batch=1510/3000 step=1510 repair=0.116 localization=0 type=0 minimal=0 physics=0.4879 total=0.1403
[TRAIN train_climax_static_physics_loss_s44] [TRAIN] stage=finetune epoch=1/1 batch=1520/3000 step=1520 repair=0.07992 localization=0 type=0 minimal=0 physics=0.4822 total=0.104
[TRAIN train_climax_static_physics_loss_s44] [TRAIN] stage=finetune epoch=1/1 batch=1530/3000 step=1530 repair=0.1248 localization=0 type=0 minimal=0 physics=0.6468 total=0.1572
[TRAIN train_climax_static_physics_loss_s44] [TRAIN] stage=finetune epoch=1/1 batch=1540/3000 step=1540 repair=0.08403 localization=0 type=0 minimal=0 physics=0.474 total=0.1077
[TRAIN train_climax_static_physics_loss_s44] [TRAIN] stage=finetune epoch=1/1 batch=1550/3000 step=1550 repair=0.1291 localization=0 type=0 minimal=0 physics=0.5099 total=0.1546
[TRAIN train_climax_static_physics_loss_s44] [TRAIN] stage=finetune epoch=1/1 batch=1560/3000 step=1560 repair=0.1338 localization=0 type=0 minimal=0 physics=0.5767 total=0.1626
[TRAIN train_climax_static_physics_loss_s44] [TRAIN] stage=finetune epoch=1/1 batch=1570/3000 step=1570 repair=0.07939 localization=0 type=0 minimal=0 physics=0.5904 total=0.1089
[TRAIN train_climax_static_physics_loss_s44] [TRAIN] stage=finetune epoch=1/1 batch=1580/3000 step=1580 repair=0.08651 localization=0 type=0 minimal=0 physics=0.4833 total=0.1107
[TRAIN train_climax_static_physics_loss_s44] [TRAIN] stage=finetune epoch=1/1 batch=1590/3000 step=1590 repair=0.0903 localization=0 type=0 minimal=0 physics=0.5472 total=0.1177
[TRAIN train_climax_static_physics_loss_s44] [TRAIN] stage=finetune epoch=1/1 batch=1600/3000 step=1600 repair=0.0898 localization=0 type=0 minimal=0 physics=0.5083 total=0.1152
[TRAIN train_climax_static_physics_loss_s44] [TRAIN] stage=finetune epoch=1/1 batch=1610/3000 step=1610 repair=0.07547 localization=0 type=0 minimal=0 physics=0.5371 total=0.1023
[TRAIN train_climax_static_physics_loss_s44] [TRAIN] stage=finetune epoch=1/1 batch=1620/3000 step=1620 repair=0.09016 localization=0 type=0 minimal=0 physics=0.5304 total=0.1167
[TRAIN train_climax_static_physics_loss_s44] [TRAIN] stage=finetune epoch=1/1 batch=1630/3000 step=1630 repair=0.1075 localization=0 type=0 minimal=0 physics=0.4587 total=0.1305
[TRAIN train_climax_static_physics_loss_s44] [TRAIN] stage=finetune epoch=1/1 batch=1640/3000 step=1640 repair=0.06625 localization=0 type=0 minimal=0 physics=0.4967 total=0.09108
[TRAIN train_climax_static_physics_loss_s44] [TRAIN] stage=finetune epoch=1/1 batch=1650/3000 step=1650 repair=0.0821 localization=0 type=0 minimal=0 physics=0.4722 total=0.1057
[TRAIN train_climax_static_physics_loss_s44] [TRAIN] stage=finetune epoch=1/1 batch=1660/3000 step=1660 repair=0.1354 localization=0 type=0 minimal=0 physics=0.5124 total=0.161
[TRAIN train_climax_static_physics_loss_s44] [TRAIN] stage=finetune epoch=1/1 batch=1670/3000 step=1670 repair=0.08387 localization=0 type=0 minimal=0 physics=0.5121 total=0.1095
[TRAIN train_climax_static_physics_loss_s44] [TRAIN] stage=finetune epoch=1/1 batch=1680/3000 step=1680 repair=0.1068 localization=0 type=0 minimal=0 physics=0.4719 total=0.1304
[TRAIN train_climax_static_physics_loss_s44] [TRAIN] stage=finetune epoch=1/1 batch=1690/3000 step=1690 repair=0.1207 localization=0 type=0 minimal=0 physics=0.5637 total=0.1489
[TRAIN train_climax_static_physics_loss_s44] [TRAIN] stage=finetune epoch=1/1 batch=1700/3000 step=1700 repair=0.08654 localization=0 type=0 minimal=0 physics=0.4721 total=0.1101
[TRAIN train_climax_static_physics_loss_s44] [TRAIN] stage=finetune epoch=1/1 batch=1710/3000 step=1710 repair=0.1608 localization=0 type=0 minimal=0 physics=0.5283 total=0.1872
[TRAIN train_climax_static_physics_loss_s44] [TRAIN] stage=finetune epoch=1/1 batch=1720/3000 step=1720 repair=0.1211 localization=0 type=0 minimal=0 physics=0.4904 total=0.1456
[TRAIN train_climax_static_physics_loss_s44] [TRAIN] stage=finetune epoch=1/1 batch=1730/3000 step=1730 repair=0.07209 localization=0 type=0 minimal=0 physics=0.4434 total=0.09426
[TRAIN train_climax_static_physics_loss_s44] [TRAIN] stage=finetune epoch=1/1 batch=1740/3000 step=1740 repair=0.07971 localization=0 type=0 minimal=0 physics=0.5434 total=0.1069
[TRAIN train_climax_static_physics_loss_s44] [TRAIN] stage=finetune epoch=1/1 batch=1750/3000 step=1750 repair=0.1649 localization=0 type=0 minimal=0 physics=0.5112 total=0.1905
[TRAIN train_climax_static_physics_loss_s44] [TRAIN] stage=finetune epoch=1/1 batch=1760/3000 step=1760 repair=0.06947 localization=0 type=0 minimal=0 physics=0.5321 total=0.09607
[TRAIN train_climax_static_physics_loss_s44] [TRAIN] stage=finetune epoch=1/1 batch=1770/3000 step=1770 repair=0.1123 localization=0 type=0 minimal=0 physics=0.5481 total=0.1397
[TRAIN train_climax_static_physics_loss_s44] [TRAIN] stage=finetune epoch=1/1 batch=1780/3000 step=1780 repair=0.07816 localization=0 type=0 minimal=0 physics=0.692 total=0.1128
[TRAIN train_climax_static_physics_loss_s44] [TRAIN] stage=finetune epoch=1/1 batch=1790/3000 step=1790 repair=0.1134 localization=0 type=0 minimal=0 physics=0.5037 total=0.1386
[TRAIN train_climax_static_physics_loss_s44] [TRAIN] stage=finetune epoch=1/1 batch=1800/3000 step=1800 repair=0.08935 localization=0 type=0 minimal=0 physics=0.5344 total=0.1161
[TRAIN train_climax_static_physics_loss_s44] [TRAIN] stage=finetune epoch=1/1 batch=1810/3000 step=1810 repair=0.07302 localization=0 type=0 minimal=0 physics=0.5089 total=0.09847
[TRAIN train_climax_static_physics_loss_s44] [TRAIN] stage=finetune epoch=1/1 batch=1820/3000 step=1820 repair=0.1376 localization=0 type=0 minimal=0 physics=0.7665 total=0.1759
[TRAIN train_climax_static_physics_loss_s44] [TRAIN] stage=finetune epoch=1/1 batch=1830/3000 step=1830 repair=0.1555 localization=0 type=0 minimal=0 physics=0.5407 total=0.1825
[TRAIN train_climax_static_physics_loss_s44] [TRAIN] stage=finetune epoch=1/1 batch=1840/3000 step=1840 repair=0.12 localization=0 type=0 minimal=0 physics=0.7007 total=0.155
[TRAIN train_climax_static_physics_loss_s44] [TRAIN] stage=finetune epoch=1/1 batch=1850/3000 step=1850 repair=0.1242 localization=0 type=0 minimal=0 physics=0.6247 total=0.1554
[TRAIN train_climax_static_physics_loss_s44] [TRAIN] stage=finetune epoch=1/1 batch=1860/3000 step=1860 repair=0.08384 localization=0 type=0 minimal=0 physics=0.5535 total=0.1115
[TRAIN train_climax_static_physics_loss_s44] [TRAIN] stage=finetune epoch=1/1 batch=1870/3000 step=1870 repair=0.1192 localization=0 type=0 minimal=0 physics=0.7272 total=0.1555
[TRAIN train_climax_static_physics_loss_s44] [TRAIN] stage=finetune epoch=1/1 batch=1880/3000 step=1880 repair=0.0775 localization=0 type=0 minimal=0 physics=0.5356 total=0.1043
[TRAIN train_climax_static_physics_loss_s44] [TRAIN] stage=finetune epoch=1/1 batch=1890/3000 step=1890 repair=0.1105 localization=0 type=0 minimal=0 physics=0.5015 total=0.1355
[TRAIN train_climax_static_physics_loss_s44] [TRAIN] stage=finetune epoch=1/1 batch=1900/3000 step=1900 repair=0.169 localization=0 type=0 minimal=0 physics=0.5284 total=0.1954
[TRAIN train_climax_static_physics_loss_s44] [TRAIN] stage=finetune epoch=1/1 batch=1910/3000 step=1910 repair=0.0779 localization=0 type=0 minimal=0 physics=0.5102 total=0.1034
[TRAIN train_climax_static_physics_loss_s44] [TRAIN] stage=finetune epoch=1/1 batch=1920/3000 step=1920 repair=0.1223 localization=0 type=0 minimal=0 physics=0.4847 total=0.1465
[TRAIN train_climax_static_physics_loss_s44] [TRAIN] stage=finetune epoch=1/1 batch=1930/3000 step=1930 repair=0.0894 localization=0 type=0 minimal=0 physics=0.4429 total=0.1115
[TRAIN train_climax_static_physics_loss_s44] [TRAIN] stage=finetune epoch=1/1 batch=1940/3000 step=1940 repair=0.08188 localization=0 type=0 minimal=0 physics=0.585 total=0.1111
[TRAIN train_climax_static_physics_loss_s44] [TRAIN] stage=finetune epoch=1/1 batch=1950/3000 step=1950 repair=0.1239 localization=0 type=0 minimal=0 physics=0.4863 total=0.1482
[TRAIN train_climax_static_physics_loss_s44] [TRAIN] stage=finetune epoch=1/1 batch=1960/3000 step=1960 repair=0.1254 localization=0 type=0 minimal=0 physics=0.479 total=0.1494
[TRAIN train_climax_static_physics_loss_s44] [TRAIN] stage=finetune epoch=1/1 batch=1970/3000 step=1970 repair=0.0847 localization=0 type=0 minimal=0 physics=0.4888 total=0.1091
[TRAIN train_climax_static_physics_loss_s44] [TRAIN] stage=finetune epoch=1/1 batch=1980/3000 step=1980 repair=0.09164 localization=0 type=0 minimal=0 physics=0.4854 total=0.1159
[TRAIN train_climax_static_physics_loss_s44] [TRAIN] stage=finetune epoch=1/1 batch=1990/3000 step=1990 repair=0.1263 localization=0 type=0 minimal=0 physics=0.5719 total=0.1549
[TRAIN train_climax_static_physics_loss_s44] [TRAIN] stage=finetune epoch=1/1 batch=2000/3000 step=2000 repair=0.08643 localization=0 type=0 minimal=0 physics=0.6339 total=0.1181
[TRAIN train_climax_static_physics_loss_s44] [TRAIN] stage=finetune epoch=1/1 batch=2010/3000 step=2010 repair=0.08031 localization=0 type=0 minimal=0 physics=0.4409 total=0.1023
[TRAIN train_climax_static_physics_loss_s44] [TRAIN] stage=finetune epoch=1/1 batch=2020/3000 step=2020 repair=0.1184 localization=0 type=0 minimal=0 physics=0.5171 total=0.1443
[TRAIN train_climax_static_physics_loss_s44] [TRAIN] stage=finetune epoch=1/1 batch=2030/3000 step=2030 repair=0.06794 localization=0 type=0 minimal=0 physics=0.4299 total=0.08943
[TRAIN train_climax_static_physics_loss_s44] [TRAIN] stage=finetune epoch=1/1 batch=2040/3000 step=2040 repair=0.156 localization=0 type=0 minimal=0 physics=0.5713 total=0.1846
[TRAIN train_climax_static_physics_loss_s44] [TRAIN] stage=finetune epoch=1/1 batch=2050/3000 step=2050 repair=0.1081 localization=0 type=0 minimal=0 physics=0.6326 total=0.1397
[TRAIN train_climax_static_physics_loss_s44] [TRAIN] stage=finetune epoch=1/1 batch=2060/3000 step=2060 repair=0.07936 localization=0 type=0 minimal=0 physics=0.4323 total=0.101
[TRAIN train_climax_static_physics_loss_s44] [TRAIN] stage=finetune epoch=1/1 batch=2070/3000 step=2070 repair=0.1557 localization=0 type=0 minimal=0 physics=0.6648 total=0.1889
[TRAIN train_climax_static_physics_loss_s44] [TRAIN] stage=finetune epoch=1/1 batch=2080/3000 step=2080 repair=0.1158 localization=0 type=0 minimal=0 physics=0.4788 total=0.1398
[TRAIN train_climax_static_physics_loss_s44] [TRAIN] stage=finetune epoch=1/1 batch=2090/3000 step=2090 repair=0.1199 localization=0 type=0 minimal=0 physics=0.4779 total=0.1438
[TRAIN train_climax_static_physics_loss_s44] [TRAIN] stage=finetune epoch=1/1 batch=2100/3000 step=2100 repair=0.1093 localization=0 type=0 minimal=0 physics=0.4484 total=0.1317
[TRAIN train_climax_static_physics_loss_s44] [TRAIN] stage=finetune epoch=1/1 batch=2110/3000 step=2110 repair=0.1224 localization=0 type=0 minimal=0 physics=0.4362 total=0.1442
[TRAIN train_climax_static_physics_loss_s44] [TRAIN] stage=finetune epoch=1/1 batch=2120/3000 step=2120 repair=0.1298 localization=0 type=0 minimal=0 physics=0.5399 total=0.1568
[TRAIN train_climax_static_physics_loss_s44] [TRAIN] stage=finetune epoch=1/1 batch=2130/3000 step=2130 repair=0.1153 localization=0 type=0 minimal=0 physics=0.4587 total=0.1382
[TRAIN train_climax_static_physics_loss_s44] [TRAIN] stage=finetune epoch=1/1 batch=2140/3000 step=2140 repair=0.06471 localization=0 type=0 minimal=0 physics=0.5904 total=0.09423
[TRAIN train_climax_static_physics_loss_s44] [TRAIN] stage=finetune epoch=1/1 batch=2150/3000 step=2150 repair=0.08608 localization=0 type=0 minimal=0 physics=0.4425 total=0.1082
[TRAIN train_climax_static_physics_loss_s44] [TRAIN] stage=finetune epoch=1/1 batch=2160/3000 step=2160 repair=0.07562 localization=0 type=0 minimal=0 physics=0.4759 total=0.09942
[TRAIN train_climax_static_physics_loss_s44] [TRAIN] stage=finetune epoch=1/1 batch=2170/3000 step=2170 repair=0.1098 localization=0 type=0 minimal=0 physics=0.4366 total=0.1317
[TRAIN train_climax_static_physics_loss_s44] [TRAIN] stage=finetune epoch=1/1 batch=2180/3000 step=2180 repair=0.07605 localization=0 type=0 minimal=0 physics=0.4343 total=0.09776
[TRAIN train_climax_static_physics_loss_s44] [TRAIN] stage=finetune epoch=1/1 batch=2190/3000 step=2190 repair=0.109 localization=0 type=0 minimal=0 physics=0.4898 total=0.1334
[TRAIN train_climax_static_physics_loss_s44] [TRAIN] stage=finetune epoch=1/1 batch=2200/3000 step=2200 repair=0.1127 localization=0 type=0 minimal=0 physics=0.6119 total=0.1433
[TRAIN train_climax_static_physics_loss_s44] [TRAIN] stage=finetune epoch=1/1 batch=2210/3000 step=2210 repair=0.07802 localization=0 type=0 minimal=0 physics=0.4279 total=0.09942
[TRAIN train_climax_static_physics_loss_s44] [TRAIN] stage=finetune epoch=1/1 batch=2220/3000 step=2220 repair=0.08498 localization=0 type=0 minimal=0 physics=0.458 total=0.1079
[TRAIN train_climax_static_physics_loss_s44] [TRAIN] stage=finetune epoch=1/1 batch=2230/3000 step=2230 repair=0.06443 localization=0 type=0 minimal=0 physics=0.5136 total=0.0901
[TRAIN train_climax_static_physics_loss_s44] [TRAIN] stage=finetune epoch=1/1 batch=2240/3000 step=2240 repair=0.08533 localization=0 type=0 minimal=0 physics=0.4752 total=0.1091
[TRAIN train_climax_static_physics_loss_s44] [TRAIN] stage=finetune epoch=1/1 batch=2250/3000 step=2250 repair=0.06154 localization=0 type=0 minimal=0 physics=0.4652 total=0.0848
[TRAIN train_climax_static_physics_loss_s44] [TRAIN] stage=finetune epoch=1/1 batch=2260/3000 step=2260 repair=0.08514 localization=0 type=0 minimal=0 physics=0.4519 total=0.1077
[TRAIN train_climax_static_physics_loss_s44] [TRAIN] stage=finetune epoch=1/1 batch=2270/3000 step=2270 repair=0.1057 localization=0 type=0 minimal=0 physics=0.5012 total=0.1308
[TRAIN train_climax_static_physics_loss_s44] [TRAIN] stage=finetune epoch=1/1 batch=2280/3000 step=2280 repair=0.1648 localization=0 type=0 minimal=0 physics=0.4695 total=0.1883
[TRAIN train_climax_static_physics_loss_s44] [TRAIN] stage=finetune epoch=1/1 batch=2290/3000 step=2290 repair=0.1167 localization=0 type=0 minimal=0 physics=0.5666 total=0.145
[TRAIN train_climax_static_physics_loss_s44] [TRAIN] stage=finetune epoch=1/1 batch=2300/3000 step=2300 repair=0.1062 localization=0 type=0 minimal=0 physics=0.4514 total=0.1288
[TRAIN train_climax_static_physics_loss_s44] [TRAIN] stage=finetune epoch=1/1 batch=2310/3000 step=2310 repair=0.07559 localization=0 type=0 minimal=0 physics=0.5118 total=0.1012
[TRAIN train_climax_static_physics_loss_s44] [TRAIN] stage=finetune epoch=1/1 batch=2320/3000 step=2320 repair=0.06124 localization=0 type=0 minimal=0 physics=0.4596 total=0.08422
[TRAIN train_climax_static_physics_loss_s44] [TRAIN] stage=finetune epoch=1/1 batch=2330/3000 step=2330 repair=0.1137 localization=0 type=0 minimal=0 physics=0.5354 total=0.1405
[TRAIN train_climax_static_physics_loss_s44] [TRAIN] stage=finetune epoch=1/1 batch=2340/3000 step=2340 repair=0.07919 localization=0 type=0 minimal=0 physics=0.4643 total=0.1024
[TRAIN train_climax_static_physics_loss_s44] [TRAIN] stage=finetune epoch=1/1 batch=2350/3000 step=2350 repair=0.1108 localization=0 type=0 minimal=0 physics=0.4286 total=0.1322
[TRAIN train_climax_static_physics_loss_s44] [TRAIN] stage=finetune epoch=1/1 batch=2360/3000 step=2360 repair=0.07825 localization=0 type=0 minimal=0 physics=0.3982 total=0.09816
[TRAIN train_climax_static_physics_loss_s44] [TRAIN] stage=finetune epoch=1/1 batch=2370/3000 step=2370 repair=0.08784 localization=0 type=0 minimal=0 physics=0.5426 total=0.115
[TRAIN train_climax_static_physics_loss_s44] [TRAIN] stage=finetune epoch=1/1 batch=2380/3000 step=2380 repair=0.1162 localization=0 type=0 minimal=0 physics=0.454 total=0.1389
[TRAIN train_climax_static_physics_loss_s44] [TRAIN] stage=finetune epoch=1/1 batch=2390/3000 step=2390 repair=0.1516 localization=0 type=0 minimal=0 physics=0.7728 total=0.1902
[TRAIN train_climax_static_physics_loss_s44] [TRAIN] stage=finetune epoch=1/1 batch=2400/3000 step=2400 repair=0.1141 localization=0 type=0 minimal=0 physics=0.4757 total=0.1379
[TRAIN train_climax_static_physics_loss_s44] [TRAIN] stage=finetune epoch=1/1 batch=2410/3000 step=2410 repair=0.07566 localization=0 type=0 minimal=0 physics=0.4601 total=0.09867
[TRAIN train_climax_static_physics_loss_s44] [TRAIN] stage=finetune epoch=1/1 batch=2420/3000 step=2420 repair=0.07577 localization=0 type=0 minimal=0 physics=0.4386 total=0.0977
[TRAIN train_climax_static_physics_loss_s44] [TRAIN] stage=finetune epoch=1/1 batch=2430/3000 step=2430 repair=0.1107 localization=0 type=0 minimal=0 physics=0.483 total=0.1349
[TRAIN train_climax_static_physics_loss_s44] [TRAIN] stage=finetune epoch=1/1 batch=2440/3000 step=2440 repair=0.12 localization=0 type=0 minimal=0 physics=0.4956 total=0.1448
[TRAIN train_climax_static_physics_loss_s44] [TRAIN] stage=finetune epoch=1/1 batch=2450/3000 step=2450 repair=0.0681 localization=0 type=0 minimal=0 physics=0.4007 total=0.08813
[TRAIN train_climax_static_physics_loss_s44] [TRAIN] stage=finetune epoch=1/1 batch=2460/3000 step=2460 repair=0.07912 localization=0 type=0 minimal=0 physics=0.5327 total=0.1058
[TRAIN train_climax_static_physics_loss_s44] [TRAIN] stage=finetune epoch=1/1 batch=2470/3000 step=2470 repair=0.1203 localization=0 type=0 minimal=0 physics=0.4535 total=0.1429
[TRAIN train_climax_static_physics_loss_s44] [TRAIN] stage=finetune epoch=1/1 batch=2480/3000 step=2480 repair=0.121 localization=0 type=0 minimal=0 physics=0.4579 total=0.1439
[TRAIN train_climax_static_physics_loss_s44] [TRAIN] stage=finetune epoch=1/1 batch=2490/3000 step=2490 repair=0.0641 localization=0 type=0 minimal=0 physics=0.4575 total=0.08698
[TRAIN train_climax_static_physics_loss_s44] [TRAIN] stage=finetune epoch=1/1 batch=2500/3000 step=2500 repair=0.06389 localization=0 type=0 minimal=0 physics=0.408 total=0.08429
[TRAIN train_climax_static_physics_loss_s44] [TRAIN] stage=finetune epoch=1/1 batch=2510/3000 step=2510 repair=0.07517 localization=0 type=0 minimal=0 physics=0.4533 total=0.09783
[TRAIN train_climax_static_physics_loss_s44] [TRAIN] stage=finetune epoch=1/1 batch=2520/3000 step=2520 repair=0.06498 localization=0 type=0 minimal=0 physics=0.4346 total=0.08671
[TRAIN train_climax_static_physics_loss_s44] [TRAIN] stage=finetune epoch=1/1 batch=2530/3000 step=2530 repair=0.06883 localization=0 type=0 minimal=0 physics=0.5043 total=0.09405
[TRAIN train_climax_static_physics_loss_s44] [TRAIN] stage=finetune epoch=1/1 batch=2540/3000 step=2540 repair=0.1252 localization=0 type=0 minimal=0 physics=0.5309 total=0.1518
[TRAIN train_climax_static_physics_loss_s44] [TRAIN] stage=finetune epoch=1/1 batch=2550/3000 step=2550 repair=0.1194 localization=0 type=0 minimal=0 physics=0.5956 total=0.1492
[TRAIN train_climax_static_physics_loss_s44] [TRAIN] stage=finetune epoch=1/1 batch=2560/3000 step=2560 repair=0.07738 localization=0 type=0 minimal=0 physics=0.5662 total=0.1057
[TRAIN train_climax_static_physics_loss_s44] [TRAIN] stage=finetune epoch=1/1 batch=2570/3000 step=2570 repair=0.1098 localization=0 type=0 minimal=0 physics=0.4263 total=0.1311
[TRAIN train_climax_static_physics_loss_s44] [TRAIN] stage=finetune epoch=1/1 batch=2580/3000 step=2580 repair=0.1107 localization=0 type=0 minimal=0 physics=0.4279 total=0.1321
[TRAIN train_climax_static_physics_loss_s44] [TRAIN] stage=finetune epoch=1/1 batch=2590/3000 step=2590 repair=0.0884 localization=0 type=0 minimal=0 physics=0.4089 total=0.1088
[TRAIN train_climax_static_physics_loss_s44] [TRAIN] stage=finetune epoch=1/1 batch=2600/3000 step=2600 repair=0.1309 localization=0 type=0 minimal=0 physics=0.4771 total=0.1547
[TRAIN train_climax_static_physics_loss_s44] [TRAIN] stage=finetune epoch=1/1 batch=2610/3000 step=2610 repair=0.121 localization=0 type=0 minimal=0 physics=0.4226 total=0.1422
[TRAIN train_climax_static_physics_loss_s44] [TRAIN] stage=finetune epoch=1/1 batch=2620/3000 step=2620 repair=0.07316 localization=0 type=0 minimal=0 physics=0.4289 total=0.0946
[TRAIN train_climax_static_physics_loss_s44] [TRAIN] stage=finetune epoch=1/1 batch=2630/3000 step=2630 repair=0.06861 localization=0 type=0 minimal=0 physics=0.3912 total=0.08817
[TRAIN train_climax_static_physics_loss_s44] [TRAIN] stage=finetune epoch=1/1 batch=2640/3000 step=2640 repair=0.1131 localization=0 type=0 minimal=0 physics=0.5212 total=0.1392
[TRAIN train_climax_static_physics_loss_s44] [TRAIN] stage=finetune epoch=1/1 batch=2650/3000 step=2650 repair=0.07372 localization=0 type=0 minimal=0 physics=0.405 total=0.09397
[TRAIN train_climax_static_physics_loss_s44] [TRAIN] stage=finetune epoch=1/1 batch=2660/3000 step=2660 repair=0.1148 localization=0 type=0 minimal=0 physics=0.4279 total=0.1362
[TRAIN train_climax_static_physics_loss_s44] [TRAIN] stage=finetune epoch=1/1 batch=2670/3000 step=2670 repair=0.09954 localization=0 type=0 minimal=0 physics=0.4684 total=0.123
[TRAIN train_climax_static_physics_loss_s44] [TRAIN] stage=finetune epoch=1/1 batch=2680/3000 step=2680 repair=0.08782 localization=0 type=0 minimal=0 physics=0.4945 total=0.1125
[TRAIN train_climax_static_physics_loss_s44] [TRAIN] stage=finetune epoch=1/1 batch=2690/3000 step=2690 repair=0.1567 localization=0 type=0 minimal=0 physics=0.425 total=0.178
[TRAIN train_climax_static_physics_loss_s44] [TRAIN] stage=finetune epoch=1/1 batch=2700/3000 step=2700 repair=0.1178 localization=0 type=0 minimal=0 physics=0.4375 total=0.1397
[TRAIN train_climax_static_physics_loss_s44] [TRAIN] stage=finetune epoch=1/1 batch=2710/3000 step=2710 repair=0.08152 localization=0 type=0 minimal=0 physics=0.5284 total=0.1079
[TRAIN train_climax_static_physics_loss_s44] [TRAIN] stage=finetune epoch=1/1 batch=2720/3000 step=2720 repair=0.1566 localization=0 type=0 minimal=0 physics=0.6641 total=0.1898
[TRAIN train_climax_static_physics_loss_s44] [TRAIN] stage=finetune epoch=1/1 batch=2730/3000 step=2730 repair=0.1606 localization=0 type=0 minimal=0 physics=0.4797 total=0.1846
[TRAIN train_climax_static_physics_loss_s44] [TRAIN] stage=finetune epoch=1/1 batch=2740/3000 step=2740 repair=0.1172 localization=0 type=0 minimal=0 physics=0.7149 total=0.1529
[TRAIN train_climax_static_physics_loss_s44] [TRAIN] stage=finetune epoch=1/1 batch=2750/3000 step=2750 repair=0.1077 localization=0 type=0 minimal=0 physics=0.5874 total=0.1371
[TRAIN train_climax_static_physics_loss_s44] [TRAIN] stage=finetune epoch=1/1 batch=2760/3000 step=2760 repair=0.08409 localization=0 type=0 minimal=0 physics=0.4352 total=0.1058
[TRAIN train_climax_static_physics_loss_s44] [TRAIN] stage=finetune epoch=1/1 batch=2770/3000 step=2770 repair=0.1153 localization=0 type=0 minimal=0 physics=0.4388 total=0.1373
[TRAIN train_climax_static_physics_loss_s44] [TRAIN] stage=finetune epoch=1/1 batch=2780/3000 step=2780 repair=0.1229 localization=0 type=0 minimal=0 physics=0.5298 total=0.1494
[TRAIN train_climax_static_physics_loss_s44] [TRAIN] stage=finetune epoch=1/1 batch=2790/3000 step=2790 repair=0.08554 localization=0 type=0 minimal=0 physics=0.401 total=0.1056
[TRAIN train_climax_static_physics_loss_s44] [TRAIN] stage=finetune epoch=1/1 batch=2800/3000 step=2800 repair=0.07459 localization=0 type=0 minimal=0 physics=0.4752 total=0.09835
[TRAIN train_climax_static_physics_loss_s44] [TRAIN] stage=finetune epoch=1/1 batch=2810/3000 step=2810 repair=0.1123 localization=0 type=0 minimal=0 physics=0.4582 total=0.1352
[TRAIN train_climax_static_physics_loss_s44] [TRAIN] stage=finetune epoch=1/1 batch=2820/3000 step=2820 repair=0.09027 localization=0 type=0 minimal=0 physics=0.4325 total=0.1119
[TRAIN train_climax_static_physics_loss_s44] [TRAIN] stage=finetune epoch=1/1 batch=2830/3000 step=2830 repair=0.07557 localization=0 type=0 minimal=0 physics=0.4286 total=0.097
[TRAIN train_climax_static_physics_loss_s44] [TRAIN] stage=finetune epoch=1/1 batch=2840/3000 step=2840 repair=0.05713 localization=0 type=0 minimal=0 physics=0.3945 total=0.07685
[TRAIN train_climax_static_physics_loss_s44] [TRAIN] stage=finetune epoch=1/1 batch=2850/3000 step=2850 repair=0.07161 localization=0 type=0 minimal=0 physics=0.3998 total=0.0916
[TRAIN train_climax_static_physics_loss_s44] [TRAIN] stage=finetune epoch=1/1 batch=2860/3000 step=2860 repair=0.1202 localization=0 type=0 minimal=0 physics=0.4718 total=0.1438
[TRAIN train_climax_static_physics_loss_s44] [TRAIN] stage=finetune epoch=1/1 batch=2870/3000 step=2870 repair=0.08741 localization=0 type=0 minimal=0 physics=0.6293 total=0.1189
[TRAIN train_climax_static_physics_loss_s44] [TRAIN] stage=finetune epoch=1/1 batch=2880/3000 step=2880 repair=0.1165 localization=0 type=0 minimal=0 physics=0.419 total=0.1375
[TRAIN train_climax_static_physics_loss_s44] [TRAIN] stage=finetune epoch=1/1 batch=2890/3000 step=2890 repair=0.117 localization=0 type=0 minimal=0 physics=0.4706 total=0.1406
[TRAIN train_climax_static_physics_loss_s44] [TRAIN] stage=finetune epoch=1/1 batch=2900/3000 step=2900 repair=0.09015 localization=0 type=0 minimal=0 physics=0.4786 total=0.1141
[TRAIN train_climax_static_physics_loss_s44] [TRAIN] stage=finetune epoch=1/1 batch=2910/3000 step=2910 repair=0.1613 localization=0 type=0 minimal=0 physics=0.5161 total=0.1871
[TRAIN train_climax_static_physics_loss_s44] [TRAIN] stage=finetune epoch=1/1 batch=2920/3000 step=2920 repair=0.1134 localization=0 type=0 minimal=0 physics=0.4037 total=0.1335
[TRAIN train_climax_static_physics_loss_s44] [TRAIN] stage=finetune epoch=1/1 batch=2930/3000 step=2930 repair=0.1213 localization=0 type=0 minimal=0 physics=0.4358 total=0.1431
[TRAIN train_climax_static_physics_loss_s44] [TRAIN] stage=finetune epoch=1/1 batch=2940/3000 step=2940 repair=0.1278 localization=0 type=0 minimal=0 physics=0.4236 total=0.1489
[TRAIN train_climax_static_physics_loss_s44] [TRAIN] stage=finetune epoch=1/1 batch=2950/3000 step=2950 repair=0.1283 localization=0 type=0 minimal=0 physics=0.4566 total=0.1511
[TRAIN train_climax_static_physics_loss_s44] [TRAIN] stage=finetune epoch=1/1 batch=2960/3000 step=2960 repair=0.1169 localization=0 type=0 minimal=0 physics=0.4067 total=0.1372
[TRAIN train_climax_static_physics_loss_s44] [TRAIN] stage=finetune epoch=1/1 batch=2970/3000 step=2970 repair=0.1154 localization=0 type=0 minimal=0 physics=0.4467 total=0.1378
[TRAIN train_climax_static_physics_loss_s44] [TRAIN] stage=finetune epoch=1/1 batch=2980/3000 step=2980 repair=0.07689 localization=0 type=0 minimal=0 physics=0.407 total=0.09724
[TRAIN train_climax_static_physics_loss_s44] [TRAIN] stage=finetune epoch=1/1 batch=2990/3000 step=2990 repair=0.116 localization=0 type=0 minimal=0 physics=0.6074 total=0.1463
[TRAIN train_climax_static_physics_loss_s44] [TRAIN] stage=finetune epoch=1/1 batch=3000/3000 step=3000 repair=0.07443 localization=0 type=0 minimal=0 physics=0.3891 total=0.09388
[TRAIN train_climax_static_physics_loss_s44] [EPOCH] {'stage': 'finetune', 'epoch': 0, 'global_step': 3000, 'train_total': 0.13496700409054757, 'val_repair_mse': 0.11506122583523393, 'elapsed_seconds': 1780.22}
[TRAIN train_climax_static_physics_loss_s44] [BEST] val_repair_mse=0.115061
[TRAIN train_climax_static_physics_loss_s44] [TRAIN COMPLETE] {
[TRAIN train_climax_static_physics_loss_s44]   "run_id": "prelim20_train_climax_static_physics_loss_s44",
[TRAIN train_climax_static_physics_loss_s44]   "status": "completed",
[TRAIN train_climax_static_physics_loss_s44]   "method": "static_physics_loss",
[TRAIN train_climax_static_physics_loss_s44]   "backbone": "climax",
[TRAIN train_climax_static_physics_loss_s44]   "seed": 44,
[TRAIN train_climax_static_physics_loss_s44]   "forecast_provider": "zarr_frozen_fm",
[TRAIN train_climax_static_physics_loss_s44]   "best_val_repair_mse": 0.11506122583523393,
[TRAIN train_climax_static_physics_loss_s44]   "global_step": 3000,
[TRAIN train_climax_static_physics_loss_s44]   "elapsed_seconds": 1780.37,
[TRAIN train_climax_static_physics_loss_s44]   "checkpoint_best": "/home/tahiti/ConserveFM/runs/prelim20_train/train_climax_static_physics_loss_s44/checkpoint_best.pt",
[TRAIN train_climax_static_physics_loss_s44]   "checkpoint_last": "/home/tahiti/ConserveFM/runs/prelim20_train/train_climax_static_physics_loss_s44/checkpoint_last.pt"
[TRAIN train_climax_static_physics_loss_s44] }
