[TRAIN train_climax_residual_repair_s43] [SETUP] device=cuda
[TRAIN train_climax_residual_repair_s43] [SETUP] run_id=prelim20_train_climax_residual_repair_s43 method=residual_repair backbone=climax
[TRAIN train_climax_residual_repair_s43] [FORECAST] using frozen forecast cache: /home/tahiti/ConserveFM/forecasts/climax.zarr
[TRAIN train_climax_residual_repair_s43] [STAGE] finetune epochs=1 start_epoch=0
[TRAIN train_climax_residual_repair_s43] [TRAIN] stage=finetune epoch=1/1 batch=10/3000 step=10 repair=0.1647 localization=0 type=0 minimal=0.05014 physics=0 total=0.1652
[TRAIN train_climax_residual_repair_s43] [TRAIN] stage=finetune epoch=1/1 batch=20/3000 step=20 repair=0.0836 localization=0 type=0 minimal=0.02676 physics=0 total=0.08387
[TRAIN train_climax_residual_repair_s43] [TRAIN] stage=finetune epoch=1/1 batch=30/3000 step=30 repair=0.1244 localization=0 type=0 minimal=0.0248 physics=0 total=0.1246
[TRAIN train_climax_residual_repair_s43] [TRAIN] stage=finetune epoch=1/1 batch=40/3000 step=40 repair=0.1109 localization=0 type=0 minimal=0.02338 physics=0 total=0.1111
[TRAIN train_climax_residual_repair_s43] [TRAIN] stage=finetune epoch=1/1 batch=50/3000 step=50 repair=0.09397 localization=0 type=0 minimal=0.02362 physics=0 total=0.09421
[TRAIN train_climax_residual_repair_s43] [TRAIN] stage=finetune epoch=1/1 batch=60/3000 step=60 repair=0.08147 localization=0 type=0 minimal=0.02338 physics=0 total=0.0817
[TRAIN train_climax_residual_repair_s43] [TRAIN] stage=finetune epoch=1/1 batch=70/3000 step=70 repair=0.1243 localization=0 type=0 minimal=0.02365 physics=0 total=0.1245
[TRAIN train_climax_residual_repair_s43] [TRAIN] stage=finetune epoch=1/1 batch=80/3000 step=80 repair=0.0822 localization=0 type=0 minimal=0.02411 physics=0 total=0.08245
[TRAIN train_climax_residual_repair_s43] [TRAIN] stage=finetune epoch=1/1 batch=90/3000 step=90 repair=0.0855 localization=0 type=0 minimal=0.02547 physics=0 total=0.08575
[TRAIN train_climax_residual_repair_s43] [TRAIN] stage=finetune epoch=1/1 batch=100/3000 step=100 repair=0.123 localization=0 type=0 minimal=0.02435 physics=0 total=0.1233
[TRAIN train_climax_residual_repair_s43] [TRAIN] stage=finetune epoch=1/1 batch=110/3000 step=110 repair=0.1149 localization=0 type=0 minimal=0.02473 physics=0 total=0.1152
[TRAIN train_climax_residual_repair_s43] [TRAIN] stage=finetune epoch=1/1 batch=120/3000 step=120 repair=0.1558 localization=0 type=0 minimal=0.02499 physics=0 total=0.156
[TRAIN train_climax_residual_repair_s43] [TRAIN] stage=finetune epoch=1/1 batch=130/3000 step=130 repair=0.07487 localization=0 type=0 minimal=0.02884 physics=0 total=0.07516
[TRAIN train_climax_residual_repair_s43] [TRAIN] stage=finetune epoch=1/1 batch=140/3000 step=140 repair=0.0823 localization=0 type=0 minimal=0.02792 physics=0 total=0.08258
[TRAIN train_climax_residual_repair_s43] [TRAIN] stage=finetune epoch=1/1 batch=150/3000 step=150 repair=0.1098 localization=0 type=0 minimal=0.02843 physics=0 total=0.11
[TRAIN train_climax_residual_repair_s43] [TRAIN] stage=finetune epoch=1/1 batch=160/3000 step=160 repair=0.1125 localization=0 type=0 minimal=0.03067 physics=0 total=0.1128
[TRAIN train_climax_residual_repair_s43] [TRAIN] stage=finetune epoch=1/1 batch=170/3000 step=170 repair=0.08607 localization=0 type=0 minimal=0.02892 physics=0 total=0.08636
[TRAIN train_climax_residual_repair_s43] [TRAIN] stage=finetune epoch=1/1 batch=180/3000 step=180 repair=0.08404 localization=0 type=0 minimal=0.02991 physics=0 total=0.08434
[TRAIN train_climax_residual_repair_s43] [TRAIN] stage=finetune epoch=1/1 batch=190/3000 step=190 repair=0.1189 localization=0 type=0 minimal=0.03105 physics=0 total=0.1192
[TRAIN train_climax_residual_repair_s43] [TRAIN] stage=finetune epoch=1/1 batch=200/3000 step=200 repair=0.1164 localization=0 type=0 minimal=0.03134 physics=0 total=0.1167
[TRAIN train_climax_residual_repair_s43] [TRAIN] stage=finetune epoch=1/1 batch=210/3000 step=210 repair=0.08291 localization=0 type=0 minimal=0.03284 physics=0 total=0.08324
[TRAIN train_climax_residual_repair_s43] [TRAIN] stage=finetune epoch=1/1 batch=220/3000 step=220 repair=0.1211 localization=0 type=0 minimal=0.03076 physics=0 total=0.1214
[TRAIN train_climax_residual_repair_s43] [TRAIN] stage=finetune epoch=1/1 batch=230/3000 step=230 repair=0.07954 localization=0 type=0 minimal=0.03229 physics=0 total=0.07986
[TRAIN train_climax_residual_repair_s43] [TRAIN] stage=finetune epoch=1/1 batch=240/3000 step=240 repair=0.1126 localization=0 type=0 minimal=0.03159 physics=0 total=0.1129
[TRAIN train_climax_residual_repair_s43] [TRAIN] stage=finetune epoch=1/1 batch=250/3000 step=250 repair=0.07629 localization=0 type=0 minimal=0.03513 physics=0 total=0.07665
[TRAIN train_climax_residual_repair_s43] [TRAIN] stage=finetune epoch=1/1 batch=260/3000 step=260 repair=0.1212 localization=0 type=0 minimal=0.03427 physics=0 total=0.1215
[TRAIN train_climax_residual_repair_s43] [TRAIN] stage=finetune epoch=1/1 batch=270/3000 step=270 repair=0.1162 localization=0 type=0 minimal=0.03339 physics=0 total=0.1165
[TRAIN train_climax_residual_repair_s43] [TRAIN] stage=finetune epoch=1/1 batch=280/3000 step=280 repair=0.1269 localization=0 type=0 minimal=0.03476 physics=0 total=0.1273
[TRAIN train_climax_residual_repair_s43] [TRAIN] stage=finetune epoch=1/1 batch=290/3000 step=290 repair=0.1127 localization=0 type=0 minimal=0.03748 physics=0 total=0.1131
[TRAIN train_climax_residual_repair_s43] [TRAIN] stage=finetune epoch=1/1 batch=300/3000 step=300 repair=0.1625 localization=0 type=0 minimal=0.03625 physics=0 total=0.1629
[TRAIN train_climax_residual_repair_s43] [TRAIN] stage=finetune epoch=1/1 batch=310/3000 step=310 repair=0.1161 localization=0 type=0 minimal=0.03519 physics=0 total=0.1165
[TRAIN train_climax_residual_repair_s43] [TRAIN] stage=finetune epoch=1/1 batch=320/3000 step=320 repair=0.08711 localization=0 type=0 minimal=0.0365 physics=0 total=0.08748
[TRAIN train_climax_residual_repair_s43] [TRAIN] stage=finetune epoch=1/1 batch=330/3000 step=330 repair=0.08169 localization=0 type=0 minimal=0.03812 physics=0 total=0.08207
[TRAIN train_climax_residual_repair_s43] [TRAIN] stage=finetune epoch=1/1 batch=340/3000 step=340 repair=0.08228 localization=0 type=0 minimal=0.03452 physics=0 total=0.08262
[TRAIN train_climax_residual_repair_s43] [TRAIN] stage=finetune epoch=1/1 batch=350/3000 step=350 repair=0.1236 localization=0 type=0 minimal=0.03625 physics=0 total=0.124
[TRAIN train_climax_residual_repair_s43] [TRAIN] stage=finetune epoch=1/1 batch=360/3000 step=360 repair=0.137 localization=0 type=0 minimal=0.0397 physics=0 total=0.1374
[TRAIN train_climax_residual_repair_s43] [TRAIN] stage=finetune epoch=1/1 batch=370/3000 step=370 repair=0.08283 localization=0 type=0 minimal=0.03622 physics=0 total=0.08319
[TRAIN train_climax_residual_repair_s43] [TRAIN] stage=finetune epoch=1/1 batch=380/3000 step=380 repair=0.1178 localization=0 type=0 minimal=0.04065 physics=0 total=0.1182
[TRAIN train_climax_residual_repair_s43] [TRAIN] stage=finetune epoch=1/1 batch=390/3000 step=390 repair=0.1244 localization=0 type=0 minimal=0.03757 physics=0 total=0.1248
[TRAIN train_climax_residual_repair_s43] [TRAIN] stage=finetune epoch=1/1 batch=400/3000 step=400 repair=0.1702 localization=0 type=0 minimal=0.03845 physics=0 total=0.1706
[TRAIN train_climax_residual_repair_s43] [TRAIN] stage=finetune epoch=1/1 batch=410/3000 step=410 repair=0.08011 localization=0 type=0 minimal=0.04126 physics=0 total=0.08052
[TRAIN train_climax_residual_repair_s43] [TRAIN] stage=finetune epoch=1/1 batch=420/3000 step=420 repair=0.07231 localization=0 type=0 minimal=0.0412 physics=0 total=0.07272
[TRAIN train_climax_residual_repair_s43] [TRAIN] stage=finetune epoch=1/1 batch=430/3000 step=430 repair=0.07436 localization=0 type=0 minimal=0.03903 physics=0 total=0.07475
[TRAIN train_climax_residual_repair_s43] [TRAIN] stage=finetune epoch=1/1 batch=440/3000 step=440 repair=0.1061 localization=0 type=0 minimal=0.03903 physics=0 total=0.1065
[TRAIN train_climax_residual_repair_s43] [TRAIN] stage=finetune epoch=1/1 batch=450/3000 step=450 repair=0.07622 localization=0 type=0 minimal=0.04269 physics=0 total=0.07664
[TRAIN train_climax_residual_repair_s43] [TRAIN] stage=finetune epoch=1/1 batch=460/3000 step=460 repair=0.08573 localization=0 type=0 minimal=0.04037 physics=0 total=0.08614
[TRAIN train_climax_residual_repair_s43] [TRAIN] stage=finetune epoch=1/1 batch=470/3000 step=470 repair=0.128 localization=0 type=0 minimal=0.04294 physics=0 total=0.1284
[TRAIN train_climax_residual_repair_s43] [TRAIN] stage=finetune epoch=1/1 batch=480/3000 step=480 repair=0.1075 localization=0 type=0 minimal=0.04123 physics=0 total=0.1079
[TRAIN train_climax_residual_repair_s43] [TRAIN] stage=finetune epoch=1/1 batch=490/3000 step=490 repair=0.1029 localization=0 type=0 minimal=0.04364 physics=0 total=0.1033
[TRAIN train_climax_residual_repair_s43] [TRAIN] stage=finetune epoch=1/1 batch=500/3000 step=500 repair=0.08056 localization=0 type=0 minimal=0.04385 physics=0 total=0.081
[TRAIN train_climax_residual_repair_s43] [TRAIN] stage=finetune epoch=1/1 batch=510/3000 step=510 repair=0.1118 localization=0 type=0 minimal=0.04709 physics=0 total=0.1123
[TRAIN train_climax_residual_repair_s43] [TRAIN] stage=finetune epoch=1/1 batch=520/3000 step=520 repair=0.108 localization=0 type=0 minimal=0.04904 physics=0 total=0.1085
[TRAIN train_climax_residual_repair_s43] [TRAIN] stage=finetune epoch=1/1 batch=530/3000 step=530 repair=0.1334 localization=0 type=0 minimal=0.04568 physics=0 total=0.1339
[TRAIN train_climax_residual_repair_s43] [TRAIN] stage=finetune epoch=1/1 batch=540/3000 step=540 repair=0.1059 localization=0 type=0 minimal=0.0415 physics=0 total=0.1063
[TRAIN train_climax_residual_repair_s43] [TRAIN] stage=finetune epoch=1/1 batch=550/3000 step=550 repair=0.1379 localization=0 type=0 minimal=0.04544 physics=0 total=0.1384
[TRAIN train_climax_residual_repair_s43] [TRAIN] stage=finetune epoch=1/1 batch=560/3000 step=560 repair=0.157 localization=0 type=0 minimal=0.04077 physics=0 total=0.1574
[TRAIN train_climax_residual_repair_s43] [TRAIN] stage=finetune epoch=1/1 batch=570/3000 step=570 repair=0.08417 localization=0 type=0 minimal=0.04636 physics=0 total=0.08463
[TRAIN train_climax_residual_repair_s43] [TRAIN] stage=finetune epoch=1/1 batch=580/3000 step=580 repair=0.08168 localization=0 type=0 minimal=0.04465 physics=0 total=0.08213
[TRAIN train_climax_residual_repair_s43] [TRAIN] stage=finetune epoch=1/1 batch=590/3000 step=590 repair=0.1548 localization=0 type=0 minimal=0.04361 physics=0 total=0.1552
[TRAIN train_climax_residual_repair_s43] [TRAIN] stage=finetune epoch=1/1 batch=600/3000 step=600 repair=0.1585 localization=0 type=0 minimal=0.04346 physics=0 total=0.1589
[TRAIN train_climax_residual_repair_s43] [TRAIN] stage=finetune epoch=1/1 batch=610/3000 step=610 repair=0.1206 localization=0 type=0 minimal=0.04907 physics=0 total=0.1211
[TRAIN train_climax_residual_repair_s43] [TRAIN] stage=finetune epoch=1/1 batch=620/3000 step=620 repair=0.07481 localization=0 type=0 minimal=0.04782 physics=0 total=0.07528
[TRAIN train_climax_residual_repair_s43] [TRAIN] stage=finetune epoch=1/1 batch=630/3000 step=630 repair=0.1047 localization=0 type=0 minimal=0.04858 physics=0 total=0.1051
[TRAIN train_climax_residual_repair_s43] [TRAIN] stage=finetune epoch=1/1 batch=640/3000 step=640 repair=0.06746 localization=0 type=0 minimal=0.0473 physics=0 total=0.06793
[TRAIN train_climax_residual_repair_s43] [TRAIN] stage=finetune epoch=1/1 batch=650/3000 step=650 repair=0.07779 localization=0 type=0 minimal=0.04868 physics=0 total=0.07827
[TRAIN train_climax_residual_repair_s43] [TRAIN] stage=finetune epoch=1/1 batch=660/3000 step=660 repair=0.1124 localization=0 type=0 minimal=0.0477 physics=0 total=0.1129
[TRAIN train_climax_residual_repair_s43] [TRAIN] stage=finetune epoch=1/1 batch=670/3000 step=670 repair=0.1191 localization=0 type=0 minimal=0.04446 physics=0 total=0.1195
[TRAIN train_climax_residual_repair_s43] [TRAIN] stage=finetune epoch=1/1 batch=680/3000 step=680 repair=0.07789 localization=0 type=0 minimal=0.05164 physics=0 total=0.0784
[TRAIN train_climax_residual_repair_s43] [TRAIN] stage=finetune epoch=1/1 batch=690/3000 step=690 repair=0.07209 localization=0 type=0 minimal=0.05066 physics=0 total=0.07259
[TRAIN train_climax_residual_repair_s43] [TRAIN] stage=finetune epoch=1/1 batch=700/3000 step=700 repair=0.07051 localization=0 type=0 minimal=0.05948 physics=0 total=0.07111
[TRAIN train_climax_residual_repair_s43] [TRAIN] stage=finetune epoch=1/1 batch=710/3000 step=710 repair=0.06288 localization=0 type=0 minimal=0.05441 physics=0 total=0.06342
[TRAIN train_climax_residual_repair_s43] [TRAIN] stage=finetune epoch=1/1 batch=720/3000 step=720 repair=0.1479 localization=0 type=0 minimal=0.0379 physics=0 total=0.1483
[TRAIN train_climax_residual_repair_s43] [TRAIN] stage=finetune epoch=1/1 batch=730/3000 step=730 repair=0.1221 localization=0 type=0 minimal=0.04575 physics=0 total=0.1225
[TRAIN train_climax_residual_repair_s43] [TRAIN] stage=finetune epoch=1/1 batch=740/3000 step=740 repair=0.149 localization=0 type=0 minimal=0.03931 physics=0 total=0.1494
[TRAIN train_climax_residual_repair_s43] [TRAIN] stage=finetune epoch=1/1 batch=750/3000 step=750 repair=0.1218 localization=0 type=0 minimal=0.05081 physics=0 total=0.1223
[TRAIN train_climax_residual_repair_s43] [TRAIN] stage=finetune epoch=1/1 batch=760/3000 step=760 repair=0.1003 localization=0 type=0 minimal=0.05176 physics=0 total=0.1008
[TRAIN train_climax_residual_repair_s43] [TRAIN] stage=finetune epoch=1/1 batch=770/3000 step=770 repair=0.07052 localization=0 type=0 minimal=0.065 physics=0 total=0.07117
[TRAIN train_climax_residual_repair_s43] [TRAIN] stage=finetune epoch=1/1 batch=780/3000 step=780 repair=0.06722 localization=0 type=0 minimal=0.05838 physics=0 total=0.0678
[TRAIN train_climax_residual_repair_s43] [TRAIN] stage=finetune epoch=1/1 batch=790/3000 step=790 repair=0.07762 localization=0 type=0 minimal=0.05411 physics=0 total=0.07816
[TRAIN train_climax_residual_repair_s43] [TRAIN] stage=finetune epoch=1/1 batch=800/3000 step=800 repair=0.07662 localization=0 type=0 minimal=0.05338 physics=0 total=0.07715
[TRAIN train_climax_residual_repair_s43] [TRAIN] stage=finetune epoch=1/1 batch=810/3000 step=810 repair=0.1534 localization=0 type=0 minimal=0.04059 physics=0 total=0.1538
[TRAIN train_climax_residual_repair_s43] [TRAIN] stage=finetune epoch=1/1 batch=820/3000 step=820 repair=0.1209 localization=0 type=0 minimal=0.04211 physics=0 total=0.1213
[TRAIN train_climax_residual_repair_s43] [TRAIN] stage=finetune epoch=1/1 batch=830/3000 step=830 repair=0.07512 localization=0 type=0 minimal=0.05847 physics=0 total=0.07571
[TRAIN train_climax_residual_repair_s43] [TRAIN] stage=finetune epoch=1/1 batch=840/3000 step=840 repair=0.08235 localization=0 type=0 minimal=0.05765 physics=0 total=0.08293
[TRAIN train_climax_residual_repair_s43] [TRAIN] stage=finetune epoch=1/1 batch=850/3000 step=850 repair=0.06223 localization=0 type=0 minimal=0.06165 physics=0 total=0.06285
[TRAIN train_climax_residual_repair_s43] [TRAIN] stage=finetune epoch=1/1 batch=860/3000 step=860 repair=0.1252 localization=0 type=0 minimal=0.04382 physics=0 total=0.1257
[TRAIN train_climax_residual_repair_s43] [TRAIN] stage=finetune epoch=1/1 batch=870/3000 step=870 repair=0.0662 localization=0 type=0 minimal=0.06372 physics=0 total=0.06683
[TRAIN train_climax_residual_repair_s43] [TRAIN] stage=finetune epoch=1/1 batch=880/3000 step=880 repair=0.06618 localization=0 type=0 minimal=0.06628 physics=0 total=0.06684
[TRAIN train_climax_residual_repair_s43] [TRAIN] stage=finetune epoch=1/1 batch=890/3000 step=890 repair=0.1105 localization=0 type=0 minimal=0.05225 physics=0 total=0.111
[TRAIN train_climax_residual_repair_s43] [TRAIN] stage=finetune epoch=1/1 batch=900/3000 step=900 repair=0.1107 localization=0 type=0 minimal=0.04315 physics=0 total=0.1111
[TRAIN train_climax_residual_repair_s43] [TRAIN] stage=finetune epoch=1/1 batch=910/3000 step=910 repair=0.165 localization=0 type=0 minimal=0.03833 physics=0 total=0.1654
[TRAIN train_climax_residual_repair_s43] [TRAIN] stage=finetune epoch=1/1 batch=920/3000 step=920 repair=0.07919 localization=0 type=0 minimal=0.05783 physics=0 total=0.07977
[TRAIN train_climax_residual_repair_s43] [TRAIN] stage=finetune epoch=1/1 batch=930/3000 step=930 repair=0.07591 localization=0 type=0 minimal=0.05798 physics=0 total=0.07649
[TRAIN train_climax_residual_repair_s43] [TRAIN] stage=finetune epoch=1/1 batch=940/3000 step=940 repair=0.111 localization=0 type=0 minimal=0.05371 physics=0 total=0.1115
[TRAIN train_climax_residual_repair_s43] [TRAIN] stage=finetune epoch=1/1 batch=950/3000 step=950 repair=0.08472 localization=0 type=0 minimal=0.05386 physics=0 total=0.08526
[TRAIN train_climax_residual_repair_s43] [TRAIN] stage=finetune epoch=1/1 batch=960/3000 step=960 repair=0.121 localization=0 type=0 minimal=0.04294 physics=0 total=0.1214
[TRAIN train_climax_residual_repair_s43] [TRAIN] stage=finetune epoch=1/1 batch=970/3000 step=970 repair=0.1155 localization=0 type=0 minimal=0.05319 physics=0 total=0.1161
[TRAIN train_climax_residual_repair_s43] [TRAIN] stage=finetune epoch=1/1 batch=980/3000 step=980 repair=0.08496 localization=0 type=0 minimal=0.04852 physics=0 total=0.08544
[TRAIN train_climax_residual_repair_s43] [TRAIN] stage=finetune epoch=1/1 batch=990/3000 step=990 repair=0.1156 localization=0 type=0 minimal=0.05389 physics=0 total=0.1161
[TRAIN train_climax_residual_repair_s43] [TRAIN] stage=finetune epoch=1/1 batch=1000/3000 step=1000 repair=0.05845 localization=0 type=0 minimal=0.06653 physics=0 total=0.05911
[TRAIN train_climax_residual_repair_s43] [TRAIN] stage=finetune epoch=1/1 batch=1010/3000 step=1010 repair=0.1192 localization=0 type=0 minimal=0.04678 physics=0 total=0.1197
[TRAIN train_climax_residual_repair_s43] [TRAIN] stage=finetune epoch=1/1 batch=1020/3000 step=1020 repair=0.1159 localization=0 type=0 minimal=0.0451 physics=0 total=0.1163
[TRAIN train_climax_residual_repair_s43] [TRAIN] stage=finetune epoch=1/1 batch=1030/3000 step=1030 repair=0.138 localization=0 type=0 minimal=0.03867 physics=0 total=0.1384
[TRAIN train_climax_residual_repair_s43] [TRAIN] stage=finetune epoch=1/1 batch=1040/3000 step=1040 repair=0.06557 localization=0 type=0 minimal=0.07324 physics=0 total=0.06631
[TRAIN train_climax_residual_repair_s43] [TRAIN] stage=finetune epoch=1/1 batch=1050/3000 step=1050 repair=0.1199 localization=0 type=0 minimal=0.04865 physics=0 total=0.1204
[TRAIN train_climax_residual_repair_s43] [TRAIN] stage=finetune epoch=1/1 batch=1060/3000 step=1060 repair=0.1179 localization=0 type=0 minimal=0.05695 physics=0 total=0.1185
[TRAIN train_climax_residual_repair_s43] [TRAIN] stage=finetune epoch=1/1 batch=1070/3000 step=1070 repair=0.06106 localization=0 type=0 minimal=0.06592 physics=0 total=0.06171
[TRAIN train_climax_residual_repair_s43] [TRAIN] stage=finetune epoch=1/1 batch=1080/3000 step=1080 repair=0.0815 localization=0 type=0 minimal=0.05209 physics=0 total=0.08202
[TRAIN train_climax_residual_repair_s43] [TRAIN] stage=finetune epoch=1/1 batch=1090/3000 step=1090 repair=0.07604 localization=0 type=0 minimal=0.06531 physics=0 total=0.07669
[TRAIN train_climax_residual_repair_s43] [TRAIN] stage=finetune epoch=1/1 batch=1100/3000 step=1100 repair=0.115 localization=0 type=0 minimal=0.05923 physics=0 total=0.1156
[TRAIN train_climax_residual_repair_s43] [TRAIN] stage=finetune epoch=1/1 batch=1110/3000 step=1110 repair=0.071 localization=0 type=0 minimal=0.06052 physics=0 total=0.0716
[TRAIN train_climax_residual_repair_s43] [TRAIN] stage=finetune epoch=1/1 batch=1120/3000 step=1120 repair=0.1092 localization=0 type=0 minimal=0.04391 physics=0 total=0.1096
[TRAIN train_climax_residual_repair_s43] [TRAIN] stage=finetune epoch=1/1 batch=1130/3000 step=1130 repair=0.1192 localization=0 type=0 minimal=0.04453 physics=0 total=0.1197
[TRAIN train_climax_residual_repair_s43] [TRAIN] stage=finetune epoch=1/1 batch=1140/3000 step=1140 repair=0.05912 localization=0 type=0 minimal=0.07574 physics=0 total=0.05988
[TRAIN train_climax_residual_repair_s43] [TRAIN] stage=finetune epoch=1/1 batch=1150/3000 step=1150 repair=0.07198 localization=0 type=0 minimal=0.06342 physics=0 total=0.07262
[TRAIN train_climax_residual_repair_s43] [TRAIN] stage=finetune epoch=1/1 batch=1160/3000 step=1160 repair=0.05763 localization=0 type=0 minimal=0.07263 physics=0 total=0.05836
[TRAIN train_climax_residual_repair_s43] [TRAIN] stage=finetune epoch=1/1 batch=1170/3000 step=1170 repair=0.1033 localization=0 type=0 minimal=0.05756 physics=0 total=0.1039
[TRAIN train_climax_residual_repair_s43] [TRAIN] stage=finetune epoch=1/1 batch=1180/3000 step=1180 repair=0.1096 localization=0 type=0 minimal=0.0462 physics=0 total=0.11
[TRAIN train_climax_residual_repair_s43] [TRAIN] stage=finetune epoch=1/1 batch=1190/3000 step=1190 repair=0.0694 localization=0 type=0 minimal=0.06216 physics=0 total=0.07002
[TRAIN train_climax_residual_repair_s43] [TRAIN] stage=finetune epoch=1/1 batch=1200/3000 step=1200 repair=0.165 localization=0 type=0 minimal=0.04272 physics=0 total=0.1654
[TRAIN train_climax_residual_repair_s43] [TRAIN] stage=finetune epoch=1/1 batch=1210/3000 step=1210 repair=0.1115 localization=0 type=0 minimal=0.0611 physics=0 total=0.1121
[TRAIN train_climax_residual_repair_s43] [TRAIN] stage=finetune epoch=1/1 batch=1220/3000 step=1220 repair=0.1518 localization=0 type=0 minimal=0.04196 physics=0 total=0.1522
[TRAIN train_climax_residual_repair_s43] [TRAIN] stage=finetune epoch=1/1 batch=1230/3000 step=1230 repair=0.1136 localization=0 type=0 minimal=0.05475 physics=0 total=0.1141
[TRAIN train_climax_residual_repair_s43] [TRAIN] stage=finetune epoch=1/1 batch=1240/3000 step=1240 repair=0.153 localization=0 type=0 minimal=0.04065 physics=0 total=0.1534
[TRAIN train_climax_residual_repair_s43] [TRAIN] stage=finetune epoch=1/1 batch=1250/3000 step=1250 repair=0.06299 localization=0 type=0 minimal=0.07697 physics=0 total=0.06376
[TRAIN train_climax_residual_repair_s43] [TRAIN] stage=finetune epoch=1/1 batch=1260/3000 step=1260 repair=0.1742 localization=0 type=0 minimal=0.04263 physics=0 total=0.1747
[TRAIN train_climax_residual_repair_s43] [TRAIN] stage=finetune epoch=1/1 batch=1270/3000 step=1270 repair=0.1211 localization=0 type=0 minimal=0.0463 physics=0 total=0.1215
[TRAIN train_climax_residual_repair_s43] [TRAIN] stage=finetune epoch=1/1 batch=1280/3000 step=1280 repair=0.1093 localization=0 type=0 minimal=0.05988 physics=0 total=0.1099
[TRAIN train_climax_residual_repair_s43] [TRAIN] stage=finetune epoch=1/1 batch=1290/3000 step=1290 repair=0.1154 localization=0 type=0 minimal=0.06311 physics=0 total=0.1161
[TRAIN train_climax_residual_repair_s43] [TRAIN] stage=finetune epoch=1/1 batch=1300/3000 step=1300 repair=0.1157 localization=0 type=0 minimal=0.05948 physics=0 total=0.1163
[TRAIN train_climax_residual_repair_s43] [TRAIN] stage=finetune epoch=1/1 batch=1310/3000 step=1310 repair=0.1066 localization=0 type=0 minimal=0.05957 physics=0 total=0.1072
[TRAIN train_climax_residual_repair_s43] [TRAIN] stage=finetune epoch=1/1 batch=1320/3000 step=1320 repair=0.1042 localization=0 type=0 minimal=0.06161 physics=0 total=0.1048
[TRAIN train_climax_residual_repair_s43] [TRAIN] stage=finetune epoch=1/1 batch=1330/3000 step=1330 repair=0.06746 localization=0 type=0 minimal=0.06775 physics=0 total=0.06813
[TRAIN train_climax_residual_repair_s43] [TRAIN] stage=finetune epoch=1/1 batch=1340/3000 step=1340 repair=0.115 localization=0 type=0 minimal=0.06268 physics=0 total=0.1157
[TRAIN train_climax_residual_repair_s43] [TRAIN] stage=finetune epoch=1/1 batch=1350/3000 step=1350 repair=0.1105 localization=0 type=0 minimal=0.06107 physics=0 total=0.1111
[TRAIN train_climax_residual_repair_s43] [TRAIN] stage=finetune epoch=1/1 batch=1360/3000 step=1360 repair=0.08615 localization=0 type=0 minimal=0.05511 physics=0 total=0.0867
[TRAIN train_climax_residual_repair_s43] [TRAIN] stage=finetune epoch=1/1 batch=1370/3000 step=1370 repair=0.1036 localization=0 type=0 minimal=0.06125 physics=0 total=0.1042
[TRAIN train_climax_residual_repair_s43] [TRAIN] stage=finetune epoch=1/1 batch=1380/3000 step=1380 repair=0.1204 localization=0 type=0 minimal=0.04413 physics=0 total=0.1208
[TRAIN train_climax_residual_repair_s43] [TRAIN] stage=finetune epoch=1/1 batch=1390/3000 step=1390 repair=0.1613 localization=0 type=0 minimal=0.04526 physics=0 total=0.1617
[TRAIN train_climax_residual_repair_s43] [TRAIN] stage=finetune epoch=1/1 batch=1400/3000 step=1400 repair=0.0743 localization=0 type=0 minimal=0.0658 physics=0 total=0.07495
[TRAIN train_climax_residual_repair_s43] [TRAIN] stage=finetune epoch=1/1 batch=1410/3000 step=1410 repair=0.1203 localization=0 type=0 minimal=0.04758 physics=0 total=0.1208
[TRAIN train_climax_residual_repair_s43] [TRAIN] stage=finetune epoch=1/1 batch=1420/3000 step=1420 repair=0.08674 localization=0 type=0 minimal=0.05725 physics=0 total=0.08732
[TRAIN train_climax_residual_repair_s43] [TRAIN] stage=finetune epoch=1/1 batch=1430/3000 step=1430 repair=0.1028 localization=0 type=0 minimal=0.06433 physics=0 total=0.1034
[TRAIN train_climax_residual_repair_s43] [TRAIN] stage=finetune epoch=1/1 batch=1440/3000 step=1440 repair=0.1344 localization=0 type=0 minimal=0.05139 physics=0 total=0.1349
[TRAIN train_climax_residual_repair_s43] [TRAIN] stage=finetune epoch=1/1 batch=1450/3000 step=1450 repair=0.06828 localization=0 type=0 minimal=0.07043 physics=0 total=0.06898
[TRAIN train_climax_residual_repair_s43] [TRAIN] stage=finetune epoch=1/1 batch=1460/3000 step=1460 repair=0.07262 localization=0 type=0 minimal=0.0705 physics=0 total=0.07333
[TRAIN train_climax_residual_repair_s43] [TRAIN] stage=finetune epoch=1/1 batch=1470/3000 step=1470 repair=0.1646 localization=0 type=0 minimal=0.0387 physics=0 total=0.165
[TRAIN train_climax_residual_repair_s43] [TRAIN] stage=finetune epoch=1/1 batch=1480/3000 step=1480 repair=0.05881 localization=0 type=0 minimal=0.08246 physics=0 total=0.05963
[TRAIN train_climax_residual_repair_s43] [TRAIN] stage=finetune epoch=1/1 batch=1490/3000 step=1490 repair=0.06855 localization=0 type=0 minimal=0.06824 physics=0 total=0.06923
[TRAIN train_climax_residual_repair_s43] [TRAIN] stage=finetune epoch=1/1 batch=1500/3000 step=1500 repair=0.07674 localization=0 type=0 minimal=0.06927 physics=0 total=0.07744
[TRAIN train_climax_residual_repair_s43] [TRAIN] stage=finetune epoch=1/1 batch=1510/3000 step=1510 repair=0.0541 localization=0 type=0 minimal=0.0824 physics=0 total=0.05493
[TRAIN train_climax_residual_repair_s43] [TRAIN] stage=finetune epoch=1/1 batch=1520/3000 step=1520 repair=0.07075 localization=0 type=0 minimal=0.0697 physics=0 total=0.07145
[TRAIN train_climax_residual_repair_s43] [TRAIN] stage=finetune epoch=1/1 batch=1530/3000 step=1530 repair=0.0726 localization=0 type=0 minimal=0.0694 physics=0 total=0.07329
[TRAIN train_climax_residual_repair_s43] [TRAIN] stage=finetune epoch=1/1 batch=1540/3000 step=1540 repair=0.0782 localization=0 type=0 minimal=0.07196 physics=0 total=0.07892
[TRAIN train_climax_residual_repair_s43] [TRAIN] stage=finetune epoch=1/1 batch=1550/3000 step=1550 repair=0.07169 localization=0 type=0 minimal=0.06604 physics=0 total=0.07235
[TRAIN train_climax_residual_repair_s43] [TRAIN] stage=finetune epoch=1/1 batch=1560/3000 step=1560 repair=0.08379 localization=0 type=0 minimal=0.06616 physics=0 total=0.08445
[TRAIN train_climax_residual_repair_s43] [TRAIN] stage=finetune epoch=1/1 batch=1570/3000 step=1570 repair=0.06698 localization=0 type=0 minimal=0.07269 physics=0 total=0.0677
[TRAIN train_climax_residual_repair_s43] [TRAIN] stage=finetune epoch=1/1 batch=1580/3000 step=1580 repair=0.1029 localization=0 type=0 minimal=0.06018 physics=0 total=0.1035
[TRAIN train_climax_residual_repair_s43] [TRAIN] stage=finetune epoch=1/1 batch=1590/3000 step=1590 repair=0.07487 localization=0 type=0 minimal=0.07007 physics=0 total=0.07557
[TRAIN train_climax_residual_repair_s43] [TRAIN] stage=finetune epoch=1/1 batch=1600/3000 step=1600 repair=0.08369 localization=0 type=0 minimal=0.05597 physics=0 total=0.08425
[TRAIN train_climax_residual_repair_s43] [TRAIN] stage=finetune epoch=1/1 batch=1610/3000 step=1610 repair=0.1437 localization=0 type=0 minimal=0.04291 physics=0 total=0.1442
[TRAIN train_climax_residual_repair_s43] [TRAIN] stage=finetune epoch=1/1 batch=1620/3000 step=1620 repair=0.1291 localization=0 type=0 minimal=0.05115 physics=0 total=0.1296
[TRAIN train_climax_residual_repair_s43] [TRAIN] stage=finetune epoch=1/1 batch=1630/3000 step=1630 repair=0.1038 localization=0 type=0 minimal=0.06683 physics=0 total=0.1045
[TRAIN train_climax_residual_repair_s43] [TRAIN] stage=finetune epoch=1/1 batch=1640/3000 step=1640 repair=0.06935 localization=0 type=0 minimal=0.0675 physics=0 total=0.07003
[TRAIN train_climax_residual_repair_s43] [TRAIN] stage=finetune epoch=1/1 batch=1650/3000 step=1650 repair=0.121 localization=0 type=0 minimal=0.05573 physics=0 total=0.1216
[TRAIN train_climax_residual_repair_s43] [TRAIN] stage=finetune epoch=1/1 batch=1660/3000 step=1660 repair=0.07084 localization=0 type=0 minimal=0.07147 physics=0 total=0.07155
[TRAIN train_climax_residual_repair_s43] [TRAIN] stage=finetune epoch=1/1 batch=1670/3000 step=1670 repair=0.09223 localization=0 type=0 minimal=0.06091 physics=0 total=0.09284
[TRAIN train_climax_residual_repair_s43] [TRAIN] stage=finetune epoch=1/1 batch=1680/3000 step=1680 repair=0.1136 localization=0 type=0 minimal=0.04828 physics=0 total=0.114
[TRAIN train_climax_residual_repair_s43] [TRAIN] stage=finetune epoch=1/1 batch=1690/3000 step=1690 repair=0.1171 localization=0 type=0 minimal=0.04721 physics=0 total=0.1175
[TRAIN train_climax_residual_repair_s43] [TRAIN] stage=finetune epoch=1/1 batch=1700/3000 step=1700 repair=0.1419 localization=0 type=0 minimal=0.04276 physics=0 total=0.1423
[TRAIN train_climax_residual_repair_s43] [TRAIN] stage=finetune epoch=1/1 batch=1710/3000 step=1710 repair=0.1243 localization=0 type=0 minimal=0.0513 physics=0 total=0.1249
[TRAIN train_climax_residual_repair_s43] [TRAIN] stage=finetune epoch=1/1 batch=1720/3000 step=1720 repair=0.05581 localization=0 type=0 minimal=0.08569 physics=0 total=0.05666
[TRAIN train_climax_residual_repair_s43] [TRAIN] stage=finetune epoch=1/1 batch=1730/3000 step=1730 repair=0.05685 localization=0 type=0 minimal=0.08746 physics=0 total=0.05772
[TRAIN train_climax_residual_repair_s43] [TRAIN] stage=finetune epoch=1/1 batch=1740/3000 step=1740 repair=0.08429 localization=0 type=0 minimal=0.05786 physics=0 total=0.08487
[TRAIN train_climax_residual_repair_s43] [TRAIN] stage=finetune epoch=1/1 batch=1750/3000 step=1750 repair=0.08104 localization=0 type=0 minimal=0.05182 physics=0 total=0.08156
[TRAIN train_climax_residual_repair_s43] [TRAIN] stage=finetune epoch=1/1 batch=1760/3000 step=1760 repair=0.1011 localization=0 type=0 minimal=0.06317 physics=0 total=0.1017
[TRAIN train_climax_residual_repair_s43] [TRAIN] stage=finetune epoch=1/1 batch=1770/3000 step=1770 repair=0.07907 localization=0 type=0 minimal=0.06335 physics=0 total=0.0797
[TRAIN train_climax_residual_repair_s43] [TRAIN] stage=finetune epoch=1/1 batch=1780/3000 step=1780 repair=0.07674 localization=0 type=0 minimal=0.06155 physics=0 total=0.07736
[TRAIN train_climax_residual_repair_s43] [TRAIN] stage=finetune epoch=1/1 batch=1790/3000 step=1790 repair=0.1162 localization=0 type=0 minimal=0.04977 physics=0 total=0.1167
[TRAIN train_climax_residual_repair_s43] [TRAIN] stage=finetune epoch=1/1 batch=1800/3000 step=1800 repair=0.09356 localization=0 type=0 minimal=0.05975 physics=0 total=0.09416
[TRAIN train_climax_residual_repair_s43] [TRAIN] stage=finetune epoch=1/1 batch=1810/3000 step=1810 repair=0.1065 localization=0 type=0 minimal=0.04846 physics=0 total=0.1069
[TRAIN train_climax_residual_repair_s43] [TRAIN] stage=finetune epoch=1/1 batch=1820/3000 step=1820 repair=0.09409 localization=0 type=0 minimal=0.0647 physics=0 total=0.09474
[TRAIN train_climax_residual_repair_s43] [TRAIN] stage=finetune epoch=1/1 batch=1830/3000 step=1830 repair=0.1136 localization=0 type=0 minimal=0.05563 physics=0 total=0.1141
[TRAIN train_climax_residual_repair_s43] [TRAIN] stage=finetune epoch=1/1 batch=1840/3000 step=1840 repair=0.07263 localization=0 type=0 minimal=0.07129 physics=0 total=0.07335
[TRAIN train_climax_residual_repair_s43] [TRAIN] stage=finetune epoch=1/1 batch=1850/3000 step=1850 repair=0.1677 localization=0 type=0 minimal=0.04279 physics=0 total=0.1681
[TRAIN train_climax_residual_repair_s43] [TRAIN] stage=finetune epoch=1/1 batch=1860/3000 step=1860 repair=0.1114 localization=0 type=0 minimal=0.06647 physics=0 total=0.112
[TRAIN train_climax_residual_repair_s43] [TRAIN] stage=finetune epoch=1/1 batch=1870/3000 step=1870 repair=0.1186 localization=0 type=0 minimal=0.05124 physics=0 total=0.1191
[TRAIN train_climax_residual_repair_s43] [TRAIN] stage=finetune epoch=1/1 batch=1880/3000 step=1880 repair=0.06709 localization=0 type=0 minimal=0.07037 physics=0 total=0.0678
[TRAIN train_climax_residual_repair_s43] [TRAIN] stage=finetune epoch=1/1 batch=1890/3000 step=1890 repair=0.114 localization=0 type=0 minimal=0.05295 physics=0 total=0.1145
[TRAIN train_climax_residual_repair_s43] [TRAIN] stage=finetune epoch=1/1 batch=1900/3000 step=1900 repair=0.06407 localization=0 type=0 minimal=0.07251 physics=0 total=0.06479
[TRAIN train_climax_residual_repair_s43] [TRAIN] stage=finetune epoch=1/1 batch=1910/3000 step=1910 repair=0.0816 localization=0 type=0 minimal=0.06107 physics=0 total=0.08221
[TRAIN train_climax_residual_repair_s43] [TRAIN] stage=finetune epoch=1/1 batch=1920/3000 step=1920 repair=0.1016 localization=0 type=0 minimal=0.06647 physics=0 total=0.1023
[TRAIN train_climax_residual_repair_s43] [TRAIN] stage=finetune epoch=1/1 batch=1930/3000 step=1930 repair=0.1141 localization=0 type=0 minimal=0.05176 physics=0 total=0.1146
[TRAIN train_climax_residual_repair_s43] [TRAIN] stage=finetune epoch=1/1 batch=1940/3000 step=1940 repair=0.1022 localization=0 type=0 minimal=0.0675 physics=0 total=0.1029
[TRAIN train_climax_residual_repair_s43] [TRAIN] stage=finetune epoch=1/1 batch=1950/3000 step=1950 repair=0.1229 localization=0 type=0 minimal=0.05283 physics=0 total=0.1234
[TRAIN train_climax_residual_repair_s43] [TRAIN] stage=finetune epoch=1/1 batch=1960/3000 step=1960 repair=0.1156 localization=0 type=0 minimal=0.05957 physics=0 total=0.1162
[TRAIN train_climax_residual_repair_s43] [TRAIN] stage=finetune epoch=1/1 batch=1970/3000 step=1970 repair=0.1111 localization=0 type=0 minimal=0.05246 physics=0 total=0.1117
[TRAIN train_climax_residual_repair_s43] [TRAIN] stage=finetune epoch=1/1 batch=1980/3000 step=1980 repair=0.1094 localization=0 type=0 minimal=0.06519 physics=0 total=0.11
[TRAIN train_climax_residual_repair_s43] [TRAIN] stage=finetune epoch=1/1 batch=1990/3000 step=1990 repair=0.118 localization=0 type=0 minimal=0.05072 physics=0 total=0.1186
[TRAIN train_climax_residual_repair_s43] [TRAIN] stage=finetune epoch=1/1 batch=2000/3000 step=2000 repair=0.08642 localization=0 type=0 minimal=0.0596 physics=0 total=0.08702
[TRAIN train_climax_residual_repair_s43] [TRAIN] stage=finetune epoch=1/1 batch=2010/3000 step=2010 repair=0.1122 localization=0 type=0 minimal=0.05301 physics=0 total=0.1127
[TRAIN train_climax_residual_repair_s43] [TRAIN] stage=finetune epoch=1/1 batch=2020/3000 step=2020 repair=0.1248 localization=0 type=0 minimal=0.05161 physics=0 total=0.1254
[TRAIN train_climax_residual_repair_s43] [TRAIN] stage=finetune epoch=1/1 batch=2030/3000 step=2030 repair=0.06821 localization=0 type=0 minimal=0.07556 physics=0 total=0.06896
[TRAIN train_climax_residual_repair_s43] [TRAIN] stage=finetune epoch=1/1 batch=2040/3000 step=2040 repair=0.1036 localization=0 type=0 minimal=0.06897 physics=0 total=0.1043
[TRAIN train_climax_residual_repair_s43] [TRAIN] stage=finetune epoch=1/1 batch=2050/3000 step=2050 repair=0.08362 localization=0 type=0 minimal=0.05563 physics=0 total=0.08418
[TRAIN train_climax_residual_repair_s43] [TRAIN] stage=finetune epoch=1/1 batch=2060/3000 step=2060 repair=0.05305 localization=0 type=0 minimal=0.08673 physics=0 total=0.05391
[TRAIN train_climax_residual_repair_s43] [TRAIN] stage=finetune epoch=1/1 batch=2070/3000 step=2070 repair=0.1439 localization=0 type=0 minimal=0.03967 physics=0 total=0.1442
[TRAIN train_climax_residual_repair_s43] [TRAIN] stage=finetune epoch=1/1 batch=2080/3000 step=2080 repair=0.1646 localization=0 type=0 minimal=0.04797 physics=0 total=0.1651
[TRAIN train_climax_residual_repair_s43] [TRAIN] stage=finetune epoch=1/1 batch=2090/3000 step=2090 repair=0.1199 localization=0 type=0 minimal=0.05554 physics=0 total=0.1204
[TRAIN train_climax_residual_repair_s43] [TRAIN] stage=finetune epoch=1/1 batch=2100/3000 step=2100 repair=0.1225 localization=0 type=0 minimal=0.04919 physics=0 total=0.123
[TRAIN train_climax_residual_repair_s43] [TRAIN] stage=finetune epoch=1/1 batch=2110/3000 step=2110 repair=0.07657 localization=0 type=0 minimal=0.06122 physics=0 total=0.07718
[TRAIN train_climax_residual_repair_s43] [TRAIN] stage=finetune epoch=1/1 batch=2120/3000 step=2120 repair=0.07162 localization=0 type=0 minimal=0.07666 physics=0 total=0.07239
[TRAIN train_climax_residual_repair_s43] [TRAIN] stage=finetune epoch=1/1 batch=2130/3000 step=2130 repair=0.1129 localization=0 type=0 minimal=0.05157 physics=0 total=0.1134
[TRAIN train_climax_residual_repair_s43] [TRAIN] stage=finetune epoch=1/1 batch=2140/3000 step=2140 repair=0.1136 localization=0 type=0 minimal=0.05331 physics=0 total=0.1141
[TRAIN train_climax_residual_repair_s43] [TRAIN] stage=finetune epoch=1/1 batch=2150/3000 step=2150 repair=0.1101 localization=0 type=0 minimal=0.0549 physics=0 total=0.1107
[TRAIN train_climax_residual_repair_s43] [TRAIN] stage=finetune epoch=1/1 batch=2160/3000 step=2160 repair=0.06786 localization=0 type=0 minimal=0.07495 physics=0 total=0.06861
[TRAIN train_climax_residual_repair_s43] [TRAIN] stage=finetune epoch=1/1 batch=2170/3000 step=2170 repair=0.1057 localization=0 type=0 minimal=0.07227 physics=0 total=0.1064
[TRAIN train_climax_residual_repair_s43] [TRAIN] stage=finetune epoch=1/1 batch=2180/3000 step=2180 repair=0.05216 localization=0 type=0 minimal=0.09192 physics=0 total=0.05308
[TRAIN train_climax_residual_repair_s43] [TRAIN] stage=finetune epoch=1/1 batch=2190/3000 step=2190 repair=0.05108 localization=0 type=0 minimal=0.09192 physics=0 total=0.052
[TRAIN train_climax_residual_repair_s43] [TRAIN] stage=finetune epoch=1/1 batch=2200/3000 step=2200 repair=0.05323 localization=0 type=0 minimal=0.09131 physics=0 total=0.05415
[TRAIN train_climax_residual_repair_s43] [TRAIN] stage=finetune epoch=1/1 batch=2210/3000 step=2210 repair=0.09993 localization=0 type=0 minimal=0.06714 physics=0 total=0.1006
[TRAIN train_climax_residual_repair_s43] [TRAIN] stage=finetune epoch=1/1 batch=2220/3000 step=2220 repair=0.1089 localization=0 type=0 minimal=0.0686 physics=0 total=0.1096
[TRAIN train_climax_residual_repair_s43] [TRAIN] stage=finetune epoch=1/1 batch=2230/3000 step=2230 repair=0.04934 localization=0 type=0 minimal=0.09088 physics=0 total=0.05025
[TRAIN train_climax_residual_repair_s43] [TRAIN] stage=finetune epoch=1/1 batch=2240/3000 step=2240 repair=0.1052 localization=0 type=0 minimal=0.06818 physics=0 total=0.1058
[TRAIN train_climax_residual_repair_s43] [TRAIN] stage=finetune epoch=1/1 batch=2250/3000 step=2250 repair=0.06996 localization=0 type=0 minimal=0.07428 physics=0 total=0.0707
[TRAIN train_climax_residual_repair_s43] [TRAIN] stage=finetune epoch=1/1 batch=2260/3000 step=2260 repair=0.1235 localization=0 type=0 minimal=0.05884 physics=0 total=0.124
[TRAIN train_climax_residual_repair_s43] [TRAIN] stage=finetune epoch=1/1 batch=2270/3000 step=2270 repair=0.1233 localization=0 type=0 minimal=0.05219 physics=0 total=0.1238
[TRAIN train_climax_residual_repair_s43] [TRAIN] stage=finetune epoch=1/1 batch=2280/3000 step=2280 repair=0.05247 localization=0 type=0 minimal=0.09369 physics=0 total=0.05341
[TRAIN train_climax_residual_repair_s43] [TRAIN] stage=finetune epoch=1/1 batch=2290/3000 step=2290 repair=0.06594 localization=0 type=0 minimal=0.07452 physics=0 total=0.06669
[TRAIN train_climax_residual_repair_s43] [TRAIN] stage=finetune epoch=1/1 batch=2300/3000 step=2300 repair=0.07222 localization=0 type=0 minimal=0.0575 physics=0 total=0.07279
[TRAIN train_climax_residual_repair_s43] [TRAIN] stage=finetune epoch=1/1 batch=2310/3000 step=2310 repair=0.1506 localization=0 type=0 minimal=0.04239 physics=0 total=0.1511
[TRAIN train_climax_residual_repair_s43] [TRAIN] stage=finetune epoch=1/1 batch=2320/3000 step=2320 repair=0.07013 localization=0 type=0 minimal=0.08051 physics=0 total=0.07094
[TRAIN train_climax_residual_repair_s43] [TRAIN] stage=finetune epoch=1/1 batch=2330/3000 step=2330 repair=0.1582 localization=0 type=0 minimal=0.04404 physics=0 total=0.1587
[TRAIN train_climax_residual_repair_s43] [TRAIN] stage=finetune epoch=1/1 batch=2340/3000 step=2340 repair=0.1699 localization=0 type=0 minimal=0.04413 physics=0 total=0.1703
[TRAIN train_climax_residual_repair_s43] [TRAIN] stage=finetune epoch=1/1 batch=2350/3000 step=2350 repair=0.1023 localization=0 type=0 minimal=0.06641 physics=0 total=0.103
[TRAIN train_climax_residual_repair_s43] [TRAIN] stage=finetune epoch=1/1 batch=2360/3000 step=2360 repair=0.1285 localization=0 type=0 minimal=0.05222 physics=0 total=0.129
[TRAIN train_climax_residual_repair_s43] [TRAIN] stage=finetune epoch=1/1 batch=2370/3000 step=2370 repair=0.1184 localization=0 type=0 minimal=0.06641 physics=0 total=0.119
[TRAIN train_climax_residual_repair_s43] [TRAIN] stage=finetune epoch=1/1 batch=2380/3000 step=2380 repair=0.06681 localization=0 type=0 minimal=0.07965 physics=0 total=0.06761
[TRAIN train_climax_residual_repair_s43] [TRAIN] stage=finetune epoch=1/1 batch=2390/3000 step=2390 repair=0.06489 localization=0 type=0 minimal=0.07764 physics=0 total=0.06566
[TRAIN train_climax_residual_repair_s43] [TRAIN] stage=finetune epoch=1/1 batch=2400/3000 step=2400 repair=0.06588 localization=0 type=0 minimal=0.078 physics=0 total=0.06666
[TRAIN train_climax_residual_repair_s43] [TRAIN] stage=finetune epoch=1/1 batch=2410/3000 step=2410 repair=0.1859 localization=0 type=0 minimal=0.04358 physics=0 total=0.1863
[TRAIN train_climax_residual_repair_s43] [TRAIN] stage=finetune epoch=1/1 batch=2420/3000 step=2420 repair=0.06651 localization=0 type=0 minimal=0.07556 physics=0 total=0.06727
[TRAIN train_climax_residual_repair_s43] [TRAIN] stage=finetune epoch=1/1 batch=2430/3000 step=2430 repair=0.111 localization=0 type=0 minimal=0.05188 physics=0 total=0.1116
[TRAIN train_climax_residual_repair_s43] [TRAIN] stage=finetune epoch=1/1 batch=2440/3000 step=2440 repair=0.06862 localization=0 type=0 minimal=0.07904 physics=0 total=0.06941
[TRAIN train_climax_residual_repair_s43] [TRAIN] stage=finetune epoch=1/1 batch=2450/3000 step=2450 repair=0.1217 localization=0 type=0 minimal=0.05338 physics=0 total=0.1222
[TRAIN train_climax_residual_repair_s43] [TRAIN] stage=finetune epoch=1/1 batch=2460/3000 step=2460 repair=0.1838 localization=0 type=0 minimal=0.04871 physics=0 total=0.1843
[TRAIN train_climax_residual_repair_s43] [TRAIN] stage=finetune epoch=1/1 batch=2470/3000 step=2470 repair=0.1594 localization=0 type=0 minimal=0.04932 physics=0 total=0.1599
[TRAIN train_climax_residual_repair_s43] [TRAIN] stage=finetune epoch=1/1 batch=2480/3000 step=2480 repair=0.1017 localization=0 type=0 minimal=0.0686 physics=0 total=0.1024
[TRAIN train_climax_residual_repair_s43] [TRAIN] stage=finetune epoch=1/1 batch=2490/3000 step=2490 repair=0.1709 localization=0 type=0 minimal=0.04349 physics=0 total=0.1713
[TRAIN train_climax_residual_repair_s43] [TRAIN] stage=finetune epoch=1/1 batch=2500/3000 step=2500 repair=0.04773 localization=0 type=0 minimal=0.09302 physics=0 total=0.04866
[TRAIN train_climax_residual_repair_s43] [TRAIN] stage=finetune epoch=1/1 batch=2510/3000 step=2510 repair=0.1157 localization=0 type=0 minimal=0.05124 physics=0 total=0.1162
[TRAIN train_climax_residual_repair_s43] [TRAIN] stage=finetune epoch=1/1 batch=2520/3000 step=2520 repair=0.06662 localization=0 type=0 minimal=0.08093 physics=0 total=0.06742
[TRAIN train_climax_residual_repair_s43] [TRAIN] stage=finetune epoch=1/1 batch=2530/3000 step=2530 repair=0.06558 localization=0 type=0 minimal=0.08093 physics=0 total=0.06638
[TRAIN train_climax_residual_repair_s43] [TRAIN] stage=finetune epoch=1/1 batch=2540/3000 step=2540 repair=0.1051 localization=0 type=0 minimal=0.05035 physics=0 total=0.1056
[TRAIN train_climax_residual_repair_s43] [TRAIN] stage=finetune epoch=1/1 batch=2550/3000 step=2550 repair=0.1638 localization=0 type=0 minimal=0.04825 physics=0 total=0.1642
[TRAIN train_climax_residual_repair_s43] [TRAIN] stage=finetune epoch=1/1 batch=2560/3000 step=2560 repair=0.1138 localization=0 type=0 minimal=0.07147 physics=0 total=0.1145
[TRAIN train_climax_residual_repair_s43] [TRAIN] stage=finetune epoch=1/1 batch=2570/3000 step=2570 repair=0.1036 localization=0 type=0 minimal=0.07465 physics=0 total=0.1043
[TRAIN train_climax_residual_repair_s43] [TRAIN] stage=finetune epoch=1/1 batch=2580/3000 step=2580 repair=0.04958 localization=0 type=0 minimal=0.09003 physics=0 total=0.05048
[TRAIN train_climax_residual_repair_s43] [TRAIN] stage=finetune epoch=1/1 batch=2590/3000 step=2590 repair=0.0979 localization=0 type=0 minimal=0.06525 physics=0 total=0.09856
[TRAIN train_climax_residual_repair_s43] [TRAIN] stage=finetune epoch=1/1 batch=2600/3000 step=2600 repair=0.09969 localization=0 type=0 minimal=0.06982 physics=0 total=0.1004
[TRAIN train_climax_residual_repair_s43] [TRAIN] stage=finetune epoch=1/1 batch=2610/3000 step=2610 repair=0.07053 localization=0 type=0 minimal=0.07819 physics=0 total=0.07132
[TRAIN train_climax_residual_repair_s43] [TRAIN] stage=finetune epoch=1/1 batch=2620/3000 step=2620 repair=0.05234 localization=0 type=0 minimal=0.0932 physics=0 total=0.05328
[TRAIN train_climax_residual_repair_s43] [TRAIN] stage=finetune epoch=1/1 batch=2630/3000 step=2630 repair=0.1056 localization=0 type=0 minimal=0.07294 physics=0 total=0.1064
[TRAIN train_climax_residual_repair_s43] [TRAIN] stage=finetune epoch=1/1 batch=2640/3000 step=2640 repair=0.06016 localization=0 type=0 minimal=0.08276 physics=0 total=0.06099
[TRAIN train_climax_residual_repair_s43] [TRAIN] stage=finetune epoch=1/1 batch=2650/3000 step=2650 repair=0.05307 localization=0 type=0 minimal=0.09406 physics=0 total=0.05401
[TRAIN train_climax_residual_repair_s43] [TRAIN] stage=finetune epoch=1/1 batch=2660/3000 step=2660 repair=0.1174 localization=0 type=0 minimal=0.04974 physics=0 total=0.1178
[TRAIN train_climax_residual_repair_s43] [TRAIN] stage=finetune epoch=1/1 batch=2670/3000 step=2670 repair=0.06421 localization=0 type=0 minimal=0.07684 physics=0 total=0.06498
[TRAIN train_climax_residual_repair_s43] [TRAIN] stage=finetune epoch=1/1 batch=2680/3000 step=2680 repair=0.0686 localization=0 type=0 minimal=0.07867 physics=0 total=0.06938
[TRAIN train_climax_residual_repair_s43] [TRAIN] stage=finetune epoch=1/1 batch=2690/3000 step=2690 repair=0.1091 localization=0 type=0 minimal=0.05365 physics=0 total=0.1097
[TRAIN train_climax_residual_repair_s43] [TRAIN] stage=finetune epoch=1/1 batch=2700/3000 step=2700 repair=0.1104 localization=0 type=0 minimal=0.05331 physics=0 total=0.1109
[TRAIN train_climax_residual_repair_s43] [TRAIN] stage=finetune epoch=1/1 batch=2710/3000 step=2710 repair=0.081 localization=0 type=0 minimal=0.06329 physics=0 total=0.08163
[TRAIN train_climax_residual_repair_s43] [TRAIN] stage=finetune epoch=1/1 batch=2720/3000 step=2720 repair=0.1172 localization=0 type=0 minimal=0.05426 physics=0 total=0.1178
[TRAIN train_climax_residual_repair_s43] [TRAIN] stage=finetune epoch=1/1 batch=2730/3000 step=2730 repair=0.04717 localization=0 type=0 minimal=0.09375 physics=0 total=0.04811
[TRAIN train_climax_residual_repair_s43] [TRAIN] stage=finetune epoch=1/1 batch=2740/3000 step=2740 repair=0.05223 localization=0 type=0 minimal=0.09399 physics=0 total=0.05317
[TRAIN train_climax_residual_repair_s43] [TRAIN] stage=finetune epoch=1/1 batch=2750/3000 step=2750 repair=0.05118 localization=0 type=0 minimal=0.09503 physics=0 total=0.05213
[TRAIN train_climax_residual_repair_s43] [TRAIN] stage=finetune epoch=1/1 batch=2760/3000 step=2760 repair=0.147 localization=0 type=0 minimal=0.04694 physics=0 total=0.1475
[TRAIN train_climax_residual_repair_s43] [TRAIN] stage=finetune epoch=1/1 batch=2770/3000 step=2770 repair=0.1149 localization=0 type=0 minimal=0.05594 physics=0 total=0.1154
[TRAIN train_climax_residual_repair_s43] [TRAIN] stage=finetune epoch=1/1 batch=2780/3000 step=2780 repair=0.1201 localization=0 type=0 minimal=0.05588 physics=0 total=0.1207
[TRAIN train_climax_residual_repair_s43] [TRAIN] stage=finetune epoch=1/1 batch=2790/3000 step=2790 repair=0.09685 localization=0 type=0 minimal=0.07031 physics=0 total=0.09755
[TRAIN train_climax_residual_repair_s43] [TRAIN] stage=finetune epoch=1/1 batch=2800/3000 step=2800 repair=0.1075 localization=0 type=0 minimal=0.06805 physics=0 total=0.1081
[TRAIN train_climax_residual_repair_s43] [TRAIN] stage=finetune epoch=1/1 batch=2810/3000 step=2810 repair=0.08456 localization=0 type=0 minimal=0.06198 physics=0 total=0.08518
[TRAIN train_climax_residual_repair_s43] [TRAIN] stage=finetune epoch=1/1 batch=2820/3000 step=2820 repair=0.07044 localization=0 type=0 minimal=0.08649 physics=0 total=0.0713
[TRAIN train_climax_residual_repair_s43] [TRAIN] stage=finetune epoch=1/1 batch=2830/3000 step=2830 repair=0.07959 localization=0 type=0 minimal=0.06244 physics=0 total=0.08021
[TRAIN train_climax_residual_repair_s43] [TRAIN] stage=finetune epoch=1/1 batch=2840/3000 step=2840 repair=0.1091 localization=0 type=0 minimal=0.0722 physics=0 total=0.1098
[TRAIN train_climax_residual_repair_s43] [TRAIN] stage=finetune epoch=1/1 batch=2850/3000 step=2850 repair=0.05897 localization=0 type=0 minimal=0.07672 physics=0 total=0.05974
[TRAIN train_climax_residual_repair_s43] [TRAIN] stage=finetune epoch=1/1 batch=2860/3000 step=2860 repair=0.07698 localization=0 type=0 minimal=0.06131 physics=0 total=0.07759
[TRAIN train_climax_residual_repair_s43] [TRAIN] stage=finetune epoch=1/1 batch=2870/3000 step=2870 repair=0.07882 localization=0 type=0 minimal=0.06247 physics=0 total=0.07944
[TRAIN train_climax_residual_repair_s43] [TRAIN] stage=finetune epoch=1/1 batch=2880/3000 step=2880 repair=0.0475 localization=0 type=0 minimal=0.09564 physics=0 total=0.04846
[TRAIN train_climax_residual_repair_s43] [TRAIN] stage=finetune epoch=1/1 batch=2890/3000 step=2890 repair=0.1632 localization=0 type=0 minimal=0.04852 physics=0 total=0.1637
[TRAIN train_climax_residual_repair_s43] [TRAIN] stage=finetune epoch=1/1 batch=2900/3000 step=2900 repair=0.1092 localization=0 type=0 minimal=0.05515 physics=0 total=0.1098
[TRAIN train_climax_residual_repair_s43] [TRAIN] stage=finetune epoch=1/1 batch=2910/3000 step=2910 repair=0.08033 localization=0 type=0 minimal=0.06268 physics=0 total=0.08096
[TRAIN train_climax_residual_repair_s43] [TRAIN] stage=finetune epoch=1/1 batch=2920/3000 step=2920 repair=0.0792 localization=0 type=0 minimal=0.05594 physics=0 total=0.07976
[TRAIN train_climax_residual_repair_s43] [TRAIN] stage=finetune epoch=1/1 batch=2930/3000 step=2930 repair=0.1007 localization=0 type=0 minimal=0.07001 physics=0 total=0.1014
[TRAIN train_climax_residual_repair_s43] [TRAIN] stage=finetune epoch=1/1 batch=2940/3000 step=2940 repair=0.08205 localization=0 type=0 minimal=0.06458 physics=0 total=0.08269
[TRAIN train_climax_residual_repair_s43] [TRAIN] stage=finetune epoch=1/1 batch=2950/3000 step=2950 repair=0.1144 localization=0 type=0 minimal=0.05466 physics=0 total=0.115
[TRAIN train_climax_residual_repair_s43] [TRAIN] stage=finetune epoch=1/1 batch=2960/3000 step=2960 repair=0.06423 localization=0 type=0 minimal=0.08142 physics=0 total=0.06505
[TRAIN train_climax_residual_repair_s43] [TRAIN] stage=finetune epoch=1/1 batch=2970/3000 step=2970 repair=0.06784 localization=0 type=0 minimal=0.08636 physics=0 total=0.06871
[TRAIN train_climax_residual_repair_s43] [TRAIN] stage=finetune epoch=1/1 batch=2980/3000 step=2980 repair=0.06368 localization=0 type=0 minimal=0.08148 physics=0 total=0.0645
[TRAIN train_climax_residual_repair_s43] [TRAIN] stage=finetune epoch=1/1 batch=2990/3000 step=2990 repair=0.1542 localization=0 type=0 minimal=0.04199 physics=0 total=0.1546
[TRAIN train_climax_residual_repair_s43] [TRAIN] stage=finetune epoch=1/1 batch=3000/3000 step=3000 repair=0.1193 localization=0 type=0 minimal=0.05673 physics=0 total=0.1199
[TRAIN train_climax_residual_repair_s43] [EPOCH] {'stage': 'finetune', 'epoch': 0, 'global_step': 3000, 'train_total': 0.10133706751962503, 'val_repair_mse': 0.108005381654948, 'elapsed_seconds': 1781.76}
[TRAIN train_climax_residual_repair_s43] [BEST] val_repair_mse=0.108005
[TRAIN train_climax_residual_repair_s43] [TRAIN COMPLETE] {
[TRAIN train_climax_residual_repair_s43]   "run_id": "prelim20_train_climax_residual_repair_s43",
[TRAIN train_climax_residual_repair_s43]   "status": "completed",
[TRAIN train_climax_residual_repair_s43]   "method": "residual_repair",
[TRAIN train_climax_residual_repair_s43]   "backbone": "climax",
[TRAIN train_climax_residual_repair_s43]   "seed": 43,
[TRAIN train_climax_residual_repair_s43]   "forecast_provider": "zarr_frozen_fm",
[TRAIN train_climax_residual_repair_s43]   "best_val_repair_mse": 0.108005381654948,
[TRAIN train_climax_residual_repair_s43]   "global_step": 3000,
[TRAIN train_climax_residual_repair_s43]   "elapsed_seconds": 1781.87,
[TRAIN train_climax_residual_repair_s43]   "checkpoint_best": "/home/tahiti/ConserveFM/runs/prelim20_train/train_climax_residual_repair_s43/checkpoint_best.pt",
[TRAIN train_climax_residual_repair_s43]   "checkpoint_last": "/home/tahiti/ConserveFM/runs/prelim20_train/train_climax_residual_repair_s43/checkpoint_last.pt"
[TRAIN train_climax_residual_repair_s43] }
