[TRAIN train_climax_static_physics_loss_s43] [SETUP] device=cuda
[TRAIN train_climax_static_physics_loss_s43] [SETUP] run_id=prelim20_train_climax_static_physics_loss_s43 method=static_physics_loss backbone=climax
[TRAIN train_climax_static_physics_loss_s43] [FORECAST] using frozen forecast cache: /home/tahiti/ConserveFM/forecasts/climax.zarr
[TRAIN train_climax_static_physics_loss_s43] [STAGE] finetune epochs=1 start_epoch=0
[TRAIN train_climax_static_physics_loss_s43] [TRAIN] stage=finetune epoch=1/1 batch=10/3000 step=10 repair=0.172 localization=0 type=0 minimal=0 physics=1.329 total=0.2384
[TRAIN train_climax_static_physics_loss_s43] [TRAIN] stage=finetune epoch=1/1 batch=20/3000 step=20 repair=0.08777 localization=0 type=0 minimal=0 physics=1.108 total=0.1432
[TRAIN train_climax_static_physics_loss_s43] [TRAIN] stage=finetune epoch=1/1 batch=30/3000 step=30 repair=0.1289 localization=0 type=0 minimal=0 physics=0.8739 total=0.1726
[TRAIN train_climax_static_physics_loss_s43] [TRAIN] stage=finetune epoch=1/1 batch=40/3000 step=40 repair=0.1142 localization=0 type=0 minimal=0 physics=0.6557 total=0.147
[TRAIN train_climax_static_physics_loss_s43] [TRAIN] stage=finetune epoch=1/1 batch=50/3000 step=50 repair=0.09617 localization=0 type=0 minimal=0 physics=0.7015 total=0.1312
[TRAIN train_climax_static_physics_loss_s43] [TRAIN] stage=finetune epoch=1/1 batch=60/3000 step=60 repair=0.08463 localization=0 type=0 minimal=0 physics=0.6048 total=0.1149
[TRAIN train_climax_static_physics_loss_s43] [TRAIN] stage=finetune epoch=1/1 batch=70/3000 step=70 repair=0.128 localization=0 type=0 minimal=0 physics=0.8332 total=0.1697
[TRAIN train_climax_static_physics_loss_s43] [TRAIN] stage=finetune epoch=1/1 batch=80/3000 step=80 repair=0.08558 localization=0 type=0 minimal=0 physics=0.5813 total=0.1146
[TRAIN train_climax_static_physics_loss_s43] [TRAIN] stage=finetune epoch=1/1 batch=90/3000 step=90 repair=0.08929 localization=0 type=0 minimal=0 physics=0.5895 total=0.1188
[TRAIN train_climax_static_physics_loss_s43] [TRAIN] stage=finetune epoch=1/1 batch=100/3000 step=100 repair=0.1268 localization=0 type=0 minimal=0 physics=0.9392 total=0.1737
[TRAIN train_climax_static_physics_loss_s43] [TRAIN] stage=finetune epoch=1/1 batch=110/3000 step=110 repair=0.1192 localization=0 type=0 minimal=0 physics=0.602 total=0.1493
[TRAIN train_climax_static_physics_loss_s43] [TRAIN] stage=finetune epoch=1/1 batch=120/3000 step=120 repair=0.1597 localization=0 type=0 minimal=0 physics=0.6926 total=0.1943
[TRAIN train_climax_static_physics_loss_s43] [TRAIN] stage=finetune epoch=1/1 batch=130/3000 step=130 repair=0.07887 localization=0 type=0 minimal=0 physics=0.5108 total=0.1044
[TRAIN train_climax_static_physics_loss_s43] [TRAIN] stage=finetune epoch=1/1 batch=140/3000 step=140 repair=0.08638 localization=0 type=0 minimal=0 physics=0.5284 total=0.1128
[TRAIN train_climax_static_physics_loss_s43] [TRAIN] stage=finetune epoch=1/1 batch=150/3000 step=150 repair=0.1141 localization=0 type=0 minimal=0 physics=0.6488 total=0.1465
[TRAIN train_climax_static_physics_loss_s43] [TRAIN] stage=finetune epoch=1/1 batch=160/3000 step=160 repair=0.1165 localization=0 type=0 minimal=0 physics=0.5878 total=0.1459
[TRAIN train_climax_static_physics_loss_s43] [TRAIN] stage=finetune epoch=1/1 batch=170/3000 step=170 repair=0.09021 localization=0 type=0 minimal=0 physics=0.543 total=0.1174
[TRAIN train_climax_static_physics_loss_s43] [TRAIN] stage=finetune epoch=1/1 batch=180/3000 step=180 repair=0.08786 localization=0 type=0 minimal=0 physics=0.6407 total=0.1199
[TRAIN train_climax_static_physics_loss_s43] [TRAIN] stage=finetune epoch=1/1 batch=190/3000 step=190 repair=0.1226 localization=0 type=0 minimal=0 physics=0.6006 total=0.1527
[TRAIN train_climax_static_physics_loss_s43] [TRAIN] stage=finetune epoch=1/1 batch=200/3000 step=200 repair=0.1202 localization=0 type=0 minimal=0 physics=0.7151 total=0.156
[TRAIN train_climax_static_physics_loss_s43] [TRAIN] stage=finetune epoch=1/1 batch=210/3000 step=210 repair=0.08658 localization=0 type=0 minimal=0 physics=0.6143 total=0.1173
[TRAIN train_climax_static_physics_loss_s43] [TRAIN] stage=finetune epoch=1/1 batch=220/3000 step=220 repair=0.1242 localization=0 type=0 minimal=0 physics=0.667 total=0.1576
[TRAIN train_climax_static_physics_loss_s43] [TRAIN] stage=finetune epoch=1/1 batch=230/3000 step=230 repair=0.08387 localization=0 type=0 minimal=0 physics=0.582 total=0.113
[TRAIN train_climax_static_physics_loss_s43] [TRAIN] stage=finetune epoch=1/1 batch=240/3000 step=240 repair=0.1171 localization=0 type=0 minimal=0 physics=0.6597 total=0.1501
[TRAIN train_climax_static_physics_loss_s43] [TRAIN] stage=finetune epoch=1/1 batch=250/3000 step=250 repair=0.08094 localization=0 type=0 minimal=0 physics=0.5343 total=0.1077
[TRAIN train_climax_static_physics_loss_s43] [TRAIN] stage=finetune epoch=1/1 batch=260/3000 step=260 repair=0.1247 localization=0 type=0 minimal=0 physics=1.024 total=0.1759
[TRAIN train_climax_static_physics_loss_s43] [TRAIN] stage=finetune epoch=1/1 batch=270/3000 step=270 repair=0.1194 localization=0 type=0 minimal=0 physics=0.6318 total=0.151
[TRAIN train_climax_static_physics_loss_s43] [TRAIN] stage=finetune epoch=1/1 batch=280/3000 step=280 repair=0.1307 localization=0 type=0 minimal=0 physics=0.52 total=0.1567
[TRAIN train_climax_static_physics_loss_s43] [TRAIN] stage=finetune epoch=1/1 batch=290/3000 step=290 repair=0.1174 localization=0 type=0 minimal=0 physics=0.586 total=0.1467
[TRAIN train_climax_static_physics_loss_s43] [TRAIN] stage=finetune epoch=1/1 batch=300/3000 step=300 repair=0.1664 localization=0 type=0 minimal=0 physics=0.632 total=0.198
[TRAIN train_climax_static_physics_loss_s43] [TRAIN] stage=finetune epoch=1/1 batch=310/3000 step=310 repair=0.1204 localization=0 type=0 minimal=0 physics=0.5559 total=0.1482
[TRAIN train_climax_static_physics_loss_s43] [TRAIN] stage=finetune epoch=1/1 batch=320/3000 step=320 repair=0.09257 localization=0 type=0 minimal=0 physics=0.5267 total=0.1189
[TRAIN train_climax_static_physics_loss_s43] [TRAIN] stage=finetune epoch=1/1 batch=330/3000 step=330 repair=0.08557 localization=0 type=0 minimal=0 physics=0.544 total=0.1128
[TRAIN train_climax_static_physics_loss_s43] [TRAIN] stage=finetune epoch=1/1 batch=340/3000 step=340 repair=0.08754 localization=0 type=0 minimal=0 physics=0.5146 total=0.1133
[TRAIN train_climax_static_physics_loss_s43] [TRAIN] stage=finetune epoch=1/1 batch=350/3000 step=350 repair=0.1281 localization=0 type=0 minimal=0 physics=0.5656 total=0.1563
[TRAIN train_climax_static_physics_loss_s43] [TRAIN] stage=finetune epoch=1/1 batch=360/3000 step=360 repair=0.1422 localization=0 type=0 minimal=0 physics=0.5769 total=0.1711
[TRAIN train_climax_static_physics_loss_s43] [TRAIN] stage=finetune epoch=1/1 batch=370/3000 step=370 repair=0.08812 localization=0 type=0 minimal=0 physics=0.5123 total=0.1137
[TRAIN train_climax_static_physics_loss_s43] [TRAIN] stage=finetune epoch=1/1 batch=380/3000 step=380 repair=0.1218 localization=0 type=0 minimal=0 physics=0.5343 total=0.1485
[TRAIN train_climax_static_physics_loss_s43] [TRAIN] stage=finetune epoch=1/1 batch=390/3000 step=390 repair=0.1279 localization=0 type=0 minimal=0 physics=0.6104 total=0.1584
[TRAIN train_climax_static_physics_loss_s43] [TRAIN] stage=finetune epoch=1/1 batch=400/3000 step=400 repair=0.1728 localization=0 type=0 minimal=0 physics=0.6565 total=0.2056
[TRAIN train_climax_static_physics_loss_s43] [TRAIN] stage=finetune epoch=1/1 batch=410/3000 step=410 repair=0.0851 localization=0 type=0 minimal=0 physics=0.4955 total=0.1099
[TRAIN train_climax_static_physics_loss_s43] [TRAIN] stage=finetune epoch=1/1 batch=420/3000 step=420 repair=0.07964 localization=0 type=0 minimal=0 physics=0.5543 total=0.1074
[TRAIN train_climax_static_physics_loss_s43] [TRAIN] stage=finetune epoch=1/1 batch=430/3000 step=430 repair=0.08036 localization=0 type=0 minimal=0 physics=0.593 total=0.11
[TRAIN train_climax_static_physics_loss_s43] [TRAIN] stage=finetune epoch=1/1 batch=440/3000 step=440 repair=0.1114 localization=0 type=0 minimal=0 physics=0.5832 total=0.1406
[TRAIN train_climax_static_physics_loss_s43] [TRAIN] stage=finetune epoch=1/1 batch=450/3000 step=450 repair=0.08319 localization=0 type=0 minimal=0 physics=0.521 total=0.1092
[TRAIN train_climax_static_physics_loss_s43] [TRAIN] stage=finetune epoch=1/1 batch=460/3000 step=460 repair=0.09067 localization=0 type=0 minimal=0 physics=0.5885 total=0.1201
[TRAIN train_climax_static_physics_loss_s43] [TRAIN] stage=finetune epoch=1/1 batch=470/3000 step=470 repair=0.132 localization=0 type=0 minimal=0 physics=0.6138 total=0.1627
[TRAIN train_climax_static_physics_loss_s43] [TRAIN] stage=finetune epoch=1/1 batch=480/3000 step=480 repair=0.1124 localization=0 type=0 minimal=0 physics=0.6009 total=0.1424
[TRAIN train_climax_static_physics_loss_s43] [TRAIN] stage=finetune epoch=1/1 batch=490/3000 step=490 repair=0.1081 localization=0 type=0 minimal=0 physics=0.7401 total=0.1451
[TRAIN train_climax_static_physics_loss_s43] [TRAIN] stage=finetune epoch=1/1 batch=500/3000 step=500 repair=0.08746 localization=0 type=0 minimal=0 physics=0.5674 total=0.1158
[TRAIN train_climax_static_physics_loss_s43] [TRAIN] stage=finetune epoch=1/1 batch=510/3000 step=510 repair=0.117 localization=0 type=0 minimal=0 physics=0.6575 total=0.1499
[TRAIN train_climax_static_physics_loss_s43] [TRAIN] stage=finetune epoch=1/1 batch=520/3000 step=520 repair=0.1137 localization=0 type=0 minimal=0 physics=0.5685 total=0.1422
[TRAIN train_climax_static_physics_loss_s43] [TRAIN] stage=finetune epoch=1/1 batch=530/3000 step=530 repair=0.1394 localization=0 type=0 minimal=0 physics=0.6791 total=0.1734
[TRAIN train_climax_static_physics_loss_s43] [TRAIN] stage=finetune epoch=1/1 batch=540/3000 step=540 repair=0.1111 localization=0 type=0 minimal=0 physics=0.5654 total=0.1394
[TRAIN train_climax_static_physics_loss_s43] [TRAIN] stage=finetune epoch=1/1 batch=550/3000 step=550 repair=0.1434 localization=0 type=0 minimal=0 physics=0.6764 total=0.1772
[TRAIN train_climax_static_physics_loss_s43] [TRAIN] stage=finetune epoch=1/1 batch=560/3000 step=560 repair=0.1608 localization=0 type=0 minimal=0 physics=0.6964 total=0.1957
[TRAIN train_climax_static_physics_loss_s43] [TRAIN] stage=finetune epoch=1/1 batch=570/3000 step=570 repair=0.08999 localization=0 type=0 minimal=0 physics=0.498 total=0.1149
[TRAIN train_climax_static_physics_loss_s43] [TRAIN] stage=finetune epoch=1/1 batch=580/3000 step=580 repair=0.08792 localization=0 type=0 minimal=0 physics=0.5968 total=0.1178
[TRAIN train_climax_static_physics_loss_s43] [TRAIN] stage=finetune epoch=1/1 batch=590/3000 step=590 repair=0.1589 localization=0 type=0 minimal=0 physics=0.5628 total=0.187
[TRAIN train_climax_static_physics_loss_s43] [TRAIN] stage=finetune epoch=1/1 batch=600/3000 step=600 repair=0.1618 localization=0 type=0 minimal=0 physics=0.716 total=0.1976
[TRAIN train_climax_static_physics_loss_s43] [TRAIN] stage=finetune epoch=1/1 batch=610/3000 step=610 repair=0.1276 localization=0 type=0 minimal=0 physics=0.6687 total=0.161
[TRAIN train_climax_static_physics_loss_s43] [TRAIN] stage=finetune epoch=1/1 batch=620/3000 step=620 repair=0.08243 localization=0 type=0 minimal=0 physics=0.6207 total=0.1135
[TRAIN train_climax_static_physics_loss_s43] [TRAIN] stage=finetune epoch=1/1 batch=630/3000 step=630 repair=0.1105 localization=0 type=0 minimal=0 physics=0.5327 total=0.1372
[TRAIN train_climax_static_physics_loss_s43] [TRAIN] stage=finetune epoch=1/1 batch=640/3000 step=640 repair=0.07662 localization=0 type=0 minimal=0 physics=0.4503 total=0.09914
[TRAIN train_climax_static_physics_loss_s43] [TRAIN] stage=finetune epoch=1/1 batch=650/3000 step=650 repair=0.08514 localization=0 type=0 minimal=0 physics=0.552 total=0.1127
[TRAIN train_climax_static_physics_loss_s43] [TRAIN] stage=finetune epoch=1/1 batch=660/3000 step=660 repair=0.1184 localization=0 type=0 minimal=0 physics=0.5268 total=0.1447
[TRAIN train_climax_static_physics_loss_s43] [TRAIN] stage=finetune epoch=1/1 batch=670/3000 step=670 repair=0.1259 localization=0 type=0 minimal=0 physics=0.4715 total=0.1495
[TRAIN train_climax_static_physics_loss_s43] [TRAIN] stage=finetune epoch=1/1 batch=680/3000 step=680 repair=0.08561 localization=0 type=0 minimal=0 physics=0.5105 total=0.1111
[TRAIN train_climax_static_physics_loss_s43] [TRAIN] stage=finetune epoch=1/1 batch=690/3000 step=690 repair=0.07932 localization=0 type=0 minimal=0 physics=0.4782 total=0.1032
[TRAIN train_climax_static_physics_loss_s43] [TRAIN] stage=finetune epoch=1/1 batch=700/3000 step=700 repair=0.08182 localization=0 type=0 minimal=0 physics=0.5384 total=0.1087
[TRAIN train_climax_static_physics_loss_s43] [TRAIN] stage=finetune epoch=1/1 batch=710/3000 step=710 repair=0.07225 localization=0 type=0 minimal=0 physics=0.4772 total=0.09611
[TRAIN train_climax_static_physics_loss_s43] [TRAIN] stage=finetune epoch=1/1 batch=720/3000 step=720 repair=0.1536 localization=0 type=0 minimal=0 physics=0.5379 total=0.1805
[TRAIN train_climax_static_physics_loss_s43] [TRAIN] stage=finetune epoch=1/1 batch=730/3000 step=730 repair=0.125 localization=0 type=0 minimal=0 physics=0.5981 total=0.1549
[TRAIN train_climax_static_physics_loss_s43] [TRAIN] stage=finetune epoch=1/1 batch=740/3000 step=740 repair=0.1538 localization=0 type=0 minimal=0 physics=0.5842 total=0.183
[TRAIN train_climax_static_physics_loss_s43] [TRAIN] stage=finetune epoch=1/1 batch=750/3000 step=750 repair=0.129 localization=0 type=0 minimal=0 physics=0.5572 total=0.1569
[TRAIN train_climax_static_physics_loss_s43] [TRAIN] stage=finetune epoch=1/1 batch=760/3000 step=760 repair=0.1077 localization=0 type=0 minimal=0 physics=0.5178 total=0.1336
[TRAIN train_climax_static_physics_loss_s43] [TRAIN] stage=finetune epoch=1/1 batch=770/3000 step=770 repair=0.07837 localization=0 type=0 minimal=0 physics=0.4749 total=0.1021
[TRAIN train_climax_static_physics_loss_s43] [TRAIN] stage=finetune epoch=1/1 batch=780/3000 step=780 repair=0.07657 localization=0 type=0 minimal=0 physics=0.466 total=0.09987
[TRAIN train_climax_static_physics_loss_s43] [TRAIN] stage=finetune epoch=1/1 batch=790/3000 step=790 repair=0.08433 localization=0 type=0 minimal=0 physics=0.4864 total=0.1086
[TRAIN train_climax_static_physics_loss_s43] [TRAIN] stage=finetune epoch=1/1 batch=800/3000 step=800 repair=0.08461 localization=0 type=0 minimal=0 physics=0.5123 total=0.1102
[TRAIN train_climax_static_physics_loss_s43] [TRAIN] stage=finetune epoch=1/1 batch=810/3000 step=810 repair=0.1572 localization=0 type=0 minimal=0 physics=0.6142 total=0.1879
[TRAIN train_climax_static_physics_loss_s43] [TRAIN] stage=finetune epoch=1/1 batch=820/3000 step=820 repair=0.1254 localization=0 type=0 minimal=0 physics=0.5843 total=0.1547
[TRAIN train_climax_static_physics_loss_s43] [TRAIN] stage=finetune epoch=1/1 batch=830/3000 step=830 repair=0.0827 localization=0 type=0 minimal=0 physics=0.5185 total=0.1086
[TRAIN train_climax_static_physics_loss_s43] [TRAIN] stage=finetune epoch=1/1 batch=840/3000 step=840 repair=0.09024 localization=0 type=0 minimal=0 physics=0.6309 total=0.1218
[TRAIN train_climax_static_physics_loss_s43] [TRAIN] stage=finetune epoch=1/1 batch=850/3000 step=850 repair=0.07341 localization=0 type=0 minimal=0 physics=0.4557 total=0.0962
[TRAIN train_climax_static_physics_loss_s43] [TRAIN] stage=finetune epoch=1/1 batch=860/3000 step=860 repair=0.13 localization=0 type=0 minimal=0 physics=0.5593 total=0.158
[TRAIN train_climax_static_physics_loss_s43] [TRAIN] stage=finetune epoch=1/1 batch=870/3000 step=870 repair=0.07886 localization=0 type=0 minimal=0 physics=0.4858 total=0.1032
[TRAIN train_climax_static_physics_loss_s43] [TRAIN] stage=finetune epoch=1/1 batch=880/3000 step=880 repair=0.07873 localization=0 type=0 minimal=0 physics=0.4967 total=0.1036
[TRAIN train_climax_static_physics_loss_s43] [TRAIN] stage=finetune epoch=1/1 batch=890/3000 step=890 repair=0.1192 localization=0 type=0 minimal=0 physics=0.5599 total=0.1472
[TRAIN train_climax_static_physics_loss_s43] [TRAIN] stage=finetune epoch=1/1 batch=900/3000 step=900 repair=0.1149 localization=0 type=0 minimal=0 physics=0.5676 total=0.1433
[TRAIN train_climax_static_physics_loss_s43] [TRAIN] stage=finetune epoch=1/1 batch=910/3000 step=910 repair=0.1682 localization=0 type=0 minimal=0 physics=0.7519 total=0.2058
[TRAIN train_climax_static_physics_loss_s43] [TRAIN] stage=finetune epoch=1/1 batch=920/3000 step=920 repair=0.08846 localization=0 type=0 minimal=0 physics=0.4957 total=0.1132
[TRAIN train_climax_static_physics_loss_s43] [TRAIN] stage=finetune epoch=1/1 batch=930/3000 step=930 repair=0.08632 localization=0 type=0 minimal=0 physics=0.5434 total=0.1135
[TRAIN train_climax_static_physics_loss_s43] [TRAIN] stage=finetune epoch=1/1 batch=940/3000 step=940 repair=0.119 localization=0 type=0 minimal=0 physics=0.5918 total=0.1486
[TRAIN train_climax_static_physics_loss_s43] [TRAIN] stage=finetune epoch=1/1 batch=950/3000 step=950 repair=0.0898 localization=0 type=0 minimal=0 physics=0.623 total=0.1209
[TRAIN train_climax_static_physics_loss_s43] [TRAIN] stage=finetune epoch=1/1 batch=960/3000 step=960 repair=0.125 localization=0 type=0 minimal=0 physics=0.5444 total=0.1522
[TRAIN train_climax_static_physics_loss_s43] [TRAIN] stage=finetune epoch=1/1 batch=970/3000 step=970 repair=0.1251 localization=0 type=0 minimal=0 physics=0.5468 total=0.1524
[TRAIN train_climax_static_physics_loss_s43] [TRAIN] stage=finetune epoch=1/1 batch=980/3000 step=980 repair=0.08996 localization=0 type=0 minimal=0 physics=0.4808 total=0.114
[TRAIN train_climax_static_physics_loss_s43] [TRAIN] stage=finetune epoch=1/1 batch=990/3000 step=990 repair=0.1262 localization=0 type=0 minimal=0 physics=0.5081 total=0.1516
[TRAIN train_climax_static_physics_loss_s43] [TRAIN] stage=finetune epoch=1/1 batch=1000/3000 step=1000 repair=0.07031 localization=0 type=0 minimal=0 physics=0.5134 total=0.09598
[TRAIN train_climax_static_physics_loss_s43] [TRAIN] stage=finetune epoch=1/1 batch=1010/3000 step=1010 repair=0.124 localization=0 type=0 minimal=0 physics=0.5104 total=0.1495
[TRAIN train_climax_static_physics_loss_s43] [TRAIN] stage=finetune epoch=1/1 batch=1020/3000 step=1020 repair=0.1209 localization=0 type=0 minimal=0 physics=0.4807 total=0.1449
[TRAIN train_climax_static_physics_loss_s43] [TRAIN] stage=finetune epoch=1/1 batch=1030/3000 step=1030 repair=0.1416 localization=0 type=0 minimal=0 physics=0.4992 total=0.1666
[TRAIN train_climax_static_physics_loss_s43] [TRAIN] stage=finetune epoch=1/1 batch=1040/3000 step=1040 repair=0.07893 localization=0 type=0 minimal=0 physics=0.6148 total=0.1097
[TRAIN train_climax_static_physics_loss_s43] [TRAIN] stage=finetune epoch=1/1 batch=1050/3000 step=1050 repair=0.1241 localization=0 type=0 minimal=0 physics=0.5025 total=0.1492
[TRAIN train_climax_static_physics_loss_s43] [TRAIN] stage=finetune epoch=1/1 batch=1060/3000 step=1060 repair=0.1263 localization=0 type=0 minimal=0 physics=0.6258 total=0.1576
[TRAIN train_climax_static_physics_loss_s43] [TRAIN] stage=finetune epoch=1/1 batch=1070/3000 step=1070 repair=0.07255 localization=0 type=0 minimal=0 physics=0.4697 total=0.09604
[TRAIN train_climax_static_physics_loss_s43] [TRAIN] stage=finetune epoch=1/1 batch=1080/3000 step=1080 repair=0.08572 localization=0 type=0 minimal=0 physics=0.5426 total=0.1128
[TRAIN train_climax_static_physics_loss_s43] [TRAIN] stage=finetune epoch=1/1 batch=1090/3000 step=1090 repair=0.08607 localization=0 type=0 minimal=0 physics=0.453 total=0.1087
[TRAIN train_climax_static_physics_loss_s43] [TRAIN] stage=finetune epoch=1/1 batch=1100/3000 step=1100 repair=0.1239 localization=0 type=0 minimal=0 physics=0.5514 total=0.1515
[TRAIN train_climax_static_physics_loss_s43] [TRAIN] stage=finetune epoch=1/1 batch=1110/3000 step=1110 repair=0.08138 localization=0 type=0 minimal=0 physics=0.4921 total=0.106
[TRAIN train_climax_static_physics_loss_s43] [TRAIN] stage=finetune epoch=1/1 batch=1120/3000 step=1120 repair=0.1135 localization=0 type=0 minimal=0 physics=0.5095 total=0.139
[TRAIN train_climax_static_physics_loss_s43] [TRAIN] stage=finetune epoch=1/1 batch=1130/3000 step=1130 repair=0.1233 localization=0 type=0 minimal=0 physics=0.5231 total=0.1495
[TRAIN train_climax_static_physics_loss_s43] [TRAIN] stage=finetune epoch=1/1 batch=1140/3000 step=1140 repair=0.07235 localization=0 type=0 minimal=0 physics=0.501 total=0.0974
[TRAIN train_climax_static_physics_loss_s43] [TRAIN] stage=finetune epoch=1/1 batch=1150/3000 step=1150 repair=0.0811 localization=0 type=0 minimal=0 physics=0.779 total=0.12
[TRAIN train_climax_static_physics_loss_s43] [TRAIN] stage=finetune epoch=1/1 batch=1160/3000 step=1160 repair=0.07136 localization=0 type=0 minimal=0 physics=0.5265 total=0.09768
[TRAIN train_climax_static_physics_loss_s43] [TRAIN] stage=finetune epoch=1/1 batch=1170/3000 step=1170 repair=0.1112 localization=0 type=0 minimal=0 physics=0.6465 total=0.1435
[TRAIN train_climax_static_physics_loss_s43] [TRAIN] stage=finetune epoch=1/1 batch=1180/3000 step=1180 repair=0.114 localization=0 type=0 minimal=0 physics=0.6422 total=0.1461
[TRAIN train_climax_static_physics_loss_s43] [TRAIN] stage=finetune epoch=1/1 batch=1190/3000 step=1190 repair=0.07931 localization=0 type=0 minimal=0 physics=0.457 total=0.1022
[TRAIN train_climax_static_physics_loss_s43] [TRAIN] stage=finetune epoch=1/1 batch=1200/3000 step=1200 repair=0.1693 localization=0 type=0 minimal=0 physics=0.5905 total=0.1988
[TRAIN train_climax_static_physics_loss_s43] [TRAIN] stage=finetune epoch=1/1 batch=1210/3000 step=1210 repair=0.1229 localization=0 type=0 minimal=0 physics=0.5751 total=0.1516
[TRAIN train_climax_static_physics_loss_s43] [TRAIN] stage=finetune epoch=1/1 batch=1220/3000 step=1220 repair=0.1574 localization=0 type=0 minimal=0 physics=0.7476 total=0.1948
[TRAIN train_climax_static_physics_loss_s43] [TRAIN] stage=finetune epoch=1/1 batch=1230/3000 step=1230 repair=0.1173 localization=0 type=0 minimal=0 physics=0.5284 total=0.1437
[TRAIN train_climax_static_physics_loss_s43] [TRAIN] stage=finetune epoch=1/1 batch=1240/3000 step=1240 repair=0.1563 localization=0 type=0 minimal=0 physics=0.5839 total=0.1855
[TRAIN train_climax_static_physics_loss_s43] [TRAIN] stage=finetune epoch=1/1 batch=1250/3000 step=1250 repair=0.07571 localization=0 type=0 minimal=0 physics=0.4931 total=0.1004
[TRAIN train_climax_static_physics_loss_s43] [TRAIN] stage=finetune epoch=1/1 batch=1260/3000 step=1260 repair=0.1788 localization=0 type=0 minimal=0 physics=0.5354 total=0.2056
[TRAIN train_climax_static_physics_loss_s43] [TRAIN] stage=finetune epoch=1/1 batch=1270/3000 step=1270 repair=0.1259 localization=0 type=0 minimal=0 physics=0.542 total=0.153
[TRAIN train_climax_static_physics_loss_s43] [TRAIN] stage=finetune epoch=1/1 batch=1280/3000 step=1280 repair=0.1174 localization=0 type=0 minimal=0 physics=0.531 total=0.144
[TRAIN train_climax_static_physics_loss_s43] [TRAIN] stage=finetune epoch=1/1 batch=1290/3000 step=1290 repair=0.1252 localization=0 type=0 minimal=0 physics=0.5783 total=0.1541
[TRAIN train_climax_static_physics_loss_s43] [TRAIN] stage=finetune epoch=1/1 batch=1300/3000 step=1300 repair=0.1239 localization=0 type=0 minimal=0 physics=0.4819 total=0.148
[TRAIN train_climax_static_physics_loss_s43] [TRAIN] stage=finetune epoch=1/1 batch=1310/3000 step=1310 repair=0.1152 localization=0 type=0 minimal=0 physics=0.4661 total=0.1385
[TRAIN train_climax_static_physics_loss_s43] [TRAIN] stage=finetune epoch=1/1 batch=1320/3000 step=1320 repair=0.1129 localization=0 type=0 minimal=0 physics=0.5413 total=0.1399
[TRAIN train_climax_static_physics_loss_s43] [TRAIN] stage=finetune epoch=1/1 batch=1330/3000 step=1330 repair=0.07645 localization=0 type=0 minimal=0 physics=0.5531 total=0.1041
[TRAIN train_climax_static_physics_loss_s43] [TRAIN] stage=finetune epoch=1/1 batch=1340/3000 step=1340 repair=0.1245 localization=0 type=0 minimal=0 physics=0.6078 total=0.1549
[TRAIN train_climax_static_physics_loss_s43] [TRAIN] stage=finetune epoch=1/1 batch=1350/3000 step=1350 repair=0.12 localization=0 type=0 minimal=0 physics=0.4713 total=0.1436
[TRAIN train_climax_static_physics_loss_s43] [TRAIN] stage=finetune epoch=1/1 batch=1360/3000 step=1360 repair=0.09107 localization=0 type=0 minimal=0 physics=0.4778 total=0.115
[TRAIN train_climax_static_physics_loss_s43] [TRAIN] stage=finetune epoch=1/1 batch=1370/3000 step=1370 repair=0.1126 localization=0 type=0 minimal=0 physics=0.5291 total=0.139
[TRAIN train_climax_static_physics_loss_s43] [TRAIN] stage=finetune epoch=1/1 batch=1380/3000 step=1380 repair=0.1243 localization=0 type=0 minimal=0 physics=0.6094 total=0.1548
[TRAIN train_climax_static_physics_loss_s43] [TRAIN] stage=finetune epoch=1/1 batch=1390/3000 step=1390 repair=0.1661 localization=0 type=0 minimal=0 physics=0.5172 total=0.192
[TRAIN train_climax_static_physics_loss_s43] [TRAIN] stage=finetune epoch=1/1 batch=1400/3000 step=1400 repair=0.08344 localization=0 type=0 minimal=0 physics=0.5779 total=0.1123
[TRAIN train_climax_static_physics_loss_s43] [TRAIN] stage=finetune epoch=1/1 batch=1410/3000 step=1410 repair=0.1254 localization=0 type=0 minimal=0 physics=0.6351 total=0.1572
[TRAIN train_climax_static_physics_loss_s43] [TRAIN] stage=finetune epoch=1/1 batch=1420/3000 step=1420 repair=0.09199 localization=0 type=0 minimal=0 physics=0.6032 total=0.1222
[TRAIN train_climax_static_physics_loss_s43] [TRAIN] stage=finetune epoch=1/1 batch=1430/3000 step=1430 repair=0.1118 localization=0 type=0 minimal=0 physics=0.5382 total=0.1387
[TRAIN train_climax_static_physics_loss_s43] [TRAIN] stage=finetune epoch=1/1 batch=1440/3000 step=1440 repair=0.1381 localization=0 type=0 minimal=0 physics=0.5324 total=0.1647
[TRAIN train_climax_static_physics_loss_s43] [TRAIN] stage=finetune epoch=1/1 batch=1450/3000 step=1450 repair=0.07723 localization=0 type=0 minimal=0 physics=0.5339 total=0.1039
[TRAIN train_climax_static_physics_loss_s43] [TRAIN] stage=finetune epoch=1/1 batch=1460/3000 step=1460 repair=0.08199 localization=0 type=0 minimal=0 physics=0.5323 total=0.1086
[TRAIN train_climax_static_physics_loss_s43] [TRAIN] stage=finetune epoch=1/1 batch=1470/3000 step=1470 repair=0.1683 localization=0 type=0 minimal=0 physics=0.6046 total=0.1985
[TRAIN train_climax_static_physics_loss_s43] [TRAIN] stage=finetune epoch=1/1 batch=1480/3000 step=1480 repair=0.07311 localization=0 type=0 minimal=0 physics=0.4835 total=0.09728
[TRAIN train_climax_static_physics_loss_s43] [TRAIN] stage=finetune epoch=1/1 batch=1490/3000 step=1490 repair=0.07774 localization=0 type=0 minimal=0 physics=0.4726 total=0.1014
[TRAIN train_climax_static_physics_loss_s43] [TRAIN] stage=finetune epoch=1/1 batch=1500/3000 step=1500 repair=0.08699 localization=0 type=0 minimal=0 physics=0.4541 total=0.1097
[TRAIN train_climax_static_physics_loss_s43] [TRAIN] stage=finetune epoch=1/1 batch=1510/3000 step=1510 repair=0.06764 localization=0 type=0 minimal=0 physics=0.5764 total=0.09646
[TRAIN train_climax_static_physics_loss_s43] [TRAIN] stage=finetune epoch=1/1 batch=1520/3000 step=1520 repair=0.07959 localization=0 type=0 minimal=0 physics=0.4507 total=0.1021
[TRAIN train_climax_static_physics_loss_s43] [TRAIN] stage=finetune epoch=1/1 batch=1530/3000 step=1530 repair=0.08231 localization=0 type=0 minimal=0 physics=0.6188 total=0.1133
[TRAIN train_climax_static_physics_loss_s43] [TRAIN] stage=finetune epoch=1/1 batch=1540/3000 step=1540 repair=0.08718 localization=0 type=0 minimal=0 physics=0.4766 total=0.111
[TRAIN train_climax_static_physics_loss_s43] [TRAIN] stage=finetune epoch=1/1 batch=1550/3000 step=1550 repair=0.07975 localization=0 type=0 minimal=0 physics=0.5326 total=0.1064
[TRAIN train_climax_static_physics_loss_s43] [TRAIN] stage=finetune epoch=1/1 batch=1560/3000 step=1560 repair=0.08828 localization=0 type=0 minimal=0 physics=0.4545 total=0.111
[TRAIN train_climax_static_physics_loss_s43] [TRAIN] stage=finetune epoch=1/1 batch=1570/3000 step=1570 repair=0.07532 localization=0 type=0 minimal=0 physics=0.4316 total=0.0969
[TRAIN train_climax_static_physics_loss_s43] [TRAIN] stage=finetune epoch=1/1 batch=1580/3000 step=1580 repair=0.1109 localization=0 type=0 minimal=0 physics=0.4795 total=0.1349
[TRAIN train_climax_static_physics_loss_s43] [TRAIN] stage=finetune epoch=1/1 batch=1590/3000 step=1590 repair=0.08347 localization=0 type=0 minimal=0 physics=0.4991 total=0.1084
[TRAIN train_climax_static_physics_loss_s43] [TRAIN] stage=finetune epoch=1/1 batch=1600/3000 step=1600 repair=0.08787 localization=0 type=0 minimal=0 physics=0.5171 total=0.1137
[TRAIN train_climax_static_physics_loss_s43] [TRAIN] stage=finetune epoch=1/1 batch=1610/3000 step=1610 repair=0.147 localization=0 type=0 minimal=0 physics=0.5803 total=0.176
[TRAIN train_climax_static_physics_loss_s43] [TRAIN] stage=finetune epoch=1/1 batch=1620/3000 step=1620 repair=0.1328 localization=0 type=0 minimal=0 physics=0.548 total=0.1602
[TRAIN train_climax_static_physics_loss_s43] [TRAIN] stage=finetune epoch=1/1 batch=1630/3000 step=1630 repair=0.1129 localization=0 type=0 minimal=0 physics=0.4588 total=0.1359
[TRAIN train_climax_static_physics_loss_s43] [TRAIN] stage=finetune epoch=1/1 batch=1640/3000 step=1640 repair=0.07811 localization=0 type=0 minimal=0 physics=0.5344 total=0.1048
[TRAIN train_climax_static_physics_loss_s43] [TRAIN] stage=finetune epoch=1/1 batch=1650/3000 step=1650 repair=0.1249 localization=0 type=0 minimal=0 physics=0.4914 total=0.1495
[TRAIN train_climax_static_physics_loss_s43] [TRAIN] stage=finetune epoch=1/1 batch=1660/3000 step=1660 repair=0.08003 localization=0 type=0 minimal=0 physics=0.6171 total=0.1109
[TRAIN train_climax_static_physics_loss_s43] [TRAIN] stage=finetune epoch=1/1 batch=1670/3000 step=1670 repair=0.09646 localization=0 type=0 minimal=0 physics=0.5278 total=0.1228
[TRAIN train_climax_static_physics_loss_s43] [TRAIN] stage=finetune epoch=1/1 batch=1680/3000 step=1680 repair=0.1167 localization=0 type=0 minimal=0 physics=0.4986 total=0.1416
[TRAIN train_climax_static_physics_loss_s43] [TRAIN] stage=finetune epoch=1/1 batch=1690/3000 step=1690 repair=0.1222 localization=0 type=0 minimal=0 physics=0.5275 total=0.1486
[TRAIN train_climax_static_physics_loss_s43] [TRAIN] stage=finetune epoch=1/1 batch=1700/3000 step=1700 repair=0.1464 localization=0 type=0 minimal=0 physics=0.5483 total=0.1738
[TRAIN train_climax_static_physics_loss_s43] [TRAIN] stage=finetune epoch=1/1 batch=1710/3000 step=1710 repair=0.1284 localization=0 type=0 minimal=0 physics=0.559 total=0.1564
[TRAIN train_climax_static_physics_loss_s43] [TRAIN] stage=finetune epoch=1/1 batch=1720/3000 step=1720 repair=0.06936 localization=0 type=0 minimal=0 physics=0.4221 total=0.09046
[TRAIN train_climax_static_physics_loss_s43] [TRAIN] stage=finetune epoch=1/1 batch=1730/3000 step=1730 repair=0.07132 localization=0 type=0 minimal=0 physics=0.4541 total=0.09402
[TRAIN train_climax_static_physics_loss_s43] [TRAIN] stage=finetune epoch=1/1 batch=1740/3000 step=1740 repair=0.08844 localization=0 type=0 minimal=0 physics=0.4648 total=0.1117
[TRAIN train_climax_static_physics_loss_s43] [TRAIN] stage=finetune epoch=1/1 batch=1750/3000 step=1750 repair=0.08585 localization=0 type=0 minimal=0 physics=0.5666 total=0.1142
[TRAIN train_climax_static_physics_loss_s43] [TRAIN] stage=finetune epoch=1/1 batch=1760/3000 step=1760 repair=0.1098 localization=0 type=0 minimal=0 physics=0.4536 total=0.1325
[TRAIN train_climax_static_physics_loss_s43] [TRAIN] stage=finetune epoch=1/1 batch=1770/3000 step=1770 repair=0.08356 localization=0 type=0 minimal=0 physics=0.4955 total=0.1083
[TRAIN train_climax_static_physics_loss_s43] [TRAIN] stage=finetune epoch=1/1 batch=1780/3000 step=1780 repair=0.08157 localization=0 type=0 minimal=0 physics=0.5653 total=0.1098
[TRAIN train_climax_static_physics_loss_s43] [TRAIN] stage=finetune epoch=1/1 batch=1790/3000 step=1790 repair=0.1206 localization=0 type=0 minimal=0 physics=0.4928 total=0.1452
[TRAIN train_climax_static_physics_loss_s43] [TRAIN] stage=finetune epoch=1/1 batch=1800/3000 step=1800 repair=0.09792 localization=0 type=0 minimal=0 physics=0.6147 total=0.1287
[TRAIN train_climax_static_physics_loss_s43] [TRAIN] stage=finetune epoch=1/1 batch=1810/3000 step=1810 repair=0.111 localization=0 type=0 minimal=0 physics=0.4643 total=0.1342
[TRAIN train_climax_static_physics_loss_s43] [TRAIN] stage=finetune epoch=1/1 batch=1820/3000 step=1820 repair=0.1013 localization=0 type=0 minimal=0 physics=0.5877 total=0.1307
[TRAIN train_climax_static_physics_loss_s43] [TRAIN] stage=finetune epoch=1/1 batch=1830/3000 step=1830 repair=0.1174 localization=0 type=0 minimal=0 physics=0.5084 total=0.1428
[TRAIN train_climax_static_physics_loss_s43] [TRAIN] stage=finetune epoch=1/1 batch=1840/3000 step=1840 repair=0.08048 localization=0 type=0 minimal=0 physics=0.5317 total=0.1071
[TRAIN train_climax_static_physics_loss_s43] [TRAIN] stage=finetune epoch=1/1 batch=1850/3000 step=1850 repair=0.1718 localization=0 type=0 minimal=0 physics=0.5313 total=0.1983
[TRAIN train_climax_static_physics_loss_s43] [TRAIN] stage=finetune epoch=1/1 batch=1860/3000 step=1860 repair=0.1203 localization=0 type=0 minimal=0 physics=0.5058 total=0.1456
[TRAIN train_climax_static_physics_loss_s43] [TRAIN] stage=finetune epoch=1/1 batch=1870/3000 step=1870 repair=0.1221 localization=0 type=0 minimal=0 physics=0.5394 total=0.1491
[TRAIN train_climax_static_physics_loss_s43] [TRAIN] stage=finetune epoch=1/1 batch=1880/3000 step=1880 repair=0.07628 localization=0 type=0 minimal=0 physics=0.4356 total=0.09806
[TRAIN train_climax_static_physics_loss_s43] [TRAIN] stage=finetune epoch=1/1 batch=1890/3000 step=1890 repair=0.119 localization=0 type=0 minimal=0 physics=0.4561 total=0.1418
[TRAIN train_climax_static_physics_loss_s43] [TRAIN] stage=finetune epoch=1/1 batch=1900/3000 step=1900 repair=0.07326 localization=0 type=0 minimal=0 physics=0.4751 total=0.09701
[TRAIN train_climax_static_physics_loss_s43] [TRAIN] stage=finetune epoch=1/1 batch=1910/3000 step=1910 repair=0.08578 localization=0 type=0 minimal=0 physics=0.4943 total=0.1105
[TRAIN train_climax_static_physics_loss_s43] [TRAIN] stage=finetune epoch=1/1 batch=1920/3000 step=1920 repair=0.1101 localization=0 type=0 minimal=0 physics=0.4595 total=0.133
[TRAIN train_climax_static_physics_loss_s43] [TRAIN] stage=finetune epoch=1/1 batch=1930/3000 step=1930 repair=0.1179 localization=0 type=0 minimal=0 physics=0.486 total=0.1422
[TRAIN train_climax_static_physics_loss_s43] [TRAIN] stage=finetune epoch=1/1 batch=1940/3000 step=1940 repair=0.1107 localization=0 type=0 minimal=0 physics=0.4698 total=0.1342
[TRAIN train_climax_static_physics_loss_s43] [TRAIN] stage=finetune epoch=1/1 batch=1950/3000 step=1950 repair=0.1267 localization=0 type=0 minimal=0 physics=0.4929 total=0.1514
[TRAIN train_climax_static_physics_loss_s43] [TRAIN] stage=finetune epoch=1/1 batch=1960/3000 step=1960 repair=0.1194 localization=0 type=0 minimal=0 physics=0.4547 total=0.1421
[TRAIN train_climax_static_physics_loss_s43] [TRAIN] stage=finetune epoch=1/1 batch=1970/3000 step=1970 repair=0.1145 localization=0 type=0 minimal=0 physics=0.4642 total=0.1377
[TRAIN train_climax_static_physics_loss_s43] [TRAIN] stage=finetune epoch=1/1 batch=1980/3000 step=1980 repair=0.117 localization=0 type=0 minimal=0 physics=0.416 total=0.1378
[TRAIN train_climax_static_physics_loss_s43] [TRAIN] stage=finetune epoch=1/1 batch=1990/3000 step=1990 repair=0.1224 localization=0 type=0 minimal=0 physics=0.477 total=0.1463
[TRAIN train_climax_static_physics_loss_s43] [TRAIN] stage=finetune epoch=1/1 batch=2000/3000 step=2000 repair=0.09103 localization=0 type=0 minimal=0 physics=0.4667 total=0.1144
[TRAIN train_climax_static_physics_loss_s43] [TRAIN] stage=finetune epoch=1/1 batch=2010/3000 step=2010 repair=0.1163 localization=0 type=0 minimal=0 physics=0.4561 total=0.1391
[TRAIN train_climax_static_physics_loss_s43] [TRAIN] stage=finetune epoch=1/1 batch=2020/3000 step=2020 repair=0.1294 localization=0 type=0 minimal=0 physics=0.4683 total=0.1528
[TRAIN train_climax_static_physics_loss_s43] [TRAIN] stage=finetune epoch=1/1 batch=2030/3000 step=2030 repair=0.07695 localization=0 type=0 minimal=0 physics=0.4342 total=0.09867
[TRAIN train_climax_static_physics_loss_s43] [TRAIN] stage=finetune epoch=1/1 batch=2040/3000 step=2040 repair=0.1112 localization=0 type=0 minimal=0 physics=0.5651 total=0.1395
[TRAIN train_climax_static_physics_loss_s43] [TRAIN] stage=finetune epoch=1/1 batch=2050/3000 step=2050 repair=0.08746 localization=0 type=0 minimal=0 physics=0.5019 total=0.1126
[TRAIN train_climax_static_physics_loss_s43] [TRAIN] stage=finetune epoch=1/1 batch=2060/3000 step=2060 repair=0.06574 localization=0 type=0 minimal=0 physics=0.4411 total=0.0878
[TRAIN train_climax_static_physics_loss_s43] [TRAIN] stage=finetune epoch=1/1 batch=2070/3000 step=2070 repair=0.1474 localization=0 type=0 minimal=0 physics=0.4419 total=0.1695
[TRAIN train_climax_static_physics_loss_s43] [TRAIN] stage=finetune epoch=1/1 batch=2080/3000 step=2080 repair=0.1676 localization=0 type=0 minimal=0 physics=0.5136 total=0.1932
[TRAIN train_climax_static_physics_loss_s43] [TRAIN] stage=finetune epoch=1/1 batch=2090/3000 step=2090 repair=0.1247 localization=0 type=0 minimal=0 physics=0.4666 total=0.148
[TRAIN train_climax_static_physics_loss_s43] [TRAIN] stage=finetune epoch=1/1 batch=2100/3000 step=2100 repair=0.1262 localization=0 type=0 minimal=0 physics=0.4878 total=0.1506
[TRAIN train_climax_static_physics_loss_s43] [TRAIN] stage=finetune epoch=1/1 batch=2110/3000 step=2110 repair=0.08113 localization=0 type=0 minimal=0 physics=0.4149 total=0.1019
[TRAIN train_climax_static_physics_loss_s43] [TRAIN] stage=finetune epoch=1/1 batch=2120/3000 step=2120 repair=0.0802 localization=0 type=0 minimal=0 physics=0.5368 total=0.107
[TRAIN train_climax_static_physics_loss_s43] [TRAIN] stage=finetune epoch=1/1 batch=2130/3000 step=2130 repair=0.1171 localization=0 type=0 minimal=0 physics=0.4361 total=0.1389
[TRAIN train_climax_static_physics_loss_s43] [TRAIN] stage=finetune epoch=1/1 batch=2140/3000 step=2140 repair=0.1181 localization=0 type=0 minimal=0 physics=0.5099 total=0.1436
[TRAIN train_climax_static_physics_loss_s43] [TRAIN] stage=finetune epoch=1/1 batch=2150/3000 step=2150 repair=0.1142 localization=0 type=0 minimal=0 physics=0.5495 total=0.1417
[TRAIN train_climax_static_physics_loss_s43] [TRAIN] stage=finetune epoch=1/1 batch=2160/3000 step=2160 repair=0.07643 localization=0 type=0 minimal=0 physics=0.4886 total=0.1009
[TRAIN train_climax_static_physics_loss_s43] [TRAIN] stage=finetune epoch=1/1 batch=2170/3000 step=2170 repair=0.1133 localization=0 type=0 minimal=0 physics=0.6091 total=0.1438
[TRAIN train_climax_static_physics_loss_s43] [TRAIN] stage=finetune epoch=1/1 batch=2180/3000 step=2180 repair=0.06605 localization=0 type=0 minimal=0 physics=0.4037 total=0.08623
[TRAIN train_climax_static_physics_loss_s43] [TRAIN] stage=finetune epoch=1/1 batch=2190/3000 step=2190 repair=0.06455 localization=0 type=0 minimal=0 physics=0.4264 total=0.08587
[TRAIN train_climax_static_physics_loss_s43] [TRAIN] stage=finetune epoch=1/1 batch=2200/3000 step=2200 repair=0.06604 localization=0 type=0 minimal=0 physics=0.4366 total=0.08787
[TRAIN train_climax_static_physics_loss_s43] [TRAIN] stage=finetune epoch=1/1 batch=2210/3000 step=2210 repair=0.1085 localization=0 type=0 minimal=0 physics=0.538 total=0.1354
[TRAIN train_climax_static_physics_loss_s43] [TRAIN] stage=finetune epoch=1/1 batch=2220/3000 step=2220 repair=0.1183 localization=0 type=0 minimal=0 physics=0.5821 total=0.1474
[TRAIN train_climax_static_physics_loss_s43] [TRAIN] stage=finetune epoch=1/1 batch=2230/3000 step=2230 repair=0.06208 localization=0 type=0 minimal=0 physics=0.4783 total=0.08599
[TRAIN train_climax_static_physics_loss_s43] [TRAIN] stage=finetune epoch=1/1 batch=2240/3000 step=2240 repair=0.113 localization=0 type=0 minimal=0 physics=0.4158 total=0.1338
[TRAIN train_climax_static_physics_loss_s43] [TRAIN] stage=finetune epoch=1/1 batch=2250/3000 step=2250 repair=0.07804 localization=0 type=0 minimal=0 physics=0.4074 total=0.09841
[TRAIN train_climax_static_physics_loss_s43] [TRAIN] stage=finetune epoch=1/1 batch=2260/3000 step=2260 repair=0.1277 localization=0 type=0 minimal=0 physics=0.4759 total=0.1515
[TRAIN train_climax_static_physics_loss_s43] [TRAIN] stage=finetune epoch=1/1 batch=2270/3000 step=2270 repair=0.1276 localization=0 type=0 minimal=0 physics=0.4436 total=0.1498
[TRAIN train_climax_static_physics_loss_s43] [TRAIN] stage=finetune epoch=1/1 batch=2280/3000 step=2280 repair=0.06564 localization=0 type=0 minimal=0 physics=0.4181 total=0.08654
[TRAIN train_climax_static_physics_loss_s43] [TRAIN] stage=finetune epoch=1/1 batch=2290/3000 step=2290 repair=0.07427 localization=0 type=0 minimal=0 physics=0.4504 total=0.09679
[TRAIN train_climax_static_physics_loss_s43] [TRAIN] stage=finetune epoch=1/1 batch=2300/3000 step=2300 repair=0.0758 localization=0 type=0 minimal=0 physics=0.3766 total=0.09462
[TRAIN train_climax_static_physics_loss_s43] [TRAIN] stage=finetune epoch=1/1 batch=2310/3000 step=2310 repair=0.1535 localization=0 type=0 minimal=0 physics=0.402 total=0.1736
[TRAIN train_climax_static_physics_loss_s43] [TRAIN] stage=finetune epoch=1/1 batch=2320/3000 step=2320 repair=0.07678 localization=0 type=0 minimal=0 physics=0.5301 total=0.1033
[TRAIN train_climax_static_physics_loss_s43] [TRAIN] stage=finetune epoch=1/1 batch=2330/3000 step=2330 repair=0.1625 localization=0 type=0 minimal=0 physics=0.4764 total=0.1863
[TRAIN train_climax_static_physics_loss_s43] [TRAIN] stage=finetune epoch=1/1 batch=2340/3000 step=2340 repair=0.1739 localization=0 type=0 minimal=0 physics=0.4411 total=0.1959
[TRAIN train_climax_static_physics_loss_s43] [TRAIN] stage=finetune epoch=1/1 batch=2350/3000 step=2350 repair=0.11 localization=0 type=0 minimal=0 physics=0.5059 total=0.1353
[TRAIN train_climax_static_physics_loss_s43] [TRAIN] stage=finetune epoch=1/1 batch=2360/3000 step=2360 repair=0.1331 localization=0 type=0 minimal=0 physics=0.511 total=0.1586
[TRAIN train_climax_static_physics_loss_s43] [TRAIN] stage=finetune epoch=1/1 batch=2370/3000 step=2370 repair=0.1267 localization=0 type=0 minimal=0 physics=0.507 total=0.152
[TRAIN train_climax_static_physics_loss_s43] [TRAIN] stage=finetune epoch=1/1 batch=2380/3000 step=2380 repair=0.0756 localization=0 type=0 minimal=0 physics=0.4882 total=0.1
[TRAIN train_climax_static_physics_loss_s43] [TRAIN] stage=finetune epoch=1/1 batch=2390/3000 step=2390 repair=0.07439 localization=0 type=0 minimal=0 physics=0.6006 total=0.1044
[TRAIN train_climax_static_physics_loss_s43] [TRAIN] stage=finetune epoch=1/1 batch=2400/3000 step=2400 repair=0.07402 localization=0 type=0 minimal=0 physics=0.4265 total=0.09535
[TRAIN train_climax_static_physics_loss_s43] [TRAIN] stage=finetune epoch=1/1 batch=2410/3000 step=2410 repair=0.1894 localization=0 type=0 minimal=0 physics=0.4523 total=0.212
[TRAIN train_climax_static_physics_loss_s43] [TRAIN] stage=finetune epoch=1/1 batch=2420/3000 step=2420 repair=0.07506 localization=0 type=0 minimal=0 physics=0.3803 total=0.09407
[TRAIN train_climax_static_physics_loss_s43] [TRAIN] stage=finetune epoch=1/1 batch=2430/3000 step=2430 repair=0.1153 localization=0 type=0 minimal=0 physics=0.4624 total=0.1384
[TRAIN train_climax_static_physics_loss_s43] [TRAIN] stage=finetune epoch=1/1 batch=2440/3000 step=2440 repair=0.07668 localization=0 type=0 minimal=0 physics=0.3998 total=0.09667
[TRAIN train_climax_static_physics_loss_s43] [TRAIN] stage=finetune epoch=1/1 batch=2450/3000 step=2450 repair=0.1247 localization=0 type=0 minimal=0 physics=0.3902 total=0.1442
[TRAIN train_climax_static_physics_loss_s43] [TRAIN] stage=finetune epoch=1/1 batch=2460/3000 step=2460 repair=0.1889 localization=0 type=0 minimal=0 physics=0.4215 total=0.2099
[TRAIN train_climax_static_physics_loss_s43] [TRAIN] stage=finetune epoch=1/1 batch=2470/3000 step=2470 repair=0.1634 localization=0 type=0 minimal=0 physics=0.4461 total=0.1857
[TRAIN train_climax_static_physics_loss_s43] [TRAIN] stage=finetune epoch=1/1 batch=2480/3000 step=2480 repair=0.1107 localization=0 type=0 minimal=0 physics=0.4866 total=0.135
[TRAIN train_climax_static_physics_loss_s43] [TRAIN] stage=finetune epoch=1/1 batch=2490/3000 step=2490 repair=0.1746 localization=0 type=0 minimal=0 physics=0.5427 total=0.2017
[TRAIN train_climax_static_physics_loss_s43] [TRAIN] stage=finetune epoch=1/1 batch=2500/3000 step=2500 repair=0.06029 localization=0 type=0 minimal=0 physics=0.4257 total=0.08157
[TRAIN train_climax_static_physics_loss_s43] [TRAIN] stage=finetune epoch=1/1 batch=2510/3000 step=2510 repair=0.1192 localization=0 type=0 minimal=0 physics=0.4509 total=0.1418
[TRAIN train_climax_static_physics_loss_s43] [TRAIN] stage=finetune epoch=1/1 batch=2520/3000 step=2520 repair=0.07549 localization=0 type=0 minimal=0 physics=0.4064 total=0.09581
[TRAIN train_climax_static_physics_loss_s43] [TRAIN] stage=finetune epoch=1/1 batch=2530/3000 step=2530 repair=0.07387 localization=0 type=0 minimal=0 physics=0.4897 total=0.09836
[TRAIN train_climax_static_physics_loss_s43] [TRAIN] stage=finetune epoch=1/1 batch=2540/3000 step=2540 repair=0.1089 localization=0 type=0 minimal=0 physics=0.4002 total=0.1289
[TRAIN train_climax_static_physics_loss_s43] [TRAIN] stage=finetune epoch=1/1 batch=2550/3000 step=2550 repair=0.168 localization=0 type=0 minimal=0 physics=0.5537 total=0.1957
[TRAIN train_climax_static_physics_loss_s43] [TRAIN] stage=finetune epoch=1/1 batch=2560/3000 step=2560 repair=0.1224 localization=0 type=0 minimal=0 physics=0.51 total=0.1479
[TRAIN train_climax_static_physics_loss_s43] [TRAIN] stage=finetune epoch=1/1 batch=2570/3000 step=2570 repair=0.1121 localization=0 type=0 minimal=0 physics=0.4924 total=0.1368
[TRAIN train_climax_static_physics_loss_s43] [TRAIN] stage=finetune epoch=1/1 batch=2580/3000 step=2580 repair=0.06255 localization=0 type=0 minimal=0 physics=0.3946 total=0.08229
[TRAIN train_climax_static_physics_loss_s43] [TRAIN] stage=finetune epoch=1/1 batch=2590/3000 step=2590 repair=0.1056 localization=0 type=0 minimal=0 physics=0.3792 total=0.1245
[TRAIN train_climax_static_physics_loss_s43] [TRAIN] stage=finetune epoch=1/1 batch=2600/3000 step=2600 repair=0.1084 localization=0 type=0 minimal=0 physics=0.4146 total=0.1291
[TRAIN train_climax_static_physics_loss_s43] [TRAIN] stage=finetune epoch=1/1 batch=2610/3000 step=2610 repair=0.0788 localization=0 type=0 minimal=0 physics=0.4461 total=0.1011
[TRAIN train_climax_static_physics_loss_s43] [TRAIN] stage=finetune epoch=1/1 batch=2620/3000 step=2620 repair=0.06551 localization=0 type=0 minimal=0 physics=0.5247 total=0.09175
[TRAIN train_climax_static_physics_loss_s43] [TRAIN] stage=finetune epoch=1/1 batch=2630/3000 step=2630 repair=0.1133 localization=0 type=0 minimal=0 physics=0.4258 total=0.1346
[TRAIN train_climax_static_physics_loss_s43] [TRAIN] stage=finetune epoch=1/1 batch=2640/3000 step=2640 repair=0.06911 localization=0 type=0 minimal=0 physics=0.3731 total=0.08777
[TRAIN train_climax_static_physics_loss_s43] [TRAIN] stage=finetune epoch=1/1 batch=2650/3000 step=2650 repair=0.0651 localization=0 type=0 minimal=0 physics=0.3813 total=0.08416
[TRAIN train_climax_static_physics_loss_s43] [TRAIN] stage=finetune epoch=1/1 batch=2660/3000 step=2660 repair=0.1216 localization=0 type=0 minimal=0 physics=0.4086 total=0.1421
[TRAIN train_climax_static_physics_loss_s43] [TRAIN] stage=finetune epoch=1/1 batch=2670/3000 step=2670 repair=0.07188 localization=0 type=0 minimal=0 physics=0.3806 total=0.09091
[TRAIN train_climax_static_physics_loss_s43] [TRAIN] stage=finetune epoch=1/1 batch=2680/3000 step=2680 repair=0.07632 localization=0 type=0 minimal=0 physics=0.3788 total=0.09526
[TRAIN train_climax_static_physics_loss_s43] [TRAIN] stage=finetune epoch=1/1 batch=2690/3000 step=2690 repair=0.1129 localization=0 type=0 minimal=0 physics=0.4594 total=0.1359
[TRAIN train_climax_static_physics_loss_s43] [TRAIN] stage=finetune epoch=1/1 batch=2700/3000 step=2700 repair=0.1141 localization=0 type=0 minimal=0 physics=0.4194 total=0.135
[TRAIN train_climax_static_physics_loss_s43] [TRAIN] stage=finetune epoch=1/1 batch=2710/3000 step=2710 repair=0.08518 localization=0 type=0 minimal=0 physics=0.4229 total=0.1063
[TRAIN train_climax_static_physics_loss_s43] [TRAIN] stage=finetune epoch=1/1 batch=2720/3000 step=2720 repair=0.1214 localization=0 type=0 minimal=0 physics=0.3827 total=0.1405
[TRAIN train_climax_static_physics_loss_s43] [TRAIN] stage=finetune epoch=1/1 batch=2730/3000 step=2730 repair=0.05959 localization=0 type=0 minimal=0 physics=0.3756 total=0.07837
[TRAIN train_climax_static_physics_loss_s43] [TRAIN] stage=finetune epoch=1/1 batch=2740/3000 step=2740 repair=0.06662 localization=0 type=0 minimal=0 physics=0.3848 total=0.08586
[TRAIN train_climax_static_physics_loss_s43] [TRAIN] stage=finetune epoch=1/1 batch=2750/3000 step=2750 repair=0.06323 localization=0 type=0 minimal=0 physics=0.5033 total=0.0884
[TRAIN train_climax_static_physics_loss_s43] [TRAIN] stage=finetune epoch=1/1 batch=2760/3000 step=2760 repair=0.1506 localization=0 type=0 minimal=0 physics=0.4127 total=0.1712
[TRAIN train_climax_static_physics_loss_s43] [TRAIN] stage=finetune epoch=1/1 batch=2770/3000 step=2770 repair=0.1187 localization=0 type=0 minimal=0 physics=0.4002 total=0.1387
[TRAIN train_climax_static_physics_loss_s43] [TRAIN] stage=finetune epoch=1/1 batch=2780/3000 step=2780 repair=0.1246 localization=0 type=0 minimal=0 physics=0.4046 total=0.1448
[TRAIN train_climax_static_physics_loss_s43] [TRAIN] stage=finetune epoch=1/1 batch=2790/3000 step=2790 repair=0.105 localization=0 type=0 minimal=0 physics=0.3945 total=0.1247
[TRAIN train_climax_static_physics_loss_s43] [TRAIN] stage=finetune epoch=1/1 batch=2800/3000 step=2800 repair=0.1149 localization=0 type=0 minimal=0 physics=0.4461 total=0.1372
[TRAIN train_climax_static_physics_loss_s43] [TRAIN] stage=finetune epoch=1/1 batch=2810/3000 step=2810 repair=0.08844 localization=0 type=0 minimal=0 physics=0.3628 total=0.1066
[TRAIN train_climax_static_physics_loss_s43] [TRAIN] stage=finetune epoch=1/1 batch=2820/3000 step=2820 repair=0.07906 localization=0 type=0 minimal=0 physics=0.4228 total=0.1002
[TRAIN train_climax_static_physics_loss_s43] [TRAIN] stage=finetune epoch=1/1 batch=2830/3000 step=2830 repair=0.08337 localization=0 type=0 minimal=0 physics=0.3542 total=0.1011
[TRAIN train_climax_static_physics_loss_s43] [TRAIN] stage=finetune epoch=1/1 batch=2840/3000 step=2840 repair=0.1168 localization=0 type=0 minimal=0 physics=0.4591 total=0.1397
[TRAIN train_climax_static_physics_loss_s43] [TRAIN] stage=finetune epoch=1/1 batch=2850/3000 step=2850 repair=0.06691 localization=0 type=0 minimal=0 physics=0.3371 total=0.08377
[TRAIN train_climax_static_physics_loss_s43] [TRAIN] stage=finetune epoch=1/1 batch=2860/3000 step=2860 repair=0.08071 localization=0 type=0 minimal=0 physics=0.3584 total=0.09863
[TRAIN train_climax_static_physics_loss_s43] [TRAIN] stage=finetune epoch=1/1 batch=2870/3000 step=2870 repair=0.08231 localization=0 type=0 minimal=0 physics=0.3487 total=0.09975
[TRAIN train_climax_static_physics_loss_s43] [TRAIN] stage=finetune epoch=1/1 batch=2880/3000 step=2880 repair=0.05921 localization=0 type=0 minimal=0 physics=0.3246 total=0.07544
[TRAIN train_climax_static_physics_loss_s43] [TRAIN] stage=finetune epoch=1/1 batch=2890/3000 step=2890 repair=0.166 localization=0 type=0 minimal=0 physics=0.5025 total=0.1912
[TRAIN train_climax_static_physics_loss_s43] [TRAIN] stage=finetune epoch=1/1 batch=2900/3000 step=2900 repair=0.1129 localization=0 type=0 minimal=0 physics=0.4416 total=0.1349
[TRAIN train_climax_static_physics_loss_s43] [TRAIN] stage=finetune epoch=1/1 batch=2910/3000 step=2910 repair=0.08456 localization=0 type=0 minimal=0 physics=0.419 total=0.1055
[TRAIN train_climax_static_physics_loss_s43] [TRAIN] stage=finetune epoch=1/1 batch=2920/3000 step=2920 repair=0.08202 localization=0 type=0 minimal=0 physics=0.3393 total=0.09898
[TRAIN train_climax_static_physics_loss_s43] [TRAIN] stage=finetune epoch=1/1 batch=2930/3000 step=2930 repair=0.1077 localization=0 type=0 minimal=0 physics=0.4287 total=0.1291
[TRAIN train_climax_static_physics_loss_s43] [TRAIN] stage=finetune epoch=1/1 batch=2940/3000 step=2940 repair=0.08548 localization=0 type=0 minimal=0 physics=0.4895 total=0.11
[TRAIN train_climax_static_physics_loss_s43] [TRAIN] stage=finetune epoch=1/1 batch=2950/3000 step=2950 repair=0.1185 localization=0 type=0 minimal=0 physics=0.3721 total=0.1371
[TRAIN train_climax_static_physics_loss_s43] [TRAIN] stage=finetune epoch=1/1 batch=2960/3000 step=2960 repair=0.07124 localization=0 type=0 minimal=0 physics=0.3582 total=0.08915
[TRAIN train_climax_static_physics_loss_s43] [TRAIN] stage=finetune epoch=1/1 batch=2970/3000 step=2970 repair=0.07649 localization=0 type=0 minimal=0 physics=0.3904 total=0.09601
[TRAIN train_climax_static_physics_loss_s43] [TRAIN] stage=finetune epoch=1/1 batch=2980/3000 step=2980 repair=0.07216 localization=0 type=0 minimal=0 physics=0.345 total=0.08941
[TRAIN train_climax_static_physics_loss_s43] [TRAIN] stage=finetune epoch=1/1 batch=2990/3000 step=2990 repair=0.1571 localization=0 type=0 minimal=0 physics=0.3906 total=0.1766
[TRAIN train_climax_static_physics_loss_s43] [TRAIN] stage=finetune epoch=1/1 batch=3000/3000 step=3000 repair=0.1218 localization=0 type=0 minimal=0 physics=0.5577 total=0.1497
[TRAIN train_climax_static_physics_loss_s43] [EPOCH] {'stage': 'finetune', 'epoch': 0, 'global_step': 3000, 'train_total': 0.1335733645533522, 'val_repair_mse': 0.11465019639581442, 'elapsed_seconds': 1781.13}
[TRAIN train_climax_static_physics_loss_s43] [BEST] val_repair_mse=0.11465
[TRAIN train_climax_static_physics_loss_s43] [TRAIN COMPLETE] {
[TRAIN train_climax_static_physics_loss_s43]   "run_id": "prelim20_train_climax_static_physics_loss_s43",
[TRAIN train_climax_static_physics_loss_s43]   "status": "completed",
[TRAIN train_climax_static_physics_loss_s43]   "method": "static_physics_loss",
[TRAIN train_climax_static_physics_loss_s43]   "backbone": "climax",
[TRAIN train_climax_static_physics_loss_s43]   "seed": 43,
[TRAIN train_climax_static_physics_loss_s43]   "forecast_provider": "zarr_frozen_fm",
[TRAIN train_climax_static_physics_loss_s43]   "best_val_repair_mse": 0.11465019639581442,
[TRAIN train_climax_static_physics_loss_s43]   "global_step": 3000,
[TRAIN train_climax_static_physics_loss_s43]   "elapsed_seconds": 1781.27,
[TRAIN train_climax_static_physics_loss_s43]   "checkpoint_best": "/home/tahiti/ConserveFM/runs/prelim20_train/train_climax_static_physics_loss_s43/checkpoint_best.pt",
[TRAIN train_climax_static_physics_loss_s43]   "checkpoint_last": "/home/tahiti/ConserveFM/runs/prelim20_train/train_climax_static_physics_loss_s43/checkpoint_last.pt"
[TRAIN train_climax_static_physics_loss_s43] }
