[TRAIN train_climax_residual_repair_s42] [SETUP] device=cuda
[TRAIN train_climax_residual_repair_s42] [SETUP] run_id=prelim20_train_climax_residual_repair_s42 method=residual_repair backbone=climax
[TRAIN train_climax_residual_repair_s42] [FORECAST] using frozen forecast cache: /home/tahiti/ConserveFM/forecasts/climax.zarr
[TRAIN train_climax_residual_repair_s42] [STAGE] finetune epochs=1 start_epoch=0
[TRAIN train_climax_residual_repair_s42] [TRAIN] stage=finetune epoch=1/1 batch=10/3000 step=10 repair=0.1179 localization=0 type=0 minimal=0.05673 physics=0 total=0.1184
[TRAIN train_climax_residual_repair_s42] [TRAIN] stage=finetune epoch=1/1 batch=20/3000 step=20 repair=0.08811 localization=0 type=0 minimal=0.02765 physics=0 total=0.08839
[TRAIN train_climax_residual_repair_s42] [TRAIN] stage=finetune epoch=1/1 batch=30/3000 step=30 repair=0.1259 localization=0 type=0 minimal=0.02762 physics=0 total=0.1262
[TRAIN train_climax_residual_repair_s42] [TRAIN] stage=finetune epoch=1/1 batch=40/3000 step=40 repair=0.1242 localization=0 type=0 minimal=0.02505 physics=0 total=0.1244
[TRAIN train_climax_residual_repair_s42] [TRAIN] stage=finetune epoch=1/1 batch=50/3000 step=50 repair=0.1244 localization=0 type=0 minimal=0.02412 physics=0 total=0.1246
[TRAIN train_climax_residual_repair_s42] [TRAIN] stage=finetune epoch=1/1 batch=60/3000 step=60 repair=0.08187 localization=0 type=0 minimal=0.02571 physics=0 total=0.08213
[TRAIN train_climax_residual_repair_s42] [TRAIN] stage=finetune epoch=1/1 batch=70/3000 step=70 repair=0.08583 localization=0 type=0 minimal=0.02603 physics=0 total=0.08609
[TRAIN train_climax_residual_repair_s42] [TRAIN] stage=finetune epoch=1/1 batch=80/3000 step=80 repair=0.1284 localization=0 type=0 minimal=0.02402 physics=0 total=0.1287
[TRAIN train_climax_residual_repair_s42] [TRAIN] stage=finetune epoch=1/1 batch=90/3000 step=90 repair=0.1203 localization=0 type=0 minimal=0.02666 physics=0 total=0.1206
[TRAIN train_climax_residual_repair_s42] [TRAIN] stage=finetune epoch=1/1 batch=100/3000 step=100 repair=0.1111 localization=0 type=0 minimal=0.02695 physics=0 total=0.1114
[TRAIN train_climax_residual_repair_s42] [TRAIN] stage=finetune epoch=1/1 batch=110/3000 step=110 repair=0.07217 localization=0 type=0 minimal=0.02786 physics=0 total=0.07245
[TRAIN train_climax_residual_repair_s42] [TRAIN] stage=finetune epoch=1/1 batch=120/3000 step=120 repair=0.07948 localization=0 type=0 minimal=0.02592 physics=0 total=0.07974
[TRAIN train_climax_residual_repair_s42] [TRAIN] stage=finetune epoch=1/1 batch=130/3000 step=130 repair=0.07677 localization=0 type=0 minimal=0.02997 physics=0 total=0.07707
[TRAIN train_climax_residual_repair_s42] [TRAIN] stage=finetune epoch=1/1 batch=140/3000 step=140 repair=0.1378 localization=0 type=0 minimal=0.02821 physics=0 total=0.1381
[TRAIN train_climax_residual_repair_s42] [TRAIN] stage=finetune epoch=1/1 batch=150/3000 step=150 repair=0.1269 localization=0 type=0 minimal=0.02995 physics=0 total=0.1272
[TRAIN train_climax_residual_repair_s42] [TRAIN] stage=finetune epoch=1/1 batch=160/3000 step=160 repair=0.07553 localization=0 type=0 minimal=0.0311 physics=0 total=0.07584
[TRAIN train_climax_residual_repair_s42] [TRAIN] stage=finetune epoch=1/1 batch=170/3000 step=170 repair=0.1461 localization=0 type=0 minimal=0.03036 physics=0 total=0.1464
[TRAIN train_climax_residual_repair_s42] [TRAIN] stage=finetune epoch=1/1 batch=180/3000 step=180 repair=0.08997 localization=0 type=0 minimal=0.03192 physics=0 total=0.09029
[TRAIN train_climax_residual_repair_s42] [TRAIN] stage=finetune epoch=1/1 batch=190/3000 step=190 repair=0.1115 localization=0 type=0 minimal=0.03345 physics=0 total=0.1118
[TRAIN train_climax_residual_repair_s42] [TRAIN] stage=finetune epoch=1/1 batch=200/3000 step=200 repair=0.1228 localization=0 type=0 minimal=0.03107 physics=0 total=0.1231
[TRAIN train_climax_residual_repair_s42] [TRAIN] stage=finetune epoch=1/1 batch=210/3000 step=210 repair=0.105 localization=0 type=0 minimal=0.03265 physics=0 total=0.1054
[TRAIN train_climax_residual_repair_s42] [TRAIN] stage=finetune epoch=1/1 batch=220/3000 step=220 repair=0.07192 localization=0 type=0 minimal=0.0354 physics=0 total=0.07227
[TRAIN train_climax_residual_repair_s42] [TRAIN] stage=finetune epoch=1/1 batch=230/3000 step=230 repair=0.09375 localization=0 type=0 minimal=0.03424 physics=0 total=0.09409
[TRAIN train_climax_residual_repair_s42] [TRAIN] stage=finetune epoch=1/1 batch=240/3000 step=240 repair=0.1258 localization=0 type=0 minimal=0.03513 physics=0 total=0.1262
[TRAIN train_climax_residual_repair_s42] [TRAIN] stage=finetune epoch=1/1 batch=250/3000 step=250 repair=0.1223 localization=0 type=0 minimal=0.03644 physics=0 total=0.1227
[TRAIN train_climax_residual_repair_s42] [TRAIN] stage=finetune epoch=1/1 batch=260/3000 step=260 repair=0.1547 localization=0 type=0 minimal=0.03687 physics=0 total=0.155
[TRAIN train_climax_residual_repair_s42] [TRAIN] stage=finetune epoch=1/1 batch=270/3000 step=270 repair=0.08343 localization=0 type=0 minimal=0.03632 physics=0 total=0.08379
[TRAIN train_climax_residual_repair_s42] [TRAIN] stage=finetune epoch=1/1 batch=280/3000 step=280 repair=0.08431 localization=0 type=0 minimal=0.03745 physics=0 total=0.08469
[TRAIN train_climax_residual_repair_s42] [TRAIN] stage=finetune epoch=1/1 batch=290/3000 step=290 repair=0.07408 localization=0 type=0 minimal=0.04218 physics=0 total=0.0745
[TRAIN train_climax_residual_repair_s42] [TRAIN] stage=finetune epoch=1/1 batch=300/3000 step=300 repair=0.08702 localization=0 type=0 minimal=0.03705 physics=0 total=0.08739
[TRAIN train_climax_residual_repair_s42] [TRAIN] stage=finetune epoch=1/1 batch=310/3000 step=310 repair=0.07265 localization=0 type=0 minimal=0.03967 physics=0 total=0.07305
[TRAIN train_climax_residual_repair_s42] [TRAIN] stage=finetune epoch=1/1 batch=320/3000 step=320 repair=0.08038 localization=0 type=0 minimal=0.03909 physics=0 total=0.08077
[TRAIN train_climax_residual_repair_s42] [TRAIN] stage=finetune epoch=1/1 batch=330/3000 step=330 repair=0.1666 localization=0 type=0 minimal=0.03604 physics=0 total=0.1669
[TRAIN train_climax_residual_repair_s42] [TRAIN] stage=finetune epoch=1/1 batch=340/3000 step=340 repair=0.07361 localization=0 type=0 minimal=0.04126 physics=0 total=0.07402
[TRAIN train_climax_residual_repair_s42] [TRAIN] stage=finetune epoch=1/1 batch=350/3000 step=350 repair=0.1642 localization=0 type=0 minimal=0.04001 physics=0 total=0.1646
[TRAIN train_climax_residual_repair_s42] [TRAIN] stage=finetune epoch=1/1 batch=360/3000 step=360 repair=0.07301 localization=0 type=0 minimal=0.03964 physics=0 total=0.0734
[TRAIN train_climax_residual_repair_s42] [TRAIN] stage=finetune epoch=1/1 batch=370/3000 step=370 repair=0.1174 localization=0 type=0 minimal=0.03958 physics=0 total=0.1177
[TRAIN train_climax_residual_repair_s42] [TRAIN] stage=finetune epoch=1/1 batch=380/3000 step=380 repair=0.08802 localization=0 type=0 minimal=0.04343 physics=0 total=0.08845
[TRAIN train_climax_residual_repair_s42] [TRAIN] stage=finetune epoch=1/1 batch=390/3000 step=390 repair=0.1307 localization=0 type=0 minimal=0.0437 physics=0 total=0.1312
[TRAIN train_climax_residual_repair_s42] [TRAIN] stage=finetune epoch=1/1 batch=400/3000 step=400 repair=0.1539 localization=0 type=0 minimal=0.03946 physics=0 total=0.1543
[TRAIN train_climax_residual_repair_s42] [TRAIN] stage=finetune epoch=1/1 batch=410/3000 step=410 repair=0.1285 localization=0 type=0 minimal=0.03995 physics=0 total=0.1289
[TRAIN train_climax_residual_repair_s42] [TRAIN] stage=finetune epoch=1/1 batch=420/3000 step=420 repair=0.1232 localization=0 type=0 minimal=0.04465 physics=0 total=0.1236
[TRAIN train_climax_residual_repair_s42] [TRAIN] stage=finetune epoch=1/1 batch=430/3000 step=430 repair=0.07874 localization=0 type=0 minimal=0.0423 physics=0 total=0.07917
[TRAIN train_climax_residual_repair_s42] [TRAIN] stage=finetune epoch=1/1 batch=440/3000 step=440 repair=0.1199 localization=0 type=0 minimal=0.03931 physics=0 total=0.1203
[TRAIN train_climax_residual_repair_s42] [TRAIN] stage=finetune epoch=1/1 batch=450/3000 step=450 repair=0.0724 localization=0 type=0 minimal=0.04535 physics=0 total=0.07286
[TRAIN train_climax_residual_repair_s42] [TRAIN] stage=finetune epoch=1/1 batch=460/3000 step=460 repair=0.1293 localization=0 type=0 minimal=0.04257 physics=0 total=0.1297
[TRAIN train_climax_residual_repair_s42] [TRAIN] stage=finetune epoch=1/1 batch=470/3000 step=470 repair=0.118 localization=0 type=0 minimal=0.03824 physics=0 total=0.1184
[TRAIN train_climax_residual_repair_s42] [TRAIN] stage=finetune epoch=1/1 batch=480/3000 step=480 repair=0.06896 localization=0 type=0 minimal=0.05035 physics=0 total=0.06946
[TRAIN train_climax_residual_repair_s42] [TRAIN] stage=finetune epoch=1/1 batch=490/3000 step=490 repair=0.124 localization=0 type=0 minimal=0.0444 physics=0 total=0.1244
[TRAIN train_climax_residual_repair_s42] [TRAIN] stage=finetune epoch=1/1 batch=500/3000 step=500 repair=0.08958 localization=0 type=0 minimal=0.04819 physics=0 total=0.09006
[TRAIN train_climax_residual_repair_s42] [TRAIN] stage=finetune epoch=1/1 batch=510/3000 step=510 repair=0.07506 localization=0 type=0 minimal=0.0495 physics=0 total=0.07555
[TRAIN train_climax_residual_repair_s42] [TRAIN] stage=finetune epoch=1/1 batch=520/3000 step=520 repair=0.07805 localization=0 type=0 minimal=0.04807 physics=0 total=0.07853
[TRAIN train_climax_residual_repair_s42] [TRAIN] stage=finetune epoch=1/1 batch=530/3000 step=530 repair=0.1114 localization=0 type=0 minimal=0.04581 physics=0 total=0.1119
[TRAIN train_climax_residual_repair_s42] [TRAIN] stage=finetune epoch=1/1 batch=540/3000 step=540 repair=0.06786 localization=0 type=0 minimal=0.05353 physics=0 total=0.0684
[TRAIN train_climax_residual_repair_s42] [TRAIN] stage=finetune epoch=1/1 batch=550/3000 step=550 repair=0.0647 localization=0 type=0 minimal=0.05298 physics=0 total=0.06523
[TRAIN train_climax_residual_repair_s42] [TRAIN] stage=finetune epoch=1/1 batch=560/3000 step=560 repair=0.08903 localization=0 type=0 minimal=0.04446 physics=0 total=0.08947
[TRAIN train_climax_residual_repair_s42] [TRAIN] stage=finetune epoch=1/1 batch=570/3000 step=570 repair=0.08665 localization=0 type=0 minimal=0.0451 physics=0 total=0.0871
[TRAIN train_climax_residual_repair_s42] [TRAIN] stage=finetune epoch=1/1 batch=580/3000 step=580 repair=0.1113 localization=0 type=0 minimal=0.04465 physics=0 total=0.1118
[TRAIN train_climax_residual_repair_s42] [TRAIN] stage=finetune epoch=1/1 batch=590/3000 step=590 repair=0.08183 localization=0 type=0 minimal=0.05414 physics=0 total=0.08237
[TRAIN train_climax_residual_repair_s42] [TRAIN] stage=finetune epoch=1/1 batch=600/3000 step=600 repair=0.1029 localization=0 type=0 minimal=0.04794 physics=0 total=0.1034
[TRAIN train_climax_residual_repair_s42] [TRAIN] stage=finetune epoch=1/1 batch=610/3000 step=610 repair=0.09546 localization=0 type=0 minimal=0.04861 physics=0 total=0.09594
[TRAIN train_climax_residual_repair_s42] [TRAIN] stage=finetune epoch=1/1 batch=620/3000 step=620 repair=0.1278 localization=0 type=0 minimal=0.0462 physics=0 total=0.1283
[TRAIN train_climax_residual_repair_s42] [TRAIN] stage=finetune epoch=1/1 batch=630/3000 step=630 repair=0.08061 localization=0 type=0 minimal=0.0527 physics=0 total=0.08114
[TRAIN train_climax_residual_repair_s42] [TRAIN] stage=finetune epoch=1/1 batch=640/3000 step=640 repair=0.07701 localization=0 type=0 minimal=0.05273 physics=0 total=0.07754
[TRAIN train_climax_residual_repair_s42] [TRAIN] stage=finetune epoch=1/1 batch=650/3000 step=650 repair=0.1115 localization=0 type=0 minimal=0.04974 physics=0 total=0.112
[TRAIN train_climax_residual_repair_s42] [TRAIN] stage=finetune epoch=1/1 batch=660/3000 step=660 repair=0.1685 localization=0 type=0 minimal=0.03891 physics=0 total=0.1688
[TRAIN train_climax_residual_repair_s42] [TRAIN] stage=finetune epoch=1/1 batch=670/3000 step=670 repair=0.1489 localization=0 type=0 minimal=0.03845 physics=0 total=0.1493
[TRAIN train_climax_residual_repair_s42] [TRAIN] stage=finetune epoch=1/1 batch=680/3000 step=680 repair=0.07773 localization=0 type=0 minimal=0.05582 physics=0 total=0.07829
[TRAIN train_climax_residual_repair_s42] [TRAIN] stage=finetune epoch=1/1 batch=690/3000 step=690 repair=0.06263 localization=0 type=0 minimal=0.0639 physics=0 total=0.06327
[TRAIN train_climax_residual_repair_s42] [TRAIN] stage=finetune epoch=1/1 batch=700/3000 step=700 repair=0.126 localization=0 type=0 minimal=0.04352 physics=0 total=0.1264
[TRAIN train_climax_residual_repair_s42] [TRAIN] stage=finetune epoch=1/1 batch=710/3000 step=710 repair=0.1031 localization=0 type=0 minimal=0.05118 physics=0 total=0.1036
[TRAIN train_climax_residual_repair_s42] [TRAIN] stage=finetune epoch=1/1 batch=720/3000 step=720 repair=0.07769 localization=0 type=0 minimal=0.06024 physics=0 total=0.07829
[TRAIN train_climax_residual_repair_s42] [TRAIN] stage=finetune epoch=1/1 batch=730/3000 step=730 repair=0.1185 localization=0 type=0 minimal=0.04437 physics=0 total=0.119
[TRAIN train_climax_residual_repair_s42] [TRAIN] stage=finetune epoch=1/1 batch=740/3000 step=740 repair=0.07053 localization=0 type=0 minimal=0.05734 physics=0 total=0.0711
[TRAIN train_climax_residual_repair_s42] [TRAIN] stage=finetune epoch=1/1 batch=750/3000 step=750 repair=0.06653 localization=0 type=0 minimal=0.06238 physics=0 total=0.06715
[TRAIN train_climax_residual_repair_s42] [TRAIN] stage=finetune epoch=1/1 batch=760/3000 step=760 repair=0.06509 localization=0 type=0 minimal=0.0675 physics=0 total=0.06577
[TRAIN train_climax_residual_repair_s42] [TRAIN] stage=finetune epoch=1/1 batch=770/3000 step=770 repair=0.1214 localization=0 type=0 minimal=0.0556 physics=0 total=0.122
[TRAIN train_climax_residual_repair_s42] [TRAIN] stage=finetune epoch=1/1 batch=780/3000 step=780 repair=0.1118 localization=0 type=0 minimal=0.04486 physics=0 total=0.1123
[TRAIN train_climax_residual_repair_s42] [TRAIN] stage=finetune epoch=1/1 batch=790/3000 step=790 repair=0.07807 localization=0 type=0 minimal=0.05896 physics=0 total=0.07866
[TRAIN train_climax_residual_repair_s42] [TRAIN] stage=finetune epoch=1/1 batch=800/3000 step=800 repair=0.1458 localization=0 type=0 minimal=0.04041 physics=0 total=0.1462
[TRAIN train_climax_residual_repair_s42] [TRAIN] stage=finetune epoch=1/1 batch=810/3000 step=810 repair=0.134 localization=0 type=0 minimal=0.04419 physics=0 total=0.1344
[TRAIN train_climax_residual_repair_s42] [TRAIN] stage=finetune epoch=1/1 batch=820/3000 step=820 repair=0.1145 localization=0 type=0 minimal=0.0574 physics=0 total=0.1151
[TRAIN train_climax_residual_repair_s42] [TRAIN] stage=finetune epoch=1/1 batch=830/3000 step=830 repair=0.1245 localization=0 type=0 minimal=0.04517 physics=0 total=0.1249
[TRAIN train_climax_residual_repair_s42] [TRAIN] stage=finetune epoch=1/1 batch=840/3000 step=840 repair=0.1228 localization=0 type=0 minimal=0.04971 physics=0 total=0.1233
[TRAIN train_climax_residual_repair_s42] [TRAIN] stage=finetune epoch=1/1 batch=850/3000 step=850 repair=0.07205 localization=0 type=0 minimal=0.05988 physics=0 total=0.07265
[TRAIN train_climax_residual_repair_s42] [TRAIN] stage=finetune epoch=1/1 batch=860/3000 step=860 repair=0.1234 localization=0 type=0 minimal=0.04581 physics=0 total=0.1238
[TRAIN train_climax_residual_repair_s42] [TRAIN] stage=finetune epoch=1/1 batch=870/3000 step=870 repair=0.06587 localization=0 type=0 minimal=0.07336 physics=0 total=0.06661
[TRAIN train_climax_residual_repair_s42] [TRAIN] stage=finetune epoch=1/1 batch=880/3000 step=880 repair=0.1197 localization=0 type=0 minimal=0.04953 physics=0 total=0.1202
[TRAIN train_climax_residual_repair_s42] [TRAIN] stage=finetune epoch=1/1 batch=890/3000 step=890 repair=0.08024 localization=0 type=0 minimal=0.04883 physics=0 total=0.08073
[TRAIN train_climax_residual_repair_s42] [TRAIN] stage=finetune epoch=1/1 batch=900/3000 step=900 repair=0.1305 localization=0 type=0 minimal=0.05466 physics=0 total=0.131
[TRAIN train_climax_residual_repair_s42] [TRAIN] stage=finetune epoch=1/1 batch=910/3000 step=910 repair=0.098 localization=0 type=0 minimal=0.05814 physics=0 total=0.09858
[TRAIN train_climax_residual_repair_s42] [TRAIN] stage=finetune epoch=1/1 batch=920/3000 step=920 repair=0.1584 localization=0 type=0 minimal=0.04135 physics=0 total=0.1588
[TRAIN train_climax_residual_repair_s42] [TRAIN] stage=finetune epoch=1/1 batch=930/3000 step=930 repair=0.1149 localization=0 type=0 minimal=0.05579 physics=0 total=0.1155
[TRAIN train_climax_residual_repair_s42] [TRAIN] stage=finetune epoch=1/1 batch=940/3000 step=940 repair=0.08357 localization=0 type=0 minimal=0.05078 physics=0 total=0.08407
[TRAIN train_climax_residual_repair_s42] [TRAIN] stage=finetune epoch=1/1 batch=950/3000 step=950 repair=0.1046 localization=0 type=0 minimal=0.05786 physics=0 total=0.1051
[TRAIN train_climax_residual_repair_s42] [TRAIN] stage=finetune epoch=1/1 batch=960/3000 step=960 repair=0.1246 localization=0 type=0 minimal=0.04675 physics=0 total=0.125
[TRAIN train_climax_residual_repair_s42] [TRAIN] stage=finetune epoch=1/1 batch=970/3000 step=970 repair=0.1196 localization=0 type=0 minimal=0.04733 physics=0 total=0.1201
[TRAIN train_climax_residual_repair_s42] [TRAIN] stage=finetune epoch=1/1 batch=980/3000 step=980 repair=0.1178 localization=0 type=0 minimal=0.04947 physics=0 total=0.1183
[TRAIN train_climax_residual_repair_s42] [TRAIN] stage=finetune epoch=1/1 batch=990/3000 step=990 repair=0.0893 localization=0 type=0 minimal=0.05392 physics=0 total=0.08984
[TRAIN train_climax_residual_repair_s42] [TRAIN] stage=finetune epoch=1/1 batch=1000/3000 step=1000 repair=0.07143 localization=0 type=0 minimal=0.06952 physics=0 total=0.07212
[TRAIN train_climax_residual_repair_s42] [TRAIN] stage=finetune epoch=1/1 batch=1010/3000 step=1010 repair=0.07507 localization=0 type=0 minimal=0.06238 physics=0 total=0.07569
[TRAIN train_climax_residual_repair_s42] [TRAIN] stage=finetune epoch=1/1 batch=1020/3000 step=1020 repair=0.1602 localization=0 type=0 minimal=0.04013 physics=0 total=0.1606
[TRAIN train_climax_residual_repair_s42] [TRAIN] stage=finetune epoch=1/1 batch=1030/3000 step=1030 repair=0.1205 localization=0 type=0 minimal=0.05014 physics=0 total=0.121
[TRAIN train_climax_residual_repair_s42] [TRAIN] stage=finetune epoch=1/1 batch=1040/3000 step=1040 repair=0.07088 localization=0 type=0 minimal=0.06635 physics=0 total=0.07155
[TRAIN train_climax_residual_repair_s42] [TRAIN] stage=finetune epoch=1/1 batch=1050/3000 step=1050 repair=0.11 localization=0 type=0 minimal=0.05646 physics=0 total=0.1106
[TRAIN train_climax_residual_repair_s42] [TRAIN] stage=finetune epoch=1/1 batch=1060/3000 step=1060 repair=0.07884 localization=0 type=0 minimal=0.06311 physics=0 total=0.07947
[TRAIN train_climax_residual_repair_s42] [TRAIN] stage=finetune epoch=1/1 batch=1070/3000 step=1070 repair=0.1503 localization=0 type=0 minimal=0.04407 physics=0 total=0.1507
[TRAIN train_climax_residual_repair_s42] [TRAIN] stage=finetune epoch=1/1 batch=1080/3000 step=1080 repair=0.08391 localization=0 type=0 minimal=0.05475 physics=0 total=0.08446
[TRAIN train_climax_residual_repair_s42] [TRAIN] stage=finetune epoch=1/1 batch=1090/3000 step=1090 repair=0.1073 localization=0 type=0 minimal=0.06036 physics=0 total=0.1079
[TRAIN train_climax_residual_repair_s42] [TRAIN] stage=finetune epoch=1/1 batch=1100/3000 step=1100 repair=0.06017 localization=0 type=0 minimal=0.07404 physics=0 total=0.06091
[TRAIN train_climax_residual_repair_s42] [TRAIN] stage=finetune epoch=1/1 batch=1110/3000 step=1110 repair=0.1284 localization=0 type=0 minimal=0.04776 physics=0 total=0.1289
[TRAIN train_climax_residual_repair_s42] [TRAIN] stage=finetune epoch=1/1 batch=1120/3000 step=1120 repair=0.1489 localization=0 type=0 minimal=0.04248 physics=0 total=0.1493
[TRAIN train_climax_residual_repair_s42] [TRAIN] stage=finetune epoch=1/1 batch=1130/3000 step=1130 repair=0.1084 localization=0 type=0 minimal=0.05716 physics=0 total=0.1089
[TRAIN train_climax_residual_repair_s42] [TRAIN] stage=finetune epoch=1/1 batch=1140/3000 step=1140 repair=0.1575 localization=0 type=0 minimal=0.04282 physics=0 total=0.1579
[TRAIN train_climax_residual_repair_s42] [TRAIN] stage=finetune epoch=1/1 batch=1150/3000 step=1150 repair=0.1265 localization=0 type=0 minimal=0.04871 physics=0 total=0.127
[TRAIN train_climax_residual_repair_s42] [TRAIN] stage=finetune epoch=1/1 batch=1160/3000 step=1160 repair=0.1444 localization=0 type=0 minimal=0.04239 physics=0 total=0.1448
[TRAIN train_climax_residual_repair_s42] [TRAIN] stage=finetune epoch=1/1 batch=1170/3000 step=1170 repair=0.1407 localization=0 type=0 minimal=0.04144 physics=0 total=0.1411
[TRAIN train_climax_residual_repair_s42] [TRAIN] stage=finetune epoch=1/1 batch=1180/3000 step=1180 repair=0.118 localization=0 type=0 minimal=0.04626 physics=0 total=0.1185
[TRAIN train_climax_residual_repair_s42] [TRAIN] stage=finetune epoch=1/1 batch=1190/3000 step=1190 repair=0.07161 localization=0 type=0 minimal=0.06458 physics=0 total=0.07225
[TRAIN train_climax_residual_repair_s42] [TRAIN] stage=finetune epoch=1/1 batch=1200/3000 step=1200 repair=0.06025 localization=0 type=0 minimal=0.07904 physics=0 total=0.06104
[TRAIN train_climax_residual_repair_s42] [TRAIN] stage=finetune epoch=1/1 batch=1210/3000 step=1210 repair=0.1572 localization=0 type=0 minimal=0.03937 physics=0 total=0.1576
[TRAIN train_climax_residual_repair_s42] [TRAIN] stage=finetune epoch=1/1 batch=1220/3000 step=1220 repair=0.09949 localization=0 type=0 minimal=0.06024 physics=0 total=0.1001
[TRAIN train_climax_residual_repair_s42] [TRAIN] stage=finetune epoch=1/1 batch=1230/3000 step=1230 repair=0.07326 localization=0 type=0 minimal=0.06927 physics=0 total=0.07396
[TRAIN train_climax_residual_repair_s42] [TRAIN] stage=finetune epoch=1/1 batch=1240/3000 step=1240 repair=0.05521 localization=0 type=0 minimal=0.07971 physics=0 total=0.05601
[TRAIN train_climax_residual_repair_s42] [TRAIN] stage=finetune epoch=1/1 batch=1250/3000 step=1250 repair=0.07215 localization=0 type=0 minimal=0.06812 physics=0 total=0.07283
[TRAIN train_climax_residual_repair_s42] [TRAIN] stage=finetune epoch=1/1 batch=1260/3000 step=1260 repair=0.06724 localization=0 type=0 minimal=0.07074 physics=0 total=0.06795
[TRAIN train_climax_residual_repair_s42] [TRAIN] stage=finetune epoch=1/1 batch=1270/3000 step=1270 repair=0.1207 localization=0 type=0 minimal=0.06445 physics=0 total=0.1214
[TRAIN train_climax_residual_repair_s42] [TRAIN] stage=finetune epoch=1/1 batch=1280/3000 step=1280 repair=0.07931 localization=0 type=0 minimal=0.05518 physics=0 total=0.07986
[TRAIN train_climax_residual_repair_s42] [TRAIN] stage=finetune epoch=1/1 batch=1290/3000 step=1290 repair=0.08477 localization=0 type=0 minimal=0.05322 physics=0 total=0.08531
[TRAIN train_climax_residual_repair_s42] [TRAIN] stage=finetune epoch=1/1 batch=1300/3000 step=1300 repair=0.1171 localization=0 type=0 minimal=0.04477 physics=0 total=0.1175
[TRAIN train_climax_residual_repair_s42] [TRAIN] stage=finetune epoch=1/1 batch=1310/3000 step=1310 repair=0.06986 localization=0 type=0 minimal=0.0683 physics=0 total=0.07054
[TRAIN train_climax_residual_repair_s42] [TRAIN] stage=finetune epoch=1/1 batch=1320/3000 step=1320 repair=0.06015 localization=0 type=0 minimal=0.08221 physics=0 total=0.06097
[TRAIN train_climax_residual_repair_s42] [TRAIN] stage=finetune epoch=1/1 batch=1330/3000 step=1330 repair=0.1648 localization=0 type=0 minimal=0.04568 physics=0 total=0.1653
[TRAIN train_climax_residual_repair_s42] [TRAIN] stage=finetune epoch=1/1 batch=1340/3000 step=1340 repair=0.1231 localization=0 type=0 minimal=0.04916 physics=0 total=0.1236
[TRAIN train_climax_residual_repair_s42] [TRAIN] stage=finetune epoch=1/1 batch=1350/3000 step=1350 repair=0.08082 localization=0 type=0 minimal=0.05795 physics=0 total=0.0814
[TRAIN train_climax_residual_repair_s42] [TRAIN] stage=finetune epoch=1/1 batch=1360/3000 step=1360 repair=0.1634 localization=0 type=0 minimal=0.04318 physics=0 total=0.1638
[TRAIN train_climax_residual_repair_s42] [TRAIN] stage=finetune epoch=1/1 batch=1370/3000 step=1370 repair=0.06973 localization=0 type=0 minimal=0.06787 physics=0 total=0.07041
[TRAIN train_climax_residual_repair_s42] [TRAIN] stage=finetune epoch=1/1 batch=1380/3000 step=1380 repair=0.1503 localization=0 type=0 minimal=0.04367 physics=0 total=0.1507
[TRAIN train_climax_residual_repair_s42] [TRAIN] stage=finetune epoch=1/1 batch=1390/3000 step=1390 repair=0.1047 localization=0 type=0 minimal=0.06256 physics=0 total=0.1054
[TRAIN train_climax_residual_repair_s42] [TRAIN] stage=finetune epoch=1/1 batch=1400/3000 step=1400 repair=0.1028 localization=0 type=0 minimal=0.05978 physics=0 total=0.1034
[TRAIN train_climax_residual_repair_s42] [TRAIN] stage=finetune epoch=1/1 batch=1410/3000 step=1410 repair=0.0913 localization=0 type=0 minimal=0.05872 physics=0 total=0.09189
[TRAIN train_climax_residual_repair_s42] [TRAIN] stage=finetune epoch=1/1 batch=1420/3000 step=1420 repair=0.1072 localization=0 type=0 minimal=0.06396 physics=0 total=0.1078
[TRAIN train_climax_residual_repair_s42] [TRAIN] stage=finetune epoch=1/1 batch=1430/3000 step=1430 repair=0.05783 localization=0 type=0 minimal=0.08405 physics=0 total=0.05867
[TRAIN train_climax_residual_repair_s42] [TRAIN] stage=finetune epoch=1/1 batch=1440/3000 step=1440 repair=0.07377 localization=0 type=0 minimal=0.07281 physics=0 total=0.0745
[TRAIN train_climax_residual_repair_s42] [TRAIN] stage=finetune epoch=1/1 batch=1450/3000 step=1450 repair=0.1602 localization=0 type=0 minimal=0.04373 physics=0 total=0.1606
[TRAIN train_climax_residual_repair_s42] [TRAIN] stage=finetune epoch=1/1 batch=1460/3000 step=1460 repair=0.06766 localization=0 type=0 minimal=0.06927 physics=0 total=0.06836
[TRAIN train_climax_residual_repair_s42] [TRAIN] stage=finetune epoch=1/1 batch=1470/3000 step=1470 repair=0.1261 localization=0 type=0 minimal=0.05023 physics=0 total=0.1266
[TRAIN train_climax_residual_repair_s42] [TRAIN] stage=finetune epoch=1/1 batch=1480/3000 step=1480 repair=0.117 localization=0 type=0 minimal=0.04666 physics=0 total=0.1175
[TRAIN train_climax_residual_repair_s42] [TRAIN] stage=finetune epoch=1/1 batch=1490/3000 step=1490 repair=0.1072 localization=0 type=0 minimal=0.06555 physics=0 total=0.1078
[TRAIN train_climax_residual_repair_s42] [TRAIN] stage=finetune epoch=1/1 batch=1500/3000 step=1500 repair=0.08523 localization=0 type=0 minimal=0.05869 physics=0 total=0.08582
[TRAIN train_climax_residual_repair_s42] [TRAIN] stage=finetune epoch=1/1 batch=1510/3000 step=1510 repair=0.1042 localization=0 type=0 minimal=0.06305 physics=0 total=0.1049
[TRAIN train_climax_residual_repair_s42] [TRAIN] stage=finetune epoch=1/1 batch=1520/3000 step=1520 repair=0.1719 localization=0 type=0 minimal=0.04285 physics=0 total=0.1724
[TRAIN train_climax_residual_repair_s42] [TRAIN] stage=finetune epoch=1/1 batch=1530/3000 step=1530 repair=0.06634 localization=0 type=0 minimal=0.07422 physics=0 total=0.06708
[TRAIN train_climax_residual_repair_s42] [TRAIN] stage=finetune epoch=1/1 batch=1540/3000 step=1540 repair=0.08484 localization=0 type=0 minimal=0.05157 physics=0 total=0.08535
[TRAIN train_climax_residual_repair_s42] [TRAIN] stage=finetune epoch=1/1 batch=1550/3000 step=1550 repair=0.05555 localization=0 type=0 minimal=0.08435 physics=0 total=0.05639
[TRAIN train_climax_residual_repair_s42] [TRAIN] stage=finetune epoch=1/1 batch=1560/3000 step=1560 repair=0.05736 localization=0 type=0 minimal=0.08679 physics=0 total=0.05823
[TRAIN train_climax_residual_repair_s42] [TRAIN] stage=finetune epoch=1/1 batch=1570/3000 step=1570 repair=0.1044 localization=0 type=0 minimal=0.06299 physics=0 total=0.105
[TRAIN train_climax_residual_repair_s42] [TRAIN] stage=finetune epoch=1/1 batch=1580/3000 step=1580 repair=0.1071 localization=0 type=0 minimal=0.0636 physics=0 total=0.1078
[TRAIN train_climax_residual_repair_s42] [TRAIN] stage=finetune epoch=1/1 batch=1590/3000 step=1590 repair=0.1109 localization=0 type=0 minimal=0.0618 physics=0 total=0.1115
[TRAIN train_climax_residual_repair_s42] [TRAIN] stage=finetune epoch=1/1 batch=1600/3000 step=1600 repair=0.112 localization=0 type=0 minimal=0.05292 physics=0 total=0.1126
[TRAIN train_climax_residual_repair_s42] [TRAIN] stage=finetune epoch=1/1 batch=1610/3000 step=1610 repair=0.1023 localization=0 type=0 minimal=0.06293 physics=0 total=0.1029
[TRAIN train_climax_residual_repair_s42] [TRAIN] stage=finetune epoch=1/1 batch=1620/3000 step=1620 repair=0.165 localization=0 type=0 minimal=0.04224 physics=0 total=0.1654
[TRAIN train_climax_residual_repair_s42] [TRAIN] stage=finetune epoch=1/1 batch=1630/3000 step=1630 repair=0.1024 localization=0 type=0 minimal=0.065 physics=0 total=0.1031
[TRAIN train_climax_residual_repair_s42] [TRAIN] stage=finetune epoch=1/1 batch=1640/3000 step=1640 repair=0.07149 localization=0 type=0 minimal=0.07227 physics=0 total=0.07221
[TRAIN train_climax_residual_repair_s42] [TRAIN] stage=finetune epoch=1/1 batch=1650/3000 step=1650 repair=0.104 localization=0 type=0 minimal=0.06482 physics=0 total=0.1046
[TRAIN train_climax_residual_repair_s42] [TRAIN] stage=finetune epoch=1/1 batch=1660/3000 step=1660 repair=0.07345 localization=0 type=0 minimal=0.07404 physics=0 total=0.07419
[TRAIN train_climax_residual_repair_s42] [TRAIN] stage=finetune epoch=1/1 batch=1670/3000 step=1670 repair=0.1056 localization=0 type=0 minimal=0.06671 physics=0 total=0.1063
[TRAIN train_climax_residual_repair_s42] [TRAIN] stage=finetune epoch=1/1 batch=1680/3000 step=1680 repair=0.1076 localization=0 type=0 minimal=0.0697 physics=0 total=0.1083
[TRAIN train_climax_residual_repair_s42] [TRAIN] stage=finetune epoch=1/1 batch=1690/3000 step=1690 repair=0.07023 localization=0 type=0 minimal=0.07227 physics=0 total=0.07096
[TRAIN train_climax_residual_repair_s42] [TRAIN] stage=finetune epoch=1/1 batch=1700/3000 step=1700 repair=0.0994 localization=0 type=0 minimal=0.06543 physics=0 total=0.1001
[TRAIN train_climax_residual_repair_s42] [TRAIN] stage=finetune epoch=1/1 batch=1710/3000 step=1710 repair=0.05343 localization=0 type=0 minimal=0.0863 physics=0 total=0.05429
[TRAIN train_climax_residual_repair_s42] [TRAIN] stage=finetune epoch=1/1 batch=1720/3000 step=1720 repair=0.06607 localization=0 type=0 minimal=0.07513 physics=0 total=0.06682
[TRAIN train_climax_residual_repair_s42] [TRAIN] stage=finetune epoch=1/1 batch=1730/3000 step=1730 repair=0.1167 localization=0 type=0 minimal=0.05075 physics=0 total=0.1173
[TRAIN train_climax_residual_repair_s42] [TRAIN] stage=finetune epoch=1/1 batch=1740/3000 step=1740 repair=0.07179 localization=0 type=0 minimal=0.07397 physics=0 total=0.07253
[TRAIN train_climax_residual_repair_s42] [TRAIN] stage=finetune epoch=1/1 batch=1750/3000 step=1750 repair=0.05569 localization=0 type=0 minimal=0.08887 physics=0 total=0.05658
[TRAIN train_climax_residual_repair_s42] [TRAIN] stage=finetune epoch=1/1 batch=1760/3000 step=1760 repair=0.06305 localization=0 type=0 minimal=0.0741 physics=0 total=0.06379
[TRAIN train_climax_residual_repair_s42] [TRAIN] stage=finetune epoch=1/1 batch=1770/3000 step=1770 repair=0.0547 localization=0 type=0 minimal=0.09039 physics=0 total=0.0556
[TRAIN train_climax_residual_repair_s42] [TRAIN] stage=finetune epoch=1/1 batch=1780/3000 step=1780 repair=0.09838 localization=0 type=0 minimal=0.06891 physics=0 total=0.09906
[TRAIN train_climax_residual_repair_s42] [TRAIN] stage=finetune epoch=1/1 batch=1790/3000 step=1790 repair=0.08634 localization=0 type=0 minimal=0.0596 physics=0 total=0.08694
[TRAIN train_climax_residual_repair_s42] [TRAIN] stage=finetune epoch=1/1 batch=1800/3000 step=1800 repair=0.06933 localization=0 type=0 minimal=0.07361 physics=0 total=0.07007
[TRAIN train_climax_residual_repair_s42] [TRAIN] stage=finetune epoch=1/1 batch=1810/3000 step=1810 repair=0.1483 localization=0 type=0 minimal=0.04648 physics=0 total=0.1488
[TRAIN train_climax_residual_repair_s42] [TRAIN] stage=finetune epoch=1/1 batch=1820/3000 step=1820 repair=0.08818 localization=0 type=0 minimal=0.06155 physics=0 total=0.0888
[TRAIN train_climax_residual_repair_s42] [TRAIN] stage=finetune epoch=1/1 batch=1830/3000 step=1830 repair=0.06363 localization=0 type=0 minimal=0.07324 physics=0 total=0.06436
[TRAIN train_climax_residual_repair_s42] [TRAIN] stage=finetune epoch=1/1 batch=1840/3000 step=1840 repair=0.1565 localization=0 type=0 minimal=0.04266 physics=0 total=0.1569
[TRAIN train_climax_residual_repair_s42] [TRAIN] stage=finetune epoch=1/1 batch=1850/3000 step=1850 repair=0.05211 localization=0 type=0 minimal=0.09406 physics=0 total=0.05305
[TRAIN train_climax_residual_repair_s42] [TRAIN] stage=finetune epoch=1/1 batch=1860/3000 step=1860 repair=0.06637 localization=0 type=0 minimal=0.07544 physics=0 total=0.06713
[TRAIN train_climax_residual_repair_s42] [TRAIN] stage=finetune epoch=1/1 batch=1870/3000 step=1870 repair=0.1099 localization=0 type=0 minimal=0.07104 physics=0 total=0.1106
[TRAIN train_climax_residual_repair_s42] [TRAIN] stage=finetune epoch=1/1 batch=1880/3000 step=1880 repair=0.1115 localization=0 type=0 minimal=0.04907 physics=0 total=0.112
[TRAIN train_climax_residual_repair_s42] [TRAIN] stage=finetune epoch=1/1 batch=1890/3000 step=1890 repair=0.1115 localization=0 type=0 minimal=0.04907 physics=0 total=0.112
[TRAIN train_climax_residual_repair_s42] [TRAIN] stage=finetune epoch=1/1 batch=1900/3000 step=1900 repair=0.1238 localization=0 type=0 minimal=0.05231 physics=0 total=0.1243
[TRAIN train_climax_residual_repair_s42] [TRAIN] stage=finetune epoch=1/1 batch=1910/3000 step=1910 repair=0.1379 localization=0 type=0 minimal=0.04697 physics=0 total=0.1384
[TRAIN train_climax_residual_repair_s42] [TRAIN] stage=finetune epoch=1/1 batch=1920/3000 step=1920 repair=0.08646 localization=0 type=0 minimal=0.06165 physics=0 total=0.08708
[TRAIN train_climax_residual_repair_s42] [TRAIN] stage=finetune epoch=1/1 batch=1930/3000 step=1930 repair=0.1217 localization=0 type=0 minimal=0.06891 physics=0 total=0.1224
[TRAIN train_climax_residual_repair_s42] [TRAIN] stage=finetune epoch=1/1 batch=1940/3000 step=1940 repair=0.08035 localization=0 type=0 minimal=0.07574 physics=0 total=0.0811
[TRAIN train_climax_residual_repair_s42] [TRAIN] stage=finetune epoch=1/1 batch=1950/3000 step=1950 repair=0.0696 localization=0 type=0 minimal=0.0705 physics=0 total=0.07031
[TRAIN train_climax_residual_repair_s42] [TRAIN] stage=finetune epoch=1/1 batch=1960/3000 step=1960 repair=0.06953 localization=0 type=0 minimal=0.07758 physics=0 total=0.07031
[TRAIN train_climax_residual_repair_s42] [TRAIN] stage=finetune epoch=1/1 batch=1970/3000 step=1970 repair=0.1605 localization=0 type=0 minimal=0.04288 physics=0 total=0.1609
[TRAIN train_climax_residual_repair_s42] [TRAIN] stage=finetune epoch=1/1 batch=1980/3000 step=1980 repair=0.155 localization=0 type=0 minimal=0.04321 physics=0 total=0.1554
[TRAIN train_climax_residual_repair_s42] [TRAIN] stage=finetune epoch=1/1 batch=1990/3000 step=1990 repair=0.08122 localization=0 type=0 minimal=0.06842 physics=0 total=0.0819
[TRAIN train_climax_residual_repair_s42] [TRAIN] stage=finetune epoch=1/1 batch=2000/3000 step=2000 repair=0.07671 localization=0 type=0 minimal=0.05655 physics=0 total=0.07727
[TRAIN train_climax_residual_repair_s42] [TRAIN] stage=finetune epoch=1/1 batch=2010/3000 step=2010 repair=0.1246 localization=0 type=0 minimal=0.04828 physics=0 total=0.125
[TRAIN train_climax_residual_repair_s42] [TRAIN] stage=finetune epoch=1/1 batch=2020/3000 step=2020 repair=0.09563 localization=0 type=0 minimal=0.07068 physics=0 total=0.09634
[TRAIN train_climax_residual_repair_s42] [TRAIN] stage=finetune epoch=1/1 batch=2030/3000 step=2030 repair=0.1183 localization=0 type=0 minimal=0.05081 physics=0 total=0.1188
[TRAIN train_climax_residual_repair_s42] [TRAIN] stage=finetune epoch=1/1 batch=2040/3000 step=2040 repair=0.05172 localization=0 type=0 minimal=0.09174 physics=0 total=0.05264
[TRAIN train_climax_residual_repair_s42] [TRAIN] stage=finetune epoch=1/1 batch=2050/3000 step=2050 repair=0.06406 localization=0 type=0 minimal=0.07452 physics=0 total=0.06481
[TRAIN train_climax_residual_repair_s42] [TRAIN] stage=finetune epoch=1/1 batch=2060/3000 step=2060 repair=0.1473 localization=0 type=0 minimal=0.04214 physics=0 total=0.1478
[TRAIN train_climax_residual_repair_s42] [TRAIN] stage=finetune epoch=1/1 batch=2070/3000 step=2070 repair=0.08005 localization=0 type=0 minimal=0.06665 physics=0 total=0.08072
[TRAIN train_climax_residual_repair_s42] [TRAIN] stage=finetune epoch=1/1 batch=2080/3000 step=2080 repair=0.0505 localization=0 type=0 minimal=0.09216 physics=0 total=0.05142
[TRAIN train_climax_residual_repair_s42] [TRAIN] stage=finetune epoch=1/1 batch=2090/3000 step=2090 repair=0.1203 localization=0 type=0 minimal=0.04791 physics=0 total=0.1208
[TRAIN train_climax_residual_repair_s42] [TRAIN] stage=finetune epoch=1/1 batch=2100/3000 step=2100 repair=0.07829 localization=0 type=0 minimal=0.06689 physics=0 total=0.07896
[TRAIN train_climax_residual_repair_s42] [TRAIN] stage=finetune epoch=1/1 batch=2110/3000 step=2110 repair=0.1082 localization=0 type=0 minimal=0.0741 physics=0 total=0.109
[TRAIN train_climax_residual_repair_s42] [TRAIN] stage=finetune epoch=1/1 batch=2120/3000 step=2120 repair=0.103 localization=0 type=0 minimal=0.06659 physics=0 total=0.1037
[TRAIN train_climax_residual_repair_s42] [TRAIN] stage=finetune epoch=1/1 batch=2130/3000 step=2130 repair=0.05181 localization=0 type=0 minimal=0.09064 physics=0 total=0.05271
[TRAIN train_climax_residual_repair_s42] [TRAIN] stage=finetune epoch=1/1 batch=2140/3000 step=2140 repair=0.0744 localization=0 type=0 minimal=0.08502 physics=0 total=0.07525
[TRAIN train_climax_residual_repair_s42] [TRAIN] stage=finetune epoch=1/1 batch=2150/3000 step=2150 repair=0.07934 localization=0 type=0 minimal=0.0578 physics=0 total=0.07992
[TRAIN train_climax_residual_repair_s42] [TRAIN] stage=finetune epoch=1/1 batch=2160/3000 step=2160 repair=0.08613 localization=0 type=0 minimal=0.06268 physics=0 total=0.08675
[TRAIN train_climax_residual_repair_s42] [TRAIN] stage=finetune epoch=1/1 batch=2170/3000 step=2170 repair=0.06902 localization=0 type=0 minimal=0.08386 physics=0 total=0.06986
[TRAIN train_climax_residual_repair_s42] [TRAIN] stage=finetune epoch=1/1 batch=2180/3000 step=2180 repair=0.1023 localization=0 type=0 minimal=0.05563 physics=0 total=0.1028
[TRAIN train_climax_residual_repair_s42] [TRAIN] stage=finetune epoch=1/1 batch=2190/3000 step=2190 repair=0.1085 localization=0 type=0 minimal=0.06824 physics=0 total=0.1091
[TRAIN train_climax_residual_repair_s42] [TRAIN] stage=finetune epoch=1/1 batch=2200/3000 step=2200 repair=0.1208 localization=0 type=0 minimal=0.05359 physics=0 total=0.1214
[TRAIN train_climax_residual_repair_s42] [TRAIN] stage=finetune epoch=1/1 batch=2210/3000 step=2210 repair=0.08787 localization=0 type=0 minimal=0.0658 physics=0 total=0.08853
[TRAIN train_climax_residual_repair_s42] [TRAIN] stage=finetune epoch=1/1 batch=2220/3000 step=2220 repair=0.06672 localization=0 type=0 minimal=0.08038 physics=0 total=0.06752
[TRAIN train_climax_residual_repair_s42] [TRAIN] stage=finetune epoch=1/1 batch=2230/3000 step=2230 repair=0.1027 localization=0 type=0 minimal=0.07025 physics=0 total=0.1034
[TRAIN train_climax_residual_repair_s42] [TRAIN] stage=finetune epoch=1/1 batch=2240/3000 step=2240 repair=0.1206 localization=0 type=0 minimal=0.05426 physics=0 total=0.1212
[TRAIN train_climax_residual_repair_s42] [TRAIN] stage=finetune epoch=1/1 batch=2250/3000 step=2250 repair=0.05059 localization=0 type=0 minimal=0.09534 physics=0 total=0.05154
[TRAIN train_climax_residual_repair_s42] [TRAIN] stage=finetune epoch=1/1 batch=2260/3000 step=2260 repair=0.06416 localization=0 type=0 minimal=0.07672 physics=0 total=0.06492
[TRAIN train_climax_residual_repair_s42] [TRAIN] stage=finetune epoch=1/1 batch=2270/3000 step=2270 repair=0.08293 localization=0 type=0 minimal=0.06537 physics=0 total=0.08358
[TRAIN train_climax_residual_repair_s42] [TRAIN] stage=finetune epoch=1/1 batch=2280/3000 step=2280 repair=0.1176 localization=0 type=0 minimal=0.05432 physics=0 total=0.1182
[TRAIN train_climax_residual_repair_s42] [TRAIN] stage=finetune epoch=1/1 batch=2290/3000 step=2290 repair=0.07088 localization=0 type=0 minimal=0.08234 physics=0 total=0.0717
[TRAIN train_climax_residual_repair_s42] [TRAIN] stage=finetune epoch=1/1 batch=2300/3000 step=2300 repair=0.06838 localization=0 type=0 minimal=0.07745 physics=0 total=0.06916
[TRAIN train_climax_residual_repair_s42] [TRAIN] stage=finetune epoch=1/1 batch=2310/3000 step=2310 repair=0.09768 localization=0 type=0 minimal=0.07019 physics=0 total=0.09839
[TRAIN train_climax_residual_repair_s42] [TRAIN] stage=finetune epoch=1/1 batch=2320/3000 step=2320 repair=0.1032 localization=0 type=0 minimal=0.06866 physics=0 total=0.1039
[TRAIN train_climax_residual_repair_s42] [TRAIN] stage=finetune epoch=1/1 batch=2330/3000 step=2330 repair=0.08823 localization=0 type=0 minimal=0.06052 physics=0 total=0.08884
[TRAIN train_climax_residual_repair_s42] [TRAIN] stage=finetune epoch=1/1 batch=2340/3000 step=2340 repair=0.1143 localization=0 type=0 minimal=0.05844 physics=0 total=0.1148
[TRAIN train_climax_residual_repair_s42] [TRAIN] stage=finetune epoch=1/1 batch=2350/3000 step=2350 repair=0.1275 localization=0 type=0 minimal=0.05505 physics=0 total=0.128
[TRAIN train_climax_residual_repair_s42] [TRAIN] stage=finetune epoch=1/1 batch=2360/3000 step=2360 repair=0.104 localization=0 type=0 minimal=0.07538 physics=0 total=0.1047
[TRAIN train_climax_residual_repair_s42] [TRAIN] stage=finetune epoch=1/1 batch=2370/3000 step=2370 repair=0.09875 localization=0 type=0 minimal=0.07007 physics=0 total=0.09945
[TRAIN train_climax_residual_repair_s42] [TRAIN] stage=finetune epoch=1/1 batch=2380/3000 step=2380 repair=0.08634 localization=0 type=0 minimal=0.06604 physics=0 total=0.087
[TRAIN train_climax_residual_repair_s42] [TRAIN] stage=finetune epoch=1/1 batch=2390/3000 step=2390 repair=0.121 localization=0 type=0 minimal=0.05569 physics=0 total=0.1216
[TRAIN train_climax_residual_repair_s42] [TRAIN] stage=finetune epoch=1/1 batch=2400/3000 step=2400 repair=0.1174 localization=0 type=0 minimal=0.07263 physics=0 total=0.1181
[TRAIN train_climax_residual_repair_s42] [TRAIN] stage=finetune epoch=1/1 batch=2410/3000 step=2410 repair=0.1303 localization=0 type=0 minimal=0.05551 physics=0 total=0.1309
[TRAIN train_climax_residual_repair_s42] [TRAIN] stage=finetune epoch=1/1 batch=2420/3000 step=2420 repair=0.06836 localization=0 type=0 minimal=0.08087 physics=0 total=0.06917
[TRAIN train_climax_residual_repair_s42] [TRAIN] stage=finetune epoch=1/1 batch=2430/3000 step=2430 repair=0.06969 localization=0 type=0 minimal=0.08002 physics=0 total=0.07049
[TRAIN train_climax_residual_repair_s42] [TRAIN] stage=finetune epoch=1/1 batch=2440/3000 step=2440 repair=0.07913 localization=0 type=0 minimal=0.08344 physics=0 total=0.07996
[TRAIN train_climax_residual_repair_s42] [TRAIN] stage=finetune epoch=1/1 batch=2450/3000 step=2450 repair=0.1197 localization=0 type=0 minimal=0.0542 physics=0 total=0.1202
[TRAIN train_climax_residual_repair_s42] [TRAIN] stage=finetune epoch=1/1 batch=2460/3000 step=2460 repair=0.1143 localization=0 type=0 minimal=0.05627 physics=0 total=0.1149
[TRAIN train_climax_residual_repair_s42] [TRAIN] stage=finetune epoch=1/1 batch=2470/3000 step=2470 repair=0.05261 localization=0 type=0 minimal=0.09497 physics=0 total=0.05356
[TRAIN train_climax_residual_repair_s42] [TRAIN] stage=finetune epoch=1/1 batch=2480/3000 step=2480 repair=0.1594 localization=0 type=0 minimal=0.04544 physics=0 total=0.1599
[TRAIN train_climax_residual_repair_s42] [TRAIN] stage=finetune epoch=1/1 batch=2490/3000 step=2490 repair=0.1089 localization=0 type=0 minimal=0.05518 physics=0 total=0.1095
[TRAIN train_climax_residual_repair_s42] [TRAIN] stage=finetune epoch=1/1 batch=2500/3000 step=2500 repair=0.1715 localization=0 type=0 minimal=0.04581 physics=0 total=0.172
[TRAIN train_climax_residual_repair_s42] [TRAIN] stage=finetune epoch=1/1 batch=2510/3000 step=2510 repair=0.06912 localization=0 type=0 minimal=0.0827 physics=0 total=0.06995
[TRAIN train_climax_residual_repair_s42] [TRAIN] stage=finetune epoch=1/1 batch=2520/3000 step=2520 repair=0.149 localization=0 type=0 minimal=0.0462 physics=0 total=0.1494
[TRAIN train_climax_residual_repair_s42] [TRAIN] stage=finetune epoch=1/1 batch=2530/3000 step=2530 repair=0.1121 localization=0 type=0 minimal=0.05353 physics=0 total=0.1126
[TRAIN train_climax_residual_repair_s42] [TRAIN] stage=finetune epoch=1/1 batch=2540/3000 step=2540 repair=0.08118 localization=0 type=0 minimal=0.0675 physics=0 total=0.08186
[TRAIN train_climax_residual_repair_s42] [TRAIN] stage=finetune epoch=1/1 batch=2550/3000 step=2550 repair=0.06693 localization=0 type=0 minimal=0.0769 physics=0 total=0.0677
[TRAIN train_climax_residual_repair_s42] [TRAIN] stage=finetune epoch=1/1 batch=2560/3000 step=2560 repair=0.0852 localization=0 type=0 minimal=0.05917 physics=0 total=0.08579
[TRAIN train_climax_residual_repair_s42] [TRAIN] stage=finetune epoch=1/1 batch=2570/3000 step=2570 repair=0.121 localization=0 type=0 minimal=0.05417 physics=0 total=0.1216
[TRAIN train_climax_residual_repair_s42] [TRAIN] stage=finetune epoch=1/1 batch=2580/3000 step=2580 repair=0.1581 localization=0 type=0 minimal=0.04718 physics=0 total=0.1585
[TRAIN train_climax_residual_repair_s42] [TRAIN] stage=finetune epoch=1/1 batch=2590/3000 step=2590 repair=0.09495 localization=0 type=0 minimal=0.07178 physics=0 total=0.09567
[TRAIN train_climax_residual_repair_s42] [TRAIN] stage=finetune epoch=1/1 batch=2600/3000 step=2600 repair=0.1231 localization=0 type=0 minimal=0.05508 physics=0 total=0.1236
[TRAIN train_climax_residual_repair_s42] [TRAIN] stage=finetune epoch=1/1 batch=2610/3000 step=2610 repair=0.1126 localization=0 type=0 minimal=0.07257 physics=0 total=0.1133
[TRAIN train_climax_residual_repair_s42] [TRAIN] stage=finetune epoch=1/1 batch=2620/3000 step=2620 repair=0.1168 localization=0 type=0 minimal=0.05856 physics=0 total=0.1174
[TRAIN train_climax_residual_repair_s42] [TRAIN] stage=finetune epoch=1/1 batch=2630/3000 step=2630 repair=0.05153 localization=0 type=0 minimal=0.09491 physics=0 total=0.05248
[TRAIN train_climax_residual_repair_s42] [TRAIN] stage=finetune epoch=1/1 batch=2640/3000 step=2640 repair=0.04836 localization=0 type=0 minimal=0.1008 physics=0 total=0.04937
[TRAIN train_climax_residual_repair_s42] [TRAIN] stage=finetune epoch=1/1 batch=2650/3000 step=2650 repair=0.08238 localization=0 type=0 minimal=0.06396 physics=0 total=0.08301
[TRAIN train_climax_residual_repair_s42] [TRAIN] stage=finetune epoch=1/1 batch=2660/3000 step=2660 repair=0.1145 localization=0 type=0 minimal=0.05478 physics=0 total=0.115
[TRAIN train_climax_residual_repair_s42] [TRAIN] stage=finetune epoch=1/1 batch=2670/3000 step=2670 repair=0.1092 localization=0 type=0 minimal=0.07104 physics=0 total=0.1099
[TRAIN train_climax_residual_repair_s42] [TRAIN] stage=finetune epoch=1/1 batch=2680/3000 step=2680 repair=0.1627 localization=0 type=0 minimal=0.04163 physics=0 total=0.1631
[TRAIN train_climax_residual_repair_s42] [TRAIN] stage=finetune epoch=1/1 batch=2690/3000 step=2690 repair=0.1152 localization=0 type=0 minimal=0.07648 physics=0 total=0.116
[TRAIN train_climax_residual_repair_s42] [TRAIN] stage=finetune epoch=1/1 batch=2700/3000 step=2700 repair=0.1066 localization=0 type=0 minimal=0.07269 physics=0 total=0.1073
[TRAIN train_climax_residual_repair_s42] [TRAIN] stage=finetune epoch=1/1 batch=2710/3000 step=2710 repair=0.106 localization=0 type=0 minimal=0.07098 physics=0 total=0.1067
[TRAIN train_climax_residual_repair_s42] [TRAIN] stage=finetune epoch=1/1 batch=2720/3000 step=2720 repair=0.1216 localization=0 type=0 minimal=0.05646 physics=0 total=0.1222
[TRAIN train_climax_residual_repair_s42] [TRAIN] stage=finetune epoch=1/1 batch=2730/3000 step=2730 repair=0.156 localization=0 type=0 minimal=0.04825 physics=0 total=0.1565
[TRAIN train_climax_residual_repair_s42] [TRAIN] stage=finetune epoch=1/1 batch=2740/3000 step=2740 repair=0.1613 localization=0 type=0 minimal=0.0459 physics=0 total=0.1617
[TRAIN train_climax_residual_repair_s42] [TRAIN] stage=finetune epoch=1/1 batch=2750/3000 step=2750 repair=0.06753 localization=0 type=0 minimal=0.08295 physics=0 total=0.06836
[TRAIN train_climax_residual_repair_s42] [TRAIN] stage=finetune epoch=1/1 batch=2760/3000 step=2760 repair=0.1036 localization=0 type=0 minimal=0.07275 physics=0 total=0.1043
[TRAIN train_climax_residual_repair_s42] [TRAIN] stage=finetune epoch=1/1 batch=2770/3000 step=2770 repair=0.0973 localization=0 type=0 minimal=0.07397 physics=0 total=0.09804
[TRAIN train_climax_residual_repair_s42] [TRAIN] stage=finetune epoch=1/1 batch=2780/3000 step=2780 repair=0.1045 localization=0 type=0 minimal=0.07214 physics=0 total=0.1052
[TRAIN train_climax_residual_repair_s42] [TRAIN] stage=finetune epoch=1/1 batch=2790/3000 step=2790 repair=0.06516 localization=0 type=0 minimal=0.08337 physics=0 total=0.06599
[TRAIN train_climax_residual_repair_s42] [TRAIN] stage=finetune epoch=1/1 batch=2800/3000 step=2800 repair=0.1634 localization=0 type=0 minimal=0.04572 physics=0 total=0.1638
[TRAIN train_climax_residual_repair_s42] [TRAIN] stage=finetune epoch=1/1 batch=2810/3000 step=2810 repair=0.05571 localization=0 type=0 minimal=0.1048 physics=0 total=0.05676
[TRAIN train_climax_residual_repair_s42] [TRAIN] stage=finetune epoch=1/1 batch=2820/3000 step=2820 repair=0.1238 localization=0 type=0 minimal=0.05884 physics=0 total=0.1244
[TRAIN train_climax_residual_repair_s42] [TRAIN] stage=finetune epoch=1/1 batch=2830/3000 step=2830 repair=0.09928 localization=0 type=0 minimal=0.0708 physics=0 total=0.09999
[TRAIN train_climax_residual_repair_s42] [TRAIN] stage=finetune epoch=1/1 batch=2840/3000 step=2840 repair=0.05089 localization=0 type=0 minimal=0.09955 physics=0 total=0.05188
[TRAIN train_climax_residual_repair_s42] [TRAIN] stage=finetune epoch=1/1 batch=2850/3000 step=2850 repair=0.1004 localization=0 type=0 minimal=0.06982 physics=0 total=0.1011
[TRAIN train_climax_residual_repair_s42] [TRAIN] stage=finetune epoch=1/1 batch=2860/3000 step=2860 repair=0.04734 localization=0 type=0 minimal=0.1002 physics=0 total=0.04834
[TRAIN train_climax_residual_repair_s42] [TRAIN] stage=finetune epoch=1/1 batch=2870/3000 step=2870 repair=0.1152 localization=0 type=0 minimal=0.05655 physics=0 total=0.1158
[TRAIN train_climax_residual_repair_s42] [TRAIN] stage=finetune epoch=1/1 batch=2880/3000 step=2880 repair=0.06631 localization=0 type=0 minimal=0.08429 physics=0 total=0.06715
[TRAIN train_climax_residual_repair_s42] [TRAIN] stage=finetune epoch=1/1 batch=2890/3000 step=2890 repair=0.09489 localization=0 type=0 minimal=0.06818 physics=0 total=0.09557
[TRAIN train_climax_residual_repair_s42] [TRAIN] stage=finetune epoch=1/1 batch=2900/3000 step=2900 repair=0.08171 localization=0 type=0 minimal=0.06134 physics=0 total=0.08233
[TRAIN train_climax_residual_repair_s42] [TRAIN] stage=finetune epoch=1/1 batch=2910/3000 step=2910 repair=0.06395 localization=0 type=0 minimal=0.08264 physics=0 total=0.06478
[TRAIN train_climax_residual_repair_s42] [TRAIN] stage=finetune epoch=1/1 batch=2920/3000 step=2920 repair=0.06968 localization=0 type=0 minimal=0.08527 physics=0 total=0.07053
[TRAIN train_climax_residual_repair_s42] [TRAIN] stage=finetune epoch=1/1 batch=2930/3000 step=2930 repair=0.04963 localization=0 type=0 minimal=0.1014 physics=0 total=0.05065
[TRAIN train_climax_residual_repair_s42] [TRAIN] stage=finetune epoch=1/1 batch=2940/3000 step=2940 repair=0.1031 localization=0 type=0 minimal=0.07007 physics=0 total=0.1038
[TRAIN train_climax_residual_repair_s42] [TRAIN] stage=finetune epoch=1/1 batch=2950/3000 step=2950 repair=0.1575 localization=0 type=0 minimal=0.04849 physics=0 total=0.158
[TRAIN train_climax_residual_repair_s42] [TRAIN] stage=finetune epoch=1/1 batch=2960/3000 step=2960 repair=0.1573 localization=0 type=0 minimal=0.04776 physics=0 total=0.1578
[TRAIN train_climax_residual_repair_s42] [TRAIN] stage=finetune epoch=1/1 batch=2970/3000 step=2970 repair=0.1027 localization=0 type=0 minimal=0.07697 physics=0 total=0.1035
[TRAIN train_climax_residual_repair_s42] [TRAIN] stage=finetune epoch=1/1 batch=2980/3000 step=2980 repair=0.1064 localization=0 type=0 minimal=0.07471 physics=0 total=0.1071
[TRAIN train_climax_residual_repair_s42] [TRAIN] stage=finetune epoch=1/1 batch=2990/3000 step=2990 repair=0.1126 localization=0 type=0 minimal=0.0549 physics=0 total=0.1132
[TRAIN train_climax_residual_repair_s42] [TRAIN] stage=finetune epoch=1/1 batch=3000/3000 step=3000 repair=0.07332 localization=0 type=0 minimal=0.08582 physics=0 total=0.07418
[TRAIN train_climax_residual_repair_s42] [EPOCH] {'stage': 'finetune', 'epoch': 0, 'global_step': 3000, 'train_total': 0.10106197215119998, 'val_repair_mse': 0.10693352646194398, 'elapsed_seconds': 1805.57}
[TRAIN train_climax_residual_repair_s42] [BEST] val_repair_mse=0.106934
[TRAIN train_climax_residual_repair_s42] [TRAIN COMPLETE] {
[TRAIN train_climax_residual_repair_s42]   "run_id": "prelim20_train_climax_residual_repair_s42",
[TRAIN train_climax_residual_repair_s42]   "status": "completed",
[TRAIN train_climax_residual_repair_s42]   "method": "residual_repair",
[TRAIN train_climax_residual_repair_s42]   "backbone": "climax",
[TRAIN train_climax_residual_repair_s42]   "seed": 42,
[TRAIN train_climax_residual_repair_s42]   "forecast_provider": "zarr_frozen_fm",
[TRAIN train_climax_residual_repair_s42]   "best_val_repair_mse": 0.10693352646194398,
[TRAIN train_climax_residual_repair_s42]   "global_step": 3000,
[TRAIN train_climax_residual_repair_s42]   "elapsed_seconds": 1805.75,
[TRAIN train_climax_residual_repair_s42]   "checkpoint_best": "/home/tahiti/ConserveFM/runs/prelim20_train/train_climax_residual_repair_s42/checkpoint_best.pt",
[TRAIN train_climax_residual_repair_s42]   "checkpoint_last": "/home/tahiti/ConserveFM/runs/prelim20_train/train_climax_residual_repair_s42/checkpoint_last.pt"
[TRAIN train_climax_residual_repair_s42] }
