[TRAIN train_climax_static_physics_loss_s42] [SETUP] device=cuda
[TRAIN train_climax_static_physics_loss_s42] [SETUP] run_id=prelim20_train_climax_static_physics_loss_s42 method=static_physics_loss backbone=climax
[TRAIN train_climax_static_physics_loss_s42] [FORECAST] using frozen forecast cache: /home/tahiti/ConserveFM/forecasts/climax.zarr
[TRAIN train_climax_static_physics_loss_s42] [STAGE] finetune epochs=1 start_epoch=0
[TRAIN train_climax_static_physics_loss_s42] [TRAIN] stage=finetune epoch=1/1 batch=10/3000 step=10 repair=0.1237 localization=0 type=0 minimal=0 physics=1.352 total=0.1913
[TRAIN train_climax_static_physics_loss_s42] [TRAIN] stage=finetune epoch=1/1 batch=20/3000 step=20 repair=0.09219 localization=0 type=0 minimal=0 physics=1.263 total=0.1553
[TRAIN train_climax_static_physics_loss_s42] [TRAIN] stage=finetune epoch=1/1 batch=30/3000 step=30 repair=0.1293 localization=0 type=0 minimal=0 physics=1.033 total=0.181
[TRAIN train_climax_static_physics_loss_s42] [TRAIN] stage=finetune epoch=1/1 batch=40/3000 step=40 repair=0.1267 localization=0 type=0 minimal=0 physics=1.044 total=0.1789
[TRAIN train_climax_static_physics_loss_s42] [TRAIN] stage=finetune epoch=1/1 batch=50/3000 step=50 repair=0.128 localization=0 type=0 minimal=0 physics=0.8486 total=0.1704
[TRAIN train_climax_static_physics_loss_s42] [TRAIN] stage=finetune epoch=1/1 batch=60/3000 step=60 repair=0.08545 localization=0 type=0 minimal=0 physics=0.5779 total=0.1143
[TRAIN train_climax_static_physics_loss_s42] [TRAIN] stage=finetune epoch=1/1 batch=70/3000 step=70 repair=0.08982 localization=0 type=0 minimal=0 physics=0.5797 total=0.1188
[TRAIN train_climax_static_physics_loss_s42] [TRAIN] stage=finetune epoch=1/1 batch=80/3000 step=80 repair=0.1322 localization=0 type=0 minimal=0 physics=0.6526 total=0.1648
[TRAIN train_climax_static_physics_loss_s42] [TRAIN] stage=finetune epoch=1/1 batch=90/3000 step=90 repair=0.1246 localization=0 type=0 minimal=0 physics=0.6833 total=0.1587
[TRAIN train_climax_static_physics_loss_s42] [TRAIN] stage=finetune epoch=1/1 batch=100/3000 step=100 repair=0.1156 localization=0 type=0 minimal=0 physics=0.6396 total=0.1475
[TRAIN train_climax_static_physics_loss_s42] [TRAIN] stage=finetune epoch=1/1 batch=110/3000 step=110 repair=0.07654 localization=0 type=0 minimal=0 physics=0.6211 total=0.1076
[TRAIN train_climax_static_physics_loss_s42] [TRAIN] stage=finetune epoch=1/1 batch=120/3000 step=120 repair=0.08309 localization=0 type=0 minimal=0 physics=0.6252 total=0.1143
[TRAIN train_climax_static_physics_loss_s42] [TRAIN] stage=finetune epoch=1/1 batch=130/3000 step=130 repair=0.08051 localization=0 type=0 minimal=0 physics=0.5573 total=0.1084
[TRAIN train_climax_static_physics_loss_s42] [TRAIN] stage=finetune epoch=1/1 batch=140/3000 step=140 repair=0.1413 localization=0 type=0 minimal=0 physics=0.9093 total=0.1867
[TRAIN train_climax_static_physics_loss_s42] [TRAIN] stage=finetune epoch=1/1 batch=150/3000 step=150 repair=0.1311 localization=0 type=0 minimal=0 physics=0.5984 total=0.161
[TRAIN train_climax_static_physics_loss_s42] [TRAIN] stage=finetune epoch=1/1 batch=160/3000 step=160 repair=0.08011 localization=0 type=0 minimal=0 physics=0.5521 total=0.1077
[TRAIN train_climax_static_physics_loss_s42] [TRAIN] stage=finetune epoch=1/1 batch=170/3000 step=170 repair=0.1493 localization=0 type=0 minimal=0 physics=0.7813 total=0.1884
[TRAIN train_climax_static_physics_loss_s42] [TRAIN] stage=finetune epoch=1/1 batch=180/3000 step=180 repair=0.09389 localization=0 type=0 minimal=0 physics=0.6111 total=0.1244
[TRAIN train_climax_static_physics_loss_s42] [TRAIN] stage=finetune epoch=1/1 batch=190/3000 step=190 repair=0.115 localization=0 type=0 minimal=0 physics=0.5602 total=0.143
[TRAIN train_climax_static_physics_loss_s42] [TRAIN] stage=finetune epoch=1/1 batch=200/3000 step=200 repair=0.127 localization=0 type=0 minimal=0 physics=0.7999 total=0.167
[TRAIN train_climax_static_physics_loss_s42] [TRAIN] stage=finetune epoch=1/1 batch=210/3000 step=210 repair=0.1089 localization=0 type=0 minimal=0 physics=0.5484 total=0.1363
[TRAIN train_climax_static_physics_loss_s42] [TRAIN] stage=finetune epoch=1/1 batch=220/3000 step=220 repair=0.07722 localization=0 type=0 minimal=0 physics=0.5092 total=0.1027
[TRAIN train_climax_static_physics_loss_s42] [TRAIN] stage=finetune epoch=1/1 batch=230/3000 step=230 repair=0.09796 localization=0 type=0 minimal=0 physics=0.6166 total=0.1288
[TRAIN train_climax_static_physics_loss_s42] [TRAIN] stage=finetune epoch=1/1 batch=240/3000 step=240 repair=0.1306 localization=0 type=0 minimal=0 physics=0.6217 total=0.1616
[TRAIN train_climax_static_physics_loss_s42] [TRAIN] stage=finetune epoch=1/1 batch=250/3000 step=250 repair=0.1262 localization=0 type=0 minimal=0 physics=0.6343 total=0.1579
[TRAIN train_climax_static_physics_loss_s42] [TRAIN] stage=finetune epoch=1/1 batch=260/3000 step=260 repair=0.1582 localization=0 type=0 minimal=0 physics=0.8195 total=0.1992
[TRAIN train_climax_static_physics_loss_s42] [TRAIN] stage=finetune epoch=1/1 batch=270/3000 step=270 repair=0.08833 localization=0 type=0 minimal=0 physics=0.569 total=0.1168
[TRAIN train_climax_static_physics_loss_s42] [TRAIN] stage=finetune epoch=1/1 batch=280/3000 step=280 repair=0.08964 localization=0 type=0 minimal=0 physics=0.5376 total=0.1165
[TRAIN train_climax_static_physics_loss_s42] [TRAIN] stage=finetune epoch=1/1 batch=290/3000 step=290 repair=0.0804 localization=0 type=0 minimal=0 physics=0.5656 total=0.1087
[TRAIN train_climax_static_physics_loss_s42] [TRAIN] stage=finetune epoch=1/1 batch=300/3000 step=300 repair=0.0913 localization=0 type=0 minimal=0 physics=0.5038 total=0.1165
[TRAIN train_climax_static_physics_loss_s42] [TRAIN] stage=finetune epoch=1/1 batch=310/3000 step=310 repair=0.07951 localization=0 type=0 minimal=0 physics=0.5354 total=0.1063
[TRAIN train_climax_static_physics_loss_s42] [TRAIN] stage=finetune epoch=1/1 batch=320/3000 step=320 repair=0.08661 localization=0 type=0 minimal=0 physics=0.5315 total=0.1132
[TRAIN train_climax_static_physics_loss_s42] [TRAIN] stage=finetune epoch=1/1 batch=330/3000 step=330 repair=0.1705 localization=0 type=0 minimal=0 physics=0.7587 total=0.2085
[TRAIN train_climax_static_physics_loss_s42] [TRAIN] stage=finetune epoch=1/1 batch=340/3000 step=340 repair=0.08127 localization=0 type=0 minimal=0 physics=0.5175 total=0.1071
[TRAIN train_climax_static_physics_loss_s42] [TRAIN] stage=finetune epoch=1/1 batch=350/3000 step=350 repair=0.1668 localization=0 type=0 minimal=0 physics=0.8277 total=0.2081
[TRAIN train_climax_static_physics_loss_s42] [TRAIN] stage=finetune epoch=1/1 batch=360/3000 step=360 repair=0.08021 localization=0 type=0 minimal=0 physics=0.5496 total=0.1077
[TRAIN train_climax_static_physics_loss_s42] [TRAIN] stage=finetune epoch=1/1 batch=370/3000 step=370 repair=0.1228 localization=0 type=0 minimal=0 physics=0.5369 total=0.1496
[TRAIN train_climax_static_physics_loss_s42] [TRAIN] stage=finetune epoch=1/1 batch=380/3000 step=380 repair=0.09349 localization=0 type=0 minimal=0 physics=0.5678 total=0.1219
[TRAIN train_climax_static_physics_loss_s42] [TRAIN] stage=finetune epoch=1/1 batch=390/3000 step=390 repair=0.137 localization=0 type=0 minimal=0 physics=0.7112 total=0.1725
[TRAIN train_climax_static_physics_loss_s42] [TRAIN] stage=finetune epoch=1/1 batch=400/3000 step=400 repair=0.1576 localization=0 type=0 minimal=0 physics=0.6996 total=0.1926
[TRAIN train_climax_static_physics_loss_s42] [TRAIN] stage=finetune epoch=1/1 batch=410/3000 step=410 repair=0.1337 localization=0 type=0 minimal=0 physics=0.5717 total=0.1623
[TRAIN train_climax_static_physics_loss_s42] [TRAIN] stage=finetune epoch=1/1 batch=420/3000 step=420 repair=0.1273 localization=0 type=0 minimal=0 physics=0.6176 total=0.1582
[TRAIN train_climax_static_physics_loss_s42] [TRAIN] stage=finetune epoch=1/1 batch=430/3000 step=430 repair=0.08606 localization=0 type=0 minimal=0 physics=0.7073 total=0.1214
[TRAIN train_climax_static_physics_loss_s42] [TRAIN] stage=finetune epoch=1/1 batch=440/3000 step=440 repair=0.1249 localization=0 type=0 minimal=0 physics=0.6262 total=0.1562
[TRAIN train_climax_static_physics_loss_s42] [TRAIN] stage=finetune epoch=1/1 batch=450/3000 step=450 repair=0.07977 localization=0 type=0 minimal=0 physics=0.5236 total=0.106
[TRAIN train_climax_static_physics_loss_s42] [TRAIN] stage=finetune epoch=1/1 batch=460/3000 step=460 repair=0.1328 localization=0 type=0 minimal=0 physics=0.656 total=0.1656
[TRAIN train_climax_static_physics_loss_s42] [TRAIN] stage=finetune epoch=1/1 batch=470/3000 step=470 repair=0.1226 localization=0 type=0 minimal=0 physics=0.5679 total=0.151
[TRAIN train_climax_static_physics_loss_s42] [TRAIN] stage=finetune epoch=1/1 batch=480/3000 step=480 repair=0.07802 localization=0 type=0 minimal=0 physics=0.5674 total=0.1064
[TRAIN train_climax_static_physics_loss_s42] [TRAIN] stage=finetune epoch=1/1 batch=490/3000 step=490 repair=0.1301 localization=0 type=0 minimal=0 physics=0.6084 total=0.1605
[TRAIN train_climax_static_physics_loss_s42] [TRAIN] stage=finetune epoch=1/1 batch=500/3000 step=500 repair=0.09463 localization=0 type=0 minimal=0 physics=0.5845 total=0.1239
[TRAIN train_climax_static_physics_loss_s42] [TRAIN] stage=finetune epoch=1/1 batch=510/3000 step=510 repair=0.08238 localization=0 type=0 minimal=0 physics=0.5749 total=0.1111
[TRAIN train_climax_static_physics_loss_s42] [TRAIN] stage=finetune epoch=1/1 batch=520/3000 step=520 repair=0.08739 localization=0 type=0 minimal=0 physics=0.5367 total=0.1142
[TRAIN train_climax_static_physics_loss_s42] [TRAIN] stage=finetune epoch=1/1 batch=530/3000 step=530 repair=0.1187 localization=0 type=0 minimal=0 physics=0.5567 total=0.1465
[TRAIN train_climax_static_physics_loss_s42] [TRAIN] stage=finetune epoch=1/1 batch=540/3000 step=540 repair=0.07892 localization=0 type=0 minimal=0 physics=0.4995 total=0.1039
[TRAIN train_climax_static_physics_loss_s42] [TRAIN] stage=finetune epoch=1/1 batch=550/3000 step=550 repair=0.07521 localization=0 type=0 minimal=0 physics=0.5529 total=0.1029
[TRAIN train_climax_static_physics_loss_s42] [TRAIN] stage=finetune epoch=1/1 batch=560/3000 step=560 repair=0.09406 localization=0 type=0 minimal=0 physics=0.5396 total=0.121
[TRAIN train_climax_static_physics_loss_s42] [TRAIN] stage=finetune epoch=1/1 batch=570/3000 step=570 repair=0.09136 localization=0 type=0 minimal=0 physics=0.5445 total=0.1186
[TRAIN train_climax_static_physics_loss_s42] [TRAIN] stage=finetune epoch=1/1 batch=580/3000 step=580 repair=0.1155 localization=0 type=0 minimal=0 physics=0.6616 total=0.1486
[TRAIN train_climax_static_physics_loss_s42] [TRAIN] stage=finetune epoch=1/1 batch=590/3000 step=590 repair=0.09078 localization=0 type=0 minimal=0 physics=0.5184 total=0.1167
[TRAIN train_climax_static_physics_loss_s42] [TRAIN] stage=finetune epoch=1/1 batch=600/3000 step=600 repair=0.1096 localization=0 type=0 minimal=0 physics=0.6179 total=0.1405
[TRAIN train_climax_static_physics_loss_s42] [TRAIN] stage=finetune epoch=1/1 batch=610/3000 step=610 repair=0.1 localization=0 type=0 minimal=0 physics=0.569 total=0.1284
[TRAIN train_climax_static_physics_loss_s42] [TRAIN] stage=finetune epoch=1/1 batch=620/3000 step=620 repair=0.1352 localization=0 type=0 minimal=0 physics=0.5149 total=0.161
[TRAIN train_climax_static_physics_loss_s42] [TRAIN] stage=finetune epoch=1/1 batch=630/3000 step=630 repair=0.08994 localization=0 type=0 minimal=0 physics=0.5423 total=0.1171
[TRAIN train_climax_static_physics_loss_s42] [TRAIN] stage=finetune epoch=1/1 batch=640/3000 step=640 repair=0.08565 localization=0 type=0 minimal=0 physics=0.6345 total=0.1174
[TRAIN train_climax_static_physics_loss_s42] [TRAIN] stage=finetune epoch=1/1 batch=650/3000 step=650 repair=0.1197 localization=0 type=0 minimal=0 physics=0.5542 total=0.1474
[TRAIN train_climax_static_physics_loss_s42] [TRAIN] stage=finetune epoch=1/1 batch=660/3000 step=660 repair=0.1731 localization=0 type=0 minimal=0 physics=0.642 total=0.2052
[TRAIN train_climax_static_physics_loss_s42] [TRAIN] stage=finetune epoch=1/1 batch=670/3000 step=670 repair=0.1526 localization=0 type=0 minimal=0 physics=0.7576 total=0.1905
[TRAIN train_climax_static_physics_loss_s42] [TRAIN] stage=finetune epoch=1/1 batch=680/3000 step=680 repair=0.08641 localization=0 type=0 minimal=0 physics=0.5213 total=0.1125
[TRAIN train_climax_static_physics_loss_s42] [TRAIN] stage=finetune epoch=1/1 batch=690/3000 step=690 repair=0.07452 localization=0 type=0 minimal=0 physics=0.467 total=0.09787
[TRAIN train_climax_static_physics_loss_s42] [TRAIN] stage=finetune epoch=1/1 batch=700/3000 step=700 repair=0.1303 localization=0 type=0 minimal=0 physics=0.61 total=0.1608
[TRAIN train_climax_static_physics_loss_s42] [TRAIN] stage=finetune epoch=1/1 batch=710/3000 step=710 repair=0.1116 localization=0 type=0 minimal=0 physics=0.6066 total=0.142
[TRAIN train_climax_static_physics_loss_s42] [TRAIN] stage=finetune epoch=1/1 batch=720/3000 step=720 repair=0.08745 localization=0 type=0 minimal=0 physics=0.5086 total=0.1129
[TRAIN train_climax_static_physics_loss_s42] [TRAIN] stage=finetune epoch=1/1 batch=730/3000 step=730 repair=0.1227 localization=0 type=0 minimal=0 physics=0.6214 total=0.1537
[TRAIN train_climax_static_physics_loss_s42] [TRAIN] stage=finetune epoch=1/1 batch=740/3000 step=740 repair=0.08112 localization=0 type=0 minimal=0 physics=0.5001 total=0.1061
[TRAIN train_climax_static_physics_loss_s42] [TRAIN] stage=finetune epoch=1/1 batch=750/3000 step=750 repair=0.07892 localization=0 type=0 minimal=0 physics=0.5448 total=0.1062
[TRAIN train_climax_static_physics_loss_s42] [TRAIN] stage=finetune epoch=1/1 batch=760/3000 step=760 repair=0.07799 localization=0 type=0 minimal=0 physics=0.5024 total=0.1031
[TRAIN train_climax_static_physics_loss_s42] [TRAIN] stage=finetune epoch=1/1 batch=770/3000 step=770 repair=0.1293 localization=0 type=0 minimal=0 physics=0.8345 total=0.171
[TRAIN train_climax_static_physics_loss_s42] [TRAIN] stage=finetune epoch=1/1 batch=780/3000 step=780 repair=0.1162 localization=0 type=0 minimal=0 physics=0.4944 total=0.1409
[TRAIN train_climax_static_physics_loss_s42] [TRAIN] stage=finetune epoch=1/1 batch=790/3000 step=790 repair=0.08771 localization=0 type=0 minimal=0 physics=0.5394 total=0.1147
[TRAIN train_climax_static_physics_loss_s42] [TRAIN] stage=finetune epoch=1/1 batch=800/3000 step=800 repair=0.1484 localization=0 type=0 minimal=0 physics=0.7604 total=0.1864
[TRAIN train_climax_static_physics_loss_s42] [TRAIN] stage=finetune epoch=1/1 batch=810/3000 step=810 repair=0.1374 localization=0 type=0 minimal=0 physics=0.5419 total=0.1645
[TRAIN train_climax_static_physics_loss_s42] [TRAIN] stage=finetune epoch=1/1 batch=820/3000 step=820 repair=0.1236 localization=0 type=0 minimal=0 physics=0.4905 total=0.1482
[TRAIN train_climax_static_physics_loss_s42] [TRAIN] stage=finetune epoch=1/1 batch=830/3000 step=830 repair=0.1283 localization=0 type=0 minimal=0 physics=0.6083 total=0.1587
[TRAIN train_climax_static_physics_loss_s42] [TRAIN] stage=finetune epoch=1/1 batch=840/3000 step=840 repair=0.1267 localization=0 type=0 minimal=0 physics=0.5137 total=0.1524
[TRAIN train_climax_static_physics_loss_s42] [TRAIN] stage=finetune epoch=1/1 batch=850/3000 step=850 repair=0.08136 localization=0 type=0 minimal=0 physics=0.5473 total=0.1087
[TRAIN train_climax_static_physics_loss_s42] [TRAIN] stage=finetune epoch=1/1 batch=860/3000 step=860 repair=0.1279 localization=0 type=0 minimal=0 physics=0.505 total=0.1532
[TRAIN train_climax_static_physics_loss_s42] [TRAIN] stage=finetune epoch=1/1 batch=870/3000 step=870 repair=0.07922 localization=0 type=0 minimal=0 physics=0.4944 total=0.1039
[TRAIN train_climax_static_physics_loss_s42] [TRAIN] stage=finetune epoch=1/1 batch=880/3000 step=880 repair=0.1225 localization=0 type=0 minimal=0 physics=0.5225 total=0.1487
[TRAIN train_climax_static_physics_loss_s42] [TRAIN] stage=finetune epoch=1/1 batch=890/3000 step=890 repair=0.08367 localization=0 type=0 minimal=0 physics=0.5841 total=0.1129
[TRAIN train_climax_static_physics_loss_s42] [TRAIN] stage=finetune epoch=1/1 batch=900/3000 step=900 repair=0.1344 localization=0 type=0 minimal=0 physics=0.5199 total=0.1604
[TRAIN train_climax_static_physics_loss_s42] [TRAIN] stage=finetune epoch=1/1 batch=910/3000 step=910 repair=0.106 localization=0 type=0 minimal=0 physics=0.5564 total=0.1338
[TRAIN train_climax_static_physics_loss_s42] [TRAIN] stage=finetune epoch=1/1 batch=920/3000 step=920 repair=0.1616 localization=0 type=0 minimal=0 physics=0.6342 total=0.1933
[TRAIN train_climax_static_physics_loss_s42] [TRAIN] stage=finetune epoch=1/1 batch=930/3000 step=930 repair=0.1228 localization=0 type=0 minimal=0 physics=0.5446 total=0.15
[TRAIN train_climax_static_physics_loss_s42] [TRAIN] stage=finetune epoch=1/1 batch=940/3000 step=940 repair=0.08845 localization=0 type=0 minimal=0 physics=0.5213 total=0.1145
[TRAIN train_climax_static_physics_loss_s42] [TRAIN] stage=finetune epoch=1/1 batch=950/3000 step=950 repair=0.1127 localization=0 type=0 minimal=0 physics=0.5186 total=0.1386
[TRAIN train_climax_static_physics_loss_s42] [TRAIN] stage=finetune epoch=1/1 batch=960/3000 step=960 repair=0.129 localization=0 type=0 minimal=0 physics=0.5773 total=0.1578
[TRAIN train_climax_static_physics_loss_s42] [TRAIN] stage=finetune epoch=1/1 batch=970/3000 step=970 repair=0.1234 localization=0 type=0 minimal=0 physics=0.7541 total=0.1611
[TRAIN train_climax_static_physics_loss_s42] [TRAIN] stage=finetune epoch=1/1 batch=980/3000 step=980 repair=0.1222 localization=0 type=0 minimal=0 physics=0.6184 total=0.1531
[TRAIN train_climax_static_physics_loss_s42] [TRAIN] stage=finetune epoch=1/1 batch=990/3000 step=990 repair=0.09407 localization=0 type=0 minimal=0 physics=0.4824 total=0.1182
[TRAIN train_climax_static_physics_loss_s42] [TRAIN] stage=finetune epoch=1/1 batch=1000/3000 step=1000 repair=0.08038 localization=0 type=0 minimal=0 physics=0.5361 total=0.1072
[TRAIN train_climax_static_physics_loss_s42] [TRAIN] stage=finetune epoch=1/1 batch=1010/3000 step=1010 repair=0.08453 localization=0 type=0 minimal=0 physics=0.4979 total=0.1094
[TRAIN train_climax_static_physics_loss_s42] [TRAIN] stage=finetune epoch=1/1 batch=1020/3000 step=1020 repair=0.1638 localization=0 type=0 minimal=0 physics=0.7067 total=0.1992
[TRAIN train_climax_static_physics_loss_s42] [TRAIN] stage=finetune epoch=1/1 batch=1030/3000 step=1030 repair=0.1253 localization=0 type=0 minimal=0 physics=0.5433 total=0.1525
[TRAIN train_climax_static_physics_loss_s42] [TRAIN] stage=finetune epoch=1/1 batch=1040/3000 step=1040 repair=0.07994 localization=0 type=0 minimal=0 physics=0.4883 total=0.1044
[TRAIN train_climax_static_physics_loss_s42] [TRAIN] stage=finetune epoch=1/1 batch=1050/3000 step=1050 repair=0.1193 localization=0 type=0 minimal=0 physics=0.657 total=0.1522
[TRAIN train_climax_static_physics_loss_s42] [TRAIN] stage=finetune epoch=1/1 batch=1060/3000 step=1060 repair=0.08785 localization=0 type=0 minimal=0 physics=0.4881 total=0.1123
[TRAIN train_climax_static_physics_loss_s42] [TRAIN] stage=finetune epoch=1/1 batch=1070/3000 step=1070 repair=0.1534 localization=0 type=0 minimal=0 physics=0.5742 total=0.1821
[TRAIN train_climax_static_physics_loss_s42] [TRAIN] stage=finetune epoch=1/1 batch=1080/3000 step=1080 repair=0.08829 localization=0 type=0 minimal=0 physics=0.511 total=0.1138
[TRAIN train_climax_static_physics_loss_s42] [TRAIN] stage=finetune epoch=1/1 batch=1090/3000 step=1090 repair=0.1165 localization=0 type=0 minimal=0 physics=0.4913 total=0.1411
[TRAIN train_climax_static_physics_loss_s42] [TRAIN] stage=finetune epoch=1/1 batch=1100/3000 step=1100 repair=0.07562 localization=0 type=0 minimal=0 physics=0.5101 total=0.1011
[TRAIN train_climax_static_physics_loss_s42] [TRAIN] stage=finetune epoch=1/1 batch=1110/3000 step=1110 repair=0.1318 localization=0 type=0 minimal=0 physics=0.5189 total=0.1577
[TRAIN train_climax_static_physics_loss_s42] [TRAIN] stage=finetune epoch=1/1 batch=1120/3000 step=1120 repair=0.1529 localization=0 type=0 minimal=0 physics=0.512 total=0.1785
[TRAIN train_climax_static_physics_loss_s42] [TRAIN] stage=finetune epoch=1/1 batch=1130/3000 step=1130 repair=0.1169 localization=0 type=0 minimal=0 physics=0.6226 total=0.148
[TRAIN train_climax_static_physics_loss_s42] [TRAIN] stage=finetune epoch=1/1 batch=1140/3000 step=1140 repair=0.1611 localization=0 type=0 minimal=0 physics=0.7255 total=0.1973
[TRAIN train_climax_static_physics_loss_s42] [TRAIN] stage=finetune epoch=1/1 batch=1150/3000 step=1150 repair=0.1311 localization=0 type=0 minimal=0 physics=0.5731 total=0.1598
[TRAIN train_climax_static_physics_loss_s42] [TRAIN] stage=finetune epoch=1/1 batch=1160/3000 step=1160 repair=0.1478 localization=0 type=0 minimal=0 physics=0.575 total=0.1765
[TRAIN train_climax_static_physics_loss_s42] [TRAIN] stage=finetune epoch=1/1 batch=1170/3000 step=1170 repair=0.1442 localization=0 type=0 minimal=0 physics=0.5123 total=0.1698
[TRAIN train_climax_static_physics_loss_s42] [TRAIN] stage=finetune epoch=1/1 batch=1180/3000 step=1180 repair=0.1222 localization=0 type=0 minimal=0 physics=0.6314 total=0.1538
[TRAIN train_climax_static_physics_loss_s42] [TRAIN] stage=finetune epoch=1/1 batch=1190/3000 step=1190 repair=0.08181 localization=0 type=0 minimal=0 physics=0.5044 total=0.107
[TRAIN train_climax_static_physics_loss_s42] [TRAIN] stage=finetune epoch=1/1 batch=1200/3000 step=1200 repair=0.07667 localization=0 type=0 minimal=0 physics=0.4987 total=0.1016
[TRAIN train_climax_static_physics_loss_s42] [TRAIN] stage=finetune epoch=1/1 batch=1210/3000 step=1210 repair=0.1619 localization=0 type=0 minimal=0 physics=0.618 total=0.1928
[TRAIN train_climax_static_physics_loss_s42] [TRAIN] stage=finetune epoch=1/1 batch=1220/3000 step=1220 repair=0.109 localization=0 type=0 minimal=0 physics=0.5417 total=0.1361
[TRAIN train_climax_static_physics_loss_s42] [TRAIN] stage=finetune epoch=1/1 batch=1230/3000 step=1230 repair=0.08415 localization=0 type=0 minimal=0 physics=0.4487 total=0.1066
[TRAIN train_climax_static_physics_loss_s42] [TRAIN] stage=finetune epoch=1/1 batch=1240/3000 step=1240 repair=0.06908 localization=0 type=0 minimal=0 physics=0.4994 total=0.09404
[TRAIN train_climax_static_physics_loss_s42] [TRAIN] stage=finetune epoch=1/1 batch=1250/3000 step=1250 repair=0.08128 localization=0 type=0 minimal=0 physics=0.4931 total=0.1059
[TRAIN train_climax_static_physics_loss_s42] [TRAIN] stage=finetune epoch=1/1 batch=1260/3000 step=1260 repair=0.07622 localization=0 type=0 minimal=0 physics=0.4659 total=0.09952
[TRAIN train_climax_static_physics_loss_s42] [TRAIN] stage=finetune epoch=1/1 batch=1270/3000 step=1270 repair=0.1302 localization=0 type=0 minimal=0 physics=0.5498 total=0.1577
[TRAIN train_climax_static_physics_loss_s42] [TRAIN] stage=finetune epoch=1/1 batch=1280/3000 step=1280 repair=0.08388 localization=0 type=0 minimal=0 physics=0.4833 total=0.108
[TRAIN train_climax_static_physics_loss_s42] [TRAIN] stage=finetune epoch=1/1 batch=1290/3000 step=1290 repair=0.08948 localization=0 type=0 minimal=0 physics=0.4802 total=0.1135
[TRAIN train_climax_static_physics_loss_s42] [TRAIN] stage=finetune epoch=1/1 batch=1300/3000 step=1300 repair=0.1214 localization=0 type=0 minimal=0 physics=0.5518 total=0.149
[TRAIN train_climax_static_physics_loss_s42] [TRAIN] stage=finetune epoch=1/1 batch=1310/3000 step=1310 repair=0.08018 localization=0 type=0 minimal=0 physics=0.5339 total=0.1069
[TRAIN train_climax_static_physics_loss_s42] [TRAIN] stage=finetune epoch=1/1 batch=1320/3000 step=1320 repair=0.0767 localization=0 type=0 minimal=0 physics=0.4803 total=0.1007
[TRAIN train_climax_static_physics_loss_s42] [TRAIN] stage=finetune epoch=1/1 batch=1330/3000 step=1330 repair=0.1695 localization=0 type=0 minimal=0 physics=0.6191 total=0.2005
[TRAIN train_climax_static_physics_loss_s42] [TRAIN] stage=finetune epoch=1/1 batch=1340/3000 step=1340 repair=0.1271 localization=0 type=0 minimal=0 physics=0.6459 total=0.1594
[TRAIN train_climax_static_physics_loss_s42] [TRAIN] stage=finetune epoch=1/1 batch=1350/3000 step=1350 repair=0.08536 localization=0 type=0 minimal=0 physics=0.503 total=0.1105
[TRAIN train_climax_static_physics_loss_s42] [TRAIN] stage=finetune epoch=1/1 batch=1360/3000 step=1360 repair=0.1673 localization=0 type=0 minimal=0 physics=0.5788 total=0.1962
[TRAIN train_climax_static_physics_loss_s42] [TRAIN] stage=finetune epoch=1/1 batch=1370/3000 step=1370 repair=0.08015 localization=0 type=0 minimal=0 physics=0.4608 total=0.1032
[TRAIN train_climax_static_physics_loss_s42] [TRAIN] stage=finetune epoch=1/1 batch=1380/3000 step=1380 repair=0.1547 localization=0 type=0 minimal=0 physics=0.5527 total=0.1824
[TRAIN train_climax_static_physics_loss_s42] [TRAIN] stage=finetune epoch=1/1 batch=1390/3000 step=1390 repair=0.1131 localization=0 type=0 minimal=0 physics=0.5897 total=0.1426
[TRAIN train_climax_static_physics_loss_s42] [TRAIN] stage=finetune epoch=1/1 batch=1400/3000 step=1400 repair=0.1127 localization=0 type=0 minimal=0 physics=0.6358 total=0.1445
[TRAIN train_climax_static_physics_loss_s42] [TRAIN] stage=finetune epoch=1/1 batch=1410/3000 step=1410 repair=0.09651 localization=0 type=0 minimal=0 physics=0.4934 total=0.1212
[TRAIN train_climax_static_physics_loss_s42] [TRAIN] stage=finetune epoch=1/1 batch=1420/3000 step=1420 repair=0.1175 localization=0 type=0 minimal=0 physics=0.4923 total=0.1421
[TRAIN train_climax_static_physics_loss_s42] [TRAIN] stage=finetune epoch=1/1 batch=1430/3000 step=1430 repair=0.07381 localization=0 type=0 minimal=0 physics=0.4639 total=0.09701
[TRAIN train_climax_static_physics_loss_s42] [TRAIN] stage=finetune epoch=1/1 batch=1440/3000 step=1440 repair=0.08561 localization=0 type=0 minimal=0 physics=0.6548 total=0.1184
[TRAIN train_climax_static_physics_loss_s42] [TRAIN] stage=finetune epoch=1/1 batch=1450/3000 step=1450 repair=0.1646 localization=0 type=0 minimal=0 physics=0.579 total=0.1936
[TRAIN train_climax_static_physics_loss_s42] [TRAIN] stage=finetune epoch=1/1 batch=1460/3000 step=1460 repair=0.0768 localization=0 type=0 minimal=0 physics=0.4818 total=0.1009
[TRAIN train_climax_static_physics_loss_s42] [TRAIN] stage=finetune epoch=1/1 batch=1470/3000 step=1470 repair=0.131 localization=0 type=0 minimal=0 physics=0.5139 total=0.1567
[TRAIN train_climax_static_physics_loss_s42] [TRAIN] stage=finetune epoch=1/1 batch=1480/3000 step=1480 repair=0.1219 localization=0 type=0 minimal=0 physics=0.476 total=0.1457
[TRAIN train_climax_static_physics_loss_s42] [TRAIN] stage=finetune epoch=1/1 batch=1490/3000 step=1490 repair=0.1177 localization=0 type=0 minimal=0 physics=0.5652 total=0.1459
[TRAIN train_climax_static_physics_loss_s42] [TRAIN] stage=finetune epoch=1/1 batch=1500/3000 step=1500 repair=0.09069 localization=0 type=0 minimal=0 physics=0.5232 total=0.1168
[TRAIN train_climax_static_physics_loss_s42] [TRAIN] stage=finetune epoch=1/1 batch=1510/3000 step=1510 repair=0.1144 localization=0 type=0 minimal=0 physics=0.6427 total=0.1466
[TRAIN train_climax_static_physics_loss_s42] [TRAIN] stage=finetune epoch=1/1 batch=1520/3000 step=1520 repair=0.1763 localization=0 type=0 minimal=0 physics=0.6307 total=0.2078
[TRAIN train_climax_static_physics_loss_s42] [TRAIN] stage=finetune epoch=1/1 batch=1530/3000 step=1530 repair=0.07533 localization=0 type=0 minimal=0 physics=0.4876 total=0.09971
[TRAIN train_climax_static_physics_loss_s42] [TRAIN] stage=finetune epoch=1/1 batch=1540/3000 step=1540 repair=0.08863 localization=0 type=0 minimal=0 physics=0.4886 total=0.1131
[TRAIN train_climax_static_physics_loss_s42] [TRAIN] stage=finetune epoch=1/1 batch=1550/3000 step=1550 repair=0.07107 localization=0 type=0 minimal=0 physics=0.4597 total=0.09406
[TRAIN train_climax_static_physics_loss_s42] [TRAIN] stage=finetune epoch=1/1 batch=1560/3000 step=1560 repair=0.07168 localization=0 type=0 minimal=0 physics=0.458 total=0.09458
[TRAIN train_climax_static_physics_loss_s42] [TRAIN] stage=finetune epoch=1/1 batch=1570/3000 step=1570 repair=0.1141 localization=0 type=0 minimal=0 physics=0.514 total=0.1398
[TRAIN train_climax_static_physics_loss_s42] [TRAIN] stage=finetune epoch=1/1 batch=1580/3000 step=1580 repair=0.1164 localization=0 type=0 minimal=0 physics=0.522 total=0.1425
[TRAIN train_climax_static_physics_loss_s42] [TRAIN] stage=finetune epoch=1/1 batch=1590/3000 step=1590 repair=0.1198 localization=0 type=0 minimal=0 physics=0.4992 total=0.1447
[TRAIN train_climax_static_physics_loss_s42] [TRAIN] stage=finetune epoch=1/1 batch=1600/3000 step=1600 repair=0.1156 localization=0 type=0 minimal=0 physics=0.4776 total=0.1395
[TRAIN train_climax_static_physics_loss_s42] [TRAIN] stage=finetune epoch=1/1 batch=1610/3000 step=1610 repair=0.1107 localization=0 type=0 minimal=0 physics=0.6054 total=0.1409
[TRAIN train_climax_static_physics_loss_s42] [TRAIN] stage=finetune epoch=1/1 batch=1620/3000 step=1620 repair=0.1691 localization=0 type=0 minimal=0 physics=0.5548 total=0.1968
[TRAIN train_climax_static_physics_loss_s42] [TRAIN] stage=finetune epoch=1/1 batch=1630/3000 step=1630 repair=0.111 localization=0 type=0 minimal=0 physics=0.4844 total=0.1352
[TRAIN train_climax_static_physics_loss_s42] [TRAIN] stage=finetune epoch=1/1 batch=1640/3000 step=1640 repair=0.07964 localization=0 type=0 minimal=0 physics=0.4898 total=0.1041
[TRAIN train_climax_static_physics_loss_s42] [TRAIN] stage=finetune epoch=1/1 batch=1650/3000 step=1650 repair=0.1125 localization=0 type=0 minimal=0 physics=0.4844 total=0.1367
[TRAIN train_climax_static_physics_loss_s42] [TRAIN] stage=finetune epoch=1/1 batch=1660/3000 step=1660 repair=0.08368 localization=0 type=0 minimal=0 physics=0.4392 total=0.1056
[TRAIN train_climax_static_physics_loss_s42] [TRAIN] stage=finetune epoch=1/1 batch=1670/3000 step=1670 repair=0.1152 localization=0 type=0 minimal=0 physics=0.5457 total=0.1425
[TRAIN train_climax_static_physics_loss_s42] [TRAIN] stage=finetune epoch=1/1 batch=1680/3000 step=1680 repair=0.1159 localization=0 type=0 minimal=0 physics=0.6459 total=0.1482
[TRAIN train_climax_static_physics_loss_s42] [TRAIN] stage=finetune epoch=1/1 batch=1690/3000 step=1690 repair=0.08025 localization=0 type=0 minimal=0 physics=0.4658 total=0.1035
[TRAIN train_climax_static_physics_loss_s42] [TRAIN] stage=finetune epoch=1/1 batch=1700/3000 step=1700 repair=0.1081 localization=0 type=0 minimal=0 physics=0.5153 total=0.1339
[TRAIN train_climax_static_physics_loss_s42] [TRAIN] stage=finetune epoch=1/1 batch=1710/3000 step=1710 repair=0.06759 localization=0 type=0 minimal=0 physics=0.4428 total=0.08973
[TRAIN train_climax_static_physics_loss_s42] [TRAIN] stage=finetune epoch=1/1 batch=1720/3000 step=1720 repair=0.07583 localization=0 type=0 minimal=0 physics=0.5192 total=0.1018
[TRAIN train_climax_static_physics_loss_s42] [TRAIN] stage=finetune epoch=1/1 batch=1730/3000 step=1730 repair=0.1222 localization=0 type=0 minimal=0 physics=0.4555 total=0.145
[TRAIN train_climax_static_physics_loss_s42] [TRAIN] stage=finetune epoch=1/1 batch=1740/3000 step=1740 repair=0.08012 localization=0 type=0 minimal=0 physics=0.4736 total=0.1038
[TRAIN train_climax_static_physics_loss_s42] [TRAIN] stage=finetune epoch=1/1 batch=1750/3000 step=1750 repair=0.07033 localization=0 type=0 minimal=0 physics=0.4301 total=0.09183
[TRAIN train_climax_static_physics_loss_s42] [TRAIN] stage=finetune epoch=1/1 batch=1760/3000 step=1760 repair=0.07225 localization=0 type=0 minimal=0 physics=0.623 total=0.1034
[TRAIN train_climax_static_physics_loss_s42] [TRAIN] stage=finetune epoch=1/1 batch=1770/3000 step=1770 repair=0.07038 localization=0 type=0 minimal=0 physics=0.445 total=0.09263
[TRAIN train_climax_static_physics_loss_s42] [TRAIN] stage=finetune epoch=1/1 batch=1780/3000 step=1780 repair=0.1082 localization=0 type=0 minimal=0 physics=0.692 total=0.1428
[TRAIN train_climax_static_physics_loss_s42] [TRAIN] stage=finetune epoch=1/1 batch=1790/3000 step=1790 repair=0.09186 localization=0 type=0 minimal=0 physics=0.5108 total=0.1174
[TRAIN train_climax_static_physics_loss_s42] [TRAIN] stage=finetune epoch=1/1 batch=1800/3000 step=1800 repair=0.0787 localization=0 type=0 minimal=0 physics=0.557 total=0.1066
[TRAIN train_climax_static_physics_loss_s42] [TRAIN] stage=finetune epoch=1/1 batch=1810/3000 step=1810 repair=0.1527 localization=0 type=0 minimal=0 physics=0.7266 total=0.1891
[TRAIN train_climax_static_physics_loss_s42] [TRAIN] stage=finetune epoch=1/1 batch=1820/3000 step=1820 repair=0.09317 localization=0 type=0 minimal=0 physics=0.4863 total=0.1175
[TRAIN train_climax_static_physics_loss_s42] [TRAIN] stage=finetune epoch=1/1 batch=1830/3000 step=1830 repair=0.07418 localization=0 type=0 minimal=0 physics=0.4502 total=0.09668
[TRAIN train_climax_static_physics_loss_s42] [TRAIN] stage=finetune epoch=1/1 batch=1840/3000 step=1840 repair=0.1606 localization=0 type=0 minimal=0 physics=0.5019 total=0.1857
[TRAIN train_climax_static_physics_loss_s42] [TRAIN] stage=finetune epoch=1/1 batch=1850/3000 step=1850 repair=0.06696 localization=0 type=0 minimal=0 physics=0.5732 total=0.09562
[TRAIN train_climax_static_physics_loss_s42] [TRAIN] stage=finetune epoch=1/1 batch=1860/3000 step=1860 repair=0.07618 localization=0 type=0 minimal=0 physics=0.6343 total=0.1079
[TRAIN train_climax_static_physics_loss_s42] [TRAIN] stage=finetune epoch=1/1 batch=1870/3000 step=1870 repair=0.1195 localization=0 type=0 minimal=0 physics=0.5085 total=0.1449
[TRAIN train_climax_static_physics_loss_s42] [TRAIN] stage=finetune epoch=1/1 batch=1880/3000 step=1880 repair=0.1164 localization=0 type=0 minimal=0 physics=0.4528 total=0.1391
[TRAIN train_climax_static_physics_loss_s42] [TRAIN] stage=finetune epoch=1/1 batch=1890/3000 step=1890 repair=0.1161 localization=0 type=0 minimal=0 physics=0.6023 total=0.1462
[TRAIN train_climax_static_physics_loss_s42] [TRAIN] stage=finetune epoch=1/1 batch=1900/3000 step=1900 repair=0.1284 localization=0 type=0 minimal=0 physics=0.6117 total=0.159
[TRAIN train_climax_static_physics_loss_s42] [TRAIN] stage=finetune epoch=1/1 batch=1910/3000 step=1910 repair=0.142 localization=0 type=0 minimal=0 physics=0.5147 total=0.1677
[TRAIN train_climax_static_physics_loss_s42] [TRAIN] stage=finetune epoch=1/1 batch=1920/3000 step=1920 repair=0.09109 localization=0 type=0 minimal=0 physics=0.473 total=0.1147
[TRAIN train_climax_static_physics_loss_s42] [TRAIN] stage=finetune epoch=1/1 batch=1930/3000 step=1930 repair=0.1311 localization=0 type=0 minimal=0 physics=0.4913 total=0.1557
[TRAIN train_climax_static_physics_loss_s42] [TRAIN] stage=finetune epoch=1/1 batch=1940/3000 step=1940 repair=0.0912 localization=0 type=0 minimal=0 physics=0.4663 total=0.1145
[TRAIN train_climax_static_physics_loss_s42] [TRAIN] stage=finetune epoch=1/1 batch=1950/3000 step=1950 repair=0.07977 localization=0 type=0 minimal=0 physics=0.4666 total=0.1031
[TRAIN train_climax_static_physics_loss_s42] [TRAIN] stage=finetune epoch=1/1 batch=1960/3000 step=1960 repair=0.07903 localization=0 type=0 minimal=0 physics=0.5678 total=0.1074
[TRAIN train_climax_static_physics_loss_s42] [TRAIN] stage=finetune epoch=1/1 batch=1970/3000 step=1970 repair=0.1639 localization=0 type=0 minimal=0 physics=0.4968 total=0.1888
[TRAIN train_climax_static_physics_loss_s42] [TRAIN] stage=finetune epoch=1/1 batch=1980/3000 step=1980 repair=0.1589 localization=0 type=0 minimal=0 physics=0.5322 total=0.1855
[TRAIN train_climax_static_physics_loss_s42] [TRAIN] stage=finetune epoch=1/1 batch=1990/3000 step=1990 repair=0.08507 localization=0 type=0 minimal=0 physics=0.4711 total=0.1086
[TRAIN train_climax_static_physics_loss_s42] [TRAIN] stage=finetune epoch=1/1 batch=2000/3000 step=2000 repair=0.08172 localization=0 type=0 minimal=0 physics=0.4672 total=0.1051
[TRAIN train_climax_static_physics_loss_s42] [TRAIN] stage=finetune epoch=1/1 batch=2010/3000 step=2010 repair=0.1283 localization=0 type=0 minimal=0 physics=0.4421 total=0.1504
[TRAIN train_climax_static_physics_loss_s42] [TRAIN] stage=finetune epoch=1/1 batch=2020/3000 step=2020 repair=0.1043 localization=0 type=0 minimal=0 physics=0.4917 total=0.1288
[TRAIN train_climax_static_physics_loss_s42] [TRAIN] stage=finetune epoch=1/1 batch=2030/3000 step=2030 repair=0.1224 localization=0 type=0 minimal=0 physics=0.5574 total=0.1503
[TRAIN train_climax_static_physics_loss_s42] [TRAIN] stage=finetune epoch=1/1 batch=2040/3000 step=2040 repair=0.0659 localization=0 type=0 minimal=0 physics=0.4535 total=0.08857
[TRAIN train_climax_static_physics_loss_s42] [TRAIN] stage=finetune epoch=1/1 batch=2050/3000 step=2050 repair=0.07254 localization=0 type=0 minimal=0 physics=0.4605 total=0.09556
[TRAIN train_climax_static_physics_loss_s42] [TRAIN] stage=finetune epoch=1/1 batch=2060/3000 step=2060 repair=0.1514 localization=0 type=0 minimal=0 physics=0.4817 total=0.1755
[TRAIN train_climax_static_physics_loss_s42] [TRAIN] stage=finetune epoch=1/1 batch=2070/3000 step=2070 repair=0.08477 localization=0 type=0 minimal=0 physics=0.4424 total=0.1069
[TRAIN train_climax_static_physics_loss_s42] [TRAIN] stage=finetune epoch=1/1 batch=2080/3000 step=2080 repair=0.06535 localization=0 type=0 minimal=0 physics=0.5019 total=0.09045
[TRAIN train_climax_static_physics_loss_s42] [TRAIN] stage=finetune epoch=1/1 batch=2090/3000 step=2090 repair=0.124 localization=0 type=0 minimal=0 physics=0.4628 total=0.1471
[TRAIN train_climax_static_physics_loss_s42] [TRAIN] stage=finetune epoch=1/1 batch=2100/3000 step=2100 repair=0.0832 localization=0 type=0 minimal=0 physics=0.4616 total=0.1063
[TRAIN train_climax_static_physics_loss_s42] [TRAIN] stage=finetune epoch=1/1 batch=2110/3000 step=2110 repair=0.1203 localization=0 type=0 minimal=0 physics=0.4451 total=0.1425
[TRAIN train_climax_static_physics_loss_s42] [TRAIN] stage=finetune epoch=1/1 batch=2120/3000 step=2120 repair=0.1118 localization=0 type=0 minimal=0 physics=0.4839 total=0.136
[TRAIN train_climax_static_physics_loss_s42] [TRAIN] stage=finetune epoch=1/1 batch=2130/3000 step=2130 repair=0.06661 localization=0 type=0 minimal=0 physics=0.4463 total=0.08892
[TRAIN train_climax_static_physics_loss_s42] [TRAIN] stage=finetune epoch=1/1 batch=2140/3000 step=2140 repair=0.08578 localization=0 type=0 minimal=0 physics=0.4497 total=0.1083
[TRAIN train_climax_static_physics_loss_s42] [TRAIN] stage=finetune epoch=1/1 batch=2150/3000 step=2150 repair=0.08405 localization=0 type=0 minimal=0 physics=0.5776 total=0.1129
[TRAIN train_climax_static_physics_loss_s42] [TRAIN] stage=finetune epoch=1/1 batch=2160/3000 step=2160 repair=0.09172 localization=0 type=0 minimal=0 physics=0.5562 total=0.1195
[TRAIN train_climax_static_physics_loss_s42] [TRAIN] stage=finetune epoch=1/1 batch=2170/3000 step=2170 repair=0.07939 localization=0 type=0 minimal=0 physics=0.4757 total=0.1032
[TRAIN train_climax_static_physics_loss_s42] [TRAIN] stage=finetune epoch=1/1 batch=2180/3000 step=2180 repair=0.1073 localization=0 type=0 minimal=0 physics=0.5641 total=0.1355
[TRAIN train_climax_static_physics_loss_s42] [TRAIN] stage=finetune epoch=1/1 batch=2190/3000 step=2190 repair=0.118 localization=0 type=0 minimal=0 physics=0.6245 total=0.1492
[TRAIN train_climax_static_physics_loss_s42] [TRAIN] stage=finetune epoch=1/1 batch=2200/3000 step=2200 repair=0.1257 localization=0 type=0 minimal=0 physics=0.5742 total=0.1544
[TRAIN train_climax_static_physics_loss_s42] [TRAIN] stage=finetune epoch=1/1 batch=2210/3000 step=2210 repair=0.09258 localization=0 type=0 minimal=0 physics=0.5062 total=0.1179
[TRAIN train_climax_static_physics_loss_s42] [TRAIN] stage=finetune epoch=1/1 batch=2220/3000 step=2220 repair=0.07549 localization=0 type=0 minimal=0 physics=0.4566 total=0.09832
[TRAIN train_climax_static_physics_loss_s42] [TRAIN] stage=finetune epoch=1/1 batch=2230/3000 step=2230 repair=0.112 localization=0 type=0 minimal=0 physics=0.4745 total=0.1357
[TRAIN train_climax_static_physics_loss_s42] [TRAIN] stage=finetune epoch=1/1 batch=2240/3000 step=2240 repair=0.1247 localization=0 type=0 minimal=0 physics=0.4934 total=0.1493
[TRAIN train_climax_static_physics_loss_s42] [TRAIN] stage=finetune epoch=1/1 batch=2250/3000 step=2250 repair=0.06552 localization=0 type=0 minimal=0 physics=0.5744 total=0.09424
[TRAIN train_climax_static_physics_loss_s42] [TRAIN] stage=finetune epoch=1/1 batch=2260/3000 step=2260 repair=0.07369 localization=0 type=0 minimal=0 physics=0.4256 total=0.09496
[TRAIN train_climax_static_physics_loss_s42] [TRAIN] stage=finetune epoch=1/1 batch=2270/3000 step=2270 repair=0.08764 localization=0 type=0 minimal=0 physics=0.4842 total=0.1118
[TRAIN train_climax_static_physics_loss_s42] [TRAIN] stage=finetune epoch=1/1 batch=2280/3000 step=2280 repair=0.1228 localization=0 type=0 minimal=0 physics=0.5184 total=0.1487
[TRAIN train_climax_static_physics_loss_s42] [TRAIN] stage=finetune epoch=1/1 batch=2290/3000 step=2290 repair=0.08086 localization=0 type=0 minimal=0 physics=0.5545 total=0.1086
[TRAIN train_climax_static_physics_loss_s42] [TRAIN] stage=finetune epoch=1/1 batch=2300/3000 step=2300 repair=0.07816 localization=0 type=0 minimal=0 physics=0.4678 total=0.1015
[TRAIN train_climax_static_physics_loss_s42] [TRAIN] stage=finetune epoch=1/1 batch=2310/3000 step=2310 repair=0.1071 localization=0 type=0 minimal=0 physics=0.4092 total=0.1275
[TRAIN train_climax_static_physics_loss_s42] [TRAIN] stage=finetune epoch=1/1 batch=2320/3000 step=2320 repair=0.1121 localization=0 type=0 minimal=0 physics=0.4583 total=0.135
[TRAIN train_climax_static_physics_loss_s42] [TRAIN] stage=finetune epoch=1/1 batch=2330/3000 step=2330 repair=0.0926 localization=0 type=0 minimal=0 physics=0.4094 total=0.1131
[TRAIN train_climax_static_physics_loss_s42] [TRAIN] stage=finetune epoch=1/1 batch=2340/3000 step=2340 repair=0.1177 localization=0 type=0 minimal=0 physics=0.4784 total=0.1416
[TRAIN train_climax_static_physics_loss_s42] [TRAIN] stage=finetune epoch=1/1 batch=2350/3000 step=2350 repair=0.1323 localization=0 type=0 minimal=0 physics=0.541 total=0.1593
[TRAIN train_climax_static_physics_loss_s42] [TRAIN] stage=finetune epoch=1/1 batch=2360/3000 step=2360 repair=0.1133 localization=0 type=0 minimal=0 physics=0.423 total=0.1345
[TRAIN train_climax_static_physics_loss_s42] [TRAIN] stage=finetune epoch=1/1 batch=2370/3000 step=2370 repair=0.1082 localization=0 type=0 minimal=0 physics=0.5535 total=0.1359
[TRAIN train_climax_static_physics_loss_s42] [TRAIN] stage=finetune epoch=1/1 batch=2380/3000 step=2380 repair=0.09097 localization=0 type=0 minimal=0 physics=0.4631 total=0.1141
[TRAIN train_climax_static_physics_loss_s42] [TRAIN] stage=finetune epoch=1/1 batch=2390/3000 step=2390 repair=0.1255 localization=0 type=0 minimal=0 physics=0.4807 total=0.1496
[TRAIN train_climax_static_physics_loss_s42] [TRAIN] stage=finetune epoch=1/1 batch=2400/3000 step=2400 repair=0.1251 localization=0 type=0 minimal=0 physics=0.5869 total=0.1545
[TRAIN train_climax_static_physics_loss_s42] [TRAIN] stage=finetune epoch=1/1 batch=2410/3000 step=2410 repair=0.1349 localization=0 type=0 minimal=0 physics=0.4509 total=0.1575
[TRAIN train_climax_static_physics_loss_s42] [TRAIN] stage=finetune epoch=1/1 batch=2420/3000 step=2420 repair=0.07764 localization=0 type=0 minimal=0 physics=0.5055 total=0.1029
[TRAIN train_climax_static_physics_loss_s42] [TRAIN] stage=finetune epoch=1/1 batch=2430/3000 step=2430 repair=0.07827 localization=0 type=0 minimal=0 physics=0.4127 total=0.0989
[TRAIN train_climax_static_physics_loss_s42] [TRAIN] stage=finetune epoch=1/1 batch=2440/3000 step=2440 repair=0.08697 localization=0 type=0 minimal=0 physics=0.4726 total=0.1106
[TRAIN train_climax_static_physics_loss_s42] [TRAIN] stage=finetune epoch=1/1 batch=2450/3000 step=2450 repair=0.1242 localization=0 type=0 minimal=0 physics=0.4128 total=0.1448
[TRAIN train_climax_static_physics_loss_s42] [TRAIN] stage=finetune epoch=1/1 batch=2460/3000 step=2460 repair=0.1179 localization=0 type=0 minimal=0 physics=0.5014 total=0.143
[TRAIN train_climax_static_physics_loss_s42] [TRAIN] stage=finetune epoch=1/1 batch=2470/3000 step=2470 repair=0.06699 localization=0 type=0 minimal=0 physics=0.4247 total=0.08823
[TRAIN train_climax_static_physics_loss_s42] [TRAIN] stage=finetune epoch=1/1 batch=2480/3000 step=2480 repair=0.1639 localization=0 type=0 minimal=0 physics=0.582 total=0.193
[TRAIN train_climax_static_physics_loss_s42] [TRAIN] stage=finetune epoch=1/1 batch=2490/3000 step=2490 repair=0.1134 localization=0 type=0 minimal=0 physics=0.4752 total=0.1372
[TRAIN train_climax_static_physics_loss_s42] [TRAIN] stage=finetune epoch=1/1 batch=2500/3000 step=2500 repair=0.1755 localization=0 type=0 minimal=0 physics=0.4512 total=0.198
[TRAIN train_climax_static_physics_loss_s42] [TRAIN] stage=finetune epoch=1/1 batch=2510/3000 step=2510 repair=0.07601 localization=0 type=0 minimal=0 physics=0.4471 total=0.09837
[TRAIN train_climax_static_physics_loss_s42] [TRAIN] stage=finetune epoch=1/1 batch=2520/3000 step=2520 repair=0.153 localization=0 type=0 minimal=0 physics=0.5188 total=0.179
[TRAIN train_climax_static_physics_loss_s42] [TRAIN] stage=finetune epoch=1/1 batch=2530/3000 step=2530 repair=0.1163 localization=0 type=0 minimal=0 physics=0.4628 total=0.1394
[TRAIN train_climax_static_physics_loss_s42] [TRAIN] stage=finetune epoch=1/1 batch=2540/3000 step=2540 repair=0.08557 localization=0 type=0 minimal=0 physics=0.4756 total=0.1094
[TRAIN train_climax_static_physics_loss_s42] [TRAIN] stage=finetune epoch=1/1 batch=2550/3000 step=2550 repair=0.07462 localization=0 type=0 minimal=0 physics=0.539 total=0.1016
[TRAIN train_climax_static_physics_loss_s42] [TRAIN] stage=finetune epoch=1/1 batch=2560/3000 step=2560 repair=0.08946 localization=0 type=0 minimal=0 physics=0.5226 total=0.1156
[TRAIN train_climax_static_physics_loss_s42] [TRAIN] stage=finetune epoch=1/1 batch=2570/3000 step=2570 repair=0.1251 localization=0 type=0 minimal=0 physics=0.6562 total=0.1579
[TRAIN train_climax_static_physics_loss_s42] [TRAIN] stage=finetune epoch=1/1 batch=2580/3000 step=2580 repair=0.1619 localization=0 type=0 minimal=0 physics=0.5163 total=0.1877
[TRAIN train_climax_static_physics_loss_s42] [TRAIN] stage=finetune epoch=1/1 batch=2590/3000 step=2590 repair=0.106 localization=0 type=0 minimal=0 physics=0.5175 total=0.1319
[TRAIN train_climax_static_physics_loss_s42] [TRAIN] stage=finetune epoch=1/1 batch=2600/3000 step=2600 repair=0.1277 localization=0 type=0 minimal=0 physics=0.419 total=0.1487
[TRAIN train_climax_static_physics_loss_s42] [TRAIN] stage=finetune epoch=1/1 batch=2610/3000 step=2610 repair=0.1224 localization=0 type=0 minimal=0 physics=0.4493 total=0.1449
[TRAIN train_climax_static_physics_loss_s42] [TRAIN] stage=finetune epoch=1/1 batch=2620/3000 step=2620 repair=0.1203 localization=0 type=0 minimal=0 physics=0.4494 total=0.1427
[TRAIN train_climax_static_physics_loss_s42] [TRAIN] stage=finetune epoch=1/1 batch=2630/3000 step=2630 repair=0.06552 localization=0 type=0 minimal=0 physics=0.4156 total=0.0863
[TRAIN train_climax_static_physics_loss_s42] [TRAIN] stage=finetune epoch=1/1 batch=2640/3000 step=2640 repair=0.0603 localization=0 type=0 minimal=0 physics=0.4609 total=0.08335
[TRAIN train_climax_static_physics_loss_s42] [TRAIN] stage=finetune epoch=1/1 batch=2650/3000 step=2650 repair=0.08711 localization=0 type=0 minimal=0 physics=0.549 total=0.1146
[TRAIN train_climax_static_physics_loss_s42] [TRAIN] stage=finetune epoch=1/1 batch=2660/3000 step=2660 repair=0.1184 localization=0 type=0 minimal=0 physics=0.4358 total=0.1402
[TRAIN train_climax_static_physics_loss_s42] [TRAIN] stage=finetune epoch=1/1 batch=2670/3000 step=2670 repair=0.1191 localization=0 type=0 minimal=0 physics=0.4358 total=0.1409
[TRAIN train_climax_static_physics_loss_s42] [TRAIN] stage=finetune epoch=1/1 batch=2680/3000 step=2680 repair=0.1668 localization=0 type=0 minimal=0 physics=0.4049 total=0.187
[TRAIN train_climax_static_physics_loss_s42] [TRAIN] stage=finetune epoch=1/1 batch=2690/3000 step=2690 repair=0.1243 localization=0 type=0 minimal=0 physics=0.4116 total=0.1448
[TRAIN train_climax_static_physics_loss_s42] [TRAIN] stage=finetune epoch=1/1 batch=2700/3000 step=2700 repair=0.1152 localization=0 type=0 minimal=0 physics=0.6278 total=0.1466
[TRAIN train_climax_static_physics_loss_s42] [TRAIN] stage=finetune epoch=1/1 batch=2710/3000 step=2710 repair=0.1159 localization=0 type=0 minimal=0 physics=0.4124 total=0.1365
[TRAIN train_climax_static_physics_loss_s42] [TRAIN] stage=finetune epoch=1/1 batch=2720/3000 step=2720 repair=0.1254 localization=0 type=0 minimal=0 physics=0.4671 total=0.1488
[TRAIN train_climax_static_physics_loss_s42] [TRAIN] stage=finetune epoch=1/1 batch=2730/3000 step=2730 repair=0.1594 localization=0 type=0 minimal=0 physics=0.6257 total=0.1907
[TRAIN train_climax_static_physics_loss_s42] [TRAIN] stage=finetune epoch=1/1 batch=2740/3000 step=2740 repair=0.1647 localization=0 type=0 minimal=0 physics=0.4554 total=0.1874
[TRAIN train_climax_static_physics_loss_s42] [TRAIN] stage=finetune epoch=1/1 batch=2750/3000 step=2750 repair=0.07726 localization=0 type=0 minimal=0 physics=0.4287 total=0.09869
[TRAIN train_climax_static_physics_loss_s42] [TRAIN] stage=finetune epoch=1/1 batch=2760/3000 step=2760 repair=0.1129 localization=0 type=0 minimal=0 physics=0.378 total=0.1318
[TRAIN train_climax_static_physics_loss_s42] [TRAIN] stage=finetune epoch=1/1 batch=2770/3000 step=2770 repair=0.1049 localization=0 type=0 minimal=0 physics=0.4292 total=0.1264
[TRAIN train_climax_static_physics_loss_s42] [TRAIN] stage=finetune epoch=1/1 batch=2780/3000 step=2780 repair=0.1136 localization=0 type=0 minimal=0 physics=0.4314 total=0.1352
[TRAIN train_climax_static_physics_loss_s42] [TRAIN] stage=finetune epoch=1/1 batch=2790/3000 step=2790 repair=0.07436 localization=0 type=0 minimal=0 physics=0.422 total=0.09547
[TRAIN train_climax_static_physics_loss_s42] [TRAIN] stage=finetune epoch=1/1 batch=2800/3000 step=2800 repair=0.1672 localization=0 type=0 minimal=0 physics=0.4082 total=0.1876
[TRAIN train_climax_static_physics_loss_s42] [TRAIN] stage=finetune epoch=1/1 batch=2810/3000 step=2810 repair=0.07062 localization=0 type=0 minimal=0 physics=0.499 total=0.09557
[TRAIN train_climax_static_physics_loss_s42] [TRAIN] stage=finetune epoch=1/1 batch=2820/3000 step=2820 repair=0.1292 localization=0 type=0 minimal=0 physics=0.607 total=0.1596
[TRAIN train_climax_static_physics_loss_s42] [TRAIN] stage=finetune epoch=1/1 batch=2830/3000 step=2830 repair=0.1059 localization=0 type=0 minimal=0 physics=0.418 total=0.1268
[TRAIN train_climax_static_physics_loss_s42] [TRAIN] stage=finetune epoch=1/1 batch=2840/3000 step=2840 repair=0.0646 localization=0 type=0 minimal=0 physics=0.4067 total=0.08493
[TRAIN train_climax_static_physics_loss_s42] [TRAIN] stage=finetune epoch=1/1 batch=2850/3000 step=2850 repair=0.1095 localization=0 type=0 minimal=0 physics=0.3862 total=0.1288
[TRAIN train_climax_static_physics_loss_s42] [TRAIN] stage=finetune epoch=1/1 batch=2860/3000 step=2860 repair=0.06107 localization=0 type=0 minimal=0 physics=0.4678 total=0.08447
[TRAIN train_climax_static_physics_loss_s42] [TRAIN] stage=finetune epoch=1/1 batch=2870/3000 step=2870 repair=0.1193 localization=0 type=0 minimal=0 physics=0.4516 total=0.1419
[TRAIN train_climax_static_physics_loss_s42] [TRAIN] stage=finetune epoch=1/1 batch=2880/3000 step=2880 repair=0.07603 localization=0 type=0 minimal=0 physics=0.3791 total=0.09498
[TRAIN train_climax_static_physics_loss_s42] [TRAIN] stage=finetune epoch=1/1 batch=2890/3000 step=2890 repair=0.104 localization=0 type=0 minimal=0 physics=0.3925 total=0.1236
[TRAIN train_climax_static_physics_loss_s42] [TRAIN] stage=finetune epoch=1/1 batch=2900/3000 step=2900 repair=0.0855 localization=0 type=0 minimal=0 physics=0.5342 total=0.1122
[TRAIN train_climax_static_physics_loss_s42] [TRAIN] stage=finetune epoch=1/1 batch=2910/3000 step=2910 repair=0.07385 localization=0 type=0 minimal=0 physics=0.4736 total=0.09753
[TRAIN train_climax_static_physics_loss_s42] [TRAIN] stage=finetune epoch=1/1 batch=2920/3000 step=2920 repair=0.07833 localization=0 type=0 minimal=0 physics=0.5227 total=0.1045
[TRAIN train_climax_static_physics_loss_s42] [TRAIN] stage=finetune epoch=1/1 batch=2930/3000 step=2930 repair=0.06347 localization=0 type=0 minimal=0 physics=0.3748 total=0.08221
[TRAIN train_climax_static_physics_loss_s42] [TRAIN] stage=finetune epoch=1/1 batch=2940/3000 step=2940 repair=0.1121 localization=0 type=0 minimal=0 physics=0.4238 total=0.1333
[TRAIN train_climax_static_physics_loss_s42] [TRAIN] stage=finetune epoch=1/1 batch=2950/3000 step=2950 repair=0.1619 localization=0 type=0 minimal=0 physics=0.5546 total=0.1896
[TRAIN train_climax_static_physics_loss_s42] [TRAIN] stage=finetune epoch=1/1 batch=2960/3000 step=2960 repair=0.1602 localization=0 type=0 minimal=0 physics=0.4753 total=0.1839
[TRAIN train_climax_static_physics_loss_s42] [TRAIN] stage=finetune epoch=1/1 batch=2970/3000 step=2970 repair=0.1104 localization=0 type=0 minimal=0 physics=0.4493 total=0.1329
[TRAIN train_climax_static_physics_loss_s42] [TRAIN] stage=finetune epoch=1/1 batch=2980/3000 step=2980 repair=0.1137 localization=0 type=0 minimal=0 physics=0.4402 total=0.1357
[TRAIN train_climax_static_physics_loss_s42] [TRAIN] stage=finetune epoch=1/1 batch=2990/3000 step=2990 repair=0.1166 localization=0 type=0 minimal=0 physics=0.3859 total=0.1359
[TRAIN train_climax_static_physics_loss_s42] [TRAIN] stage=finetune epoch=1/1 batch=3000/3000 step=3000 repair=0.08404 localization=0 type=0 minimal=0 physics=0.3961 total=0.1038
[TRAIN train_climax_static_physics_loss_s42] [EPOCH] {'stage': 'finetune', 'epoch': 0, 'global_step': 3000, 'train_total': 0.1346164195810755, 'val_repair_mse': 0.11561826127581298, 'elapsed_seconds': 1805.26}
[TRAIN train_climax_static_physics_loss_s42] [BEST] val_repair_mse=0.115618
[TRAIN train_climax_static_physics_loss_s42] [TRAIN COMPLETE] {
[TRAIN train_climax_static_physics_loss_s42]   "run_id": "prelim20_train_climax_static_physics_loss_s42",
[TRAIN train_climax_static_physics_loss_s42]   "status": "completed",
[TRAIN train_climax_static_physics_loss_s42]   "method": "static_physics_loss",
[TRAIN train_climax_static_physics_loss_s42]   "backbone": "climax",
[TRAIN train_climax_static_physics_loss_s42]   "seed": 42,
[TRAIN train_climax_static_physics_loss_s42]   "forecast_provider": "zarr_frozen_fm",
[TRAIN train_climax_static_physics_loss_s42]   "best_val_repair_mse": 0.11561826127581298,
[TRAIN train_climax_static_physics_loss_s42]   "global_step": 3000,
[TRAIN train_climax_static_physics_loss_s42]   "elapsed_seconds": 1805.43,
[TRAIN train_climax_static_physics_loss_s42]   "checkpoint_best": "/home/tahiti/ConserveFM/runs/prelim20_train/train_climax_static_physics_loss_s42/checkpoint_best.pt",
[TRAIN train_climax_static_physics_loss_s42]   "checkpoint_last": "/home/tahiti/ConserveFM/runs/prelim20_train/train_climax_static_physics_loss_s42/checkpoint_last.pt"
[TRAIN train_climax_static_physics_loss_s42] }
