[TRAIN train_climax_residual_repair_s44] [SETUP] device=cuda
[TRAIN train_climax_residual_repair_s44] [SETUP] run_id=prelim20_train_climax_residual_repair_s44 method=residual_repair backbone=climax
[TRAIN train_climax_residual_repair_s44] [FORECAST] using frozen forecast cache: /home/tahiti/ConserveFM/forecasts/climax.zarr
[TRAIN train_climax_residual_repair_s44] [STAGE] finetune epochs=1 start_epoch=0
[TRAIN train_climax_residual_repair_s44] [TRAIN] stage=finetune epoch=1/1 batch=10/3000 step=10 repair=0.08397 localization=0 type=0 minimal=0.05637 physics=0 total=0.08454
[TRAIN train_climax_residual_repair_s44] [TRAIN] stage=finetune epoch=1/1 batch=20/3000 step=20 repair=0.1233 localization=0 type=0 minimal=0.02863 physics=0 total=0.1236
[TRAIN train_climax_residual_repair_s44] [TRAIN] stage=finetune epoch=1/1 batch=30/3000 step=30 repair=0.1151 localization=0 type=0 minimal=0.0256 physics=0 total=0.1154
[TRAIN train_climax_residual_repair_s44] [TRAIN] stage=finetune epoch=1/1 batch=40/3000 step=40 repair=0.1243 localization=0 type=0 minimal=0.02383 physics=0 total=0.1246
[TRAIN train_climax_residual_repair_s44] [TRAIN] stage=finetune epoch=1/1 batch=50/3000 step=50 repair=0.1198 localization=0 type=0 minimal=0.02446 physics=0 total=0.12
[TRAIN train_climax_residual_repair_s44] [TRAIN] stage=finetune epoch=1/1 batch=60/3000 step=60 repair=0.07713 localization=0 type=0 minimal=0.0251 physics=0 total=0.07738
[TRAIN train_climax_residual_repair_s44] [TRAIN] stage=finetune epoch=1/1 batch=70/3000 step=70 repair=0.1222 localization=0 type=0 minimal=0.02419 physics=0 total=0.1224
[TRAIN train_climax_residual_repair_s44] [TRAIN] stage=finetune epoch=1/1 batch=80/3000 step=80 repair=0.1546 localization=0 type=0 minimal=0.02161 physics=0 total=0.1548
[TRAIN train_climax_residual_repair_s44] [TRAIN] stage=finetune epoch=1/1 batch=90/3000 step=90 repair=0.08238 localization=0 type=0 minimal=0.02562 physics=0 total=0.08264
[TRAIN train_climax_residual_repair_s44] [TRAIN] stage=finetune epoch=1/1 batch=100/3000 step=100 repair=0.1119 localization=0 type=0 minimal=0.02408 physics=0 total=0.1122
[TRAIN train_climax_residual_repair_s44] [TRAIN] stage=finetune epoch=1/1 batch=110/3000 step=110 repair=0.09146 localization=0 type=0 minimal=0.02609 physics=0 total=0.09172
[TRAIN train_climax_residual_repair_s44] [TRAIN] stage=finetune epoch=1/1 batch=120/3000 step=120 repair=0.1166 localization=0 type=0 minimal=0.02829 physics=0 total=0.1169
[TRAIN train_climax_residual_repair_s44] [TRAIN] stage=finetune epoch=1/1 batch=130/3000 step=130 repair=0.09222 localization=0 type=0 minimal=0.02675 physics=0 total=0.09249
[TRAIN train_climax_residual_repair_s44] [TRAIN] stage=finetune epoch=1/1 batch=140/3000 step=140 repair=0.08689 localization=0 type=0 minimal=0.02821 physics=0 total=0.08717
[TRAIN train_climax_residual_repair_s44] [TRAIN] stage=finetune epoch=1/1 batch=150/3000 step=150 repair=0.08333 localization=0 type=0 minimal=0.02907 physics=0 total=0.08362
[TRAIN train_climax_residual_repair_s44] [TRAIN] stage=finetune epoch=1/1 batch=160/3000 step=160 repair=0.1119 localization=0 type=0 minimal=0.02943 physics=0 total=0.1122
[TRAIN train_climax_residual_repair_s44] [TRAIN] stage=finetune epoch=1/1 batch=170/3000 step=170 repair=0.08943 localization=0 type=0 minimal=0.0273 physics=0 total=0.0897
[TRAIN train_climax_residual_repair_s44] [TRAIN] stage=finetune epoch=1/1 batch=180/3000 step=180 repair=0.1166 localization=0 type=0 minimal=0.02844 physics=0 total=0.1168
[TRAIN train_climax_residual_repair_s44] [TRAIN] stage=finetune epoch=1/1 batch=190/3000 step=190 repair=0.118 localization=0 type=0 minimal=0.03026 physics=0 total=0.1183
[TRAIN train_climax_residual_repair_s44] [TRAIN] stage=finetune epoch=1/1 batch=200/3000 step=200 repair=0.1282 localization=0 type=0 minimal=0.03029 physics=0 total=0.1285
[TRAIN train_climax_residual_repair_s44] [TRAIN] stage=finetune epoch=1/1 batch=210/3000 step=210 repair=0.08049 localization=0 type=0 minimal=0.03029 physics=0 total=0.08079
[TRAIN train_climax_residual_repair_s44] [TRAIN] stage=finetune epoch=1/1 batch=220/3000 step=220 repair=0.1166 localization=0 type=0 minimal=0.0304 physics=0 total=0.1169
[TRAIN train_climax_residual_repair_s44] [TRAIN] stage=finetune epoch=1/1 batch=230/3000 step=230 repair=0.07761 localization=0 type=0 minimal=0.03345 physics=0 total=0.07795
[TRAIN train_climax_residual_repair_s44] [TRAIN] stage=finetune epoch=1/1 batch=240/3000 step=240 repair=0.1205 localization=0 type=0 minimal=0.0329 physics=0 total=0.1208
[TRAIN train_climax_residual_repair_s44] [TRAIN] stage=finetune epoch=1/1 batch=250/3000 step=250 repair=0.08736 localization=0 type=0 minimal=0.03494 physics=0 total=0.08771
[TRAIN train_climax_residual_repair_s44] [TRAIN] stage=finetune epoch=1/1 batch=260/3000 step=260 repair=0.1612 localization=0 type=0 minimal=0.03384 physics=0 total=0.1616
[TRAIN train_climax_residual_repair_s44] [TRAIN] stage=finetune epoch=1/1 batch=270/3000 step=270 repair=0.1237 localization=0 type=0 minimal=0.03442 physics=0 total=0.124
[TRAIN train_climax_residual_repair_s44] [TRAIN] stage=finetune epoch=1/1 batch=280/3000 step=280 repair=0.1217 localization=0 type=0 minimal=0.0332 physics=0 total=0.122
[TRAIN train_climax_residual_repair_s44] [TRAIN] stage=finetune epoch=1/1 batch=290/3000 step=290 repair=0.1208 localization=0 type=0 minimal=0.03467 physics=0 total=0.1211
[TRAIN train_climax_residual_repair_s44] [TRAIN] stage=finetune epoch=1/1 batch=300/3000 step=300 repair=0.1557 localization=0 type=0 minimal=0.03546 physics=0 total=0.1561
[TRAIN train_climax_residual_repair_s44] [TRAIN] stage=finetune epoch=1/1 batch=310/3000 step=310 repair=0.1642 localization=0 type=0 minimal=0.03687 physics=0 total=0.1645
[TRAIN train_climax_residual_repair_s44] [TRAIN] stage=finetune epoch=1/1 batch=320/3000 step=320 repair=0.08096 localization=0 type=0 minimal=0.03775 physics=0 total=0.08134
[TRAIN train_climax_residual_repair_s44] [TRAIN] stage=finetune epoch=1/1 batch=330/3000 step=330 repair=0.1146 localization=0 type=0 minimal=0.03821 physics=0 total=0.115
[TRAIN train_climax_residual_repair_s44] [TRAIN] stage=finetune epoch=1/1 batch=340/3000 step=340 repair=0.08289 localization=0 type=0 minimal=0.04239 physics=0 total=0.08332
[TRAIN train_climax_residual_repair_s44] [TRAIN] stage=finetune epoch=1/1 batch=350/3000 step=350 repair=0.1558 localization=0 type=0 minimal=0.03784 physics=0 total=0.1562
[TRAIN train_climax_residual_repair_s44] [TRAIN] stage=finetune epoch=1/1 batch=360/3000 step=360 repair=0.1599 localization=0 type=0 minimal=0.03922 physics=0 total=0.1603
[TRAIN train_climax_residual_repair_s44] [TRAIN] stage=finetune epoch=1/1 batch=370/3000 step=370 repair=0.1252 localization=0 type=0 minimal=0.04251 physics=0 total=0.1256
[TRAIN train_climax_residual_repair_s44] [TRAIN] stage=finetune epoch=1/1 batch=380/3000 step=380 repair=0.1164 localization=0 type=0 minimal=0.0394 physics=0 total=0.1168
[TRAIN train_climax_residual_repair_s44] [TRAIN] stage=finetune epoch=1/1 batch=390/3000 step=390 repair=0.07306 localization=0 type=0 minimal=0.04767 physics=0 total=0.07354
[TRAIN train_climax_residual_repair_s44] [TRAIN] stage=finetune epoch=1/1 batch=400/3000 step=400 repair=0.1179 localization=0 type=0 minimal=0.04214 physics=0 total=0.1183
[TRAIN train_climax_residual_repair_s44] [TRAIN] stage=finetune epoch=1/1 batch=410/3000 step=410 repair=0.06938 localization=0 type=0 minimal=0.04425 physics=0 total=0.06983
[TRAIN train_climax_residual_repair_s44] [TRAIN] stage=finetune epoch=1/1 batch=420/3000 step=420 repair=0.07612 localization=0 type=0 minimal=0.04224 physics=0 total=0.07654
[TRAIN train_climax_residual_repair_s44] [TRAIN] stage=finetune epoch=1/1 batch=430/3000 step=430 repair=0.07119 localization=0 type=0 minimal=0.0451 physics=0 total=0.07164
[TRAIN train_climax_residual_repair_s44] [TRAIN] stage=finetune epoch=1/1 batch=440/3000 step=440 repair=0.1059 localization=0 type=0 minimal=0.04575 physics=0 total=0.1063
[TRAIN train_climax_residual_repair_s44] [TRAIN] stage=finetune epoch=1/1 batch=450/3000 step=450 repair=0.08203 localization=0 type=0 minimal=0.04584 physics=0 total=0.08249
[TRAIN train_climax_residual_repair_s44] [TRAIN] stage=finetune epoch=1/1 batch=460/3000 step=460 repair=0.07171 localization=0 type=0 minimal=0.04898 physics=0 total=0.0722
[TRAIN train_climax_residual_repair_s44] [TRAIN] stage=finetune epoch=1/1 batch=470/3000 step=470 repair=0.1069 localization=0 type=0 minimal=0.04327 physics=0 total=0.1073
[TRAIN train_climax_residual_repair_s44] [TRAIN] stage=finetune epoch=1/1 batch=480/3000 step=480 repair=0.1018 localization=0 type=0 minimal=0.04425 physics=0 total=0.1023
[TRAIN train_climax_residual_repair_s44] [TRAIN] stage=finetune epoch=1/1 batch=490/3000 step=490 repair=0.07597 localization=0 type=0 minimal=0.04791 physics=0 total=0.07645
[TRAIN train_climax_residual_repair_s44] [TRAIN] stage=finetune epoch=1/1 batch=500/3000 step=500 repair=0.0904 localization=0 type=0 minimal=0.04559 physics=0 total=0.09086
[TRAIN train_climax_residual_repair_s44] [TRAIN] stage=finetune epoch=1/1 batch=510/3000 step=510 repair=0.1269 localization=0 type=0 minimal=0.04297 physics=0 total=0.1273
[TRAIN train_climax_residual_repair_s44] [TRAIN] stage=finetune epoch=1/1 batch=520/3000 step=520 repair=0.08601 localization=0 type=0 minimal=0.04456 physics=0 total=0.08645
[TRAIN train_climax_residual_repair_s44] [TRAIN] stage=finetune epoch=1/1 batch=530/3000 step=530 repair=0.07766 localization=0 type=0 minimal=0.0481 physics=0 total=0.07814
[TRAIN train_climax_residual_repair_s44] [TRAIN] stage=finetune epoch=1/1 batch=540/3000 step=540 repair=0.08839 localization=0 type=0 minimal=0.04343 physics=0 total=0.08883
[TRAIN train_climax_residual_repair_s44] [TRAIN] stage=finetune epoch=1/1 batch=550/3000 step=550 repair=0.07099 localization=0 type=0 minimal=0.05487 physics=0 total=0.07154
[TRAIN train_climax_residual_repair_s44] [TRAIN] stage=finetune epoch=1/1 batch=560/3000 step=560 repair=0.1152 localization=0 type=0 minimal=0.0488 physics=0 total=0.1157
[TRAIN train_climax_residual_repair_s44] [TRAIN] stage=finetune epoch=1/1 batch=570/3000 step=570 repair=0.1091 localization=0 type=0 minimal=0.05603 physics=0 total=0.1097
[TRAIN train_climax_residual_repair_s44] [TRAIN] stage=finetune epoch=1/1 batch=580/3000 step=580 repair=0.0822 localization=0 type=0 minimal=0.05334 physics=0 total=0.08274
[TRAIN train_climax_residual_repair_s44] [TRAIN] stage=finetune epoch=1/1 batch=590/3000 step=590 repair=0.1342 localization=0 type=0 minimal=0.04337 physics=0 total=0.1346
[TRAIN train_climax_residual_repair_s44] [TRAIN] stage=finetune epoch=1/1 batch=600/3000 step=600 repair=0.1129 localization=0 type=0 minimal=0.05026 physics=0 total=0.1134
[TRAIN train_climax_residual_repair_s44] [TRAIN] stage=finetune epoch=1/1 batch=610/3000 step=610 repair=0.1221 localization=0 type=0 minimal=0.04272 physics=0 total=0.1225
[TRAIN train_climax_residual_repair_s44] [TRAIN] stage=finetune epoch=1/1 batch=620/3000 step=620 repair=0.1198 localization=0 type=0 minimal=0.04379 physics=0 total=0.1202
[TRAIN train_climax_residual_repair_s44] [TRAIN] stage=finetune epoch=1/1 batch=630/3000 step=630 repair=0.1194 localization=0 type=0 minimal=0.04733 physics=0 total=0.1199
[TRAIN train_climax_residual_repair_s44] [TRAIN] stage=finetune epoch=1/1 batch=640/3000 step=640 repair=0.1191 localization=0 type=0 minimal=0.05228 physics=0 total=0.1196
[TRAIN train_climax_residual_repair_s44] [TRAIN] stage=finetune epoch=1/1 batch=650/3000 step=650 repair=0.07981 localization=0 type=0 minimal=0.04993 physics=0 total=0.08031
[TRAIN train_climax_residual_repair_s44] [TRAIN] stage=finetune epoch=1/1 batch=660/3000 step=660 repair=0.06699 localization=0 type=0 minimal=0.05856 physics=0 total=0.06758
[TRAIN train_climax_residual_repair_s44] [TRAIN] stage=finetune epoch=1/1 batch=670/3000 step=670 repair=0.07479 localization=0 type=0 minimal=0.056 physics=0 total=0.07535
[TRAIN train_climax_residual_repair_s44] [TRAIN] stage=finetune epoch=1/1 batch=680/3000 step=680 repair=0.1205 localization=0 type=0 minimal=0.04071 physics=0 total=0.1209
[TRAIN train_climax_residual_repair_s44] [TRAIN] stage=finetune epoch=1/1 batch=690/3000 step=690 repair=0.1261 localization=0 type=0 minimal=0.03799 physics=0 total=0.1265
[TRAIN train_climax_residual_repair_s44] [TRAIN] stage=finetune epoch=1/1 batch=700/3000 step=700 repair=0.07625 localization=0 type=0 minimal=0.05499 physics=0 total=0.0768
[TRAIN train_climax_residual_repair_s44] [TRAIN] stage=finetune epoch=1/1 batch=710/3000 step=710 repair=0.1174 localization=0 type=0 minimal=0.04498 physics=0 total=0.1178
[TRAIN train_climax_residual_repair_s44] [TRAIN] stage=finetune epoch=1/1 batch=720/3000 step=720 repair=0.1093 localization=0 type=0 minimal=0.04279 physics=0 total=0.1097
[TRAIN train_climax_residual_repair_s44] [TRAIN] stage=finetune epoch=1/1 batch=730/3000 step=730 repair=0.13 localization=0 type=0 minimal=0.04391 physics=0 total=0.1304
[TRAIN train_climax_residual_repair_s44] [TRAIN] stage=finetune epoch=1/1 batch=740/3000 step=740 repair=0.07795 localization=0 type=0 minimal=0.05734 physics=0 total=0.07852
[TRAIN train_climax_residual_repair_s44] [TRAIN] stage=finetune epoch=1/1 batch=750/3000 step=750 repair=0.07931 localization=0 type=0 minimal=0.05786 physics=0 total=0.07989
[TRAIN train_climax_residual_repair_s44] [TRAIN] stage=finetune epoch=1/1 batch=760/3000 step=760 repair=0.08122 localization=0 type=0 minimal=0.05435 physics=0 total=0.08176
[TRAIN train_climax_residual_repair_s44] [TRAIN] stage=finetune epoch=1/1 batch=770/3000 step=770 repair=0.07355 localization=0 type=0 minimal=0.05841 physics=0 total=0.07413
[TRAIN train_climax_residual_repair_s44] [TRAIN] stage=finetune epoch=1/1 batch=780/3000 step=780 repair=0.07994 localization=0 type=0 minimal=0.06097 physics=0 total=0.08055
[TRAIN train_climax_residual_repair_s44] [TRAIN] stage=finetune epoch=1/1 batch=790/3000 step=790 repair=0.0709 localization=0 type=0 minimal=0.05688 physics=0 total=0.07147
[TRAIN train_climax_residual_repair_s44] [TRAIN] stage=finetune epoch=1/1 batch=800/3000 step=800 repair=0.1416 localization=0 type=0 minimal=0.04117 physics=0 total=0.142
[TRAIN train_climax_residual_repair_s44] [TRAIN] stage=finetune epoch=1/1 batch=810/3000 step=810 repair=0.1115 localization=0 type=0 minimal=0.04184 physics=0 total=0.1119
[TRAIN train_climax_residual_repair_s44] [TRAIN] stage=finetune epoch=1/1 batch=820/3000 step=820 repair=0.06169 localization=0 type=0 minimal=0.07025 physics=0 total=0.06239
[TRAIN train_climax_residual_repair_s44] [TRAIN] stage=finetune epoch=1/1 batch=830/3000 step=830 repair=0.1164 localization=0 type=0 minimal=0.04465 physics=0 total=0.1169
[TRAIN train_climax_residual_repair_s44] [TRAIN] stage=finetune epoch=1/1 batch=840/3000 step=840 repair=0.107 localization=0 type=0 minimal=0.05652 physics=0 total=0.1076
[TRAIN train_climax_residual_repair_s44] [TRAIN] stage=finetune epoch=1/1 batch=850/3000 step=850 repair=0.1102 localization=0 type=0 minimal=0.05536 physics=0 total=0.1107
[TRAIN train_climax_residual_repair_s44] [TRAIN] stage=finetune epoch=1/1 batch=860/3000 step=860 repair=0.109 localization=0 type=0 minimal=0.05676 physics=0 total=0.1096
[TRAIN train_climax_residual_repair_s44] [TRAIN] stage=finetune epoch=1/1 batch=870/3000 step=870 repair=0.06463 localization=0 type=0 minimal=0.07074 physics=0 total=0.06533
[TRAIN train_climax_residual_repair_s44] [TRAIN] stage=finetune epoch=1/1 batch=880/3000 step=880 repair=0.08248 localization=0 type=0 minimal=0.05804 physics=0 total=0.08306
[TRAIN train_climax_residual_repair_s44] [TRAIN] stage=finetune epoch=1/1 batch=890/3000 step=890 repair=0.1068 localization=0 type=0 minimal=0.05731 physics=0 total=0.1073
[TRAIN train_climax_residual_repair_s44] [TRAIN] stage=finetune epoch=1/1 batch=900/3000 step=900 repair=0.163 localization=0 type=0 minimal=0.0426 physics=0 total=0.1634
[TRAIN train_climax_residual_repair_s44] [TRAIN] stage=finetune epoch=1/1 batch=910/3000 step=910 repair=0.1186 localization=0 type=0 minimal=0.05441 physics=0 total=0.1191
[TRAIN train_climax_residual_repair_s44] [TRAIN] stage=finetune epoch=1/1 batch=920/3000 step=920 repair=0.07768 localization=0 type=0 minimal=0.06653 physics=0 total=0.07834
[TRAIN train_climax_residual_repair_s44] [TRAIN] stage=finetune epoch=1/1 batch=930/3000 step=930 repair=0.1229 localization=0 type=0 minimal=0.04593 physics=0 total=0.1233
[TRAIN train_climax_residual_repair_s44] [TRAIN] stage=finetune epoch=1/1 batch=940/3000 step=940 repair=0.1566 localization=0 type=0 minimal=0.03635 physics=0 total=0.1569
[TRAIN train_climax_residual_repair_s44] [TRAIN] stage=finetune epoch=1/1 batch=950/3000 step=950 repair=0.07291 localization=0 type=0 minimal=0.06519 physics=0 total=0.07356
[TRAIN train_climax_residual_repair_s44] [TRAIN] stage=finetune epoch=1/1 batch=960/3000 step=960 repair=0.0856 localization=0 type=0 minimal=0.05252 physics=0 total=0.08612
[TRAIN train_climax_residual_repair_s44] [TRAIN] stage=finetune epoch=1/1 batch=970/3000 step=970 repair=0.165 localization=0 type=0 minimal=0.043 physics=0 total=0.1655
[TRAIN train_climax_residual_repair_s44] [TRAIN] stage=finetune epoch=1/1 batch=980/3000 step=980 repair=0.06698 localization=0 type=0 minimal=0.06122 physics=0 total=0.06759
[TRAIN train_climax_residual_repair_s44] [TRAIN] stage=finetune epoch=1/1 batch=990/3000 step=990 repair=0.1147 localization=0 type=0 minimal=0.06039 physics=0 total=0.1153
[TRAIN train_climax_residual_repair_s44] [TRAIN] stage=finetune epoch=1/1 batch=1000/3000 step=1000 repair=0.08342 localization=0 type=0 minimal=0.05466 physics=0 total=0.08396
[TRAIN train_climax_residual_repair_s44] [TRAIN] stage=finetune epoch=1/1 batch=1010/3000 step=1010 repair=0.1291 localization=0 type=0 minimal=0.04929 physics=0 total=0.1296
[TRAIN train_climax_residual_repair_s44] [TRAIN] stage=finetune epoch=1/1 batch=1020/3000 step=1020 repair=0.05575 localization=0 type=0 minimal=0.07385 physics=0 total=0.05649
[TRAIN train_climax_residual_repair_s44] [TRAIN] stage=finetune epoch=1/1 batch=1030/3000 step=1030 repair=0.1066 localization=0 type=0 minimal=0.05716 physics=0 total=0.1072
[TRAIN train_climax_residual_repair_s44] [TRAIN] stage=finetune epoch=1/1 batch=1040/3000 step=1040 repair=0.1631 localization=0 type=0 minimal=0.04041 physics=0 total=0.1635
[TRAIN train_climax_residual_repair_s44] [TRAIN] stage=finetune epoch=1/1 batch=1050/3000 step=1050 repair=0.1173 localization=0 type=0 minimal=0.0412 physics=0 total=0.1177
[TRAIN train_climax_residual_repair_s44] [TRAIN] stage=finetune epoch=1/1 batch=1060/3000 step=1060 repair=0.07407 localization=0 type=0 minimal=0.06537 physics=0 total=0.07473
[TRAIN train_climax_residual_repair_s44] [TRAIN] stage=finetune epoch=1/1 batch=1070/3000 step=1070 repair=0.0613 localization=0 type=0 minimal=0.07861 physics=0 total=0.06209
[TRAIN train_climax_residual_repair_s44] [TRAIN] stage=finetune epoch=1/1 batch=1080/3000 step=1080 repair=0.1038 localization=0 type=0 minimal=0.04514 physics=0 total=0.1043
[TRAIN train_climax_residual_repair_s44] [TRAIN] stage=finetune epoch=1/1 batch=1090/3000 step=1090 repair=0.118 localization=0 type=0 minimal=0.04434 physics=0 total=0.1184
[TRAIN train_climax_residual_repair_s44] [TRAIN] stage=finetune epoch=1/1 batch=1100/3000 step=1100 repair=0.1271 localization=0 type=0 minimal=0.04642 physics=0 total=0.1275
[TRAIN train_climax_residual_repair_s44] [TRAIN] stage=finetune epoch=1/1 batch=1110/3000 step=1110 repair=0.1652 localization=0 type=0 minimal=0.04318 physics=0 total=0.1656
[TRAIN train_climax_residual_repair_s44] [TRAIN] stage=finetune epoch=1/1 batch=1120/3000 step=1120 repair=0.06096 localization=0 type=0 minimal=0.07745 physics=0 total=0.06174
[TRAIN train_climax_residual_repair_s44] [TRAIN] stage=finetune epoch=1/1 batch=1130/3000 step=1130 repair=0.1207 localization=0 type=0 minimal=0.04898 physics=0 total=0.1212
[TRAIN train_climax_residual_repair_s44] [TRAIN] stage=finetune epoch=1/1 batch=1140/3000 step=1140 repair=0.08731 localization=0 type=0 minimal=0.05191 physics=0 total=0.08783
[TRAIN train_climax_residual_repair_s44] [TRAIN] stage=finetune epoch=1/1 batch=1150/3000 step=1150 repair=0.1181 localization=0 type=0 minimal=0.04803 physics=0 total=0.1186
[TRAIN train_climax_residual_repair_s44] [TRAIN] stage=finetune epoch=1/1 batch=1160/3000 step=1160 repair=0.1498 localization=0 type=0 minimal=0.04684 physics=0 total=0.1503
[TRAIN train_climax_residual_repair_s44] [TRAIN] stage=finetune epoch=1/1 batch=1170/3000 step=1170 repair=0.1074 localization=0 type=0 minimal=0.06131 physics=0 total=0.108
[TRAIN train_climax_residual_repair_s44] [TRAIN] stage=finetune epoch=1/1 batch=1180/3000 step=1180 repair=0.06259 localization=0 type=0 minimal=0.07837 physics=0 total=0.06337
[TRAIN train_climax_residual_repair_s44] [TRAIN] stage=finetune epoch=1/1 batch=1190/3000 step=1190 repair=0.1221 localization=0 type=0 minimal=0.05219 physics=0 total=0.1226
[TRAIN train_climax_residual_repair_s44] [TRAIN] stage=finetune epoch=1/1 batch=1200/3000 step=1200 repair=0.1453 localization=0 type=0 minimal=0.04108 physics=0 total=0.1458
[TRAIN train_climax_residual_repair_s44] [TRAIN] stage=finetune epoch=1/1 batch=1210/3000 step=1210 repair=0.07333 localization=0 type=0 minimal=0.06805 physics=0 total=0.07401
[TRAIN train_climax_residual_repair_s44] [TRAIN] stage=finetune epoch=1/1 batch=1220/3000 step=1220 repair=0.06551 localization=0 type=0 minimal=0.06805 physics=0 total=0.06619
[TRAIN train_climax_residual_repair_s44] [TRAIN] stage=finetune epoch=1/1 batch=1230/3000 step=1230 repair=0.1208 localization=0 type=0 minimal=0.06009 physics=0 total=0.1214
[TRAIN train_climax_residual_repair_s44] [TRAIN] stage=finetune epoch=1/1 batch=1240/3000 step=1240 repair=0.05644 localization=0 type=0 minimal=0.08203 physics=0 total=0.05726
[TRAIN train_climax_residual_repair_s44] [TRAIN] stage=finetune epoch=1/1 batch=1250/3000 step=1250 repair=0.07262 localization=0 type=0 minimal=0.0675 physics=0 total=0.0733
[TRAIN train_climax_residual_repair_s44] [TRAIN] stage=finetune epoch=1/1 batch=1260/3000 step=1260 repair=0.07195 localization=0 type=0 minimal=0.06805 physics=0 total=0.07263
[TRAIN train_climax_residual_repair_s44] [TRAIN] stage=finetune epoch=1/1 batch=1270/3000 step=1270 repair=0.1194 localization=0 type=0 minimal=0.05051 physics=0 total=0.1199
[TRAIN train_climax_residual_repair_s44] [TRAIN] stage=finetune epoch=1/1 batch=1280/3000 step=1280 repair=0.124 localization=0 type=0 minimal=0.04904 physics=0 total=0.1245
[TRAIN train_climax_residual_repair_s44] [TRAIN] stage=finetune epoch=1/1 batch=1290/3000 step=1290 repair=0.1082 localization=0 type=0 minimal=0.06131 physics=0 total=0.1088
[TRAIN train_climax_residual_repair_s44] [TRAIN] stage=finetune epoch=1/1 batch=1300/3000 step=1300 repair=0.08245 localization=0 type=0 minimal=0.0614 physics=0 total=0.08306
[TRAIN train_climax_residual_repair_s44] [TRAIN] stage=finetune epoch=1/1 batch=1310/3000 step=1310 repair=0.1004 localization=0 type=0 minimal=0.06299 physics=0 total=0.1011
[TRAIN train_climax_residual_repair_s44] [TRAIN] stage=finetune epoch=1/1 batch=1320/3000 step=1320 repair=0.1067 localization=0 type=0 minimal=0.06189 physics=0 total=0.1074
[TRAIN train_climax_residual_repair_s44] [TRAIN] stage=finetune epoch=1/1 batch=1330/3000 step=1330 repair=0.1095 localization=0 type=0 minimal=0.06281 physics=0 total=0.1101
[TRAIN train_climax_residual_repair_s44] [TRAIN] stage=finetune epoch=1/1 batch=1340/3000 step=1340 repair=0.05548 localization=0 type=0 minimal=0.07977 physics=0 total=0.05628
[TRAIN train_climax_residual_repair_s44] [TRAIN] stage=finetune epoch=1/1 batch=1350/3000 step=1350 repair=0.1211 localization=0 type=0 minimal=0.06378 physics=0 total=0.1218
[TRAIN train_climax_residual_repair_s44] [TRAIN] stage=finetune epoch=1/1 batch=1360/3000 step=1360 repair=0.08267 localization=0 type=0 minimal=0.05652 physics=0 total=0.08323
[TRAIN train_climax_residual_repair_s44] [TRAIN] stage=finetune epoch=1/1 batch=1370/3000 step=1370 repair=0.08704 localization=0 type=0 minimal=0.06097 physics=0 total=0.08765
[TRAIN train_climax_residual_repair_s44] [TRAIN] stage=finetune epoch=1/1 batch=1380/3000 step=1380 repair=0.122 localization=0 type=0 minimal=0.05362 physics=0 total=0.1226
[TRAIN train_climax_residual_repair_s44] [TRAIN] stage=finetune epoch=1/1 batch=1390/3000 step=1390 repair=0.1512 localization=0 type=0 minimal=0.04178 physics=0 total=0.1516
[TRAIN train_climax_residual_repair_s44] [TRAIN] stage=finetune epoch=1/1 batch=1400/3000 step=1400 repair=0.1314 localization=0 type=0 minimal=0.05069 physics=0 total=0.1319
[TRAIN train_climax_residual_repair_s44] [TRAIN] stage=finetune epoch=1/1 batch=1410/3000 step=1410 repair=0.05446 localization=0 type=0 minimal=0.08295 physics=0 total=0.05529
[TRAIN train_climax_residual_repair_s44] [TRAIN] stage=finetune epoch=1/1 batch=1420/3000 step=1420 repair=0.0991 localization=0 type=0 minimal=0.06738 physics=0 total=0.09977
[TRAIN train_climax_residual_repair_s44] [TRAIN] stage=finetune epoch=1/1 batch=1430/3000 step=1430 repair=0.05469 localization=0 type=0 minimal=0.08441 physics=0 total=0.05554
[TRAIN train_climax_residual_repair_s44] [TRAIN] stage=finetune epoch=1/1 batch=1440/3000 step=1440 repair=0.1144 localization=0 type=0 minimal=0.06671 physics=0 total=0.1151
[TRAIN train_climax_residual_repair_s44] [TRAIN] stage=finetune epoch=1/1 batch=1450/3000 step=1450 repair=0.1714 localization=0 type=0 minimal=0.04721 physics=0 total=0.1719
[TRAIN train_climax_residual_repair_s44] [TRAIN] stage=finetune epoch=1/1 batch=1460/3000 step=1460 repair=0.105 localization=0 type=0 minimal=0.06204 physics=0 total=0.1056
[TRAIN train_climax_residual_repair_s44] [TRAIN] stage=finetune epoch=1/1 batch=1470/3000 step=1470 repair=0.1099 localization=0 type=0 minimal=0.04849 physics=0 total=0.1104
[TRAIN train_climax_residual_repair_s44] [TRAIN] stage=finetune epoch=1/1 batch=1480/3000 step=1480 repair=0.1088 localization=0 type=0 minimal=0.06342 physics=0 total=0.1094
[TRAIN train_climax_residual_repair_s44] [TRAIN] stage=finetune epoch=1/1 batch=1490/3000 step=1490 repair=0.07364 localization=0 type=0 minimal=0.0769 physics=0 total=0.07441
[TRAIN train_climax_residual_repair_s44] [TRAIN] stage=finetune epoch=1/1 batch=1500/3000 step=1500 repair=0.1145 localization=0 type=0 minimal=0.0621 physics=0 total=0.1151
[TRAIN train_climax_residual_repair_s44] [TRAIN] stage=finetune epoch=1/1 batch=1510/3000 step=1510 repair=0.1056 localization=0 type=0 minimal=0.06494 physics=0 total=0.1063
[TRAIN train_climax_residual_repair_s44] [TRAIN] stage=finetune epoch=1/1 batch=1520/3000 step=1520 repair=0.07023 localization=0 type=0 minimal=0.07257 physics=0 total=0.07095
[TRAIN train_climax_residual_repair_s44] [TRAIN] stage=finetune epoch=1/1 batch=1530/3000 step=1530 repair=0.1151 localization=0 type=0 minimal=0.06482 physics=0 total=0.1157
[TRAIN train_climax_residual_repair_s44] [TRAIN] stage=finetune epoch=1/1 batch=1540/3000 step=1540 repair=0.07428 localization=0 type=0 minimal=0.07251 physics=0 total=0.07501
[TRAIN train_climax_residual_repair_s44] [TRAIN] stage=finetune epoch=1/1 batch=1550/3000 step=1550 repair=0.125 localization=0 type=0 minimal=0.0477 physics=0 total=0.1255
[TRAIN train_climax_residual_repair_s44] [TRAIN] stage=finetune epoch=1/1 batch=1560/3000 step=1560 repair=0.1294 localization=0 type=0 minimal=0.05511 physics=0 total=0.13
[TRAIN train_climax_residual_repair_s44] [TRAIN] stage=finetune epoch=1/1 batch=1570/3000 step=1570 repair=0.06972 localization=0 type=0 minimal=0.06854 physics=0 total=0.07041
[TRAIN train_climax_residual_repair_s44] [TRAIN] stage=finetune epoch=1/1 batch=1580/3000 step=1580 repair=0.07564 localization=0 type=0 minimal=0.07336 physics=0 total=0.07637
[TRAIN train_climax_residual_repair_s44] [TRAIN] stage=finetune epoch=1/1 batch=1590/3000 step=1590 repair=0.08467 localization=0 type=0 minimal=0.0618 physics=0 total=0.08528
[TRAIN train_climax_residual_repair_s44] [TRAIN] stage=finetune epoch=1/1 batch=1600/3000 step=1600 repair=0.08442 localization=0 type=0 minimal=0.05493 physics=0 total=0.08497
[TRAIN train_climax_residual_repair_s44] [TRAIN] stage=finetune epoch=1/1 batch=1610/3000 step=1610 repair=0.05877 localization=0 type=0 minimal=0.08734 physics=0 total=0.05964
[TRAIN train_climax_residual_repair_s44] [TRAIN] stage=finetune epoch=1/1 batch=1620/3000 step=1620 repair=0.0847 localization=0 type=0 minimal=0.05817 physics=0 total=0.08528
[TRAIN train_climax_residual_repair_s44] [TRAIN] stage=finetune epoch=1/1 batch=1630/3000 step=1630 repair=0.09781 localization=0 type=0 minimal=0.06628 physics=0 total=0.09847
[TRAIN train_climax_residual_repair_s44] [TRAIN] stage=finetune epoch=1/1 batch=1640/3000 step=1640 repair=0.05037 localization=0 type=0 minimal=0.08917 physics=0 total=0.05126
[TRAIN train_climax_residual_repair_s44] [TRAIN] stage=finetune epoch=1/1 batch=1650/3000 step=1650 repair=0.07184 localization=0 type=0 minimal=0.0708 physics=0 total=0.07254
[TRAIN train_climax_residual_repair_s44] [TRAIN] stage=finetune epoch=1/1 batch=1660/3000 step=1660 repair=0.1306 localization=0 type=0 minimal=0.05258 physics=0 total=0.1311
[TRAIN train_climax_residual_repair_s44] [TRAIN] stage=finetune epoch=1/1 batch=1670/3000 step=1670 repair=0.07268 localization=0 type=0 minimal=0.07318 physics=0 total=0.07341
[TRAIN train_climax_residual_repair_s44] [TRAIN] stage=finetune epoch=1/1 batch=1680/3000 step=1680 repair=0.09756 localization=0 type=0 minimal=0.06769 physics=0 total=0.09824
[TRAIN train_climax_residual_repair_s44] [TRAIN] stage=finetune epoch=1/1 batch=1690/3000 step=1690 repair=0.1177 localization=0 type=0 minimal=0.04984 physics=0 total=0.1182
[TRAIN train_climax_residual_repair_s44] [TRAIN] stage=finetune epoch=1/1 batch=1700/3000 step=1700 repair=0.08105 localization=0 type=0 minimal=0.05457 physics=0 total=0.08159
[TRAIN train_climax_residual_repair_s44] [TRAIN] stage=finetune epoch=1/1 batch=1710/3000 step=1710 repair=0.1569 localization=0 type=0 minimal=0.04312 physics=0 total=0.1573
[TRAIN train_climax_residual_repair_s44] [TRAIN] stage=finetune epoch=1/1 batch=1720/3000 step=1720 repair=0.1162 localization=0 type=0 minimal=0.04681 physics=0 total=0.1167
[TRAIN train_climax_residual_repair_s44] [TRAIN] stage=finetune epoch=1/1 batch=1730/3000 step=1730 repair=0.06223 localization=0 type=0 minimal=0.07465 physics=0 total=0.06298
[TRAIN train_climax_residual_repair_s44] [TRAIN] stage=finetune epoch=1/1 batch=1740/3000 step=1740 repair=0.06997 localization=0 type=0 minimal=0.07617 physics=0 total=0.07073
[TRAIN train_climax_residual_repair_s44] [TRAIN] stage=finetune epoch=1/1 batch=1750/3000 step=1750 repair=0.161 localization=0 type=0 minimal=0.04752 physics=0 total=0.1615
[TRAIN train_climax_residual_repair_s44] [TRAIN] stage=finetune epoch=1/1 batch=1760/3000 step=1760 repair=0.05532 localization=0 type=0 minimal=0.08765 physics=0 total=0.05619
[TRAIN train_climax_residual_repair_s44] [TRAIN] stage=finetune epoch=1/1 batch=1770/3000 step=1770 repair=0.1024 localization=0 type=0 minimal=0.06738 physics=0 total=0.1031
[TRAIN train_climax_residual_repair_s44] [TRAIN] stage=finetune epoch=1/1 batch=1780/3000 step=1780 repair=0.06883 localization=0 type=0 minimal=0.07245 physics=0 total=0.06955
[TRAIN train_climax_residual_repair_s44] [TRAIN] stage=finetune epoch=1/1 batch=1790/3000 step=1790 repair=0.1028 localization=0 type=0 minimal=0.06879 physics=0 total=0.1035
[TRAIN train_climax_residual_repair_s44] [TRAIN] stage=finetune epoch=1/1 batch=1800/3000 step=1800 repair=0.08437 localization=0 type=0 minimal=0.06067 physics=0 total=0.08498
[TRAIN train_climax_residual_repair_s44] [TRAIN] stage=finetune epoch=1/1 batch=1810/3000 step=1810 repair=0.06334 localization=0 type=0 minimal=0.07648 physics=0 total=0.06411
[TRAIN train_climax_residual_repair_s44] [TRAIN] stage=finetune epoch=1/1 batch=1820/3000 step=1820 repair=0.1325 localization=0 type=0 minimal=0.04929 physics=0 total=0.133
[TRAIN train_climax_residual_repair_s44] [TRAIN] stage=finetune epoch=1/1 batch=1830/3000 step=1830 repair=0.1514 localization=0 type=0 minimal=0.04599 physics=0 total=0.1518
[TRAIN train_climax_residual_repair_s44] [TRAIN] stage=finetune epoch=1/1 batch=1840/3000 step=1840 repair=0.1152 localization=0 type=0 minimal=0.05524 physics=0 total=0.1158
[TRAIN train_climax_residual_repair_s44] [TRAIN] stage=finetune epoch=1/1 batch=1850/3000 step=1850 repair=0.1201 localization=0 type=0 minimal=0.0546 physics=0 total=0.1207
[TRAIN train_climax_residual_repair_s44] [TRAIN] stage=finetune epoch=1/1 batch=1860/3000 step=1860 repair=0.07543 localization=0 type=0 minimal=0.07477 physics=0 total=0.07618
[TRAIN train_climax_residual_repair_s44] [TRAIN] stage=finetune epoch=1/1 batch=1870/3000 step=1870 repair=0.1099 localization=0 type=0 minimal=0.06903 physics=0 total=0.1106
[TRAIN train_climax_residual_repair_s44] [TRAIN] stage=finetune epoch=1/1 batch=1880/3000 step=1880 repair=0.06108 localization=0 type=0 minimal=0.09418 physics=0 total=0.06202
[TRAIN train_climax_residual_repair_s44] [TRAIN] stage=finetune epoch=1/1 batch=1890/3000 step=1890 repair=0.1052 localization=0 type=0 minimal=0.048 physics=0 total=0.1056
[TRAIN train_climax_residual_repair_s44] [TRAIN] stage=finetune epoch=1/1 batch=1900/3000 step=1900 repair=0.1656 localization=0 type=0 minimal=0.04453 physics=0 total=0.166
[TRAIN train_climax_residual_repair_s44] [TRAIN] stage=finetune epoch=1/1 batch=1910/3000 step=1910 repair=0.06818 localization=0 type=0 minimal=0.07629 physics=0 total=0.06894
[TRAIN train_climax_residual_repair_s44] [TRAIN] stage=finetune epoch=1/1 batch=1920/3000 step=1920 repair=0.1179 localization=0 type=0 minimal=0.0509 physics=0 total=0.1184
[TRAIN train_climax_residual_repair_s44] [TRAIN] stage=finetune epoch=1/1 batch=1930/3000 step=1930 repair=0.08418 localization=0 type=0 minimal=0.06256 physics=0 total=0.0848
[TRAIN train_climax_residual_repair_s44] [TRAIN] stage=finetune epoch=1/1 batch=1940/3000 step=1940 repair=0.07125 localization=0 type=0 minimal=0.07825 physics=0 total=0.07204
[TRAIN train_climax_residual_repair_s44] [TRAIN] stage=finetune epoch=1/1 batch=1950/3000 step=1950 repair=0.1188 localization=0 type=0 minimal=0.05481 physics=0 total=0.1194
[TRAIN train_climax_residual_repair_s44] [TRAIN] stage=finetune epoch=1/1 batch=1960/3000 step=1960 repair=0.121 localization=0 type=0 minimal=0.05179 physics=0 total=0.1215
[TRAIN train_climax_residual_repair_s44] [TRAIN] stage=finetune epoch=1/1 batch=1970/3000 step=1970 repair=0.07394 localization=0 type=0 minimal=0.08038 physics=0 total=0.07474
[TRAIN train_climax_residual_repair_s44] [TRAIN] stage=finetune epoch=1/1 batch=1980/3000 step=1980 repair=0.0874 localization=0 type=0 minimal=0.05826 physics=0 total=0.08798
[TRAIN train_climax_residual_repair_s44] [TRAIN] stage=finetune epoch=1/1 batch=1990/3000 step=1990 repair=0.1222 localization=0 type=0 minimal=0.04904 physics=0 total=0.1227
[TRAIN train_climax_residual_repair_s44] [TRAIN] stage=finetune epoch=1/1 batch=2000/3000 step=2000 repair=0.08109 localization=0 type=0 minimal=0.0611 physics=0 total=0.0817
[TRAIN train_climax_residual_repair_s44] [TRAIN] stage=finetune epoch=1/1 batch=2010/3000 step=2010 repair=0.07586 localization=0 type=0 minimal=0.05743 physics=0 total=0.07643
[TRAIN train_climax_residual_repair_s44] [TRAIN] stage=finetune epoch=1/1 batch=2020/3000 step=2020 repair=0.1097 localization=0 type=0 minimal=0.0697 physics=0 total=0.1104
[TRAIN train_climax_residual_repair_s44] [TRAIN] stage=finetune epoch=1/1 batch=2030/3000 step=2030 repair=0.05362 localization=0 type=0 minimal=0.09595 physics=0 total=0.05458
[TRAIN train_climax_residual_repair_s44] [TRAIN] stage=finetune epoch=1/1 batch=2040/3000 step=2040 repair=0.1525 localization=0 type=0 minimal=0.05405 physics=0 total=0.1531
[TRAIN train_climax_residual_repair_s44] [TRAIN] stage=finetune epoch=1/1 batch=2050/3000 step=2050 repair=0.09964 localization=0 type=0 minimal=0.06628 physics=0 total=0.1003
[TRAIN train_climax_residual_repair_s44] [TRAIN] stage=finetune epoch=1/1 batch=2060/3000 step=2060 repair=0.06919 localization=0 type=0 minimal=0.07355 physics=0 total=0.06992
[TRAIN train_climax_residual_repair_s44] [TRAIN] stage=finetune epoch=1/1 batch=2070/3000 step=2070 repair=0.1505 localization=0 type=0 minimal=0.04645 physics=0 total=0.151
[TRAIN train_climax_residual_repair_s44] [TRAIN] stage=finetune epoch=1/1 batch=2080/3000 step=2080 repair=0.1111 localization=0 type=0 minimal=0.05618 physics=0 total=0.1117
[TRAIN train_climax_residual_repair_s44] [TRAIN] stage=finetune epoch=1/1 batch=2090/3000 step=2090 repair=0.1157 localization=0 type=0 minimal=0.05612 physics=0 total=0.1163
[TRAIN train_climax_residual_repair_s44] [TRAIN] stage=finetune epoch=1/1 batch=2100/3000 step=2100 repair=0.09975 localization=0 type=0 minimal=0.07031 physics=0 total=0.1005
[TRAIN train_climax_residual_repair_s44] [TRAIN] stage=finetune epoch=1/1 batch=2110/3000 step=2110 repair=0.1179 localization=0 type=0 minimal=0.04858 physics=0 total=0.1183
[TRAIN train_climax_residual_repair_s44] [TRAIN] stage=finetune epoch=1/1 batch=2120/3000 step=2120 repair=0.1252 localization=0 type=0 minimal=0.05319 physics=0 total=0.1258
[TRAIN train_climax_residual_repair_s44] [TRAIN] stage=finetune epoch=1/1 batch=2130/3000 step=2130 repair=0.1071 localization=0 type=0 minimal=0.07135 physics=0 total=0.1078
[TRAIN train_climax_residual_repair_s44] [TRAIN] stage=finetune epoch=1/1 batch=2140/3000 step=2140 repair=0.05214 localization=0 type=0 minimal=0.08997 physics=0 total=0.05303
[TRAIN train_climax_residual_repair_s44] [TRAIN] stage=finetune epoch=1/1 batch=2150/3000 step=2150 repair=0.08155 localization=0 type=0 minimal=0.05627 physics=0 total=0.08212
[TRAIN train_climax_residual_repair_s44] [TRAIN] stage=finetune epoch=1/1 batch=2160/3000 step=2160 repair=0.06624 localization=0 type=0 minimal=0.08002 physics=0 total=0.06704
[TRAIN train_climax_residual_repair_s44] [TRAIN] stage=finetune epoch=1/1 batch=2170/3000 step=2170 repair=0.101 localization=0 type=0 minimal=0.07288 physics=0 total=0.1017
[TRAIN train_climax_residual_repair_s44] [TRAIN] stage=finetune epoch=1/1 batch=2180/3000 step=2180 repair=0.06531 localization=0 type=0 minimal=0.07593 physics=0 total=0.06607
[TRAIN train_climax_residual_repair_s44] [TRAIN] stage=finetune epoch=1/1 batch=2190/3000 step=2190 repair=0.09919 localization=0 type=0 minimal=0.06818 physics=0 total=0.09987
[TRAIN train_climax_residual_repair_s44] [TRAIN] stage=finetune epoch=1/1 batch=2200/3000 step=2200 repair=0.1036 localization=0 type=0 minimal=0.0675 physics=0 total=0.1043
[TRAIN train_climax_residual_repair_s44] [TRAIN] stage=finetune epoch=1/1 batch=2210/3000 step=2210 repair=0.0694 localization=0 type=0 minimal=0.07855 physics=0 total=0.07019
[TRAIN train_climax_residual_repair_s44] [TRAIN] stage=finetune epoch=1/1 batch=2220/3000 step=2220 repair=0.08031 localization=0 type=0 minimal=0.06046 physics=0 total=0.08092
[TRAIN train_climax_residual_repair_s44] [TRAIN] stage=finetune epoch=1/1 batch=2230/3000 step=2230 repair=0.0507 localization=0 type=0 minimal=0.09302 physics=0 total=0.05163
[TRAIN train_climax_residual_repair_s44] [TRAIN] stage=finetune epoch=1/1 batch=2240/3000 step=2240 repair=0.07598 localization=0 type=0 minimal=0.07593 physics=0 total=0.07674
[TRAIN train_climax_residual_repair_s44] [TRAIN] stage=finetune epoch=1/1 batch=2250/3000 step=2250 repair=0.04878 localization=0 type=0 minimal=0.09125 physics=0 total=0.04969
[TRAIN train_climax_residual_repair_s44] [TRAIN] stage=finetune epoch=1/1 batch=2260/3000 step=2260 repair=0.08099 localization=0 type=0 minimal=0.06256 physics=0 total=0.08162
[TRAIN train_climax_residual_repair_s44] [TRAIN] stage=finetune epoch=1/1 batch=2270/3000 step=2270 repair=0.09732 localization=0 type=0 minimal=0.07312 physics=0 total=0.09805
[TRAIN train_climax_residual_repair_s44] [TRAIN] stage=finetune epoch=1/1 batch=2280/3000 step=2280 repair=0.1614 localization=0 type=0 minimal=0.04617 physics=0 total=0.1618
[TRAIN train_climax_residual_repair_s44] [TRAIN] stage=finetune epoch=1/1 batch=2290/3000 step=2290 repair=0.1129 localization=0 type=0 minimal=0.05139 physics=0 total=0.1135
[TRAIN train_climax_residual_repair_s44] [TRAIN] stage=finetune epoch=1/1 batch=2300/3000 step=2300 repair=0.09898 localization=0 type=0 minimal=0.0705 physics=0 total=0.09968
[TRAIN train_climax_residual_repair_s44] [TRAIN] stage=finetune epoch=1/1 batch=2310/3000 step=2310 repair=0.06683 localization=0 type=0 minimal=0.07507 physics=0 total=0.06758
[TRAIN train_climax_residual_repair_s44] [TRAIN] stage=finetune epoch=1/1 batch=2320/3000 step=2320 repair=0.04887 localization=0 type=0 minimal=0.09253 physics=0 total=0.04979
[TRAIN train_climax_residual_repair_s44] [TRAIN] stage=finetune epoch=1/1 batch=2330/3000 step=2330 repair=0.1041 localization=0 type=0 minimal=0.07361 physics=0 total=0.1049
[TRAIN train_climax_residual_repair_s44] [TRAIN] stage=finetune epoch=1/1 batch=2340/3000 step=2340 repair=0.07031 localization=0 type=0 minimal=0.07196 physics=0 total=0.07103
[TRAIN train_climax_residual_repair_s44] [TRAIN] stage=finetune epoch=1/1 batch=2350/3000 step=2350 repair=0.1018 localization=0 type=0 minimal=0.07373 physics=0 total=0.1025
[TRAIN train_climax_residual_repair_s44] [TRAIN] stage=finetune epoch=1/1 batch=2360/3000 step=2360 repair=0.06784 localization=0 type=0 minimal=0.07965 physics=0 total=0.06864
[TRAIN train_climax_residual_repair_s44] [TRAIN] stage=finetune epoch=1/1 batch=2370/3000 step=2370 repair=0.0834 localization=0 type=0 minimal=0.0603 physics=0 total=0.084
[TRAIN train_climax_residual_repair_s44] [TRAIN] stage=finetune epoch=1/1 batch=2380/3000 step=2380 repair=0.1118 localization=0 type=0 minimal=0.05487 physics=0 total=0.1124
[TRAIN train_climax_residual_repair_s44] [TRAIN] stage=finetune epoch=1/1 batch=2390/3000 step=2390 repair=0.1479 localization=0 type=0 minimal=0.04361 physics=0 total=0.1483
[TRAIN train_climax_residual_repair_s44] [TRAIN] stage=finetune epoch=1/1 batch=2400/3000 step=2400 repair=0.1045 localization=0 type=0 minimal=0.07007 physics=0 total=0.1052
[TRAIN train_climax_residual_repair_s44] [TRAIN] stage=finetune epoch=1/1 batch=2410/3000 step=2410 repair=0.06576 localization=0 type=0 minimal=0.08173 physics=0 total=0.06658
[TRAIN train_climax_residual_repair_s44] [TRAIN] stage=finetune epoch=1/1 batch=2420/3000 step=2420 repair=0.057 localization=0 type=0 minimal=0.09705 physics=0 total=0.05797
[TRAIN train_climax_residual_repair_s44] [TRAIN] stage=finetune epoch=1/1 batch=2430/3000 step=2430 repair=0.1009 localization=0 type=0 minimal=0.06775 physics=0 total=0.1016
[TRAIN train_climax_residual_repair_s44] [TRAIN] stage=finetune epoch=1/1 batch=2440/3000 step=2440 repair=0.1155 localization=0 type=0 minimal=0.05386 physics=0 total=0.116
[TRAIN train_climax_residual_repair_s44] [TRAIN] stage=finetune epoch=1/1 batch=2450/3000 step=2450 repair=0.05361 localization=0 type=0 minimal=0.09595 physics=0 total=0.05457
[TRAIN train_climax_residual_repair_s44] [TRAIN] stage=finetune epoch=1/1 batch=2460/3000 step=2460 repair=0.06911 localization=0 type=0 minimal=0.0791 physics=0 total=0.0699
[TRAIN train_climax_residual_repair_s44] [TRAIN] stage=finetune epoch=1/1 batch=2470/3000 step=2470 repair=0.112 localization=0 type=0 minimal=0.07056 physics=0 total=0.1127
[TRAIN train_climax_residual_repair_s44] [TRAIN] stage=finetune epoch=1/1 batch=2480/3000 step=2480 repair=0.1169 localization=0 type=0 minimal=0.05466 physics=0 total=0.1174
[TRAIN train_climax_residual_repair_s44] [TRAIN] stage=finetune epoch=1/1 batch=2490/3000 step=2490 repair=0.05132 localization=0 type=0 minimal=0.09601 physics=0 total=0.05228
[TRAIN train_climax_residual_repair_s44] [TRAIN] stage=finetune epoch=1/1 batch=2500/3000 step=2500 repair=0.0507 localization=0 type=0 minimal=0.09027 physics=0 total=0.0516
[TRAIN train_climax_residual_repair_s44] [TRAIN] stage=finetune epoch=1/1 batch=2510/3000 step=2510 repair=0.06631 localization=0 type=0 minimal=0.08502 physics=0 total=0.06716
[TRAIN train_climax_residual_repair_s44] [TRAIN] stage=finetune epoch=1/1 batch=2520/3000 step=2520 repair=0.05016 localization=0 type=0 minimal=0.09503 physics=0 total=0.05111
[TRAIN train_climax_residual_repair_s44] [TRAIN] stage=finetune epoch=1/1 batch=2530/3000 step=2530 repair=0.05521 localization=0 type=0 minimal=0.09991 physics=0 total=0.05621
[TRAIN train_climax_residual_repair_s44] [TRAIN] stage=finetune epoch=1/1 batch=2540/3000 step=2540 repair=0.1214 localization=0 type=0 minimal=0.05371 physics=0 total=0.1219
[TRAIN train_climax_residual_repair_s44] [TRAIN] stage=finetune epoch=1/1 batch=2550/3000 step=2550 repair=0.1156 localization=0 type=0 minimal=0.05634 physics=0 total=0.1162
[TRAIN train_climax_residual_repair_s44] [TRAIN] stage=finetune epoch=1/1 batch=2560/3000 step=2560 repair=0.06882 localization=0 type=0 minimal=0.07635 physics=0 total=0.06958
[TRAIN train_climax_residual_repair_s44] [TRAIN] stage=finetune epoch=1/1 batch=2570/3000 step=2570 repair=0.1009 localization=0 type=0 minimal=0.07001 physics=0 total=0.1016
[TRAIN train_climax_residual_repair_s44] [TRAIN] stage=finetune epoch=1/1 batch=2580/3000 step=2580 repair=0.1022 localization=0 type=0 minimal=0.073 physics=0 total=0.103
[TRAIN train_climax_residual_repair_s44] [TRAIN] stage=finetune epoch=1/1 batch=2590/3000 step=2590 repair=0.08375 localization=0 type=0 minimal=0.06671 physics=0 total=0.08442
[TRAIN train_climax_residual_repair_s44] [TRAIN] stage=finetune epoch=1/1 batch=2600/3000 step=2600 repair=0.1263 localization=0 type=0 minimal=0.05167 physics=0 total=0.1268
[TRAIN train_climax_residual_repair_s44] [TRAIN] stage=finetune epoch=1/1 batch=2610/3000 step=2610 repair=0.1167 localization=0 type=0 minimal=0.05515 physics=0 total=0.1172
[TRAIN train_climax_residual_repair_s44] [TRAIN] stage=finetune epoch=1/1 batch=2620/3000 step=2620 repair=0.06583 localization=0 type=0 minimal=0.07947 physics=0 total=0.06662
[TRAIN train_climax_residual_repair_s44] [TRAIN] stage=finetune epoch=1/1 batch=2630/3000 step=2630 repair=0.05633 localization=0 type=0 minimal=0.09869 physics=0 total=0.05732
[TRAIN train_climax_residual_repair_s44] [TRAIN] stage=finetune epoch=1/1 batch=2640/3000 step=2640 repair=0.1046 localization=0 type=0 minimal=0.07227 physics=0 total=0.1053
[TRAIN train_climax_residual_repair_s44] [TRAIN] stage=finetune epoch=1/1 batch=2650/3000 step=2650 repair=0.06341 localization=0 type=0 minimal=0.08093 physics=0 total=0.06422
[TRAIN train_climax_residual_repair_s44] [TRAIN] stage=finetune epoch=1/1 batch=2660/3000 step=2660 repair=0.1055 localization=0 type=0 minimal=0.07074 physics=0 total=0.1062
[TRAIN train_climax_residual_repair_s44] [TRAIN] stage=finetune epoch=1/1 batch=2670/3000 step=2670 repair=0.09416 localization=0 type=0 minimal=0.06836 physics=0 total=0.09484
[TRAIN train_climax_residual_repair_s44] [TRAIN] stage=finetune epoch=1/1 batch=2680/3000 step=2680 repair=0.08355 localization=0 type=0 minimal=0.06213 physics=0 total=0.08417
[TRAIN train_climax_residual_repair_s44] [TRAIN] stage=finetune epoch=1/1 batch=2690/3000 step=2690 repair=0.1525 localization=0 type=0 minimal=0.04407 physics=0 total=0.1529
[TRAIN train_climax_residual_repair_s44] [TRAIN] stage=finetune epoch=1/1 batch=2700/3000 step=2700 repair=0.1135 localization=0 type=0 minimal=0.05484 physics=0 total=0.1141
[TRAIN train_climax_residual_repair_s44] [TRAIN] stage=finetune epoch=1/1 batch=2710/3000 step=2710 repair=0.07203 localization=0 type=0 minimal=0.08081 physics=0 total=0.07284
[TRAIN train_climax_residual_repair_s44] [TRAIN] stage=finetune epoch=1/1 batch=2720/3000 step=2720 repair=0.1529 localization=0 type=0 minimal=0.04477 physics=0 total=0.1534
[TRAIN train_climax_residual_repair_s44] [TRAIN] stage=finetune epoch=1/1 batch=2730/3000 step=2730 repair=0.1568 localization=0 type=0 minimal=0.04675 physics=0 total=0.1572
[TRAIN train_climax_residual_repair_s44] [TRAIN] stage=finetune epoch=1/1 batch=2740/3000 step=2740 repair=0.1127 localization=0 type=0 minimal=0.05777 physics=0 total=0.1133
[TRAIN train_climax_residual_repair_s44] [TRAIN] stage=finetune epoch=1/1 batch=2750/3000 step=2750 repair=0.09985 localization=0 type=0 minimal=0.073 physics=0 total=0.1006
[TRAIN train_climax_residual_repair_s44] [TRAIN] stage=finetune epoch=1/1 batch=2760/3000 step=2760 repair=0.07997 localization=0 type=0 minimal=0.05603 physics=0 total=0.08053
[TRAIN train_climax_residual_repair_s44] [TRAIN] stage=finetune epoch=1/1 batch=2770/3000 step=2770 repair=0.1069 localization=0 type=0 minimal=0.07306 physics=0 total=0.1076
[TRAIN train_climax_residual_repair_s44] [TRAIN] stage=finetune epoch=1/1 batch=2780/3000 step=2780 repair=0.1176 localization=0 type=0 minimal=0.05066 physics=0 total=0.1181
[TRAIN train_climax_residual_repair_s44] [TRAIN] stage=finetune epoch=1/1 batch=2790/3000 step=2790 repair=0.08103 localization=0 type=0 minimal=0.06177 physics=0 total=0.08165
[TRAIN train_climax_residual_repair_s44] [TRAIN] stage=finetune epoch=1/1 batch=2800/3000 step=2800 repair=0.06657 localization=0 type=0 minimal=0.07654 physics=0 total=0.06734
[TRAIN train_climax_residual_repair_s44] [TRAIN] stage=finetune epoch=1/1 batch=2810/3000 step=2810 repair=0.1082 localization=0 type=0 minimal=0.05768 physics=0 total=0.1088
[TRAIN train_climax_residual_repair_s44] [TRAIN] stage=finetune epoch=1/1 batch=2820/3000 step=2820 repair=0.08599 localization=0 type=0 minimal=0.06714 physics=0 total=0.08666
[TRAIN train_climax_residual_repair_s44] [TRAIN] stage=finetune epoch=1/1 batch=2830/3000 step=2830 repair=0.06721 localization=0 type=0 minimal=0.08185 physics=0 total=0.06802
[TRAIN train_climax_residual_repair_s44] [TRAIN] stage=finetune epoch=1/1 batch=2840/3000 step=2840 repair=0.04768 localization=0 type=0 minimal=0.09863 physics=0 total=0.04866
[TRAIN train_climax_residual_repair_s44] [TRAIN] stage=finetune epoch=1/1 batch=2850/3000 step=2850 repair=0.06421 localization=0 type=0 minimal=0.08344 physics=0 total=0.06505
[TRAIN train_climax_residual_repair_s44] [TRAIN] stage=finetune epoch=1/1 batch=2860/3000 step=2860 repair=0.1165 localization=0 type=0 minimal=0.05688 physics=0 total=0.117
[TRAIN train_climax_residual_repair_s44] [TRAIN] stage=finetune epoch=1/1 batch=2870/3000 step=2870 repair=0.08323 localization=0 type=0 minimal=0.06805 physics=0 total=0.08391
[TRAIN train_climax_residual_repair_s44] [TRAIN] stage=finetune epoch=1/1 batch=2880/3000 step=2880 repair=0.1088 localization=0 type=0 minimal=0.07465 physics=0 total=0.1096
[TRAIN train_climax_residual_repair_s44] [TRAIN] stage=finetune epoch=1/1 batch=2890/3000 step=2890 repair=0.1133 localization=0 type=0 minimal=0.05322 physics=0 total=0.1139
[TRAIN train_climax_residual_repair_s44] [TRAIN] stage=finetune epoch=1/1 batch=2900/3000 step=2900 repair=0.08577 localization=0 type=0 minimal=0.06903 physics=0 total=0.08646
[TRAIN train_climax_residual_repair_s44] [TRAIN] stage=finetune epoch=1/1 batch=2910/3000 step=2910 repair=0.158 localization=0 type=0 minimal=0.04788 physics=0 total=0.1585
[TRAIN train_climax_residual_repair_s44] [TRAIN] stage=finetune epoch=1/1 batch=2920/3000 step=2920 repair=0.1087 localization=0 type=0 minimal=0.05493 physics=0 total=0.1093
[TRAIN train_climax_residual_repair_s44] [TRAIN] stage=finetune epoch=1/1 batch=2930/3000 step=2930 repair=0.118 localization=0 type=0 minimal=0.05637 physics=0 total=0.1186
[TRAIN train_climax_residual_repair_s44] [TRAIN] stage=finetune epoch=1/1 batch=2940/3000 step=2940 repair=0.1237 localization=0 type=0 minimal=0.0531 physics=0 total=0.1243
[TRAIN train_climax_residual_repair_s44] [TRAIN] stage=finetune epoch=1/1 batch=2950/3000 step=2950 repair=0.125 localization=0 type=0 minimal=0.05557 physics=0 total=0.1256
[TRAIN train_climax_residual_repair_s44] [TRAIN] stage=finetune epoch=1/1 batch=2960/3000 step=2960 repair=0.1133 localization=0 type=0 minimal=0.05499 physics=0 total=0.1139
[TRAIN train_climax_residual_repair_s44] [TRAIN] stage=finetune epoch=1/1 batch=2970/3000 step=2970 repair=0.1112 localization=0 type=0 minimal=0.05695 physics=0 total=0.1118
[TRAIN train_climax_residual_repair_s44] [TRAIN] stage=finetune epoch=1/1 batch=2980/3000 step=2980 repair=0.06875 localization=0 type=0 minimal=0.08264 physics=0 total=0.06957
[TRAIN train_climax_residual_repair_s44] [TRAIN] stage=finetune epoch=1/1 batch=2990/3000 step=2990 repair=0.1122 localization=0 type=0 minimal=0.05356 physics=0 total=0.1128
[TRAIN train_climax_residual_repair_s44] [TRAIN] stage=finetune epoch=1/1 batch=3000/3000 step=3000 repair=0.06569 localization=0 type=0 minimal=0.07861 physics=0 total=0.06648
[TRAIN train_climax_residual_repair_s44] [EPOCH] {'stage': 'finetune', 'epoch': 0, 'global_step': 3000, 'train_total': 0.10115135942523679, 'val_repair_mse': 0.10721058747731149, 'elapsed_seconds': 1780.27}
[TRAIN train_climax_residual_repair_s44] [BEST] val_repair_mse=0.107211
[TRAIN train_climax_residual_repair_s44] [TRAIN COMPLETE] {
[TRAIN train_climax_residual_repair_s44]   "run_id": "prelim20_train_climax_residual_repair_s44",
[TRAIN train_climax_residual_repair_s44]   "status": "completed",
[TRAIN train_climax_residual_repair_s44]   "method": "residual_repair",
[TRAIN train_climax_residual_repair_s44]   "backbone": "climax",
[TRAIN train_climax_residual_repair_s44]   "seed": 44,
[TRAIN train_climax_residual_repair_s44]   "forecast_provider": "zarr_frozen_fm",
[TRAIN train_climax_residual_repair_s44]   "best_val_repair_mse": 0.10721058747731149,
[TRAIN train_climax_residual_repair_s44]   "global_step": 3000,
[TRAIN train_climax_residual_repair_s44]   "elapsed_seconds": 1780.42,
[TRAIN train_climax_residual_repair_s44]   "checkpoint_best": "/home/tahiti/ConserveFM/runs/prelim20_train/train_climax_residual_repair_s44/checkpoint_best.pt",
[TRAIN train_climax_residual_repair_s44]   "checkpoint_last": "/home/tahiti/ConserveFM/runs/prelim20_train/train_climax_residual_repair_s44/checkpoint_last.pt"
[TRAIN train_climax_residual_repair_s44] }
