[SETUP] device=cuda
[SETUP] run_id=train_climax_no_moisture_constraint_s44 method=no_moisture_constraint backbone=climax
[FORECAST] using frozen forecast cache: /home/tahiti/ConserveFM/forecasts/climax.zarr
[STAGE] pretrain epochs=2 start_epoch=0
[TRAIN] stage=pretrain epoch=1/2 batch=10/87647 step=10 repair=0.05125 localization=0.4023 type=1.161 minimal=0.1503 physics=0.1538 total=0.2168
[TRAIN] stage=pretrain epoch=1/2 batch=20/87647 step=20 repair=0.0161 localization=0.2483 type=2.732 minimal=0.09747 physics=0.1091 total=0.3206
[TRAIN] stage=pretrain epoch=1/2 batch=30/87647 step=30 repair=0.02234 localization=0.3436 type=1.356 minimal=0.07733 physics=0.05414 total=0.1958
[TRAIN] stage=pretrain epoch=1/2 batch=40/87647 step=40 repair=0.01892 localization=0.3181 type=2.521 minimal=0.06665 physics=0.06713 total=0.3069
[TRAIN] stage=pretrain epoch=1/2 batch=50/87647 step=50 repair=0.00889 localization=0.2328 type=2.361 minimal=0.06256 physics=0.02674 total=0.2703
[TRAIN] stage=pretrain epoch=1/2 batch=60/87647 step=60 repair=0.02366 localization=0.2564 type=1.561 minimal=0.05347 physics=0.1366 total=0.2127
[TRAIN] stage=pretrain epoch=1/2 batch=70/87647 step=70 repair=0.004881 localization=0.2227 type=1.292 minimal=0.05011 physics=0.01809 total=0.1578
[TRAIN] stage=pretrain epoch=1/2 batch=80/87647 step=80 repair=0.007437 localization=0.3814 type=1.281 minimal=0.05789 physics=0.006304 total=0.1746
[TRAIN] stage=pretrain epoch=1/2 batch=90/87647 step=90 repair=0.01871 localization=0.2342 type=3.473 minimal=0.0506 physics=0.03464 total=0.3916
[TRAIN] stage=pretrain epoch=1/2 batch=100/87647 step=100 repair=0.01221 localization=0.3882 type=1.277 minimal=0.05014 physics=0.03848 total=0.1812
[TRAIN] stage=pretrain epoch=1/2 batch=110/87647 step=110 repair=0.02012 localization=0.2626 type=2.539 minimal=0.05002 physics=0.01416 total=0.3015
[TRAIN] stage=pretrain epoch=1/2 batch=120/87647 step=120 repair=0.027 localization=0.2873 type=2.232 minimal=0.04636 physics=0.09246 total=0.2841
[TRAIN] stage=pretrain epoch=1/2 batch=130/87647 step=130 repair=0.01037 localization=0.3295 type=2.136 minimal=0.04416 physics=0.03175 total=0.2589
[TRAIN] stage=pretrain epoch=1/2 batch=140/87647 step=140 repair=0.002983 localization=0.415 type=2.204 minimal=0.03918 physics=0.00774 total=0.2657
[TRAIN] stage=pretrain epoch=1/2 batch=150/87647 step=150 repair=0.004479 localization=0.2248 type=0.8135 minimal=0.03143 physics=0.0187 total=0.1096
[TRAIN] stage=pretrain epoch=1/2 batch=160/87647 step=160 repair=0.02548 localization=0.3045 type=1.505 minimal=0.03207 physics=0.01776 total=0.2076
[TRAIN] stage=pretrain epoch=1/2 batch=170/87647 step=170 repair=0.002571 localization=0.3217 type=1.457 minimal=0.03534 physics=0.0115 total=0.1813
[TRAIN] stage=pretrain epoch=1/2 batch=180/87647 step=180 repair=0.006847 localization=0.345 type=1.654 minimal=0.03546 physics=0.02064 total=0.2081
[TRAIN] stage=pretrain epoch=1/2 batch=190/87647 step=190 repair=0.02241 localization=0.2717 type=0.9473 minimal=0.03333 physics=0.05431 total=0.1474
[TRAIN] stage=pretrain epoch=1/2 batch=200/87647 step=200 repair=0.002102 localization=0.4046 type=3.025 minimal=0.03238 physics=0.008037 total=0.3458
[TRAIN] stage=pretrain epoch=1/2 batch=210/87647 step=210 repair=0.004768 localization=0.3765 type=2.489 minimal=0.03131 physics=0.007185 total=0.292
[TRAIN] stage=pretrain epoch=1/2 batch=220/87647 step=220 repair=0.007553 localization=0.3661 type=2.182 minimal=0.02866 physics=0.009598 total=0.2631
[TRAIN] stage=pretrain epoch=1/2 batch=230/87647 step=230 repair=0.001464 localization=0.2366 type=0.6611 minimal=0.0274 physics=0.00697 total=0.09186
[TRAIN] stage=pretrain epoch=1/2 batch=240/87647 step=240 repair=0.00181 localization=0.4235 type=0.8003 minimal=0.02808 physics=0.009498 total=0.1249
