[SETUP] device=cuda
[SETUP] run_id=train_climax_no_localization_head_s43 method=no_localization_head backbone=climax
[FORECAST] using frozen forecast cache: /home/tahiti/ConserveFM/forecasts/climax.zarr
[STAGE] pretrain epochs=2 start_epoch=0
[TRAIN] stage=pretrain epoch=1/2 batch=10/87647 step=10 repair=0.03541 localization=0 type=1.241 minimal=0.1401 physics=0.4063 total=0.1812
[TRAIN] stage=pretrain epoch=1/2 batch=20/87647 step=20 repair=0.02334 localization=0 type=2.041 minimal=0.1157 physics=0.2028 total=0.2387
[TRAIN] stage=pretrain epoch=1/2 batch=30/87647 step=30 repair=0.01549 localization=0 type=1.826 minimal=0.09186 physics=0.12 total=0.205
[TRAIN] stage=pretrain epoch=1/2 batch=40/87647 step=40 repair=0.008323 localization=0 type=1.672 minimal=0.06192 physics=0.0338 total=0.1779
[TRAIN] stage=pretrain epoch=1/2 batch=50/87647 step=50 repair=0.005702 localization=0 type=2.268 minimal=0.05774 physics=0.0175 total=0.2339
[TRAIN] stage=pretrain epoch=1/2 batch=60/87647 step=60 repair=0.004176 localization=0 type=1.717 minimal=0.04889 physics=0.0557 total=0.1792
[TRAIN] stage=pretrain epoch=1/2 batch=70/87647 step=70 repair=0.007916 localization=0 type=1.745 minimal=0.05054 physics=0.04862 total=0.1853
[TRAIN] stage=pretrain epoch=1/2 batch=80/87647 step=80 repair=0.003994 localization=0 type=1.937 minimal=0.04712 physics=0.02364 total=0.1993
[TRAIN] stage=pretrain epoch=1/2 batch=90/87647 step=90 repair=0.002673 localization=0 type=1.867 minimal=0.03885 physics=0.03319 total=0.1914
[TRAIN] stage=pretrain epoch=1/2 batch=100/87647 step=100 repair=0.007556 localization=0 type=1.102 minimal=0.04419 physics=0.06287 total=0.1213
[TRAIN] stage=pretrain epoch=1/2 batch=110/87647 step=110 repair=0.003081 localization=0 type=1.621 minimal=0.03912 physics=0.005147 total=0.1658
[TRAIN] stage=pretrain epoch=1/2 batch=120/87647 step=120 repair=0.008472 localization=0 type=1.805 minimal=0.03809 physics=0.00478 total=0.1896
[TRAIN] stage=pretrain epoch=1/2 batch=130/87647 step=130 repair=0.0195 localization=0 type=3.24 minimal=0.04282 physics=0.01222 total=0.3446
[TRAIN] stage=pretrain epoch=1/2 batch=140/87647 step=140 repair=0.007191 localization=0 type=2.3 minimal=0.04047 physics=0.01313 total=0.2382
[TRAIN] stage=pretrain epoch=1/2 batch=150/87647 step=150 repair=0.0117 localization=0 type=1.854 minimal=0.03726 physics=0.02197 total=0.1985
[TRAIN] stage=pretrain epoch=1/2 batch=160/87647 step=160 repair=0.003197 localization=0 type=1.725 minimal=0.03177 physics=0.0199 total=0.177
[TRAIN] stage=pretrain epoch=1/2 batch=170/87647 step=170 repair=0.005768 localization=0 type=1.556 minimal=0.03052 physics=0.005192 total=0.1619
[TRAIN] stage=pretrain epoch=1/2 batch=180/87647 step=180 repair=0.006937 localization=0 type=0.9531 minimal=0.03012 physics=0.02629 total=0.1039
[TRAIN] stage=pretrain epoch=1/2 batch=190/87647 step=190 repair=0.004332 localization=0 type=2.274 minimal=0.03156 physics=0.01149 total=0.2327
[TRAIN] stage=pretrain epoch=1/2 batch=200/87647 step=200 repair=0.002923 localization=0 type=2.289 minimal=0.04013 physics=0.03317 total=0.2339
[TRAIN] stage=pretrain epoch=1/2 batch=210/87647 step=210 repair=0.002404 localization=0 type=2.045 minimal=0.03601 physics=0.008564 total=0.2077
[TRAIN] stage=pretrain epoch=1/2 batch=220/87647 step=220 repair=0.002216 localization=0 type=1.084 minimal=0.03241 physics=0.02146 total=0.1121
[TRAIN] stage=pretrain epoch=1/2 batch=230/87647 step=230 repair=0.002694 localization=0 type=0.5562 minimal=0.02852 physics=0.02227 total=0.05971
[TRAIN] stage=pretrain epoch=1/2 batch=240/87647 step=240 repair=0.005447 localization=0 type=2.433 minimal=0.02882 physics=0.01345 total=0.2497
[TRAIN] stage=pretrain epoch=1/2 batch=250/87647 step=250 repair=0.02711 localization=0 type=1.901 minimal=0.03143 physics=0.008607 total=0.218
[SETUP] device=cuda
[SETUP] run_id=train_climax_no_localization_head_s43 method=no_localization_head backbone=climax
[FORECAST] using frozen forecast cache: /home/tahiti/ConserveFM/forecasts/climax.zarr
[STAGE] pretrain epochs=2 start_epoch=0
