[SETUP] device=cuda
[SETUP] run_id=smoke_micro method=conservefm_full backbone=climax
[STATS] computing channel stats from 1 ERA5 states
[STATS] 1/1 time_index=71129
[FORECAST] WARNING: /home/tahiti/ConserveFM/forecasts/climax.zarr missing; smoke mode uses persistence only
[STAGE] pretrain epochs=1 start_epoch=0
[TRAIN] stage=pretrain epoch=1/1 batch=1/1 step=1 repair=0.06259 localization=0.602 type=1.794 minimal=0.1871 physics=1.176 total=0.3629
[EPOCH] {'stage': 'pretrain', 'epoch': 0, 'global_step': 1, 'train_total': 0.36288321018218994, 'val_repair_mse': 0.17075112462043762, 'elapsed_seconds': 1.92}
[BEST] val_repair_mse=0.170751
[STAGE] finetune epochs=1 start_epoch=0
[TRAIN] stage=finetune epoch=1/1 batch=1/1 step=2 repair=0.1556 localization=0 type=0 minimal=0.1857 physics=1.191 total=0.217
[EPOCH] {'stage': 'finetune', 'epoch': 0, 'global_step': 2, 'train_total': 0.21699123084545135, 'val_repair_mse': 0.1616048663854599, 'elapsed_seconds': 2.16}
[BEST] val_repair_mse=0.161605
[TRAIN COMPLETE] {
  "run_id": "smoke_micro",
  "status": "completed",
  "method": "conservefm_full",
  "backbone": "climax",
  "seed": 42,
  "forecast_provider": "persistence_smoke_only",
  "best_val_repair_mse": 0.1616048663854599,
  "global_step": 2,
  "elapsed_seconds": 2.18,
  "checkpoint_best": "/home/tahiti/ConserveFM/runs_smoke_real/smoke_micro/checkpoint_best.pt",
  "checkpoint_last": "/home/tahiti/ConserveFM/runs_smoke_real/smoke_micro/checkpoint_last.pt"
}
