[SETUP] device=cuda
[SETUP] run_id=train_climax_conservefm_smartfinal_s42 method=conservefm_full backbone=climax
[FORECAST] using frozen forecast cache: /home/tahiti/ConserveFM/forecasts/climax.zarr
[RESUME] loading /home/tahiti/ConserveFM/runs/train_climax_conservefm_smartfinal_s42/checkpoint_last.pt
[RESUME] optimizer state reset by environment
[RESUME] format=v2 stage=finetune epoch=1 next_batch=0 global_step=0
[STAGE] finetune epochs=2 start_epoch=1
[TRAIN] stage=finetune epoch=2/2 batch=10/6000 step=10 repair=0.06337 localization=0 type=0 minimal=0.1348 physics=0.9538 total=0.1124
[TRAIN] stage=finetune epoch=2/2 batch=20/6000 step=20 repair=0.1653 localization=0 type=0 minimal=0.08649 physics=0.7787 total=0.2051
[TRAIN] stage=finetune epoch=2/2 batch=30/6000 step=30 repair=0.1537 localization=0 type=0 minimal=0.08295 physics=0.7316 total=0.1911
[TRAIN] stage=finetune epoch=2/2 batch=40/6000 step=40 repair=0.1088 localization=0 type=0 minimal=0.1125 physics=0.7387 total=0.1468
[TRAIN] stage=finetune epoch=2/2 batch=50/6000 step=50 repair=0.06142 localization=0 type=0 minimal=0.1149 physics=0.671 total=0.09612
[TRAIN] stage=finetune epoch=2/2 batch=60/6000 step=60 repair=0.1547 localization=0 type=0 minimal=0.0929 physics=0.6528 total=0.1883
[TRAIN] stage=finetune epoch=2/2 batch=70/6000 step=70 repair=0.04695 localization=0 type=0 minimal=0.1277 physics=0.7528 total=0.08586
[TRAIN] stage=finetune epoch=2/2 batch=80/6000 step=80 repair=0.0644 localization=0 type=0 minimal=0.1176 physics=0.8027 total=0.1057
[TRAIN] stage=finetune epoch=2/2 batch=90/6000 step=90 repair=0.07123 localization=0 type=0 minimal=0.119 physics=0.7964 total=0.1122
[TRAIN] stage=finetune epoch=2/2 batch=100/6000 step=100 repair=0.1024 localization=0 type=0 minimal=0.1073 physics=0.6546 total=0.1362
[TRAIN] stage=finetune epoch=2/2 batch=110/6000 step=110 repair=0.09648 localization=0 type=0 minimal=0.1049 physics=0.6825 total=0.1317
[TRAIN] stage=finetune epoch=2/2 batch=120/6000 step=120 repair=0.1177 localization=0 type=0 minimal=0.09833 physics=0.6739 total=0.1524
[TRAIN] stage=finetune epoch=2/2 batch=130/6000 step=130 repair=0.1207 localization=0 type=0 minimal=0.09607 physics=0.7173 total=0.1576
[TRAIN] stage=finetune epoch=2/2 batch=140/6000 step=140 repair=0.05218 localization=0 type=0 minimal=0.1224 physics=0.7813 total=0.09246
[TRAIN] stage=finetune epoch=2/2 batch=150/6000 step=150 repair=0.163 localization=0 type=0 minimal=0.09375 physics=0.7086 total=0.1994
[TRAIN] stage=finetune epoch=2/2 batch=160/6000 step=160 repair=0.04658 localization=0 type=0 minimal=0.1241 physics=0.6916 total=0.0824
[TRAIN] stage=finetune epoch=2/2 batch=170/6000 step=170 repair=0.106 localization=0 type=0 minimal=0.1041 physics=0.6689 total=0.1405
[TRAIN] stage=finetune epoch=2/2 batch=180/6000 step=180 repair=0.04336 localization=0 type=0 minimal=0.123 physics=0.6926 total=0.07922
[TRAIN] stage=finetune epoch=2/2 batch=190/6000 step=190 repair=0.1276 localization=0 type=0 minimal=0.0943 physics=0.7456 total=0.1658
[TRAIN] stage=finetune epoch=2/2 batch=200/6000 step=200 repair=0.1105 localization=0 type=0 minimal=0.08795 physics=0.6981 total=0.1463
[TRAIN] stage=finetune epoch=2/2 batch=210/6000 step=210 repair=0.1103 localization=0 type=0 minimal=0.1014 physics=0.7047 total=0.1466
[TRAIN] stage=finetune epoch=2/2 batch=220/6000 step=220 repair=0.07484 localization=0 type=0 minimal=0.1069 physics=0.887 total=0.1203
[TRAIN] stage=finetune epoch=2/2 batch=230/6000 step=230 repair=0.09062 localization=0 type=0 minimal=0.09546 physics=0.6747 total=0.1253
[TRAIN] stage=finetune epoch=2/2 batch=240/6000 step=240 repair=0.1564 localization=0 type=0 minimal=0.08813 physics=1.056 total=0.2101
[TRAIN] stage=finetune epoch=2/2 batch=250/6000 step=250 repair=0.1146 localization=0 type=0 minimal=0.08722 physics=0.7435 total=0.1527
[TRAIN] stage=finetune epoch=2/2 batch=260/6000 step=260 repair=0.1282 localization=0 type=0 minimal=0.08679 physics=0.552 total=0.1566
[TRAIN] stage=finetune epoch=2/2 batch=270/6000 step=270 repair=0.06593 localization=0 type=0 minimal=0.1012 physics=0.6102 total=0.09745
[TRAIN] stage=finetune epoch=2/2 batch=280/6000 step=280 repair=0.1218 localization=0 type=0 minimal=0.1024 physics=0.9132 total=0.1685
[TRAIN] stage=finetune epoch=2/2 batch=290/6000 step=290 repair=0.07132 localization=0 type=0 minimal=0.09973 physics=0.6869 total=0.1067
[TRAIN] stage=finetune epoch=2/2 batch=300/6000 step=300 repair=0.05433 localization=0 type=0 minimal=0.1087 physics=0.6608 total=0.08846
[TRAIN] stage=finetune epoch=2/2 batch=310/6000 step=310 repair=0.05221 localization=0 type=0 minimal=0.1079 physics=0.6308 total=0.08483
[TRAIN] stage=finetune epoch=2/2 batch=320/6000 step=320 repair=0.1332 localization=0 type=0 minimal=0.09875 physics=0.9569 total=0.182
[TRAIN] stage=finetune epoch=2/2 batch=330/6000 step=330 repair=0.06815 localization=0 type=0 minimal=0.1021 physics=0.8052 total=0.1094
[TRAIN] stage=finetune epoch=2/2 batch=340/6000 step=340 repair=0.1158 localization=0 type=0 minimal=0.08594 physics=0.4092 total=0.1371
[TRAIN] stage=finetune epoch=2/2 batch=350/6000 step=350 repair=0.06773 localization=0 type=0 minimal=0.09753 physics=0.9763 total=0.1175
[TRAIN] stage=finetune epoch=2/2 batch=360/6000 step=360 repair=0.1568 localization=0 type=0 minimal=0.08313 physics=1.172 total=0.2162
[TRAIN] stage=finetune epoch=2/2 batch=370/6000 step=370 repair=0.1477 localization=0 type=0 minimal=0.08044 physics=0.7341 total=0.1852
[TRAIN] stage=finetune epoch=2/2 batch=380/6000 step=380 repair=0.07358 localization=0 type=0 minimal=0.1018 physics=1.011 total=0.1251
[TRAIN] stage=finetune epoch=2/2 batch=390/6000 step=390 repair=0.113 localization=0 type=0 minimal=0.1051 physics=0.8642 total=0.1573
[TRAIN] stage=finetune epoch=2/2 batch=400/6000 step=400 repair=0.1366 localization=0 type=0 minimal=0.09906 physics=0.6874 total=0.172
[TRAIN] stage=finetune epoch=2/2 batch=410/6000 step=410 repair=0.06691 localization=0 type=0 minimal=0.114 physics=0.6583 total=0.101
[TRAIN] stage=finetune epoch=2/2 batch=420/6000 step=420 repair=0.1168 localization=0 type=0 minimal=0.09698 physics=0.5269 total=0.1441
[TRAIN] stage=finetune epoch=2/2 batch=430/6000 step=430 repair=0.08999 localization=0 type=0 minimal=0.09332 physics=0.5929 total=0.1206
[TRAIN] stage=finetune epoch=2/2 batch=440/6000 step=440 repair=0.08806 localization=0 type=0 minimal=0.08966 physics=0.833 total=0.1306
[TRAIN] stage=finetune epoch=2/2 batch=450/6000 step=450 repair=0.1277 localization=0 type=0 minimal=0.08813 physics=0.9956 total=0.1784
[TRAIN] stage=finetune epoch=2/2 batch=460/6000 step=460 repair=0.1528 localization=0 type=0 minimal=0.0835 physics=0.474 total=0.1773
[TRAIN] stage=finetune epoch=2/2 batch=470/6000 step=470 repair=0.09128 localization=0 type=0 minimal=0.09216 physics=0.3635 total=0.1104
[TRAIN] stage=finetune epoch=2/2 batch=480/6000 step=480 repair=0.05889 localization=0 type=0 minimal=0.1036 physics=0.5176 total=0.0858
[TRAIN] stage=finetune epoch=2/2 batch=490/6000 step=490 repair=0.1154 localization=0 type=0 minimal=0.09308 physics=0.4282 total=0.1377
[TRAIN] stage=finetune epoch=2/2 batch=500/6000 step=500 repair=0.1056 localization=0 type=0 minimal=0.09912 physics=1.152 total=0.1642
[TRAIN] stage=finetune epoch=2/2 batch=510/6000 step=510 repair=0.1287 localization=0 type=0 minimal=0.09387 physics=0.6806 total=0.1637
[TRAIN] stage=finetune epoch=2/2 batch=520/6000 step=520 repair=0.1818 localization=0 type=0 minimal=0.09155 physics=0.3306 total=0.1992
[TRAIN] stage=finetune epoch=2/2 batch=530/6000 step=530 repair=0.07579 localization=0 type=0 minimal=0.09839 physics=0.7246 total=0.113
[TRAIN] stage=finetune epoch=2/2 batch=540/6000 step=540 repair=0.1101 localization=0 type=0 minimal=0.086 physics=0.4146 total=0.1317
[TRAIN] stage=finetune epoch=2/2 batch=550/6000 step=550 repair=0.1261 localization=0 type=0 minimal=0.08655 physics=0.3332 total=0.1436
[TRAIN] stage=finetune epoch=2/2 batch=560/6000 step=560 repair=0.09047 localization=0 type=0 minimal=0.08698 physics=0.9967 total=0.1412
[TRAIN] stage=finetune epoch=2/2 batch=570/6000 step=570 repair=0.0682 localization=0 type=0 minimal=0.09314 physics=1.098 total=0.124
[TRAIN] stage=finetune epoch=2/2 batch=580/6000 step=580 repair=0.08774 localization=0 type=0 minimal=0.08826 physics=0.7218 total=0.1247
[TRAIN] stage=finetune epoch=2/2 batch=590/6000 step=590 repair=0.1537 localization=0 type=0 minimal=0.08435 physics=0.5839 total=0.1837
[TRAIN] stage=finetune epoch=2/2 batch=600/6000 step=600 repair=0.1261 localization=0 type=0 minimal=0.08881 physics=0.5625 total=0.1551
[TRAIN] stage=finetune epoch=2/2 batch=610/6000 step=610 repair=0.09899 localization=0 type=0 minimal=0.09448 physics=0.7921 total=0.1395
[TRAIN] stage=finetune epoch=2/2 batch=620/6000 step=620 repair=0.1049 localization=0 type=0 minimal=0.09601 physics=0.6185 total=0.1368
[TRAIN] stage=finetune epoch=2/2 batch=630/6000 step=630 repair=0.1196 localization=0 type=0 minimal=0.09521 physics=0.5577 total=0.1485
[TRAIN] stage=finetune epoch=2/2 batch=640/6000 step=640 repair=0.08438 localization=0 type=0 minimal=0.09393 physics=0.8774 total=0.1292
[TRAIN] stage=finetune epoch=2/2 batch=650/6000 step=650 repair=0.1199 localization=0 type=0 minimal=0.08728 physics=0.5308 total=0.1474
[TRAIN] stage=finetune epoch=2/2 batch=660/6000 step=660 repair=0.1449 localization=0 type=0 minimal=0.08319 physics=0.8916 total=0.1903
[TRAIN] stage=finetune epoch=2/2 batch=670/6000 step=670 repair=0.05838 localization=0 type=0 minimal=0.1105 physics=0.5994 total=0.08945
[TRAIN] stage=finetune epoch=2/2 batch=680/6000 step=680 repair=0.1546 localization=0 type=0 minimal=0.08118 physics=1.288 total=0.2198
[TRAIN] stage=finetune epoch=2/2 batch=690/6000 step=690 repair=0.1701 localization=0 type=0 minimal=0.08301 physics=0.5945 total=0.2006
[TRAIN] stage=finetune epoch=2/2 batch=700/6000 step=700 repair=0.08083 localization=0 type=0 minimal=0.08752 physics=0.482 total=0.1058
[TRAIN] stage=finetune epoch=2/2 batch=710/6000 step=710 repair=0.1211 localization=0 type=0 minimal=0.0824 physics=0.5917 total=0.1515
[TRAIN] stage=finetune epoch=2/2 batch=720/6000 step=720 repair=0.1024 localization=0 type=0 minimal=0.09259 physics=0.5052 total=0.1286
[TRAIN] stage=finetune epoch=2/2 batch=730/6000 step=730 repair=0.1193 localization=0 type=0 minimal=0.08661 physics=0.5604 total=0.1482
[TRAIN] stage=finetune epoch=2/2 batch=740/6000 step=740 repair=0.1231 localization=0 type=0 minimal=0.09283 physics=0.7182 total=0.1599
[TRAIN] stage=finetune epoch=2/2 batch=750/6000 step=750 repair=0.06601 localization=0 type=0 minimal=0.09668 physics=0.5518 total=0.09456
[TRAIN] stage=finetune epoch=2/2 batch=760/6000 step=760 repair=0.09748 localization=0 type=0 minimal=0.09283 physics=0.4948 total=0.1232
[TRAIN] stage=finetune epoch=2/2 batch=770/6000 step=770 repair=0.0703 localization=0 type=0 minimal=0.09888 physics=0.8276 total=0.1127
[TRAIN] stage=finetune epoch=2/2 batch=780/6000 step=780 repair=0.09389 localization=0 type=0 minimal=0.0899 physics=0.9695 total=0.1433
[TRAIN] stage=finetune epoch=2/2 batch=790/6000 step=790 repair=0.07573 localization=0 type=0 minimal=0.101 physics=1.45 total=0.1492
[TRAIN] stage=finetune epoch=2/2 batch=800/6000 step=800 repair=0.05481 localization=0 type=0 minimal=0.1047 physics=0.6353 total=0.08763
[TRAIN] stage=finetune epoch=2/2 batch=810/6000 step=810 repair=0.07806 localization=0 type=0 minimal=0.1054 physics=0.4065 total=0.09944
[TRAIN] stage=finetune epoch=2/2 batch=820/6000 step=820 repair=0.08428 localization=0 type=0 minimal=0.09125 physics=0.4693 total=0.1087
[TRAIN] stage=finetune epoch=2/2 batch=830/6000 step=830 repair=0.1287 localization=0 type=0 minimal=0.0918 physics=0.9999 total=0.1796
[TRAIN] stage=finetune epoch=2/2 batch=840/6000 step=840 repair=0.07284 localization=0 type=0 minimal=0.1091 physics=0.6683 total=0.1073
[TRAIN] stage=finetune epoch=2/2 batch=850/6000 step=850 repair=0.07389 localization=0 type=0 minimal=0.1034 physics=0.7383 total=0.1118
[TRAIN] stage=finetune epoch=2/2 batch=860/6000 step=860 repair=0.1123 localization=0 type=0 minimal=0.09723 physics=0.6582 total=0.1461
[TRAIN] stage=finetune epoch=2/2 batch=870/6000 step=870 repair=0.06842 localization=0 type=0 minimal=0.09998 physics=0.6727 total=0.1031
[TRAIN] stage=finetune epoch=2/2 batch=880/6000 step=880 repair=0.1351 localization=0 type=0 minimal=0.08929 physics=0.42 total=0.157
[TRAIN] stage=finetune epoch=2/2 batch=890/6000 step=890 repair=0.1054 localization=0 type=0 minimal=0.09424 physics=0.4117 total=0.1269
[TRAIN] stage=finetune epoch=2/2 batch=900/6000 step=900 repair=0.1015 localization=0 type=0 minimal=0.09613 physics=0.6515 total=0.1351
[TRAIN] stage=finetune epoch=2/2 batch=910/6000 step=910 repair=0.117 localization=0 type=0 minimal=0.08337 physics=1.362 total=0.1859
[TRAIN] stage=finetune epoch=2/2 batch=920/6000 step=920 repair=0.06988 localization=0 type=0 minimal=0.09668 physics=0.5541 total=0.09855
[TRAIN] stage=finetune epoch=2/2 batch=930/6000 step=930 repair=0.1235 localization=0 type=0 minimal=0.09088 physics=0.6636 total=0.1576
[TRAIN] stage=finetune epoch=2/2 batch=940/6000 step=940 repair=0.09693 localization=0 type=0 minimal=0.09741 physics=0.5823 total=0.127
[TRAIN] stage=finetune epoch=2/2 batch=950/6000 step=950 repair=0.1545 localization=0 type=0 minimal=0.08679 physics=0.6223 total=0.1865
[TRAIN] stage=finetune epoch=2/2 batch=960/6000 step=960 repair=0.1559 localization=0 type=0 minimal=0.08105 physics=0.8147 total=0.1975
[TRAIN] stage=finetune epoch=2/2 batch=970/6000 step=970 repair=0.1293 localization=0 type=0 minimal=0.0954 physics=0.4472 total=0.1527
[TRAIN] stage=finetune epoch=2/2 batch=980/6000 step=980 repair=0.06097 localization=0 type=0 minimal=0.1081 physics=0.8947 total=0.1068
[TRAIN] stage=finetune epoch=2/2 batch=990/6000 step=990 repair=0.1201 localization=0 type=0 minimal=0.09967 physics=1.014 total=0.1718
[TRAIN] stage=finetune epoch=2/2 batch=1000/6000 step=1000 repair=0.05626 localization=0 type=0 minimal=0.1016 physics=0.4349 total=0.07902
[TRAIN] stage=finetune epoch=2/2 batch=1010/6000 step=1010 repair=0.1645 localization=0 type=0 minimal=0.08698 physics=1.196 total=0.2252
[TRAIN] stage=finetune epoch=2/2 batch=1020/6000 step=1020 repair=0.163 localization=0 type=0 minimal=0.08423 physics=0.6743 total=0.1976
[TRAIN] stage=finetune epoch=2/2 batch=1030/6000 step=1030 repair=0.05738 localization=0 type=0 minimal=0.1085 physics=1.094 total=0.1132
[TRAIN] stage=finetune epoch=2/2 batch=1040/6000 step=1040 repair=0.1031 localization=0 type=0 minimal=0.101 physics=0.8815 total=0.1482
[TRAIN] stage=finetune epoch=2/2 batch=1050/6000 step=1050 repair=0.07088 localization=0 type=0 minimal=0.0976 physics=0.6352 total=0.1036
[TRAIN] stage=finetune epoch=2/2 batch=1060/6000 step=1060 repair=0.122 localization=0 type=0 minimal=0.09454 physics=1.21 total=0.1834
[TRAIN] stage=finetune epoch=2/2 batch=1070/6000 step=1070 repair=0.07908 localization=0 type=0 minimal=0.1041 physics=0.4228 total=0.1013
[TRAIN] stage=finetune epoch=2/2 batch=1080/6000 step=1080 repair=0.1258 localization=0 type=0 minimal=0.08435 physics=0.9965 total=0.1765
[TRAIN] stage=finetune epoch=2/2 batch=1090/6000 step=1090 repair=0.1169 localization=0 type=0 minimal=0.09271 physics=0.8882 total=0.1622
[TRAIN] stage=finetune epoch=2/2 batch=1100/6000 step=1100 repair=0.08897 localization=0 type=0 minimal=0.09155 physics=0.5707 total=0.1184
[TRAIN] stage=finetune epoch=2/2 batch=1110/6000 step=1110 repair=0.1062 localization=0 type=0 minimal=0.09705 physics=0.6892 total=0.1416
[TRAIN] stage=finetune epoch=2/2 batch=1120/6000 step=1120 repair=0.07189 localization=0 type=0 minimal=0.09753 physics=1.167 total=0.1312
[TRAIN] stage=finetune epoch=2/2 batch=1130/6000 step=1130 repair=0.1237 localization=0 type=0 minimal=0.08514 physics=0.6736 total=0.1582
[TRAIN] stage=finetune epoch=2/2 batch=1140/6000 step=1140 repair=0.1634 localization=0 type=0 minimal=0.08313 physics=0.6106 total=0.1947
[TRAIN] stage=finetune epoch=2/2 batch=1150/6000 step=1150 repair=0.1109 localization=0 type=0 minimal=0.08521 physics=0.7729 total=0.1504
[TRAIN] stage=finetune epoch=2/2 batch=1160/6000 step=1160 repair=0.0623 localization=0 type=0 minimal=0.09583 physics=0.9421 total=0.1104
[TRAIN] stage=finetune epoch=2/2 batch=1170/6000 step=1170 repair=0.1747 localization=0 type=0 minimal=0.08514 physics=0.9235 total=0.2217
[TRAIN] stage=finetune epoch=2/2 batch=1180/6000 step=1180 repair=0.05123 localization=0 type=0 minimal=0.1077 physics=0.5419 total=0.0794
[TRAIN] stage=finetune epoch=2/2 batch=1190/6000 step=1190 repair=0.1006 localization=0 type=0 minimal=0.09235 physics=0.6388 total=0.1335
[TRAIN] stage=finetune epoch=2/2 batch=1200/6000 step=1200 repair=0.1546 localization=0 type=0 minimal=0.08429 physics=1.008 total=0.2059
[TRAIN] stage=finetune epoch=2/2 batch=1210/6000 step=1210 repair=0.04851 localization=0 type=0 minimal=0.1031 physics=0.4809 total=0.07358
[TRAIN] stage=finetune epoch=2/2 batch=1220/6000 step=1220 repair=0.06919 localization=0 type=0 minimal=0.09784 physics=0.5447 total=0.09741
[TRAIN] stage=finetune epoch=2/2 batch=1230/6000 step=1230 repair=0.1179 localization=0 type=0 minimal=0.08331 physics=0.7575 total=0.1566
[TRAIN] stage=finetune epoch=2/2 batch=1240/6000 step=1240 repair=0.1097 localization=0 type=0 minimal=0.0838 physics=0.7649 total=0.1488
[TRAIN] stage=finetune epoch=2/2 batch=1250/6000 step=1250 repair=0.07078 localization=0 type=0 minimal=0.0993 physics=0.9048 total=0.117
[TRAIN] stage=finetune epoch=2/2 batch=1260/6000 step=1260 repair=0.09849 localization=0 type=0 minimal=0.09253 physics=0.7322 total=0.136
[TRAIN] stage=finetune epoch=2/2 batch=1270/6000 step=1270 repair=0.06224 localization=0 type=0 minimal=0.09412 physics=0.6306 total=0.09471
[TRAIN] stage=finetune epoch=2/2 batch=1280/6000 step=1280 repair=0.04944 localization=0 type=0 minimal=0.1072 physics=0.6538 total=0.0832
[TRAIN] stage=finetune epoch=2/2 batch=1290/6000 step=1290 repair=0.1605 localization=0 type=0 minimal=0.08618 physics=1.043 total=0.2135
[TRAIN] stage=finetune epoch=2/2 batch=1300/6000 step=1300 repair=0.1031 localization=0 type=0 minimal=0.09186 physics=0.5128 total=0.1297
[TRAIN] stage=finetune epoch=2/2 batch=1310/6000 step=1310 repair=0.07975 localization=0 type=0 minimal=0.08417 physics=0.822 total=0.1217
[TRAIN] stage=finetune epoch=2/2 batch=1320/6000 step=1320 repair=0.1535 localization=0 type=0 minimal=0.07855 physics=1.089 total=0.2088
[TRAIN] stage=finetune epoch=2/2 batch=1330/6000 step=1330 repair=0.08657 localization=0 type=0 minimal=0.08966 physics=1.137 total=0.1443
[TRAIN] stage=finetune epoch=2/2 batch=1340/6000 step=1340 repair=0.1487 localization=0 type=0 minimal=0.08136 physics=0.738 total=0.1865
[TRAIN] stage=finetune epoch=2/2 batch=1350/6000 step=1350 repair=0.1041 localization=0 type=0 minimal=0.09216 physics=0.7112 total=0.1406
[TRAIN] stage=finetune epoch=2/2 batch=1360/6000 step=1360 repair=0.1324 localization=0 type=0 minimal=0.08868 physics=0.4959 total=0.1581
[TRAIN] stage=finetune epoch=2/2 batch=1370/6000 step=1370 repair=0.1071 localization=0 type=0 minimal=0.09424 physics=0.6683 total=0.1415
[TRAIN] stage=finetune epoch=2/2 batch=1380/6000 step=1380 repair=0.0835 localization=0 type=0 minimal=0.08801 physics=0.5989 total=0.1143
[TRAIN] stage=finetune epoch=2/2 batch=1390/6000 step=1390 repair=0.0828 localization=0 type=0 minimal=0.08759 physics=0.4448 total=0.1059
[TRAIN] stage=finetune epoch=2/2 batch=1400/6000 step=1400 repair=0.07893 localization=0 type=0 minimal=0.08771 physics=0.5197 total=0.1058
[TRAIN] stage=finetune epoch=2/2 batch=1410/6000 step=1410 repair=0.1034 localization=0 type=0 minimal=0.0979 physics=0.5966 total=0.1342
[TRAIN] stage=finetune epoch=2/2 batch=1420/6000 step=1420 repair=0.1073 localization=0 type=0 minimal=0.07977 physics=0.8521 total=0.1507
[TRAIN] stage=finetune epoch=2/2 batch=1430/6000 step=1430 repair=0.06513 localization=0 type=0 minimal=0.09308 physics=0.7216 total=0.1021
[TRAIN] stage=finetune epoch=2/2 batch=1440/6000 step=1440 repair=0.07041 localization=0 type=0 minimal=0.1057 physics=0.6943 total=0.1062
[TRAIN] stage=finetune epoch=2/2 batch=1450/6000 step=1450 repair=0.1035 localization=0 type=0 minimal=0.09729 physics=0.6022 total=0.1346
[TRAIN] stage=finetune epoch=2/2 batch=1460/6000 step=1460 repair=0.0656 localization=0 type=0 minimal=0.09875 physics=0.8665 total=0.1099
[TRAIN] stage=finetune epoch=2/2 batch=1470/6000 step=1470 repair=0.06773 localization=0 type=0 minimal=0.09857 physics=0.532 total=0.09531
[TRAIN] stage=finetune epoch=2/2 batch=1480/6000 step=1480 repair=0.05167 localization=0 type=0 minimal=0.1031 physics=0.4409 total=0.07474
[TRAIN] stage=finetune epoch=2/2 batch=1490/6000 step=1490 repair=0.04889 localization=0 type=0 minimal=0.1077 physics=0.7208 total=0.086
[TRAIN] stage=finetune epoch=2/2 batch=1500/6000 step=1500 repair=0.09084 localization=0 type=0 minimal=0.0968 physics=0.7121 total=0.1274
[TRAIN] stage=finetune epoch=2/2 batch=1510/6000 step=1510 repair=0.04764 localization=0 type=0 minimal=0.1077 physics=0.518 total=0.07461
[TRAIN] stage=finetune epoch=2/2 batch=1520/6000 step=1520 repair=0.1161 localization=0 type=0 minimal=0.08875 physics=0.6203 total=0.148
[TRAIN] stage=finetune epoch=2/2 batch=1530/6000 step=1530 repair=0.1134 localization=0 type=0 minimal=0.08368 physics=0.5179 total=0.1401
[TRAIN] stage=finetune epoch=2/2 batch=1540/6000 step=1540 repair=0.09845 localization=0 type=0 minimal=0.09473 physics=0.5152 total=0.1252
[TRAIN] stage=finetune epoch=2/2 batch=1550/6000 step=1550 repair=0.06523 localization=0 type=0 minimal=0.1049 physics=0.6016 total=0.09636
[TRAIN] stage=finetune epoch=2/2 batch=1560/6000 step=1560 repair=0.1596 localization=0 type=0 minimal=0.08655 physics=1.204 total=0.2207
[TRAIN] stage=finetune epoch=2/2 batch=1570/6000 step=1570 repair=0.1247 localization=0 type=0 minimal=0.1008 physics=0.5285 total=0.1521
[TRAIN] stage=finetune epoch=2/2 batch=1580/6000 step=1580 repair=0.05227 localization=0 type=0 minimal=0.1095 physics=0.6411 total=0.08542
[TRAIN] stage=finetune epoch=2/2 batch=1590/6000 step=1590 repair=0.1239 localization=0 type=0 minimal=0.09058 physics=1.278 total=0.1887
[TRAIN] stage=finetune epoch=2/2 batch=1600/6000 step=1600 repair=0.05339 localization=0 type=0 minimal=0.1128 physics=1.34 total=0.1215
[TRAIN] stage=finetune epoch=2/2 batch=1610/6000 step=1610 repair=0.06949 localization=0 type=0 minimal=0.09869 physics=0.6996 total=0.1055
[TRAIN] stage=finetune epoch=2/2 batch=1620/6000 step=1620 repair=0.06653 localization=0 type=0 minimal=0.09869 physics=0.7185 total=0.1034
[TRAIN] stage=finetune epoch=2/2 batch=1630/6000 step=1630 repair=0.1027 localization=0 type=0 minimal=0.09473 physics=0.6836 total=0.1379
[TRAIN] stage=finetune epoch=2/2 batch=1640/6000 step=1640 repair=0.06704 localization=0 type=0 minimal=0.09882 physics=0.4754 total=0.09179
[TRAIN] stage=finetune epoch=2/2 batch=1650/6000 step=1650 repair=0.1019 localization=0 type=0 minimal=0.0929 physics=0.7053 total=0.1381
[TRAIN] stage=finetune epoch=2/2 batch=1660/6000 step=1660 repair=0.103 localization=0 type=0 minimal=0.09265 physics=0.5894 total=0.1334
[TRAIN] stage=finetune epoch=2/2 batch=1670/6000 step=1670 repair=0.1144 localization=0 type=0 minimal=0.08478 physics=0.6124 total=0.1459
[TRAIN] stage=finetune epoch=2/2 batch=1680/6000 step=1680 repair=0.1635 localization=0 type=0 minimal=0.08289 physics=0.5982 total=0.1942
[TRAIN] stage=finetune epoch=2/2 batch=1690/6000 step=1690 repair=0.04999 localization=0 type=0 minimal=0.1099 physics=0.4718 total=0.07468
[TRAIN] stage=finetune epoch=2/2 batch=1700/6000 step=1700 repair=0.1576 localization=0 type=0 minimal=0.08545 physics=0.7451 total=0.1957
[TRAIN] stage=finetune epoch=2/2 batch=1710/6000 step=1710 repair=0.05125 localization=0 type=0 minimal=0.1135 physics=0.8071 total=0.09274
[TRAIN] stage=finetune epoch=2/2 batch=1720/6000 step=1720 repair=0.06345 localization=0 type=0 minimal=0.1062 physics=0.6989 total=0.09946
[TRAIN] stage=finetune epoch=2/2 batch=1730/6000 step=1730 repair=0.1006 localization=0 type=0 minimal=0.09412 physics=0.615 total=0.1323
[TRAIN] stage=finetune epoch=2/2 batch=1740/6000 step=1740 repair=0.1144 localization=0 type=0 minimal=0.08612 physics=0.5996 total=0.1453
[TRAIN] stage=finetune epoch=2/2 batch=1750/6000 step=1750 repair=0.1026 localization=0 type=0 minimal=0.09521 physics=0.5263 total=0.1298
[TRAIN] stage=finetune epoch=2/2 batch=1760/6000 step=1760 repair=0.0513 localization=0 type=0 minimal=0.1088 physics=0.5518 total=0.07998
[TRAIN] stage=finetune epoch=2/2 batch=1770/6000 step=1770 repair=0.08372 localization=0 type=0 minimal=0.09039 physics=0.4023 total=0.1047
[TRAIN] stage=finetune epoch=2/2 batch=1780/6000 step=1780 repair=0.06121 localization=0 type=0 minimal=0.1009 physics=0.4019 total=0.08232
[TRAIN] stage=finetune epoch=2/2 batch=1790/6000 step=1790 repair=0.04814 localization=0 type=0 minimal=0.1138 physics=0.6118 total=0.07986
[TRAIN] stage=finetune epoch=2/2 batch=1800/6000 step=1800 repair=0.1061 localization=0 type=0 minimal=0.09436 physics=0.5663 total=0.1354
[TRAIN] stage=finetune epoch=2/2 batch=1810/6000 step=1810 repair=0.1502 localization=0 type=0 minimal=0.08557 physics=0.499 total=0.176
[TRAIN] stage=finetune epoch=2/2 batch=1820/6000 step=1820 repair=0.04499 localization=0 type=0 minimal=0.1127 physics=0.5463 total=0.07343
[TRAIN] stage=finetune epoch=2/2 batch=1830/6000 step=1830 repair=0.07875 localization=0 type=0 minimal=0.08643 physics=0.5244 total=0.1058
[TRAIN] stage=finetune epoch=2/2 batch=1840/6000 step=1840 repair=0.05145 localization=0 type=0 minimal=0.1183 physics=0.638 total=0.08453
[TRAIN] stage=finetune epoch=2/2 batch=1850/6000 step=1850 repair=0.04802 localization=0 type=0 minimal=0.1183 physics=0.8384 total=0.09112
[TRAIN] stage=finetune epoch=2/2 batch=1860/6000 step=1860 repair=0.04605 localization=0 type=0 minimal=0.1107 physics=0.6018 total=0.07725
[TRAIN] stage=finetune epoch=2/2 batch=1870/6000 step=1870 repair=0.05125 localization=0 type=0 minimal=0.1152 physics=0.6298 total=0.08389
[TRAIN] stage=finetune epoch=2/2 batch=1880/6000 step=1880 repair=0.1218 localization=0 type=0 minimal=0.08502 physics=0.6099 total=0.1532
[TRAIN] stage=finetune epoch=2/2 batch=1890/6000 step=1890 repair=0.06093 localization=0 type=0 minimal=0.1034 physics=0.5254 total=0.08823
[TRAIN] stage=finetune epoch=2/2 batch=1900/6000 step=1900 repair=0.1022 localization=0 type=0 minimal=0.09937 physics=0.5494 total=0.1307
[TRAIN] stage=finetune epoch=2/2 batch=1910/6000 step=1910 repair=0.04797 localization=0 type=0 minimal=0.1213 physics=0.6317 total=0.08077
[TRAIN] stage=finetune epoch=2/2 batch=1920/6000 step=1920 repair=0.1034 localization=0 type=0 minimal=0.1036 physics=0.6139 total=0.1352
[TRAIN] stage=finetune epoch=2/2 batch=1930/6000 step=1930 repair=0.0943 localization=0 type=0 minimal=0.09827 physics=0.5895 total=0.1248
[TRAIN] stage=finetune epoch=2/2 batch=1940/6000 step=1940 repair=0.1107 localization=0 type=0 minimal=0.09943 physics=0.6472 total=0.1441
[TRAIN] stage=finetune epoch=2/2 batch=1950/6000 step=1950 repair=0.1094 localization=0 type=0 minimal=0.08649 physics=0.6406 total=0.1423
[TRAIN] stage=finetune epoch=2/2 batch=1960/6000 step=1960 repair=0.09568 localization=0 type=0 minimal=0.09589 physics=0.6173 total=0.1275
[TRAIN] stage=finetune epoch=2/2 batch=1970/6000 step=1970 repair=0.1117 localization=0 type=0 minimal=0.0965 physics=0.7953 total=0.1524
[TRAIN] stage=finetune epoch=2/2 batch=1980/6000 step=1980 repair=0.04983 localization=0 type=0 minimal=0.1106 physics=0.5054 total=0.07621
[TRAIN] stage=finetune epoch=2/2 batch=1990/6000 step=1990 repair=0.1165 localization=0 type=0 minimal=0.08588 physics=0.536 total=0.1442
[TRAIN] stage=finetune epoch=2/2 batch=2000/6000 step=2000 repair=0.1591 localization=0 type=0 minimal=0.08331 physics=0.6242 total=0.1911
[TRAIN] stage=finetune epoch=2/2 batch=2010/6000 step=2010 repair=0.1084 localization=0 type=0 minimal=0.1023 physics=0.6114 total=0.14
[TRAIN] stage=finetune epoch=2/2 batch=2020/6000 step=2020 repair=0.1098 localization=0 type=0 minimal=0.1019 physics=0.5382 total=0.1377
[TRAIN] stage=finetune epoch=2/2 batch=2030/6000 step=2030 repair=0.1191 localization=0 type=0 minimal=0.08966 physics=0.5219 total=0.1461
[TRAIN] stage=finetune epoch=2/2 batch=2040/6000 step=2040 repair=0.04527 localization=0 type=0 minimal=0.1155 physics=0.5663 total=0.07474
[TRAIN] stage=finetune epoch=2/2 batch=2050/6000 step=2050 repair=0.1202 localization=0 type=0 minimal=0.08899 physics=0.7302 total=0.1576
[TRAIN] stage=finetune epoch=2/2 batch=2060/6000 step=2060 repair=0.1116 localization=0 type=0 minimal=0.08728 physics=0.4984 total=0.1374
[TRAIN] stage=finetune epoch=2/2 batch=2070/6000 step=2070 repair=0.06482 localization=0 type=0 minimal=0.1016 physics=0.5092 total=0.0913
[TRAIN] stage=finetune epoch=2/2 batch=2080/6000 step=2080 repair=0.04469 localization=0 type=0 minimal=0.1141 physics=0.7041 total=0.08104
[TRAIN] stage=finetune epoch=2/2 batch=2090/6000 step=2090 repair=0.08588 localization=0 type=0 minimal=0.09247 physics=0.4686 total=0.1102
[TRAIN] stage=finetune epoch=2/2 batch=2100/6000 step=2100 repair=0.07992 localization=0 type=0 minimal=0.08862 physics=0.4249 total=0.102
[TRAIN] stage=finetune epoch=2/2 batch=2110/6000 step=2110 repair=0.05574 localization=0 type=0 minimal=0.1 physics=0.4424 total=0.07887
[TRAIN] stage=finetune epoch=2/2 batch=2120/6000 step=2120 repair=0.1618 localization=0 type=0 minimal=0.08502 physics=0.5847 total=0.1919
[TRAIN] stage=finetune epoch=2/2 batch=2130/6000 step=2130 repair=0.121 localization=0 type=0 minimal=0.08899 physics=0.5787 total=0.1509
[TRAIN] stage=finetune epoch=2/2 batch=2140/6000 step=2140 repair=0.06318 localization=0 type=0 minimal=0.1052 physics=0.5524 total=0.09186
[TRAIN] stage=finetune epoch=2/2 batch=2150/6000 step=2150 repair=0.1028 localization=0 type=0 minimal=0.1008 physics=0.5096 total=0.1293
[TRAIN] stage=finetune epoch=2/2 batch=2160/6000 step=2160 repair=0.08705 localization=0 type=0 minimal=0.09204 physics=0.5019 total=0.1131
[TRAIN] stage=finetune epoch=2/2 batch=2170/6000 step=2170 repair=0.04519 localization=0 type=0 minimal=0.1085 physics=0.4573 total=0.06914
[TRAIN] stage=finetune epoch=2/2 batch=2180/6000 step=2180 repair=0.1281 localization=0 type=0 minimal=0.08929 physics=0.5516 total=0.1566
[TRAIN] stage=finetune epoch=2/2 batch=2190/6000 step=2190 repair=0.06061 localization=0 type=0 minimal=0.1045 physics=0.5904 total=0.09118
[TRAIN] stage=finetune epoch=2/2 batch=2200/6000 step=2200 repair=0.07746 localization=0 type=0 minimal=0.09296 physics=0.4884 total=0.1028
[TRAIN] stage=finetune epoch=2/2 batch=2210/6000 step=2210 repair=0.1136 localization=0 type=0 minimal=0.091 physics=0.6124 total=0.1451
[TRAIN] stage=finetune epoch=2/2 batch=2220/6000 step=2220 repair=0.1645 localization=0 type=0 minimal=0.08453 physics=0.6116 total=0.1959
[TRAIN] stage=finetune epoch=2/2 batch=2230/6000 step=2230 repair=0.0969 localization=0 type=0 minimal=0.09436 physics=0.6238 total=0.129
[TRAIN] stage=finetune epoch=2/2 batch=2240/6000 step=2240 repair=0.04478 localization=0 type=0 minimal=0.1121 physics=0.5656 total=0.07418
[TRAIN] stage=finetune epoch=2/2 batch=2250/6000 step=2250 repair=0.1656 localization=0 type=0 minimal=0.0813 physics=0.6686 total=0.1998
[TRAIN] stage=finetune epoch=2/2 batch=2260/6000 step=2260 repair=0.1583 localization=0 type=0 minimal=0.08209 physics=0.7177 total=0.195
[TRAIN] stage=finetune epoch=2/2 batch=2270/6000 step=2270 repair=0.107 localization=0 type=0 minimal=0.09735 physics=0.8225 total=0.1491
[TRAIN] stage=finetune epoch=2/2 batch=2280/6000 step=2280 repair=0.04723 localization=0 type=0 minimal=0.1177 physics=0.9194 total=0.09438
[TRAIN] stage=finetune epoch=2/2 batch=2290/6000 step=2290 repair=0.07958 localization=0 type=0 minimal=0.09241 physics=0.4801 total=0.1045
[TRAIN] stage=finetune epoch=2/2 batch=2300/6000 step=2300 repair=0.1033 localization=0 type=0 minimal=0.09705 physics=0.5348 total=0.131
[TRAIN] stage=finetune epoch=2/2 batch=2310/6000 step=2310 repair=0.1227 localization=0 type=0 minimal=0.08667 physics=0.5411 total=0.1507
[TRAIN] stage=finetune epoch=2/2 batch=2320/6000 step=2320 repair=0.09829 localization=0 type=0 minimal=0.09735 physics=0.4931 total=0.1239
[TRAIN] stage=finetune epoch=2/2 batch=2330/6000 step=2330 repair=0.09671 localization=0 type=0 minimal=0.1027 physics=0.5537 total=0.1254
[TRAIN] stage=finetune epoch=2/2 batch=2340/6000 step=2340 repair=0.1149 localization=0 type=0 minimal=0.1002 physics=0.5374 total=0.1428
[TRAIN] stage=finetune epoch=2/2 batch=2350/6000 step=2350 repair=0.1655 localization=0 type=0 minimal=0.08093 physics=0.7478 total=0.2037
[TRAIN] stage=finetune epoch=2/2 batch=2360/6000 step=2360 repair=0.1002 localization=0 type=0 minimal=0.09924 physics=0.5499 total=0.1287
[TRAIN] stage=finetune epoch=2/2 batch=2370/6000 step=2370 repair=0.1113 localization=0 type=0 minimal=0.091 physics=0.5612 total=0.1403
[TRAIN] stage=finetune epoch=2/2 batch=2380/6000 step=2380 repair=0.1057 localization=0 type=0 minimal=0.1023 physics=0.5383 total=0.1337
[TRAIN] stage=finetune epoch=2/2 batch=2390/6000 step=2390 repair=0.08645 localization=0 type=0 minimal=0.09534 physics=0.5213 total=0.1135
[TRAIN] stage=finetune epoch=2/2 batch=2400/6000 step=2400 repair=0.07091 localization=0 type=0 minimal=0.1088 physics=0.7497 total=0.1095
[TRAIN] stage=finetune epoch=2/2 batch=2410/6000 step=2410 repair=0.1211 localization=0 type=0 minimal=0.08832 physics=0.6426 total=0.1541
[TRAIN] stage=finetune epoch=2/2 batch=2420/6000 step=2420 repair=0.1207 localization=0 type=0 minimal=0.091 physics=0.585 total=0.1509
[TRAIN] stage=finetune epoch=2/2 batch=2430/6000 step=2430 repair=0.115 localization=0 type=0 minimal=0.08948 physics=0.4981 total=0.1408
[TRAIN] stage=finetune epoch=2/2 batch=2440/6000 step=2440 repair=0.06201 localization=0 type=0 minimal=0.1031 physics=0.7378 total=0.09993
[TRAIN] stage=finetune epoch=2/2 batch=2450/6000 step=2450 repair=0.08836 localization=0 type=0 minimal=0.0957 physics=0.6068 total=0.1197
[TRAIN] stage=finetune epoch=2/2 batch=2460/6000 step=2460 repair=0.0622 localization=0 type=0 minimal=0.1054 physics=0.4716 total=0.08683
[TRAIN] stage=finetune epoch=2/2 batch=2470/6000 step=2470 repair=0.12 localization=0 type=0 minimal=0.08844 physics=0.5677 total=0.1493
[TRAIN] stage=finetune epoch=2/2 batch=2480/6000 step=2480 repair=0.09453 localization=0 type=0 minimal=0.1008 physics=0.489 total=0.12
[TRAIN] stage=finetune epoch=2/2 batch=2490/6000 step=2490 repair=0.1601 localization=0 type=0 minimal=0.08606 physics=0.6242 total=0.1922
[TRAIN] stage=finetune epoch=2/2 batch=2500/6000 step=2500 repair=0.1025 localization=0 type=0 minimal=0.1022 physics=0.5535 total=0.1312
[TRAIN] stage=finetune epoch=2/2 batch=2510/6000 step=2510 repair=0.1613 localization=0 type=0 minimal=0.08197 physics=0.5034 total=0.1873
[TRAIN] stage=finetune epoch=2/2 batch=2520/6000 step=2520 repair=0.1207 localization=0 type=0 minimal=0.08875 physics=0.5493 total=0.149
[TRAIN] stage=finetune epoch=2/2 batch=2530/6000 step=2530 repair=0.07085 localization=0 type=0 minimal=0.1108 physics=0.5255 total=0.09824
[TRAIN] stage=finetune epoch=2/2 batch=2540/6000 step=2540 repair=0.1548 localization=0 type=0 minimal=0.08301 physics=0.5515 total=0.1832
[TRAIN] stage=finetune epoch=2/2 batch=2550/6000 step=2550 repair=0.07674 localization=0 type=0 minimal=0.09064 physics=0.5539 total=0.1053
[TRAIN] stage=finetune epoch=2/2 batch=2560/6000 step=2560 repair=0.0798 localization=0 type=0 minimal=0.09613 physics=0.4613 total=0.1038
[TRAIN] stage=finetune epoch=2/2 batch=2570/6000 step=2570 repair=0.1182 localization=0 type=0 minimal=0.08826 physics=0.5224 total=0.1452
[TRAIN] stage=finetune epoch=2/2 batch=2580/6000 step=2580 repair=0.1042 localization=0 type=0 minimal=0.1017 physics=0.5903 total=0.1347
[TRAIN] stage=finetune epoch=2/2 batch=2590/6000 step=2590 repair=0.04352 localization=0 type=0 minimal=0.1193 physics=0.6172 total=0.07557
[TRAIN] stage=finetune epoch=2/2 batch=2600/6000 step=2600 repair=0.08056 localization=0 type=0 minimal=0.09363 physics=0.4227 total=0.1026
[TRAIN] stage=finetune epoch=2/2 batch=2610/6000 step=2610 repair=0.1597 localization=0 type=0 minimal=0.08441 physics=0.4922 total=0.1852
[TRAIN] stage=finetune epoch=2/2 batch=2620/6000 step=2620 repair=0.09878 localization=0 type=0 minimal=0.1029 physics=0.5894 total=0.1293
[TRAIN] stage=finetune epoch=2/2 batch=2630/6000 step=2630 repair=0.06327 localization=0 type=0 minimal=0.1061 physics=0.6435 total=0.09651
[TRAIN] stage=finetune epoch=2/2 batch=2640/6000 step=2640 repair=0.09436 localization=0 type=0 minimal=0.1062 physics=0.538 total=0.1223
[TRAIN] stage=finetune epoch=2/2 batch=2650/6000 step=2650 repair=0.115 localization=0 type=0 minimal=0.09265 physics=0.5827 total=0.1451
[TRAIN] stage=finetune epoch=2/2 batch=2660/6000 step=2660 repair=0.1156 localization=0 type=0 minimal=0.08838 physics=0.4783 total=0.1404
[TRAIN] stage=finetune epoch=2/2 batch=2670/6000 step=2670 repair=0.1116 localization=0 type=0 minimal=0.09894 physics=0.4538 total=0.1353
[TRAIN] stage=finetune epoch=2/2 batch=2680/6000 step=2680 repair=0.04402 localization=0 type=0 minimal=0.1119 physics=0.4 total=0.06513
[TRAIN] stage=finetune epoch=2/2 batch=2690/6000 step=2690 repair=0.06412 localization=0 type=0 minimal=0.1038 physics=0.4421 total=0.08726
[TRAIN] stage=finetune epoch=2/2 batch=2700/6000 step=2700 repair=0.121 localization=0 type=0 minimal=0.08698 physics=0.5018 total=0.147
[TRAIN] stage=finetune epoch=2/2 batch=2710/6000 step=2710 repair=0.07545 localization=0 type=0 minimal=0.09027 physics=0.422 total=0.09746
[TRAIN] stage=finetune epoch=2/2 batch=2720/6000 step=2720 repair=0.06236 localization=0 type=0 minimal=0.1035 physics=0.5418 total=0.09048
[TRAIN] stage=finetune epoch=2/2 batch=2730/6000 step=2730 repair=0.1026 localization=0 type=0 minimal=0.09821 physics=0.4596 total=0.1266
[TRAIN] stage=finetune epoch=2/2 batch=2740/6000 step=2740 repair=0.06355 localization=0 type=0 minimal=0.1042 physics=0.5825 total=0.09371
[TRAIN] stage=finetune epoch=2/2 batch=2750/6000 step=2750 repair=0.09843 localization=0 type=0 minimal=0.09955 physics=0.4379 total=0.1213
[TRAIN] stage=finetune epoch=2/2 batch=2760/6000 step=2760 repair=0.04277 localization=0 type=0 minimal=0.1169 physics=0.8823 total=0.08805
[TRAIN] stage=finetune epoch=2/2 batch=2770/6000 step=2770 repair=0.1062 localization=0 type=0 minimal=0.09656 physics=0.4972 total=0.132
[TRAIN] stage=finetune epoch=2/2 batch=2780/6000 step=2780 repair=0.07694 localization=0 type=0 minimal=0.08734 physics=0.5179 total=0.1037
[TRAIN] stage=finetune epoch=2/2 batch=2790/6000 step=2790 repair=0.1216 localization=0 type=0 minimal=0.08673 physics=0.7793 total=0.1614
[TRAIN] stage=finetune epoch=2/2 batch=2800/6000 step=2800 repair=0.04534 localization=0 type=0 minimal=0.1115 physics=0.3751 total=0.06521
[TRAIN] stage=finetune epoch=2/2 batch=2810/6000 step=2810 repair=0.163 localization=0 type=0 minimal=0.08582 physics=0.4601 total=0.1869
[TRAIN] stage=finetune epoch=2/2 batch=2820/6000 step=2820 repair=0.06005 localization=0 type=0 minimal=0.1033 physics=0.4296 total=0.08256
[TRAIN] stage=finetune epoch=2/2 batch=2830/6000 step=2830 repair=0.04596 localization=0 type=0 minimal=0.1223 physics=0.6659 total=0.08048
[TRAIN] stage=finetune epoch=2/2 batch=2840/6000 step=2840 repair=0.09591 localization=0 type=0 minimal=0.1025 physics=0.5053 total=0.1222
[TRAIN] stage=finetune epoch=2/2 batch=2850/6000 step=2850 repair=0.1071 localization=0 type=0 minimal=0.0993 physics=0.7204 total=0.1441
[TRAIN] stage=finetune epoch=2/2 batch=2860/6000 step=2860 repair=0.09815 localization=0 type=0 minimal=0.09833 physics=0.5871 total=0.1285
[TRAIN] stage=finetune epoch=2/2 batch=2870/6000 step=2870 repair=0.1132 localization=0 type=0 minimal=0.09723 physics=0.5657 total=0.1425
[TRAIN] stage=finetune epoch=2/2 batch=2880/6000 step=2880 repair=0.1161 localization=0 type=0 minimal=0.08893 physics=0.8336 total=0.1587
[TRAIN] stage=finetune epoch=2/2 batch=2890/6000 step=2890 repair=0.09637 localization=0 type=0 minimal=0.1055 physics=0.516 total=0.1232
[TRAIN] stage=finetune epoch=2/2 batch=2900/6000 step=2900 repair=0.05137 localization=0 type=0 minimal=0.1268 physics=1.215 total=0.1134
[TRAIN] stage=finetune epoch=2/2 batch=2910/6000 step=2910 repair=0.08213 localization=0 type=0 minimal=0.09467 physics=0.6013 total=0.1131
[TRAIN] stage=finetune epoch=2/2 batch=2920/6000 step=2920 repair=0.1214 localization=0 type=0 minimal=0.1017 physics=0.544 total=0.1496
[TRAIN] stage=finetune epoch=2/2 batch=2930/6000 step=2930 repair=0.1243 localization=0 type=0 minimal=0.09308 physics=0.4963 total=0.15
[TRAIN] stage=finetune epoch=2/2 batch=2940/6000 step=2940 repair=0.08719 localization=0 type=0 minimal=0.09668 physics=0.4631 total=0.1113
[TRAIN] stage=finetune epoch=2/2 batch=2950/6000 step=2950 repair=0.04568 localization=0 type=0 minimal=0.1165 physics=0.4661 total=0.07015
[TRAIN] stage=finetune epoch=2/2 batch=2960/6000 step=2960 repair=0.04642 localization=0 type=0 minimal=0.1172 physics=0.4872 total=0.07195
[TRAIN] stage=finetune epoch=2/2 batch=2970/6000 step=2970 repair=0.1277 localization=0 type=0 minimal=0.08636 physics=0.5264 total=0.1549
[TRAIN] stage=finetune epoch=2/2 batch=2980/6000 step=2980 repair=0.1097 localization=0 type=0 minimal=0.08514 physics=0.3582 total=0.1284
[TRAIN] stage=finetune epoch=2/2 batch=2990/6000 step=2990 repair=0.1147 localization=0 type=0 minimal=0.08502 physics=0.4331 total=0.1372
[TRAIN] stage=finetune epoch=2/2 batch=3000/6000 step=3000 repair=0.06343 localization=0 type=0 minimal=0.1041 physics=0.3725 total=0.0831
[TRAIN] stage=finetune epoch=2/2 batch=3010/6000 step=3010 repair=0.04525 localization=0 type=0 minimal=0.119 physics=0.3975 total=0.06632
[TRAIN] stage=finetune epoch=2/2 batch=3020/6000 step=3020 repair=0.06246 localization=0 type=0 minimal=0.1099 physics=0.7156 total=0.09934
[TRAIN] stage=finetune epoch=2/2 batch=3030/6000 step=3030 repair=0.06014 localization=0 type=0 minimal=0.1019 physics=0.482 total=0.08526
[TRAIN] stage=finetune epoch=2/2 batch=3040/6000 step=3040 repair=0.1106 localization=0 type=0 minimal=0.1 physics=0.474 total=0.1353
[TRAIN] stage=finetune epoch=2/2 batch=3050/6000 step=3050 repair=0.09737 localization=0 type=0 minimal=0.1013 physics=0.513 total=0.124
[TRAIN] stage=finetune epoch=2/2 batch=3060/6000 step=3060 repair=0.06179 localization=0 type=0 minimal=0.1058 physics=0.4944 total=0.08757
[TRAIN] stage=finetune epoch=2/2 batch=3070/6000 step=3070 repair=0.07847 localization=0 type=0 minimal=0.09308 physics=0.4473 total=0.1018
[TRAIN] stage=finetune epoch=2/2 batch=3080/6000 step=3080 repair=0.07962 localization=0 type=0 minimal=0.0957 physics=0.3943 total=0.1003
[TRAIN] stage=finetune epoch=2/2 batch=3090/6000 step=3090 repair=0.06958 localization=0 type=0 minimal=0.1067 physics=0.401 total=0.0907
[TRAIN] stage=finetune epoch=2/2 batch=3100/6000 step=3100 repair=0.06346 localization=0 type=0 minimal=0.106 physics=0.425 total=0.08577
[TRAIN] stage=finetune epoch=2/2 batch=3110/6000 step=3110 repair=0.08376 localization=0 type=0 minimal=0.0954 physics=0.3883 total=0.1041
[TRAIN] stage=finetune epoch=2/2 batch=3120/6000 step=3120 repair=0.09247 localization=0 type=0 minimal=0.09564 physics=0.4489 total=0.1159
[TRAIN] stage=finetune epoch=2/2 batch=3130/6000 step=3130 repair=0.1185 localization=0 type=0 minimal=0.09607 physics=0.5351 total=0.1463
[TRAIN] stage=finetune epoch=2/2 batch=3140/6000 step=3140 repair=0.08303 localization=0 type=0 minimal=0.09546 physics=0.4874 total=0.1083
[TRAIN] stage=finetune epoch=2/2 batch=3150/6000 step=3150 repair=0.1168 localization=0 type=0 minimal=0.08844 physics=0.4855 total=0.1419
[TRAIN] stage=finetune epoch=2/2 batch=3160/6000 step=3160 repair=0.1043 localization=0 type=0 minimal=0.09961 physics=0.5323 total=0.1319
[TRAIN] stage=finetune epoch=2/2 batch=3170/6000 step=3170 repair=0.09822 localization=0 type=0 minimal=0.1051 physics=0.4939 total=0.124
[TRAIN] stage=finetune epoch=2/2 batch=3180/6000 step=3180 repair=0.09888 localization=0 type=0 minimal=0.09937 physics=0.4438 total=0.1221
[TRAIN] stage=finetune epoch=2/2 batch=3190/6000 step=3190 repair=0.06182 localization=0 type=0 minimal=0.1075 physics=0.5252 total=0.08915
[TRAIN] stage=finetune epoch=2/2 batch=3200/6000 step=3200 repair=0.1156 localization=0 type=0 minimal=0.08844 physics=0.4942 total=0.1412
[TRAIN] stage=finetune epoch=2/2 batch=3210/6000 step=3210 repair=0.06576 localization=0 type=0 minimal=0.1115 physics=0.6363 total=0.09869
[TRAIN] stage=finetune epoch=2/2 batch=3220/6000 step=3220 repair=0.0477 localization=0 type=0 minimal=0.1218 physics=0.7602 total=0.08693
[TRAIN] stage=finetune epoch=2/2 batch=3230/6000 step=3230 repair=0.0664 localization=0 type=0 minimal=0.1124 physics=0.5427 total=0.09465
[TRAIN] stage=finetune epoch=2/2 batch=3240/6000 step=3240 repair=0.05993 localization=0 type=0 minimal=0.1044 physics=0.5018 total=0.08606
[TRAIN] stage=finetune epoch=2/2 batch=3250/6000 step=3250 repair=0.1054 localization=0 type=0 minimal=0.09686 physics=0.5856 total=0.1356
[TRAIN] stage=finetune epoch=2/2 batch=3260/6000 step=3260 repair=0.1116 localization=0 type=0 minimal=0.08325 physics=0.4659 total=0.1357
[TRAIN] stage=finetune epoch=2/2 batch=3270/6000 step=3270 repair=0.08462 localization=0 type=0 minimal=0.0918 physics=0.3995 total=0.1055
[TRAIN] stage=finetune epoch=2/2 batch=3280/6000 step=3280 repair=0.04579 localization=0 type=0 minimal=0.1194 physics=0.4268 total=0.06832
[TRAIN] stage=finetune epoch=2/2 batch=3290/6000 step=3290 repair=0.1068 localization=0 type=0 minimal=0.105 physics=0.5198 total=0.1339
[TRAIN] stage=finetune epoch=2/2 batch=3300/6000 step=3300 repair=0.05986 localization=0 type=0 minimal=0.108 physics=0.4413 total=0.083
[TRAIN] stage=finetune epoch=2/2 batch=3310/6000 step=3310 repair=0.1046 localization=0 type=0 minimal=0.1055 physics=0.5966 total=0.1355
[TRAIN] stage=finetune epoch=2/2 batch=3320/6000 step=3320 repair=0.05908 localization=0 type=0 minimal=0.1082 physics=0.5452 total=0.08743
[TRAIN] stage=finetune epoch=2/2 batch=3330/6000 step=3330 repair=0.09917 localization=0 type=0 minimal=0.1044 physics=0.5435 total=0.1274
[TRAIN] stage=finetune epoch=2/2 batch=3340/6000 step=3340 repair=0.1219 localization=0 type=0 minimal=0.09009 physics=0.4896 total=0.1472
[TRAIN] stage=finetune epoch=2/2 batch=3350/6000 step=3350 repair=0.05815 localization=0 type=0 minimal=0.1061 physics=0.4713 total=0.08278
[TRAIN] stage=finetune epoch=2/2 batch=3360/6000 step=3360 repair=0.1207 localization=0 type=0 minimal=0.08411 physics=0.5066 total=0.1469
[TRAIN] stage=finetune epoch=2/2 batch=3370/6000 step=3370 repair=0.1183 localization=0 type=0 minimal=0.08606 physics=0.4392 total=0.1411
[TRAIN] stage=finetune epoch=2/2 batch=3380/6000 step=3380 repair=0.06248 localization=0 type=0 minimal=0.09998 physics=0.4255 total=0.08475
[TRAIN] stage=finetune epoch=2/2 batch=3390/6000 step=3390 repair=0.1588 localization=0 type=0 minimal=0.08618 physics=0.5209 total=0.1857
[TRAIN] stage=finetune epoch=2/2 batch=3400/6000 step=3400 repair=0.06194 localization=0 type=0 minimal=0.1038 physics=0.5281 total=0.08939
[TRAIN] stage=finetune epoch=2/2 batch=3410/6000 step=3410 repair=0.1456 localization=0 type=0 minimal=0.08801 physics=0.5343 total=0.1732
[TRAIN] stage=finetune epoch=2/2 batch=3420/6000 step=3420 repair=0.04096 localization=0 type=0 minimal=0.1125 physics=0.3952 total=0.06184
[TRAIN] stage=finetune epoch=2/2 batch=3430/6000 step=3430 repair=0.1236 localization=0 type=0 minimal=0.08643 physics=0.5755 total=0.1533
[TRAIN] stage=finetune epoch=2/2 batch=3440/6000 step=3440 repair=0.1059 localization=0 type=0 minimal=0.09802 physics=0.4522 total=0.1295
[TRAIN] stage=finetune epoch=2/2 batch=3450/6000 step=3450 repair=0.0682 localization=0 type=0 minimal=0.108 physics=0.4013 total=0.08934
[TRAIN] stage=finetune epoch=2/2 batch=3460/6000 step=3460 repair=0.09923 localization=0 type=0 minimal=0.1088 physics=0.7482 total=0.1377
[TRAIN] stage=finetune epoch=2/2 batch=3470/6000 step=3470 repair=0.07801 localization=0 type=0 minimal=0.09595 physics=0.5566 total=0.1068
[TRAIN] stage=finetune epoch=2/2 batch=3480/6000 step=3480 repair=0.1107 localization=0 type=0 minimal=0.104 physics=0.4941 total=0.1364
[TRAIN] stage=finetune epoch=2/2 batch=3490/6000 step=3490 repair=0.1008 localization=0 type=0 minimal=0.09918 physics=0.46 total=0.1247
[TRAIN] stage=finetune epoch=2/2 batch=3500/6000 step=3500 repair=0.04298 localization=0 type=0 minimal=0.1185 physics=0.3861 total=0.06346
[TRAIN] stage=finetune epoch=2/2 batch=3510/6000 step=3510 repair=0.058 localization=0 type=0 minimal=0.1082 physics=0.4375 total=0.08096
[TRAIN] stage=finetune epoch=2/2 batch=3520/6000 step=3520 repair=0.06095 localization=0 type=0 minimal=0.1064 physics=0.4931 total=0.08667
[TRAIN] stage=finetune epoch=2/2 batch=3530/6000 step=3530 repair=0.07884 localization=0 type=0 minimal=0.09302 physics=0.4448 total=0.102
[TRAIN] stage=finetune epoch=2/2 batch=3540/6000 step=3540 repair=0.1166 localization=0 type=0 minimal=0.08655 physics=0.5154 total=0.1433
[TRAIN] stage=finetune epoch=2/2 batch=3550/6000 step=3550 repair=0.1367 localization=0 type=0 minimal=0.08051 physics=0.4962 total=0.1623
[TRAIN] stage=finetune epoch=2/2 batch=3560/6000 step=3560 repair=0.07659 localization=0 type=0 minimal=0.09161 physics=0.3689 total=0.09595
[TRAIN] stage=finetune epoch=2/2 batch=3570/6000 step=3570 repair=0.1556 localization=0 type=0 minimal=0.08136 physics=0.6111 total=0.187
[TRAIN] stage=finetune epoch=2/2 batch=3580/6000 step=3580 repair=0.09607 localization=0 type=0 minimal=0.1016 physics=0.5627 total=0.1252
[TRAIN] stage=finetune epoch=2/2 batch=3590/6000 step=3590 repair=0.1256 localization=0 type=0 minimal=0.09253 physics=0.5822 total=0.1556
[TRAIN] stage=finetune epoch=2/2 batch=3600/6000 step=3600 repair=0.07849 localization=0 type=0 minimal=0.09363 physics=0.4795 total=0.1034
[TRAIN] stage=finetune epoch=2/2 batch=3610/6000 step=3610 repair=0.1014 localization=0 type=0 minimal=0.1021 physics=0.4516 total=0.125
[TRAIN] stage=finetune epoch=2/2 batch=3620/6000 step=3620 repair=0.0823 localization=0 type=0 minimal=0.09393 physics=0.4402 total=0.1053
[TRAIN] stage=finetune epoch=2/2 batch=3630/6000 step=3630 repair=0.1223 localization=0 type=0 minimal=0.09155 physics=0.4937 total=0.1479
[TRAIN] stage=finetune epoch=2/2 batch=3640/6000 step=3640 repair=0.1508 localization=0 type=0 minimal=0.07965 physics=0.6175 total=0.1825
[TRAIN] stage=finetune epoch=2/2 batch=3650/6000 step=3650 repair=0.06185 localization=0 type=0 minimal=0.1058 physics=0.6124 total=0.09353
[TRAIN] stage=finetune epoch=2/2 batch=3660/6000 step=3660 repair=0.06712 localization=0 type=0 minimal=0.1089 physics=0.434 total=0.08991
[TRAIN] stage=finetune epoch=2/2 batch=3670/6000 step=3670 repair=0.1073 localization=0 type=0 minimal=0.09991 physics=0.4992 total=0.1333
[TRAIN] stage=finetune epoch=2/2 batch=3680/6000 step=3680 repair=0.04373 localization=0 type=0 minimal=0.1208 physics=0.4901 total=0.06945
[TRAIN] stage=finetune epoch=2/2 batch=3690/6000 step=3690 repair=0.1185 localization=0 type=0 minimal=0.08588 physics=0.4929 total=0.144
[TRAIN] stage=finetune epoch=2/2 batch=3700/6000 step=3700 repair=0.09354 localization=0 type=0 minimal=0.1002 physics=0.4554 total=0.1173
[TRAIN] stage=finetune epoch=2/2 batch=3710/6000 step=3710 repair=0.106 localization=0 type=0 minimal=0.09344 physics=0.5311 total=0.1335
[TRAIN] stage=finetune epoch=2/2 batch=3720/6000 step=3720 repair=0.1186 localization=0 type=0 minimal=0.08759 physics=0.4946 total=0.1442
[TRAIN] stage=finetune epoch=2/2 batch=3730/6000 step=3730 repair=0.09712 localization=0 type=0 minimal=0.1013 physics=0.5233 total=0.1243
[TRAIN] stage=finetune epoch=2/2 batch=3740/6000 step=3740 repair=0.1581 localization=0 type=0 minimal=0.08197 physics=0.5892 total=0.1884
[TRAIN] stage=finetune epoch=2/2 batch=3750/6000 step=3750 repair=0.1117 localization=0 type=0 minimal=0.08813 physics=0.5097 total=0.138
[TRAIN] stage=finetune epoch=2/2 batch=3760/6000 step=3760 repair=0.0606 localization=0 type=0 minimal=0.103 physics=0.5468 total=0.08897
[TRAIN] stage=finetune epoch=2/2 batch=3770/6000 step=3770 repair=0.04372 localization=0 type=0 minimal=0.1202 physics=0.4745 total=0.06865
[TRAIN] stage=finetune epoch=2/2 batch=3780/6000 step=3780 repair=0.1184 localization=0 type=0 minimal=0.08704 physics=0.4737 total=0.143
[TRAIN] stage=finetune epoch=2/2 batch=3790/6000 step=3790 repair=0.05698 localization=0 type=0 minimal=0.1039 physics=0.4419 total=0.08012
[TRAIN] stage=finetune epoch=2/2 batch=3800/6000 step=3800 repair=0.1626 localization=0 type=0 minimal=0.08063 physics=0.469 total=0.1869
[TRAIN] stage=finetune epoch=2/2 batch=3810/6000 step=3810 repair=0.1291 localization=0 type=0 minimal=0.09283 physics=0.5025 total=0.1552
[TRAIN] stage=finetune epoch=2/2 batch=3820/6000 step=3820 repair=0.06293 localization=0 type=0 minimal=0.1102 physics=0.502 total=0.08913
[TRAIN] stage=finetune epoch=2/2 batch=3830/6000 step=3830 repair=0.04089 localization=0 type=0 minimal=0.1191 physics=0.4437 total=0.06427
[TRAIN] stage=finetune epoch=2/2 batch=3840/6000 step=3840 repair=0.07375 localization=0 type=0 minimal=0.09387 physics=0.5567 total=0.1025
[TRAIN] stage=finetune epoch=2/2 batch=3850/6000 step=3850 repair=0.05811 localization=0 type=0 minimal=0.1036 physics=0.4346 total=0.08087
[TRAIN] stage=finetune epoch=2/2 batch=3860/6000 step=3860 repair=0.1265 localization=0 type=0 minimal=0.08978 physics=0.5331 total=0.154
[TRAIN] stage=finetune epoch=2/2 batch=3870/6000 step=3870 repair=0.06219 localization=0 type=0 minimal=0.1058 physics=0.5466 total=0.09058
[TRAIN] stage=finetune epoch=2/2 batch=3880/6000 step=3880 repair=0.09389 localization=0 type=0 minimal=0.1014 physics=0.5485 total=0.1223
[TRAIN] stage=finetune epoch=2/2 batch=3890/6000 step=3890 repair=0.0549 localization=0 type=0 minimal=0.1036 physics=0.4621 total=0.07904
[TRAIN] stage=finetune epoch=2/2 batch=3900/6000 step=3900 repair=0.05835 localization=0 type=0 minimal=0.1023 physics=0.4511 total=0.08192
[TRAIN] stage=finetune epoch=2/2 batch=3910/6000 step=3910 repair=0.08756 localization=0 type=0 minimal=0.0976 physics=0.4201 total=0.1095
[TRAIN] stage=finetune epoch=2/2 batch=3920/6000 step=3920 repair=0.09606 localization=0 type=0 minimal=0.09949 physics=0.4462 total=0.1194
[TRAIN] stage=finetune epoch=2/2 batch=3930/6000 step=3930 repair=0.09632 localization=0 type=0 minimal=0.1011 physics=0.5619 total=0.1254
[TRAIN] stage=finetune epoch=2/2 batch=3940/6000 step=3940 repair=0.04281 localization=0 type=0 minimal=0.1191 physics=0.5053 total=0.06927
[TRAIN] stage=finetune epoch=2/2 batch=3950/6000 step=3950 repair=0.1062 localization=0 type=0 minimal=0.0993 physics=0.5172 total=0.133
[TRAIN] stage=finetune epoch=2/2 batch=3960/6000 step=3960 repair=0.09103 localization=0 type=0 minimal=0.09644 physics=0.51 total=0.1175
[TRAIN] stage=finetune epoch=2/2 batch=3970/6000 step=3970 repair=0.07897 localization=0 type=0 minimal=0.09155 physics=0.5172 total=0.1057
[TRAIN] stage=finetune epoch=2/2 batch=3980/6000 step=3980 repair=0.1023 localization=0 type=0 minimal=0.09991 physics=0.5323 total=0.1299
[TRAIN] stage=finetune epoch=2/2 batch=3990/6000 step=3990 repair=0.0552 localization=0 type=0 minimal=0.1019 physics=0.4454 total=0.07848
[TRAIN] stage=finetune epoch=2/2 batch=4000/6000 step=4000 repair=0.1144 localization=0 type=0 minimal=0.08643 physics=0.5683 total=0.1437
[TRAIN] stage=finetune epoch=2/2 batch=4010/6000 step=4010 repair=0.0587 localization=0 type=0 minimal=0.1071 physics=0.4529 total=0.08241
[TRAIN] stage=finetune epoch=2/2 batch=4020/6000 step=4020 repair=0.1211 localization=0 type=0 minimal=0.08954 physics=0.5442 total=0.1492
[TRAIN] stage=finetune epoch=2/2 batch=4030/6000 step=4030 repair=0.1172 localization=0 type=0 minimal=0.08734 physics=0.418 total=0.139
[TRAIN] stage=finetune epoch=2/2 batch=4040/6000 step=4040 repair=0.1153 localization=0 type=0 minimal=0.1013 physics=0.5719 total=0.1449
[TRAIN] stage=finetune epoch=2/2 batch=4050/6000 step=4050 repair=0.0619 localization=0 type=0 minimal=0.1061 physics=0.4853 total=0.08722
[TRAIN] stage=finetune epoch=2/2 batch=4060/6000 step=4060 repair=0.1657 localization=0 type=0 minimal=0.08539 physics=0.4744 total=0.1903
[TRAIN] stage=finetune epoch=2/2 batch=4070/6000 step=4070 repair=0.1518 localization=0 type=0 minimal=0.08447 physics=0.4537 total=0.1754
[TRAIN] stage=finetune epoch=2/2 batch=4080/6000 step=4080 repair=0.04353 localization=0 type=0 minimal=0.1232 physics=0.5571 total=0.07262
[TRAIN] stage=finetune epoch=2/2 batch=4090/6000 step=4090 repair=0.1268 localization=0 type=0 minimal=0.09009 physics=0.4992 total=0.1527
[TRAIN] stage=finetune epoch=2/2 batch=4100/6000 step=4100 repair=0.06274 localization=0 type=0 minimal=0.1052 physics=0.4479 total=0.08619
[TRAIN] stage=finetune epoch=2/2 batch=4110/6000 step=4110 repair=0.1162 localization=0 type=0 minimal=0.08582 physics=0.504 total=0.1422
[TRAIN] stage=finetune epoch=2/2 batch=4120/6000 step=4120 repair=0.1001 localization=0 type=0 minimal=0.1035 physics=0.5676 total=0.1295
[TRAIN] stage=finetune epoch=2/2 batch=4130/6000 step=4130 repair=0.09374 localization=0 type=0 minimal=0.1044 physics=0.454 total=0.1175
[TRAIN] stage=finetune epoch=2/2 batch=4140/6000 step=4140 repair=0.06134 localization=0 type=0 minimal=0.1126 physics=0.7744 total=0.1012
[TRAIN] stage=finetune epoch=2/2 batch=4150/6000 step=4150 repair=0.06382 localization=0 type=0 minimal=0.113 physics=0.4614 total=0.08802
[TRAIN] stage=finetune epoch=2/2 batch=4160/6000 step=4160 repair=0.06175 localization=0 type=0 minimal=0.1015 physics=0.4176 total=0.08365
[TRAIN] stage=finetune epoch=2/2 batch=4170/6000 step=4170 repair=0.1085 localization=0 type=0 minimal=0.08655 physics=0.5258 total=0.1357
[TRAIN] stage=finetune epoch=2/2 batch=4180/6000 step=4180 repair=0.07484 localization=0 type=0 minimal=0.08997 physics=0.4506 total=0.09827
[TRAIN] stage=finetune epoch=2/2 batch=4190/6000 step=4190 repair=0.06209 localization=0 type=0 minimal=0.1052 physics=0.4407 total=0.08518
[TRAIN] stage=finetune epoch=2/2 batch=4200/6000 step=4200 repair=0.04069 localization=0 type=0 minimal=0.1165 physics=0.3864 total=0.06118
[TRAIN] stage=finetune epoch=2/2 batch=4210/6000 step=4210 repair=0.1095 localization=0 type=0 minimal=0.1099 physics=0.6664 total=0.1439
[TRAIN] stage=finetune epoch=2/2 batch=4220/6000 step=4220 repair=0.06568 localization=0 type=0 minimal=0.1055 physics=0.3643 total=0.08496
[TRAIN] stage=finetune epoch=2/2 batch=4230/6000 step=4230 repair=0.06363 localization=0 type=0 minimal=0.109 physics=0.413 total=0.08537
[TRAIN] stage=finetune epoch=2/2 batch=4240/6000 step=4240 repair=0.103 localization=0 type=0 minimal=0.1021 physics=0.5071 total=0.1294
[TRAIN] stage=finetune epoch=2/2 batch=4250/6000 step=4250 repair=0.116 localization=0 type=0 minimal=0.08527 physics=0.4237 total=0.138
[TRAIN] stage=finetune epoch=2/2 batch=4260/6000 step=4260 repair=0.0457 localization=0 type=0 minimal=0.1274 physics=0.4485 total=0.0694
[TRAIN] stage=finetune epoch=2/2 batch=4270/6000 step=4270 repair=0.113 localization=0 type=0 minimal=0.08771 physics=0.452 total=0.1365
[TRAIN] stage=finetune epoch=2/2 batch=4280/6000 step=4280 repair=0.09447 localization=0 type=0 minimal=0.09991 physics=0.4566 total=0.1183
[TRAIN] stage=finetune epoch=2/2 batch=4290/6000 step=4290 repair=0.146 localization=0 type=0 minimal=0.07935 physics=0.4312 total=0.1684
[TRAIN] stage=finetune epoch=2/2 batch=4300/6000 step=4300 repair=0.0787 localization=0 type=0 minimal=0.0976 physics=0.362 total=0.09778
[TRAIN] stage=finetune epoch=2/2 batch=4310/6000 step=4310 repair=0.0409 localization=0 type=0 minimal=0.1218 physics=0.3849 total=0.06136
[TRAIN] stage=finetune epoch=2/2 batch=4320/6000 step=4320 repair=0.1344 localization=0 type=0 minimal=0.08917 physics=0.4075 total=0.1556
[TRAIN] stage=finetune epoch=2/2 batch=4330/6000 step=4330 repair=0.1541 localization=0 type=0 minimal=0.07953 physics=0.4611 total=0.1779
[TRAIN] stage=finetune epoch=2/2 batch=4340/6000 step=4340 repair=0.07955 localization=0 type=0 minimal=0.09583 physics=0.4199 total=0.1015
[TRAIN] stage=finetune epoch=2/2 batch=4350/6000 step=4350 repair=0.1061 localization=0 type=0 minimal=0.0838 physics=0.3724 total=0.1256
[TRAIN] stage=finetune epoch=2/2 batch=4360/6000 step=4360 repair=0.09534 localization=0 type=0 minimal=0.09747 physics=0.4351 total=0.1181
[TRAIN] stage=finetune epoch=2/2 batch=4370/6000 step=4370 repair=0.1211 localization=0 type=0 minimal=0.09045 physics=0.4441 total=0.1443
[TRAIN] stage=finetune epoch=2/2 batch=4380/6000 step=4380 repair=0.122 localization=0 type=0 minimal=0.08545 physics=0.4603 total=0.1459
[TRAIN] stage=finetune epoch=2/2 batch=4390/6000 step=4390 repair=0.1033 localization=0 type=0 minimal=0.1008 physics=0.4117 total=0.1249
[TRAIN] stage=finetune epoch=2/2 batch=4400/6000 step=4400 repair=0.1027 localization=0 type=0 minimal=0.091 physics=0.4807 total=0.1277
[TRAIN] stage=finetune epoch=2/2 batch=4410/6000 step=4410 repair=0.1104 localization=0 type=0 minimal=0.09033 physics=0.418 total=0.1322
[TRAIN] stage=finetune epoch=2/2 batch=4420/6000 step=4420 repair=0.07637 localization=0 type=0 minimal=0.0954 physics=0.4543 total=0.1
[TRAIN] stage=finetune epoch=2/2 batch=4430/6000 step=4430 repair=0.05696 localization=0 type=0 minimal=0.1057 physics=0.3197 total=0.074
[TRAIN] stage=finetune epoch=2/2 batch=4440/6000 step=4440 repair=0.1087 localization=0 type=0 minimal=0.0885 physics=0.5426 total=0.1368
[TRAIN] stage=finetune epoch=2/2 batch=4450/6000 step=4450 repair=0.1857 localization=0 type=0 minimal=0.08777 physics=0.5546 total=0.2143
[TRAIN] stage=finetune epoch=2/2 batch=4460/6000 step=4460 repair=0.08464 localization=0 type=0 minimal=0.09882 physics=0.3941 total=0.1053
[TRAIN] stage=finetune epoch=2/2 batch=4470/6000 step=4470 repair=0.07413 localization=0 type=0 minimal=0.09052 physics=0.6822 total=0.1091
[TRAIN] stage=finetune epoch=2/2 batch=4480/6000 step=4480 repair=0.1815 localization=0 type=0 minimal=0.08771 physics=0.4115 total=0.2029
[TRAIN] stage=finetune epoch=2/2 batch=4490/6000 step=4490 repair=0.06347 localization=0 type=0 minimal=0.1037 physics=0.4506 total=0.08704
[TRAIN] stage=finetune epoch=2/2 batch=4500/6000 step=4500 repair=0.1571 localization=0 type=0 minimal=0.08173 physics=0.3695 total=0.1764
[TRAIN] stage=finetune epoch=2/2 batch=4510/6000 step=4510 repair=0.09842 localization=0 type=0 minimal=0.1043 physics=0.4203 total=0.1205
[TRAIN] stage=finetune epoch=2/2 batch=4520/6000 step=4520 repair=0.09517 localization=0 type=0 minimal=0.09583 physics=0.6859 total=0.1304
[TRAIN] stage=finetune epoch=2/2 batch=4530/6000 step=4530 repair=0.079 localization=0 type=0 minimal=0.09863 physics=0.3195 total=0.09596
[TRAIN] stage=finetune epoch=2/2 batch=4540/6000 step=4540 repair=0.06134 localization=0 type=0 minimal=0.1069 physics=0.525 total=0.08865
[TRAIN] stage=finetune epoch=2/2 batch=4550/6000 step=4550 repair=0.1246 localization=0 type=0 minimal=0.0918 physics=0.4261 total=0.1468
[TRAIN] stage=finetune epoch=2/2 batch=4560/6000 step=4560 repair=0.04156 localization=0 type=0 minimal=0.1188 physics=0.3148 total=0.05848
[TRAIN] stage=finetune epoch=2/2 batch=4570/6000 step=4570 repair=0.1164 localization=0 type=0 minimal=0.09302 physics=0.3892 total=0.1368
[TRAIN] stage=finetune epoch=2/2 batch=4580/6000 step=4580 repair=0.0392 localization=0 type=0 minimal=0.1143 physics=0.3385 total=0.05727
[TRAIN] stage=finetune epoch=2/2 batch=4590/6000 step=4590 repair=0.0957 localization=0 type=0 minimal=0.1003 physics=0.3932 total=0.1164
[TRAIN] stage=finetune epoch=2/2 batch=4600/6000 step=4600 repair=0.0915 localization=0 type=0 minimal=0.1036 physics=0.402 total=0.1126
[TRAIN] stage=finetune epoch=2/2 batch=4610/6000 step=4610 repair=0.1107 localization=0 type=0 minimal=0.09229 physics=0.4111 total=0.1322
[TRAIN] stage=finetune epoch=2/2 batch=4620/6000 step=4620 repair=0.05802 localization=0 type=0 minimal=0.1069 physics=0.4324 total=0.08071
[TRAIN] stage=finetune epoch=2/2 batch=4630/6000 step=4630 repair=0.1642 localization=0 type=0 minimal=0.08521 physics=0.3982 total=0.185
[TRAIN] stage=finetune epoch=2/2 batch=4640/6000 step=4640 repair=0.06033 localization=0 type=0 minimal=0.1063 physics=0.5114 total=0.08696
[TRAIN] stage=finetune epoch=2/2 batch=4650/6000 step=4650 repair=0.1596 localization=0 type=0 minimal=0.08478 physics=0.6132 total=0.1911
[TRAIN] stage=finetune epoch=2/2 batch=4660/6000 step=4660 repair=0.059 localization=0 type=0 minimal=0.1113 physics=0.3859 total=0.07941
[TRAIN] stage=finetune epoch=2/2 batch=4670/6000 step=4670 repair=0.05903 localization=0 type=0 minimal=0.1103 physics=0.486 total=0.08443
[TRAIN] stage=finetune epoch=2/2 batch=4680/6000 step=4680 repair=0.07756 localization=0 type=0 minimal=0.09076 physics=0.5054 total=0.1037
[TRAIN] stage=finetune epoch=2/2 batch=4690/6000 step=4690 repair=0.09961 localization=0 type=0 minimal=0.1009 physics=0.4362 total=0.1224
[TRAIN] stage=finetune epoch=2/2 batch=4700/6000 step=4700 repair=0.06825 localization=0 type=0 minimal=0.1078 physics=0.4956 total=0.0941
[TRAIN] stage=finetune epoch=2/2 batch=4710/6000 step=4710 repair=0.1177 localization=0 type=0 minimal=0.08929 physics=0.749 total=0.156
[TRAIN] stage=finetune epoch=2/2 batch=4720/6000 step=4720 repair=0.07344 localization=0 type=0 minimal=0.08807 physics=0.3736 total=0.09301
[TRAIN] stage=finetune epoch=2/2 batch=4730/6000 step=4730 repair=0.1256 localization=0 type=0 minimal=0.09082 physics=0.5182 total=0.1524
[TRAIN] stage=finetune epoch=2/2 batch=4740/6000 step=4740 repair=0.1135 localization=0 type=0 minimal=0.08215 physics=0.5292 total=0.1408
[TRAIN] stage=finetune epoch=2/2 batch=4750/6000 step=4750 repair=0.09716 localization=0 type=0 minimal=0.0954 physics=0.4361 total=0.1199
[TRAIN] stage=finetune epoch=2/2 batch=4760/6000 step=4760 repair=0.06275 localization=0 type=0 minimal=0.106 physics=0.3927 total=0.08345
[TRAIN] stage=finetune epoch=2/2 batch=4770/6000 step=4770 repair=0.1017 localization=0 type=0 minimal=0.09784 physics=0.4053 total=0.1229
[TRAIN] stage=finetune epoch=2/2 batch=4780/6000 step=4780 repair=0.07815 localization=0 type=0 minimal=0.09155 physics=0.3766 total=0.09789
[TRAIN] stage=finetune epoch=2/2 batch=4790/6000 step=4790 repair=0.1299 localization=0 type=0 minimal=0.08838 physics=0.4221 total=0.1519
[TRAIN] stage=finetune epoch=2/2 batch=4800/6000 step=4800 repair=0.07603 localization=0 type=0 minimal=0.09497 physics=0.4115 total=0.09755
[TRAIN] stage=finetune epoch=2/2 batch=4810/6000 step=4810 repair=0.09806 localization=0 type=0 minimal=0.105 physics=0.366 total=0.1174
[TRAIN] stage=finetune epoch=2/2 batch=4820/6000 step=4820 repair=0.04192 localization=0 type=0 minimal=0.125 physics=0.3985 total=0.06309
[TRAIN] stage=finetune epoch=2/2 batch=4830/6000 step=4830 repair=0.1096 localization=0 type=0 minimal=0.08771 physics=0.4398 total=0.1324
[TRAIN] stage=finetune epoch=2/2 batch=4840/6000 step=4840 repair=0.04084 localization=0 type=0 minimal=0.1217 physics=0.3865 total=0.06138
[TRAIN] stage=finetune epoch=2/2 batch=4850/6000 step=4850 repair=0.1184 localization=0 type=0 minimal=0.08698 physics=0.3964 total=0.1391
[TRAIN] stage=finetune epoch=2/2 batch=4860/6000 step=4860 repair=0.1203 localization=0 type=0 minimal=0.09027 physics=0.531 total=0.1478
[TRAIN] stage=finetune epoch=2/2 batch=4870/6000 step=4870 repair=0.07287 localization=0 type=0 minimal=0.09174 physics=0.3795 total=0.09277
[TRAIN] stage=finetune epoch=2/2 batch=4880/6000 step=4880 repair=0.08152 localization=0 type=0 minimal=0.09082 physics=0.4537 total=0.1051
[TRAIN] stage=finetune epoch=2/2 batch=4890/6000 step=4890 repair=0.06146 localization=0 type=0 minimal=0.1064 physics=0.41 total=0.08302
[TRAIN] stage=finetune epoch=2/2 batch=4900/6000 step=4900 repair=0.05758 localization=0 type=0 minimal=0.1039 physics=0.3663 total=0.07693
[TRAIN] stage=finetune epoch=2/2 batch=4910/6000 step=4910 repair=0.168 localization=0 type=0 minimal=0.08069 physics=0.44 total=0.1908
[TRAIN] stage=finetune epoch=2/2 batch=4920/6000 step=4920 repair=0.1437 localization=0 type=0 minimal=0.08429 physics=0.4968 total=0.1694
[TRAIN] stage=finetune epoch=2/2 batch=4930/6000 step=4930 repair=0.1611 localization=0 type=0 minimal=0.08307 physics=0.4592 total=0.1849
[TRAIN] stage=finetune epoch=2/2 batch=4940/6000 step=4940 repair=0.1628 localization=0 type=0 minimal=0.08319 physics=0.4492 total=0.1861
[TRAIN] stage=finetune epoch=2/2 batch=4950/6000 step=4950 repair=0.1529 localization=0 type=0 minimal=0.08569 physics=0.428 total=0.1751
[TRAIN] stage=finetune epoch=2/2 batch=4960/6000 step=4960 repair=0.05704 localization=0 type=0 minimal=0.11 physics=0.4431 total=0.0803
[TRAIN] stage=finetune epoch=2/2 batch=4970/6000 step=4970 repair=0.05968 localization=0 type=0 minimal=0.1113 physics=0.4672 total=0.08415
[TRAIN] stage=finetune epoch=2/2 batch=4980/6000 step=4980 repair=0.1652 localization=0 type=0 minimal=0.08026 physics=0.4708 total=0.1895
[TRAIN] stage=finetune epoch=2/2 batch=4990/6000 step=4990 repair=0.1612 localization=0 type=0 minimal=0.08295 physics=0.506 total=0.1873
[TRAIN] stage=finetune epoch=2/2 batch=5000/6000 step=5000 repair=0.0595 localization=0 type=0 minimal=0.1044 physics=0.4126 total=0.08117
[TRAIN] stage=finetune epoch=2/2 batch=5010/6000 step=5010 repair=0.1284 localization=0 type=0 minimal=0.09314 physics=0.4061 total=0.1496
[TRAIN] stage=finetune epoch=2/2 batch=5020/6000 step=5020 repair=0.1186 localization=0 type=0 minimal=0.09204 physics=0.4004 total=0.1396
[TRAIN] stage=finetune epoch=2/2 batch=5030/6000 step=5030 repair=0.117 localization=0 type=0 minimal=0.09137 physics=0.4266 total=0.1393
[TRAIN] stage=finetune epoch=2/2 batch=5040/6000 step=5040 repair=0.1228 localization=0 type=0 minimal=0.09235 physics=0.4368 total=0.1456
[TRAIN] stage=finetune epoch=2/2 batch=5050/6000 step=5050 repair=0.1091 localization=0 type=0 minimal=0.09082 physics=0.481 total=0.134
[TRAIN] stage=finetune epoch=2/2 batch=5060/6000 step=5060 repair=0.1064 localization=0 type=0 minimal=0.1041 physics=0.5123 total=0.1331
[TRAIN] stage=finetune epoch=2/2 batch=5070/6000 step=5070 repair=0.06146 localization=0 type=0 minimal=0.1081 physics=0.4089 total=0.08299
[TRAIN] stage=finetune epoch=2/2 batch=5080/6000 step=5080 repair=0.05956 localization=0 type=0 minimal=0.1086 physics=0.3909 total=0.08019
[TRAIN] stage=finetune epoch=2/2 batch=5090/6000 step=5090 repair=0.1174 localization=0 type=0 minimal=0.08997 physics=0.3731 total=0.1369
[TRAIN] stage=finetune epoch=2/2 batch=5100/6000 step=5100 repair=0.1021 localization=0 type=0 minimal=0.1028 physics=0.3417 total=0.1202
[TRAIN] stage=finetune epoch=2/2 batch=5110/6000 step=5110 repair=0.117 localization=0 type=0 minimal=0.1028 physics=0.5188 total=0.144
[TRAIN] stage=finetune epoch=2/2 batch=5120/6000 step=5120 repair=0.04207 localization=0 type=0 minimal=0.1272 physics=0.3903 total=0.06286
[TRAIN] stage=finetune epoch=2/2 batch=5130/6000 step=5130 repair=0.08236 localization=0 type=0 minimal=0.09509 physics=0.526 total=0.1096
[TRAIN] stage=finetune epoch=2/2 batch=5140/6000 step=5140 repair=0.06699 localization=0 type=0 minimal=0.1089 physics=0.3677 total=0.08647
[TRAIN] stage=finetune epoch=2/2 batch=5150/6000 step=5150 repair=0.1541 localization=0 type=0 minimal=0.08276 physics=0.4454 total=0.1772
[TRAIN] stage=finetune epoch=2/2 batch=5160/6000 step=5160 repair=0.06066 localization=0 type=0 minimal=0.1115 physics=0.3439 total=0.07897
[TRAIN] stage=finetune epoch=2/2 batch=5170/6000 step=5170 repair=0.04111 localization=0 type=0 minimal=0.1179 physics=0.4426 total=0.06442
[TRAIN] stage=finetune epoch=2/2 batch=5180/6000 step=5180 repair=0.08316 localization=0 type=0 minimal=0.09827 physics=0.3703 total=0.1027
[TRAIN] stage=finetune epoch=2/2 batch=5190/6000 step=5190 repair=0.1634 localization=0 type=0 minimal=0.08447 physics=0.4117 total=0.1848
[TRAIN] stage=finetune epoch=2/2 batch=5200/6000 step=5200 repair=0.09291 localization=0 type=0 minimal=0.1019 physics=0.5378 total=0.1208
[TRAIN] stage=finetune epoch=2/2 batch=5210/6000 step=5210 repair=0.1207 localization=0 type=0 minimal=0.08868 physics=0.411 total=0.1421
[TRAIN] stage=finetune epoch=2/2 batch=5220/6000 step=5220 repair=0.04142 localization=0 type=0 minimal=0.1206 physics=0.3588 total=0.06057
[TRAIN] stage=finetune epoch=2/2 batch=5230/6000 step=5230 repair=0.07723 localization=0 type=0 minimal=0.0943 physics=0.3929 total=0.09782
[TRAIN] stage=finetune epoch=2/2 batch=5240/6000 step=5240 repair=0.07285 localization=0 type=0 minimal=0.09296 physics=0.5189 total=0.09972
[TRAIN] stage=finetune epoch=2/2 batch=5250/6000 step=5250 repair=0.06098 localization=0 type=0 minimal=0.1101 physics=0.454 total=0.08479
[TRAIN] stage=finetune epoch=2/2 batch=5260/6000 step=5260 repair=0.05631 localization=0 type=0 minimal=0.1105 physics=0.4086 total=0.07784
[TRAIN] stage=finetune epoch=2/2 batch=5270/6000 step=5270 repair=0.03914 localization=0 type=0 minimal=0.1176 physics=0.3558 total=0.0581
[TRAIN] stage=finetune epoch=2/2 batch=5280/6000 step=5280 repair=0.1172 localization=0 type=0 minimal=0.08881 physics=0.3475 total=0.1355
[TRAIN] stage=finetune epoch=2/2 batch=5290/6000 step=5290 repair=0.09056 localization=0 type=0 minimal=0.1005 physics=0.3372 total=0.1084
[TRAIN] stage=finetune epoch=2/2 batch=5300/6000 step=5300 repair=0.1184 localization=0 type=0 minimal=0.08997 physics=0.3831 total=0.1385
[TRAIN] stage=finetune epoch=2/2 batch=5310/6000 step=5310 repair=0.1483 localization=0 type=0 minimal=0.08545 physics=0.3613 total=0.1672
[TRAIN] stage=finetune epoch=2/2 batch=5320/6000 step=5320 repair=0.1129 localization=0 type=0 minimal=0.08844 physics=0.3731 total=0.1324
[TRAIN] stage=finetune epoch=2/2 batch=5330/6000 step=5330 repair=0.06116 localization=0 type=0 minimal=0.1041 physics=0.3677 total=0.08058
[TRAIN] stage=finetune epoch=2/2 batch=5340/6000 step=5340 repair=0.08125 localization=0 type=0 minimal=0.09283 physics=0.3546 total=0.09991
[TRAIN] stage=finetune epoch=2/2 batch=5350/6000 step=5350 repair=0.05694 localization=0 type=0 minimal=0.1065 physics=0.3424 total=0.07512
[TRAIN] stage=finetune epoch=2/2 batch=5360/6000 step=5360 repair=0.1134 localization=0 type=0 minimal=0.0885 physics=0.4206 total=0.1354
[TRAIN] stage=finetune epoch=2/2 batch=5370/6000 step=5370 repair=0.1581 localization=0 type=0 minimal=0.08173 physics=0.3504 total=0.1765
[TRAIN] stage=finetune epoch=2/2 batch=5380/6000 step=5380 repair=0.1023 localization=0 type=0 minimal=0.1006 physics=0.6946 total=0.138
[TRAIN] stage=finetune epoch=2/2 batch=5390/6000 step=5390 repair=0.1465 localization=0 type=0 minimal=0.08502 physics=0.453 total=0.17
[TRAIN] stage=finetune epoch=2/2 batch=5400/6000 step=5400 repair=0.1164 localization=0 type=0 minimal=0.09216 physics=0.3306 total=0.1338
[TRAIN] stage=finetune epoch=2/2 batch=5410/6000 step=5410 repair=0.06652 localization=0 type=0 minimal=0.1105 physics=0.3649 total=0.08587
[TRAIN] stage=finetune epoch=2/2 batch=5420/6000 step=5420 repair=0.1198 localization=0 type=0 minimal=0.08423 physics=0.3748 total=0.1394
[TRAIN] stage=finetune epoch=2/2 batch=5430/6000 step=5430 repair=0.125 localization=0 type=0 minimal=0.08612 physics=0.3432 total=0.143
[TRAIN] stage=finetune epoch=2/2 batch=5440/6000 step=5440 repair=0.05911 localization=0 type=0 minimal=0.1041 physics=0.3969 total=0.08
[TRAIN] stage=finetune epoch=2/2 batch=5450/6000 step=5450 repair=0.061 localization=0 type=0 minimal=0.1052 physics=0.3978 total=0.08195
[TRAIN] stage=finetune epoch=2/2 batch=5460/6000 step=5460 repair=0.04394 localization=0 type=0 minimal=0.1215 physics=0.4432 total=0.06732
[TRAIN] stage=finetune epoch=2/2 batch=5470/6000 step=5470 repair=0.06061 localization=0 type=0 minimal=0.106 physics=0.415 total=0.08243
[TRAIN] stage=finetune epoch=2/2 batch=5480/6000 step=5480 repair=0.073 localization=0 type=0 minimal=0.08917 physics=0.6113 total=0.1045
[TRAIN] stage=finetune epoch=2/2 batch=5490/6000 step=5490 repair=0.08669 localization=0 type=0 minimal=0.09546 physics=0.4033 total=0.1078
[TRAIN] stage=finetune epoch=2/2 batch=5500/6000 step=5500 repair=0.1137 localization=0 type=0 minimal=0.0863 physics=0.3289 total=0.131
[TRAIN] stage=finetune epoch=2/2 batch=5510/6000 step=5510 repair=0.04279 localization=0 type=0 minimal=0.1203 physics=0.4052 total=0.06425
[TRAIN] stage=finetune epoch=2/2 batch=5520/6000 step=5520 repair=0.08799 localization=0 type=0 minimal=0.09705 physics=0.4191 total=0.1099
[TRAIN] stage=finetune epoch=2/2 batch=5530/6000 step=5530 repair=0.1073 localization=0 type=0 minimal=0.0896 physics=0.4237 total=0.1293
[TRAIN] stage=finetune epoch=2/2 batch=5540/6000 step=5540 repair=0.06168 localization=0 type=0 minimal=0.1075 physics=0.3453 total=0.08001
[TRAIN] stage=finetune epoch=2/2 batch=5550/6000 step=5550 repair=0.1079 localization=0 type=0 minimal=0.09033 physics=0.3303 total=0.1253
[TRAIN] stage=finetune epoch=2/2 batch=5560/6000 step=5560 repair=0.1027 localization=0 type=0 minimal=0.1053 physics=0.4251 total=0.125
[TRAIN] stage=finetune epoch=2/2 batch=5570/6000 step=5570 repair=0.108 localization=0 type=0 minimal=0.08514 physics=0.4026 total=0.129
[TRAIN] stage=finetune epoch=2/2 batch=5580/6000 step=5580 repair=0.121 localization=0 type=0 minimal=0.0918 physics=0.4051 total=0.1421
[TRAIN] stage=finetune epoch=2/2 batch=5590/6000 step=5590 repair=0.09696 localization=0 type=0 minimal=0.09833 physics=0.4092 total=0.1184
[TRAIN] stage=finetune epoch=2/2 batch=5600/6000 step=5600 repair=0.1215 localization=0 type=0 minimal=0.09137 physics=0.3853 total=0.1416
[TRAIN] stage=finetune epoch=2/2 batch=5610/6000 step=5610 repair=0.1014 localization=0 type=0 minimal=0.1049 physics=0.6008 total=0.1325
[TRAIN] stage=finetune epoch=2/2 batch=5620/6000 step=5620 repair=0.1023 localization=0 type=0 minimal=0.1038 physics=0.4106 total=0.1238
[TRAIN] stage=finetune epoch=2/2 batch=5630/6000 step=5630 repair=0.04356 localization=0 type=0 minimal=0.1232 physics=0.4345 total=0.06652
[TRAIN] stage=finetune epoch=2/2 batch=5640/6000 step=5640 repair=0.06198 localization=0 type=0 minimal=0.1061 physics=0.4816 total=0.08712
[TRAIN] stage=finetune epoch=2/2 batch=5650/6000 step=5650 repair=0.0741 localization=0 type=0 minimal=0.09564 physics=0.3529 total=0.0927
[TRAIN] stage=finetune epoch=2/2 batch=5660/6000 step=5660 repair=0.1099 localization=0 type=0 minimal=0.08777 physics=0.4 total=0.1308
[TRAIN] stage=finetune epoch=2/2 batch=5670/6000 step=5670 repair=0.1118 localization=0 type=0 minimal=0.1004 physics=0.4121 total=0.1334
[TRAIN] stage=finetune epoch=2/2 batch=5680/6000 step=5680 repair=0.1141 localization=0 type=0 minimal=0.08441 physics=0.4412 total=0.137
[TRAIN] stage=finetune epoch=2/2 batch=5690/6000 step=5690 repair=0.06387 localization=0 type=0 minimal=0.1082 physics=0.3422 total=0.08206
[TRAIN] stage=finetune epoch=2/2 batch=5700/6000 step=5700 repair=0.101 localization=0 type=0 minimal=0.099 physics=0.3505 total=0.1196
[TRAIN] stage=finetune epoch=2/2 batch=5710/6000 step=5710 repair=0.05702 localization=0 type=0 minimal=0.1096 physics=0.3619 total=0.07621
[TRAIN] stage=finetune epoch=2/2 batch=5720/6000 step=5720 repair=0.1217 localization=0 type=0 minimal=0.0849 physics=0.4645 total=0.1457
[TRAIN] stage=finetune epoch=2/2 batch=5730/6000 step=5730 repair=0.08158 localization=0 type=0 minimal=0.09283 physics=0.3603 total=0.1005
[TRAIN] stage=finetune epoch=2/2 batch=5740/6000 step=5740 repair=0.1026 localization=0 type=0 minimal=0.1047 physics=0.4103 total=0.1242
[TRAIN] stage=finetune epoch=2/2 batch=5750/6000 step=5750 repair=0.1186 localization=0 type=0 minimal=0.08508 physics=0.4651 total=0.1427
[TRAIN] stage=finetune epoch=2/2 batch=5760/6000 step=5760 repair=0.05733 localization=0 type=0 minimal=0.1042 physics=0.3533 total=0.07604
[TRAIN] stage=finetune epoch=2/2 batch=5770/6000 step=5770 repair=0.1077 localization=0 type=0 minimal=0.1049 physics=0.5436 total=0.1359
[TRAIN] stage=finetune epoch=2/2 batch=5780/6000 step=5780 repair=0.06191 localization=0 type=0 minimal=0.1076 physics=0.3677 total=0.08137
[TRAIN] stage=finetune epoch=2/2 batch=5790/6000 step=5790 repair=0.04192 localization=0 type=0 minimal=0.1207 physics=0.4456 total=0.06541
[TRAIN] stage=finetune epoch=2/2 batch=5800/6000 step=5800 repair=0.1484 localization=0 type=0 minimal=0.07971 physics=0.4471 total=0.1716
[TRAIN] stage=finetune epoch=2/2 batch=5810/6000 step=5810 repair=0.05769 localization=0 type=0 minimal=0.1037 physics=0.4303 total=0.08024
[TRAIN] stage=finetune epoch=2/2 batch=5820/6000 step=5820 repair=0.1251 localization=0 type=0 minimal=0.08618 physics=0.426 total=0.1472
[TRAIN] stage=finetune epoch=2/2 batch=5830/6000 step=5830 repair=0.09041 localization=0 type=0 minimal=0.09723 physics=0.3555 total=0.1092
[TRAIN] stage=finetune epoch=2/2 batch=5840/6000 step=5840 repair=0.09676 localization=0 type=0 minimal=0.1015 physics=0.3828 total=0.1169
[TRAIN] stage=finetune epoch=2/2 batch=5850/6000 step=5850 repair=0.0793 localization=0 type=0 minimal=0.09296 physics=0.3927 total=0.09986
[TRAIN] stage=finetune epoch=2/2 batch=5860/6000 step=5860 repair=0.05482 localization=0 type=0 minimal=0.1068 physics=0.366 total=0.07419
[TRAIN] stage=finetune epoch=2/2 batch=5870/6000 step=5870 repair=0.09857 localization=0 type=0 minimal=0.1016 physics=0.4111 total=0.1201
[TRAIN] stage=finetune epoch=2/2 batch=5880/6000 step=5880 repair=0.07692 localization=0 type=0 minimal=0.09619 physics=0.4978 total=0.1028
[TRAIN] stage=finetune epoch=2/2 batch=5890/6000 step=5890 repair=0.1493 localization=0 type=0 minimal=0.08185 physics=0.455 total=0.1728
[TRAIN] stage=finetune epoch=2/2 batch=5900/6000 step=5900 repair=0.12 localization=0 type=0 minimal=0.08923 physics=0.3918 total=0.1405
[TRAIN] stage=finetune epoch=2/2 batch=5910/6000 step=5910 repair=0.08285 localization=0 type=0 minimal=0.09424 physics=0.4684 total=0.1072
[TRAIN] stage=finetune epoch=2/2 batch=5920/6000 step=5920 repair=0.1521 localization=0 type=0 minimal=0.08612 physics=0.4037 total=0.1732
[TRAIN] stage=finetune epoch=2/2 batch=5930/6000 step=5930 repair=0.03955 localization=0 type=0 minimal=0.1194 physics=0.4531 total=0.0634
[TRAIN] stage=finetune epoch=2/2 batch=5940/6000 step=5940 repair=0.16 localization=0 type=0 minimal=0.09045 physics=0.5532 total=0.1885
[TRAIN] stage=finetune epoch=2/2 batch=5950/6000 step=5950 repair=0.08278 localization=0 type=0 minimal=0.0957 physics=0.3522 total=0.1013
[TRAIN] stage=finetune epoch=2/2 batch=5960/6000 step=5960 repair=0.1625 localization=0 type=0 minimal=0.08087 physics=0.3751 total=0.1821
[TRAIN] stage=finetune epoch=2/2 batch=5970/6000 step=5970 repair=0.1308 localization=0 type=0 minimal=0.08832 physics=0.4564 total=0.1546
[TRAIN] stage=finetune epoch=2/2 batch=5980/6000 step=5980 repair=0.151 localization=0 type=0 minimal=0.08441 physics=0.5042 total=0.1771
[TRAIN] stage=finetune epoch=2/2 batch=5990/6000 step=5990 repair=0.1043 localization=0 type=0 minimal=0.1007 physics=0.3964 total=0.1251
[TRAIN] stage=finetune epoch=2/2 batch=6000/6000 step=6000 repair=0.04248 localization=0 type=0 minimal=0.1215 physics=0.428 total=0.06509
[EPOCH] {'stage': 'finetune', 'epoch': 1, 'global_step': 6000, 'train_total': 0.18586074736962716, 'val_repair_mse': 0.10127901216037571, 'elapsed_seconds': 790.67}
[BEST] val_repair_mse=0.101279
[TRAIN COMPLETE] {
  "run_id": "train_climax_conservefm_smartfinal_s42",
  "status": "completed",
  "method": "conservefm_full",
  "backbone": "climax",
  "seed": 42,
  "forecast_provider": "zarr_frozen_fm",
  "best_val_repair_mse": 0.10127901216037571,
  "global_step": 6000,
  "elapsed_seconds": 790.75,
  "checkpoint_best": "/home/tahiti/ConserveFM/runs/train_climax_conservefm_smartfinal_s42/checkpoint_best.pt",
  "checkpoint_last": "/home/tahiti/ConserveFM/runs/train_climax_conservefm_smartfinal_s42/checkpoint_last.pt"
}
