2026-07-15 20:39:29 [ERA5] ========================================================================
2026-07-15 20:39:29 [ERA5] Parallel raw WeatherBench2 ERA5 downloader
2026-07-15 20:39:29 [ERA5] Period: 1979–2022
2026-07-15 20:39:29 [ERA5] Workers: 32
2026-07-15 20:39:29 [ERA5] No decompression or recompression
2026-07-15 20:39:29 [ERA5] ========================================================================
2026-07-15 20:39:29 [ERA5] Opening remote metadata
2026-07-15 20:41:32 [ERA5] Selected time indices: 29,220..93,503
2026-07-15 20:41:32 [ERA5] Selected timestamps: 64,284
2026-07-15 20:41:32 [ERA5] Copying Zarr metadata and coordinates
2026-07-15 20:42:20 [ERA5] metadata 1/39: .zgroup | exists | 24.00 B
2026-07-15 20:42:20 [ERA5] metadata 2/39: .zattrs | exists | 2.00 B
2026-07-15 20:42:20 [ERA5] metadata 3/39: .zarray | exists | 320.00 B
2026-07-15 20:42:20 [ERA5] metadata 4/39: .zattrs | exists | 129.00 B
2026-07-15 20:42:20 [ERA5] metadata 5/39: 0 | exists | 3.25 KiB
2026-07-15 20:42:20 [ERA5] metadata 6/39: 1 | exists | 3.29 KiB
2026-07-15 20:42:20 [ERA5] metadata 7/39: 2 | exists | 3.00 KiB
2026-07-15 20:42:20 [ERA5] metadata 8/39: 3 | exists | 3.29 KiB
2026-07-15 20:42:20 [ERA5] metadata 9/39: .zarray | exists | 314.00 B
2026-07-15 20:42:20 [ERA5] metadata 10/39: .zattrs | exists | 52.00 B
2026-07-15 20:42:20 [ERA5] metadata 11/39: 0 | exists | 120.00 B
2026-07-15 20:42:20 [ERA5] metadata 12/39: .zarray | exists | 317.00 B
2026-07-15 20:42:20 [ERA5] metadata 13/39: .zattrs | exists | 56.00 B
2026-07-15 20:42:20 [ERA5] metadata 14/39: 0 | exists | 845.00 B
2026-07-15 20:42:20 [ERA5] metadata 15/39: .zarray | exists | 317.00 B
2026-07-15 20:42:20 [ERA5] metadata 16/39: .zattrs | exists | 55.00 B
2026-07-15 20:42:20 [ERA5] metadata 17/39: 0 | exists | 528.00 B
2026-07-15 20:42:20 [ERA5] metadata 18/39: .zarray | exists | 393.00 B
2026-07-15 20:42:20 [ERA5] metadata 19/39: .zattrs | exists | 229.00 B
2026-07-15 20:42:20 [ERA5] metadata 20/39: .zarray | exists | 393.00 B
2026-07-15 20:42:20 [ERA5] metadata 21/39: .zattrs | exists | 222.00 B
2026-07-15 20:42:20 [ERA5] metadata 22/39: .zarray | exists | 393.00 B
2026-07-15 20:42:20 [ERA5] metadata 23/39: .zattrs | exists | 238.00 B
2026-07-15 20:42:20 [ERA5] metadata 24/39: .zarray | exists | 393.00 B
2026-07-15 20:42:20 [ERA5] metadata 25/39: .zattrs | exists | 234.00 B
2026-07-15 20:42:20 [ERA5] metadata 26/39: .zarray | exists | 393.00 B
2026-07-15 20:42:20 [ERA5] metadata 27/39: .zattrs | exists | 235.00 B
2026-07-15 20:42:20 [ERA5] metadata 28/39: .zarray | exists | 369.00 B
2026-07-15 20:42:20 [ERA5] metadata 29/39: .zattrs | exists | 175.00 B
2026-07-15 20:42:20 [ERA5] metadata 30/39: .zarray | exists | 369.00 B
2026-07-15 20:42:20 [ERA5] metadata 31/39: .zattrs | exists | 187.00 B
2026-07-15 20:42:20 [ERA5] metadata 32/39: .zarray | exists | 369.00 B
2026-07-15 20:42:20 [ERA5] metadata 33/39: .zattrs | exists | 187.00 B
2026-07-15 20:42:20 [ERA5] metadata 34/39: .zarray | exists | 369.00 B
2026-07-15 20:42:20 [ERA5] metadata 35/39: .zattrs | exists | 235.00 B
2026-07-15 20:42:20 [ERA5] metadata 36/39: .zarray | exists | 369.00 B
2026-07-15 20:42:20 [ERA5] metadata 37/39: .zattrs | exists | 217.00 B
2026-07-15 20:42:20 [ERA5] metadata 38/39: .zarray | exists | 369.00 B
2026-07-15 20:42:20 [ERA5] metadata 39/39: .zattrs | exists | 174.00 B
2026-07-15 20:42:29 [ERA5] geopotential: source chunks 3652..11687 | objects=8,036
2026-07-15 20:42:29 [ERA5] temperature: source chunks 3652..11687 | objects=8,036
2026-07-15 20:42:37 [ERA5] specific_humidity: source chunks 3652..11687 | objects=8,036
2026-07-15 20:42:37 [ERA5] u_component_of_wind: source chunks 3652..11687 | objects=8,036
2026-07-15 20:42:38 [ERA5] v_component_of_wind: source chunks 3652..11687 | objects=8,036
2026-07-15 20:42:40 [ERA5] 2m_temperature: source chunks 3652..11687 | objects=8,036
2026-07-15 20:42:42 [ERA5] 10m_u_component_of_wind: source chunks 3652..11687 | objects=8,036
2026-07-15 20:42:42 [ERA5] 10m_v_component_of_wind: source chunks 3652..11687 | objects=8,036
2026-07-15 20:42:43 [ERA5] mean_sea_level_pressure: source chunks 3652..11687 | objects=8,036
2026-07-15 20:42:44 [ERA5] surface_pressure: source chunks 3652..11687 | objects=8,036
2026-07-15 20:42:49 [ERA5] total_precipitation_6hr: source chunks 3652..11687 | objects=8,036
2026-07-15 20:42:49 [ERA5] Starting raw-object copy with 32 workers
2026-07-15 20:42:49 [ERA5] Total ERA5 chunk objects: 88,396
2026-07-15 20:42:49 [ERA5] Destination: /home/tahiti/ConserveFM/data/ERA5_WeatherBench2_1979_2022
2026-07-15 20:42:49 [ERA5] progress=98/88,396 (0.11%) | new=0.00 B | skipped=98 | average=0.00 B/s | ETA≈0.0 h
2026-07-15 20:43:47 [ERA5] progress=45,412/88,396 (51.37%) | new=14.11 MiB | skipped=45,404 | average=250.84 KiB/s | ETA≈86.0 h
2026-07-15 20:44:18 [ERA5] progress=45,429/88,396 (51.39%) | new=33.55 MiB | skipped=45,404 | average=388.71 KiB/s | ETA≈42.2 h
2026-07-15 20:44:48 [ERA5] progress=45,441/88,396 (51.41%) | new=40.60 MiB | skipped=45,404 | average=351.04 KiB/s | ETA≈38.2 h
2026-07-15 20:45:19 [ERA5] progress=45,452/88,396 (51.42%) | new=47.09 MiB | skipped=45,404 | average=322.38 KiB/s | ETA≈37.2 h
2026-07-15 20:45:52 [ERA5] progress=45,464/88,396 (51.43%) | new=54.18 MiB | skipped=45,404 | average=304.07 KiB/s | ETA≈36.3 h
2026-07-15 20:46:22 [ERA5] progress=45,512/88,396 (51.49%) | new=82.50 MiB | skipped=45,404 | average=397.00 KiB/s | ETA≈23.5 h
2026-07-15 20:46:52 [ERA5] progress=45,581/88,396 (51.56%) | new=122.60 MiB | skipped=45,404 | average=516.49 KiB/s | ETA≈16.3 h
2026-07-15 20:47:23 [ERA5] progress=45,650/88,396 (51.64%) | new=163.14 MiB | skipped=45,404 | average=610.88 KiB/s | ETA≈13.2 h
2026-07-15 20:47:53 [ERA5] progress=45,729/88,396 (51.73%) | new=209.51 MiB | skipped=45,404 | average=706.62 KiB/s | ETA≈11.1 h
