2026-07-13 14:27:00 [ERA5] ========================================================================
2026-07-13 14:27:00 [ERA5] Parallel raw WeatherBench2 ERA5 downloader
2026-07-13 14:27:00 [ERA5] Period: 1979–2022
2026-07-13 14:27:00 [ERA5] Workers: 32
2026-07-13 14:27:00 [ERA5] No decompression or recompression
2026-07-13 14:27:00 [ERA5] ========================================================================
2026-07-13 14:27:00 [ERA5] Opening remote metadata
2026-07-13 14:27:11 [ERA5] Selected time indices: 29,220..93,503
2026-07-13 14:27:11 [ERA5] Selected timestamps: 64,284
2026-07-13 14:27:11 [ERA5] Copying Zarr metadata and coordinates
2026-07-13 14:27:13 [ERA5] metadata 1/39: .zgroup | downloaded | 24.00 B
2026-07-13 14:27:14 [ERA5] metadata 2/39: .zattrs | downloaded | 2.00 B
2026-07-13 14:27:14 [ERA5] metadata 3/39: .zarray | downloaded | 320.00 B
2026-07-13 14:27:14 [ERA5] metadata 4/39: .zattrs | downloaded | 129.00 B
2026-07-13 14:27:14 [ERA5] metadata 5/39: 0 | downloaded | 3.25 KiB
2026-07-13 14:27:15 [ERA5] metadata 6/39: 1 | downloaded | 3.29 KiB
2026-07-13 14:27:15 [ERA5] metadata 7/39: 2 | downloaded | 3.00 KiB
2026-07-13 14:27:15 [ERA5] metadata 8/39: 3 | downloaded | 3.29 KiB
2026-07-13 14:27:15 [ERA5] metadata 9/39: .zarray | downloaded | 314.00 B
2026-07-13 14:27:16 [ERA5] metadata 10/39: .zattrs | downloaded | 52.00 B
2026-07-13 14:27:16 [ERA5] metadata 11/39: 0 | downloaded | 120.00 B
2026-07-13 14:27:16 [ERA5] metadata 12/39: .zarray | downloaded | 317.00 B
2026-07-13 14:27:17 [ERA5] metadata 13/39: .zattrs | downloaded | 56.00 B
2026-07-13 14:27:17 [ERA5] metadata 14/39: 0 | downloaded | 845.00 B
2026-07-13 14:27:17 [ERA5] metadata 15/39: .zarray | downloaded | 317.00 B
2026-07-13 14:27:17 [ERA5] metadata 16/39: .zattrs | downloaded | 55.00 B
2026-07-13 14:27:17 [ERA5] metadata 17/39: 0 | downloaded | 528.00 B
2026-07-13 14:27:20 [ERA5] metadata 18/39: .zarray | downloaded | 393.00 B
2026-07-13 14:27:20 [ERA5] metadata 19/39: .zattrs | downloaded | 229.00 B
2026-07-13 14:27:20 [ERA5] metadata 20/39: .zarray | downloaded | 393.00 B
2026-07-13 14:27:20 [ERA5] metadata 21/39: .zattrs | downloaded | 222.00 B
2026-07-13 14:27:23 [ERA5] metadata 22/39: .zarray | downloaded | 393.00 B
2026-07-13 14:27:23 [ERA5] metadata 23/39: .zattrs | downloaded | 238.00 B
2026-07-13 14:27:23 [ERA5] metadata 24/39: .zarray | downloaded | 393.00 B
2026-07-13 14:27:23 [ERA5] metadata 25/39: .zattrs | downloaded | 234.00 B
2026-07-13 14:27:26 [ERA5] metadata 26/39: .zarray | downloaded | 393.00 B
2026-07-13 14:27:26 [ERA5] metadata 27/39: .zattrs | downloaded | 235.00 B
2026-07-13 14:27:26 [ERA5] metadata 28/39: .zarray | downloaded | 369.00 B
2026-07-13 14:27:27 [ERA5] metadata 29/39: .zattrs | downloaded | 175.00 B
2026-07-13 14:27:27 [ERA5] metadata 30/39: .zarray | downloaded | 369.00 B
2026-07-13 14:27:27 [ERA5] metadata 31/39: .zattrs | downloaded | 187.00 B
2026-07-13 14:27:27 [ERA5] metadata 32/39: .zarray | downloaded | 369.00 B
2026-07-13 14:27:28 [ERA5] metadata 33/39: .zattrs | downloaded | 187.00 B
2026-07-13 14:27:28 [ERA5] metadata 34/39: .zarray | downloaded | 369.00 B
2026-07-13 14:27:28 [ERA5] metadata 35/39: .zattrs | downloaded | 235.00 B
2026-07-13 14:27:29 [ERA5] metadata 36/39: .zarray | downloaded | 369.00 B
2026-07-13 14:27:29 [ERA5] metadata 37/39: .zattrs | downloaded | 217.00 B
2026-07-13 14:27:29 [ERA5] metadata 38/39: .zarray | downloaded | 369.00 B
2026-07-13 14:27:31 [ERA5] metadata 39/39: .zattrs | downloaded | 174.00 B
2026-07-13 14:27:33 [ERA5] geopotential: source chunks 3652..11687 | objects=8,036
2026-07-13 14:27:33 [ERA5] temperature: source chunks 3652..11687 | objects=8,036
2026-07-13 14:27:33 [ERA5] specific_humidity: source chunks 3652..11687 | objects=8,036
2026-07-13 14:27:33 [ERA5] u_component_of_wind: source chunks 3652..11687 | objects=8,036
2026-07-13 14:27:34 [ERA5] v_component_of_wind: source chunks 3652..11687 | objects=8,036
2026-07-13 14:27:34 [ERA5] 2m_temperature: source chunks 3652..11687 | objects=8,036
2026-07-13 14:27:35 [ERA5] 10m_u_component_of_wind: source chunks 3652..11687 | objects=8,036
2026-07-13 14:27:35 [ERA5] 10m_v_component_of_wind: source chunks 3652..11687 | objects=8,036
2026-07-13 14:27:37 [ERA5] mean_sea_level_pressure: source chunks 3652..11687 | objects=8,036
2026-07-13 14:27:37 [ERA5] surface_pressure: source chunks 3652..11687 | objects=8,036
2026-07-13 14:27:37 [ERA5] total_precipitation_6hr: source chunks 3652..11687 | objects=8,036
2026-07-13 14:27:37 [ERA5] Starting raw-object copy with 32 workers
2026-07-13 14:27:37 [ERA5] Total ERA5 chunk objects: 88,396
2026-07-13 14:27:37 [ERA5] Destination: /home/tahiti/ConserveFM/data/ERA5_WeatherBench2_1979_2022
2026-07-13 14:27:41 [ERA5] progress=1/88,396 (0.00%) | new=7.31 MiB | skipped=0 | average=1.96 MiB/s | ETA≈91.5 h
2026-07-13 14:28:20 [ERA5] progress=9/88,396 (0.01%) | new=65.77 MiB | skipped=0 | average=1.55 MiB/s | ETA≈116.0 h
2026-07-13 14:29:02 [ERA5] progress=17/88,396 (0.02%) | new=124.20 MiB | skipped=0 | average=1.45 MiB/s | ETA≈123.3 h
2026-07-13 14:29:37 [ERA5] progress=23/88,396 (0.03%) | new=168.01 MiB | skipped=0 | average=1.40 MiB/s | ETA≈128.2 h
2026-07-13 14:30:19 [ERA5] progress=31/88,396 (0.04%) | new=226.29 MiB | skipped=0 | average=1.40 MiB/s | ETA≈128.3 h
2026-07-13 14:30:56 [ERA5] progress=39/88,396 (0.04%) | new=284.61 MiB | skipped=0 | average=1.43 MiB/s | ETA≈125.4 h
2026-07-13 14:31:28 [ERA5] progress=47/88,396 (0.05%) | new=342.87 MiB | skipped=0 | average=1.49 MiB/s | ETA≈120.4 h
2026-07-13 14:32:02 [ERA5] progress=52/88,396 (0.06%) | new=379.25 MiB | skipped=0 | average=1.43 MiB/s | ETA≈125.0 h
2026-07-13 14:32:33 [ERA5] progress=64/88,396 (0.07%) | new=466.69 MiB | skipped=0 | average=1.58 MiB/s | ETA≈113.4 h
2026-07-13 14:33:04 [ERA5] progress=81/88,396 (0.09%) | new=590.69 MiB | skipped=0 | average=1.81 MiB/s | ETA≈99.1 h
2026-07-13 14:33:36 [ERA5] progress=93/88,396 (0.11%) | new=678.02 MiB | skipped=0 | average=1.89 MiB/s | ETA≈94.6 h
2026-07-13 14:34:07 [ERA5] progress=108/88,396 (0.12%) | new=787.43 MiB | skipped=0 | average=2.02 MiB/s | ETA≈88.5 h
2026-07-13 14:34:37 [ERA5] progress=123/88,396 (0.14%) | new=897.05 MiB | skipped=0 | average=2.13 MiB/s | ETA≈83.8 h
2026-07-13 14:35:10 [ERA5] progress=135/88,396 (0.15%) | new=984.86 MiB | skipped=0 | average=2.18 MiB/s | ETA≈82.2 h
2026-07-13 14:35:43 [ERA5] progress=147/88,396 (0.17%) | new=1.05 GiB | skipped=0 | average=2.21 MiB/s | ETA≈81.0 h
2026-07-13 14:36:13 [ERA5] progress=160/88,396 (0.18%) | new=1.14 GiB | skipped=0 | average=2.26 MiB/s | ETA≈79.1 h
2026-07-13 14:36:48 [ERA5] progress=175/88,396 (0.20%) | new=1.25 GiB | skipped=0 | average=2.32 MiB/s | ETA≈77.2 h
2026-07-13 14:37:19 [ERA5] progress=187/88,396 (0.21%) | new=1.33 GiB | skipped=0 | average=2.35 MiB/s | ETA≈76.2 h
2026-07-13 14:37:49 [ERA5] progress=201/88,396 (0.23%) | new=1.43 GiB | skipped=0 | average=2.40 MiB/s | ETA≈74.6 h
2026-07-13 14:38:20 [ERA5] progress=213/88,396 (0.24%) | new=1.52 GiB | skipped=0 | average=2.42 MiB/s | ETA≈73.9 h
2026-07-13 14:38:51 [ERA5] progress=227/88,396 (0.26%) | new=1.62 GiB | skipped=0 | average=2.46 MiB/s | ETA≈72.7 h
2026-07-13 14:39:22 [ERA5] progress=239/88,396 (0.27%) | new=1.70 GiB | skipped=0 | average=2.47 MiB/s | ETA≈72.2 h
2026-07-13 14:39:55 [ERA5] progress=252/88,396 (0.29%) | new=1.80 GiB | skipped=0 | average=2.49 MiB/s | ETA≈71.7 h
2026-07-13 14:40:26 [ERA5] progress=266/88,396 (0.30%) | new=1.90 GiB | skipped=0 | average=2.53 MiB/s | ETA≈70.7 h
2026-07-13 14:40:57 [ERA5] progress=275/88,396 (0.31%) | new=1.96 GiB | skipped=0 | average=2.51 MiB/s | ETA≈71.2 h
2026-07-13 14:41:36 [ERA5] progress=281/88,396 (0.32%) | new=2.00 GiB | skipped=0 | average=2.45 MiB/s | ETA≈73.1 h
2026-07-13 14:42:06 [ERA5] progress=287/88,396 (0.32%) | new=2.05 GiB | skipped=0 | average=2.41 MiB/s | ETA≈74.1 h
2026-07-13 14:42:38 [ERA5] progress=296/88,396 (0.33%) | new=2.11 GiB | skipped=0 | average=2.40 MiB/s | ETA≈74.5 h
2026-07-13 14:43:10 [ERA5] progress=303/88,396 (0.34%) | new=2.16 GiB | skipped=0 | average=2.37 MiB/s | ETA≈75.3 h
2026-07-13 14:43:41 [ERA5] progress=319/88,396 (0.36%) | new=2.27 GiB | skipped=0 | average=2.42 MiB/s | ETA≈73.9 h
2026-07-13 14:44:12 [ERA5] progress=331/88,396 (0.37%) | new=2.36 GiB | skipped=0 | average=2.43 MiB/s | ETA≈73.5 h
2026-07-13 14:44:45 [ERA5] progress=340/88,396 (0.38%) | new=2.42 GiB | skipped=0 | average=2.41 MiB/s | ETA≈74.0 h
2026-07-13 14:45:16 [ERA5] progress=353/88,396 (0.40%) | new=2.52 GiB | skipped=0 | average=2.43 MiB/s | ETA≈73.4 h
2026-07-13 14:45:48 [ERA5] progress=370/88,396 (0.42%) | new=2.64 GiB | skipped=0 | average=2.48 MiB/s | ETA≈72.1 h
2026-07-13 14:46:22 [ERA5] progress=384/88,396 (0.43%) | new=2.74 GiB | skipped=0 | average=2.49 MiB/s | ETA≈71.6 h
2026-07-13 14:46:54 [ERA5] progress=401/88,396 (0.45%) | new=2.86 GiB | skipped=0 | average=2.53 MiB/s | ETA≈70.5 h
2026-07-13 14:47:24 [ERA5] progress=416/88,396 (0.47%) | new=2.97 GiB | skipped=0 | average=2.56 MiB/s | ETA≈69.8 h
2026-07-13 14:47:55 [ERA5] progress=431/88,396 (0.49%) | new=3.07 GiB | skipped=0 | average=2.58 MiB/s | ETA≈69.1 h
2026-07-13 14:48:26 [ERA5] progress=448/88,396 (0.51%) | new=3.19 GiB | skipped=0 | average=2.62 MiB/s | ETA≈68.1 h
2026-07-13 14:48:57 [ERA5] progress=476/88,396 (0.54%) | new=3.39 GiB | skipped=0 | average=2.72 MiB/s | ETA≈65.7 h
2026-07-13 14:49:27 [ERA5] progress=491/88,396 (0.56%) | new=3.50 GiB | skipped=0 | average=2.74 MiB/s | ETA≈65.1 h
2026-07-13 14:49:59 [ERA5] progress=508/88,396 (0.57%) | new=3.62 GiB | skipped=0 | average=2.76 MiB/s | ETA≈64.5 h
2026-07-13 14:50:32 [ERA5] progress=528/88,396 (0.60%) | new=3.76 GiB | skipped=0 | average=2.80 MiB/s | ETA≈63.5 h
2026-07-13 14:51:03 [ERA5] progress=549/88,396 (0.62%) | new=3.91 GiB | skipped=0 | average=2.85 MiB/s | ETA≈62.5 h
2026-07-13 14:51:35 [ERA5] progress=567/88,396 (0.64%) | new=4.04 GiB | skipped=0 | average=2.88 MiB/s | ETA≈61.9 h
2026-07-13 14:52:06 [ERA5] progress=583/88,396 (0.66%) | new=4.16 GiB | skipped=0 | average=2.90 MiB/s | ETA≈61.5 h
2026-07-13 14:52:36 [ERA5] progress=602/88,396 (0.68%) | new=4.29 GiB | skipped=0 | average=2.93 MiB/s | ETA≈60.7 h
2026-07-13 14:53:06 [ERA5] progress=619/88,396 (0.70%) | new=4.41 GiB | skipped=0 | average=2.96 MiB/s | ETA≈60.2 h
2026-07-13 14:53:36 [ERA5] progress=637/88,396 (0.72%) | new=4.54 GiB | skipped=0 | average=2.98 MiB/s | ETA≈59.7 h
2026-07-13 14:54:07 [ERA5] progress=656/88,396 (0.74%) | new=4.68 GiB | skipped=0 | average=3.01 MiB/s | ETA≈59.1 h
2026-07-13 14:54:38 [ERA5] progress=675/88,396 (0.76%) | new=4.81 GiB | skipped=0 | average=3.04 MiB/s | ETA≈58.5 h
2026-07-13 14:55:08 [ERA5] progress=693/88,396 (0.78%) | new=4.94 GiB | skipped=0 | average=3.06 MiB/s | ETA≈58.1 h
2026-07-13 14:55:41 [ERA5] progress=715/88,396 (0.81%) | new=5.10 GiB | skipped=0 | average=3.10 MiB/s | ETA≈57.4 h
2026-07-13 14:56:15 [ERA5] progress=728/88,396 (0.82%) | new=5.19 GiB | skipped=0 | average=3.09 MiB/s | ETA≈57.4 h
2026-07-13 14:56:46 [ERA5] progress=744/88,396 (0.84%) | new=5.30 GiB | skipped=0 | average=3.11 MiB/s | ETA≈57.2 h
2026-07-13 14:57:16 [ERA5] progress=763/88,396 (0.86%) | new=5.44 GiB | skipped=0 | average=3.13 MiB/s | ETA≈56.8 h
2026-07-13 14:57:47 [ERA5] progress=781/88,396 (0.88%) | new=5.57 GiB | skipped=0 | average=3.15 MiB/s | ETA≈56.4 h
2026-07-13 14:58:17 [ERA5] progress=802/88,396 (0.91%) | new=5.72 GiB | skipped=0 | average=3.18 MiB/s | ETA≈55.8 h
2026-07-13 14:58:48 [ERA5] progress=820/88,396 (0.93%) | new=5.85 GiB | skipped=0 | average=3.20 MiB/s | ETA≈55.5 h
2026-07-13 14:59:18 [ERA5] progress=838/88,396 (0.95%) | new=5.97 GiB | skipped=0 | average=3.22 MiB/s | ETA≈55.2 h
2026-07-13 14:59:52 [ERA5] progress=860/88,396 (0.97%) | new=6.13 GiB | skipped=0 | average=3.24 MiB/s | ETA≈54.7 h
2026-07-13 15:00:23 [ERA5] progress=878/88,396 (0.99%) | new=6.26 GiB | skipped=0 | average=3.26 MiB/s | ETA≈54.4 h
2026-07-13 15:00:53 [ERA5] progress=894/88,396 (1.01%) | new=6.37 GiB | skipped=0 | average=3.27 MiB/s | ETA≈54.3 h
2026-07-13 15:01:27 [ERA5] progress=913/88,396 (1.03%) | new=6.51 GiB | skipped=0 | average=3.28 MiB/s | ETA≈54.0 h
2026-07-13 15:01:58 [ERA5] progress=933/88,396 (1.06%) | new=6.65 GiB | skipped=0 | average=3.30 MiB/s | ETA≈53.7 h
2026-07-13 15:02:28 [ERA5] progress=951/88,396 (1.08%) | new=6.78 GiB | skipped=0 | average=3.32 MiB/s | ETA≈53.4 h
2026-07-13 15:03:06 [ERA5] progress=968/88,396 (1.10%) | new=6.90 GiB | skipped=0 | average=3.32 MiB/s | ETA≈53.4 h
2026-07-13 15:03:38 [ERA5] progress=986/88,396 (1.12%) | new=7.03 GiB | skipped=0 | average=3.33 MiB/s | ETA≈53.2 h
2026-07-13 15:04:08 [ERA5] progress=1,011/88,396 (1.14%) | new=7.21 GiB | skipped=0 | average=3.37 MiB/s | ETA≈52.6 h
2026-07-13 15:04:39 [ERA5] progress=1,030/88,396 (1.17%) | new=7.34 GiB | skipped=0 | average=3.38 MiB/s | ETA≈52.3 h
2026-07-13 15:05:09 [ERA5] progress=1,047/88,396 (1.18%) | new=7.46 GiB | skipped=0 | average=3.39 MiB/s | ETA≈52.2 h
2026-07-13 15:05:39 [ERA5] progress=1,066/88,396 (1.21%) | new=7.60 GiB | skipped=0 | average=3.41 MiB/s | ETA≈51.9 h
2026-07-13 15:06:13 [ERA5] progress=1,085/88,396 (1.23%) | new=7.73 GiB | skipped=0 | average=3.42 MiB/s | ETA≈51.8 h
2026-07-13 15:06:47 [ERA5] progress=1,103/88,396 (1.25%) | new=7.86 GiB | skipped=0 | average=3.43 MiB/s | ETA≈51.7 h
2026-07-13 15:07:20 [ERA5] progress=1,121/88,396 (1.27%) | new=7.99 GiB | skipped=0 | average=3.43 MiB/s | ETA≈51.5 h
2026-07-13 15:07:50 [ERA5] progress=1,139/88,396 (1.29%) | new=8.12 GiB | skipped=0 | average=3.45 MiB/s | ETA≈51.4 h
2026-07-13 15:08:22 [ERA5] progress=1,154/88,396 (1.31%) | new=8.23 GiB | skipped=0 | average=3.45 MiB/s | ETA≈51.3 h
2026-07-13 15:08:52 [ERA5] progress=1,179/88,396 (1.33%) | new=8.40 GiB | skipped=0 | average=3.48 MiB/s | ETA≈50.9 h
2026-07-13 15:09:23 [ERA5] progress=1,197/88,396 (1.35%) | new=8.53 GiB | skipped=0 | average=3.49 MiB/s | ETA≈50.7 h
2026-07-13 15:09:56 [ERA5] progress=1,214/88,396 (1.37%) | new=8.65 GiB | skipped=0 | average=3.49 MiB/s | ETA≈50.6 h
2026-07-13 15:10:27 [ERA5] progress=1,231/88,396 (1.39%) | new=8.77 GiB | skipped=0 | average=3.50 MiB/s | ETA≈50.5 h
2026-07-13 15:10:58 [ERA5] progress=1,247/88,396 (1.41%) | new=8.89 GiB | skipped=0 | average=3.50 MiB/s | ETA≈50.5 h
2026-07-13 15:11:28 [ERA5] progress=1,264/88,396 (1.43%) | new=9.01 GiB | skipped=0 | average=3.51 MiB/s | ETA≈50.4 h
2026-07-13 15:11:59 [ERA5] progress=1,279/88,396 (1.45%) | new=9.12 GiB | skipped=0 | average=3.51 MiB/s | ETA≈50.4 h
2026-07-13 15:12:35 [ERA5] progress=1,300/88,396 (1.47%) | new=9.27 GiB | skipped=0 | average=3.52 MiB/s | ETA≈50.2 h
2026-07-13 15:13:05 [ERA5] progress=1,320/88,396 (1.49%) | new=9.41 GiB | skipped=0 | average=3.53 MiB/s | ETA≈50.0 h
2026-07-13 15:13:37 [ERA5] progress=1,339/88,396 (1.51%) | new=9.54 GiB | skipped=0 | average=3.54 MiB/s | ETA≈49.8 h
2026-07-13 15:14:07 [ERA5] progress=1,357/88,396 (1.54%) | new=9.67 GiB | skipped=0 | average=3.55 MiB/s | ETA≈49.7 h
2026-07-13 15:14:40 [ERA5] progress=1,375/88,396 (1.56%) | new=9.80 GiB | skipped=0 | average=3.55 MiB/s | ETA≈49.6 h
2026-07-13 15:15:12 [ERA5] progress=1,393/88,396 (1.58%) | new=9.93 GiB | skipped=0 | average=3.56 MiB/s | ETA≈49.5 h
2026-07-13 15:15:44 [ERA5] progress=1,409/88,396 (1.59%) | new=10.04 GiB | skipped=0 | average=3.56 MiB/s | ETA≈49.5 h
2026-07-13 15:16:17 [ERA5] progress=1,424/88,396 (1.61%) | new=10.15 GiB | skipped=0 | average=3.56 MiB/s | ETA≈49.5 h
2026-07-13 15:16:50 [ERA5] progress=1,440/88,396 (1.63%) | new=10.26 GiB | skipped=0 | average=3.56 MiB/s | ETA≈49.5 h
2026-07-13 15:17:21 [ERA5] progress=1,454/88,396 (1.64%) | new=10.36 GiB | skipped=0 | average=3.56 MiB/s | ETA≈49.6 h
2026-07-13 15:17:52 [ERA5] progress=1,469/88,396 (1.66%) | new=10.47 GiB | skipped=0 | average=3.56 MiB/s | ETA≈49.6 h
2026-07-13 15:18:25 [ERA5] progress=1,483/88,396 (1.68%) | new=10.57 GiB | skipped=0 | average=3.55 MiB/s | ETA≈49.6 h
2026-07-13 15:18:56 [ERA5] progress=1,499/88,396 (1.70%) | new=10.68 GiB | skipped=0 | average=3.55 MiB/s | ETA≈49.6 h
2026-07-13 15:19:26 [ERA5] progress=1,512/88,396 (1.71%) | new=10.78 GiB | skipped=0 | average=3.55 MiB/s | ETA≈49.6 h
2026-07-13 15:19:56 [ERA5] progress=1,525/88,396 (1.73%) | new=10.87 GiB | skipped=0 | average=3.55 MiB/s | ETA≈49.7 h
2026-07-13 15:20:26 [ERA5] progress=1,541/88,396 (1.74%) | new=10.98 GiB | skipped=0 | average=3.55 MiB/s | ETA≈49.6 h
2026-07-13 15:20:57 [ERA5] progress=1,554/88,396 (1.76%) | new=11.08 GiB | skipped=0 | average=3.54 MiB/s | ETA≈49.7 h
2026-07-13 15:21:28 [ERA5] progress=1,567/88,396 (1.77%) | new=11.17 GiB | skipped=0 | average=3.54 MiB/s | ETA≈49.7 h
2026-07-13 15:21:59 [ERA5] progress=1,582/88,396 (1.79%) | new=11.28 GiB | skipped=0 | average=3.54 MiB/s | ETA≈49.7 h
2026-07-13 15:22:30 [ERA5] progress=1,597/88,396 (1.81%) | new=11.38 GiB | skipped=0 | average=3.54 MiB/s | ETA≈49.7 h
2026-07-13 15:23:00 [ERA5] progress=1,609/88,396 (1.82%) | new=11.47 GiB | skipped=0 | average=3.53 MiB/s | ETA≈49.8 h
2026-07-13 15:23:32 [ERA5] progress=1,625/88,396 (1.84%) | new=11.58 GiB | skipped=0 | average=3.53 MiB/s | ETA≈49.8 h
2026-07-13 15:24:05 [ERA5] progress=1,639/88,396 (1.85%) | new=11.68 GiB | skipped=0 | average=3.53 MiB/s | ETA≈49.8 h
2026-07-13 15:24:35 [ERA5] progress=1,655/88,396 (1.87%) | new=11.80 GiB | skipped=0 | average=3.53 MiB/s | ETA≈49.8 h
2026-07-13 15:25:05 [ERA5] progress=1,670/88,396 (1.89%) | new=11.90 GiB | skipped=0 | average=3.54 MiB/s | ETA≈49.7 h
2026-07-13 15:25:36 [ERA5] progress=1,687/88,396 (1.91%) | new=12.03 GiB | skipped=0 | average=3.54 MiB/s | ETA≈49.7 h
2026-07-13 15:26:06 [ERA5] progress=1,702/88,396 (1.93%) | new=12.13 GiB | skipped=0 | average=3.54 MiB/s | ETA≈49.7 h
2026-07-13 15:26:39 [ERA5] progress=1,717/88,396 (1.94%) | new=12.24 GiB | skipped=0 | average=3.54 MiB/s | ETA≈49.7 h
2026-07-13 15:27:10 [ERA5] progress=1,730/88,396 (1.96%) | new=12.33 GiB | skipped=0 | average=3.53 MiB/s | ETA≈49.7 h
2026-07-13 15:27:41 [ERA5] progress=1,743/88,396 (1.97%) | new=12.42 GiB | skipped=0 | average=3.53 MiB/s | ETA≈49.8 h
2026-07-13 15:28:14 [ERA5] progress=1,761/88,396 (1.99%) | new=12.55 GiB | skipped=0 | average=3.53 MiB/s | ETA≈49.7 h
2026-07-13 15:28:44 [ERA5] progress=1,775/88,396 (2.01%) | new=12.65 GiB | skipped=0 | average=3.53 MiB/s | ETA≈49.7 h
2026-07-13 15:29:14 [ERA5] progress=1,789/88,396 (2.02%) | new=12.75 GiB | skipped=0 | average=3.53 MiB/s | ETA≈49.7 h
2026-07-13 15:29:45 [ERA5] progress=1,803/88,396 (2.04%) | new=12.85 GiB | skipped=0 | average=3.53 MiB/s | ETA≈49.7 h
2026-07-13 15:30:19 [ERA5] progress=1,820/88,396 (2.06%) | new=12.97 GiB | skipped=0 | average=3.53 MiB/s | ETA≈49.7 h
2026-07-13 15:30:50 [ERA5] progress=1,835/88,396 (2.08%) | new=13.08 GiB | skipped=0 | average=3.53 MiB/s | ETA≈49.7 h
2026-07-13 15:31:23 [ERA5] progress=1,851/88,396 (2.09%) | new=13.19 GiB | skipped=0 | average=3.53 MiB/s | ETA≈49.7 h
2026-07-13 15:31:56 [ERA5] progress=1,865/88,396 (2.11%) | new=13.29 GiB | skipped=0 | average=3.53 MiB/s | ETA≈49.7 h
2026-07-13 15:32:26 [ERA5] progress=1,881/88,396 (2.13%) | new=13.41 GiB | skipped=0 | average=3.53 MiB/s | ETA≈49.7 h
2026-07-13 15:32:58 [ERA5] progress=1,895/88,396 (2.14%) | new=13.51 GiB | skipped=0 | average=3.53 MiB/s | ETA≈49.7 h
2026-07-13 15:33:28 [ERA5] progress=1,910/88,396 (2.16%) | new=13.61 GiB | skipped=0 | average=3.53 MiB/s | ETA≈49.7 h
2026-07-13 15:33:59 [ERA5] progress=1,927/88,396 (2.18%) | new=13.74 GiB | skipped=0 | average=3.53 MiB/s | ETA≈49.6 h
2026-07-13 15:34:29 [ERA5] progress=1,939/88,396 (2.19%) | new=13.82 GiB | skipped=0 | average=3.53 MiB/s | ETA≈49.7 h
2026-07-13 15:35:03 [ERA5] progress=1,954/88,396 (2.21%) | new=13.93 GiB | skipped=0 | average=3.53 MiB/s | ETA≈49.7 h
2026-07-13 15:35:35 [ERA5] progress=1,971/88,396 (2.23%) | new=14.05 GiB | skipped=0 | average=3.53 MiB/s | ETA≈49.7 h
2026-07-13 15:36:06 [ERA5] progress=1,986/88,396 (2.25%) | new=14.16 GiB | skipped=0 | average=3.53 MiB/s | ETA≈49.7 h
2026-07-13 15:36:36 [ERA5] progress=2,002/88,396 (2.26%) | new=14.27 GiB | skipped=0 | average=3.53 MiB/s | ETA≈49.6 h
2026-07-13 15:37:07 [ERA5] progress=2,018/88,396 (2.28%) | new=14.39 GiB | skipped=0 | average=3.53 MiB/s | ETA≈49.6 h
2026-07-13 15:37:41 [ERA5] progress=2,038/88,396 (2.31%) | new=14.53 GiB | skipped=0 | average=3.54 MiB/s | ETA≈49.5 h
2026-07-13 15:38:11 [ERA5] progress=2,053/88,396 (2.32%) | new=14.64 GiB | skipped=0 | average=3.54 MiB/s | ETA≈49.5 h
2026-07-13 15:38:42 [ERA5] progress=2,068/88,396 (2.34%) | new=14.74 GiB | skipped=0 | average=3.54 MiB/s | ETA≈49.5 h
2026-07-13 15:39:14 [ERA5] progress=2,084/88,396 (2.36%) | new=14.86 GiB | skipped=0 | average=3.54 MiB/s | ETA≈49.4 h
2026-07-13 15:39:48 [ERA5] progress=2,100/88,396 (2.38%) | new=14.97 GiB | skipped=0 | average=3.54 MiB/s | ETA≈49.4 h
2026-07-13 15:40:18 [ERA5] progress=2,116/88,396 (2.39%) | new=15.08 GiB | skipped=0 | average=3.54 MiB/s | ETA≈49.4 h
2026-07-13 15:40:48 [ERA5] progress=2,131/88,396 (2.41%) | new=15.19 GiB | skipped=0 | average=3.54 MiB/s | ETA≈49.4 h
2026-07-13 15:41:20 [ERA5] progress=2,147/88,396 (2.43%) | new=15.31 GiB | skipped=0 | average=3.54 MiB/s | ETA≈49.4 h
2026-07-13 15:41:54 [ERA5] progress=2,163/88,396 (2.45%) | new=15.42 GiB | skipped=0 | average=3.54 MiB/s | ETA≈49.4 h
2026-07-13 15:42:25 [ERA5] progress=2,180/88,396 (2.47%) | new=15.54 GiB | skipped=0 | average=3.55 MiB/s | ETA≈49.3 h
2026-07-13 15:42:57 [ERA5] progress=2,198/88,396 (2.49%) | new=15.67 GiB | skipped=0 | average=3.55 MiB/s | ETA≈49.2 h
2026-07-13 15:43:32 [ERA5] progress=2,216/88,396 (2.51%) | new=15.80 GiB | skipped=0 | average=3.55 MiB/s | ETA≈49.2 h
2026-07-13 15:44:04 [ERA5] progress=2,232/88,396 (2.53%) | new=15.91 GiB | skipped=0 | average=3.55 MiB/s | ETA≈49.2 h
2026-07-13 15:44:37 [ERA5] progress=2,247/88,396 (2.54%) | new=16.02 GiB | skipped=0 | average=3.55 MiB/s | ETA≈49.2 h
2026-07-13 15:45:10 [ERA5] progress=2,262/88,396 (2.56%) | new=16.13 GiB | skipped=0 | average=3.55 MiB/s | ETA≈49.2 h
2026-07-13 15:45:41 [ERA5] progress=2,276/88,396 (2.57%) | new=16.23 GiB | skipped=0 | average=3.55 MiB/s | ETA≈49.2 h
2026-07-13 15:46:11 [ERA5] progress=2,291/88,396 (2.59%) | new=16.33 GiB | skipped=0 | average=3.55 MiB/s | ETA≈49.2 h
2026-07-13 15:46:42 [ERA5] progress=2,304/88,396 (2.61%) | new=16.42 GiB | skipped=0 | average=3.54 MiB/s | ETA≈49.2 h
2026-07-13 15:47:13 [ERA5] progress=2,323/88,396 (2.63%) | new=16.56 GiB | skipped=0 | average=3.55 MiB/s | ETA≈49.2 h
2026-07-13 15:47:46 [ERA5] progress=2,344/88,396 (2.65%) | new=16.71 GiB | skipped=0 | average=3.56 MiB/s | ETA≈49.0 h
2026-07-13 15:48:16 [ERA5] progress=2,363/88,396 (2.67%) | new=16.85 GiB | skipped=0 | average=3.56 MiB/s | ETA≈48.9 h
2026-07-13 15:48:47 [ERA5] progress=2,381/88,396 (2.69%) | new=16.97 GiB | skipped=0 | average=3.57 MiB/s | ETA≈48.9 h
2026-07-13 15:49:18 [ERA5] progress=2,400/88,396 (2.72%) | new=17.11 GiB | skipped=0 | average=3.58 MiB/s | ETA≈48.8 h
2026-07-13 15:49:48 [ERA5] progress=2,416/88,396 (2.73%) | new=17.22 GiB | skipped=0 | average=3.58 MiB/s | ETA≈48.7 h
2026-07-13 15:50:20 [ERA5] progress=2,436/88,396 (2.76%) | new=17.37 GiB | skipped=0 | average=3.58 MiB/s | ETA≈48.6 h
2026-07-13 15:50:50 [ERA5] progress=2,454/88,396 (2.78%) | new=17.49 GiB | skipped=0 | average=3.59 MiB/s | ETA≈48.6 h
2026-07-13 15:51:20 [ERA5] progress=2,475/88,396 (2.80%) | new=17.64 GiB | skipped=0 | average=3.60 MiB/s | ETA≈48.4 h
2026-07-13 15:51:51 [ERA5] progress=2,491/88,396 (2.82%) | new=17.76 GiB | skipped=0 | average=3.60 MiB/s | ETA≈48.4 h
2026-07-13 15:52:21 [ERA5] progress=2,512/88,396 (2.84%) | new=17.91 GiB | skipped=0 | average=3.61 MiB/s | ETA≈48.3 h
2026-07-13 15:52:53 [ERA5] progress=2,532/88,396 (2.86%) | new=18.05 GiB | skipped=0 | average=3.61 MiB/s | ETA≈48.2 h
2026-07-13 15:53:24 [ERA5] progress=2,551/88,396 (2.89%) | new=18.19 GiB | skipped=0 | average=3.62 MiB/s | ETA≈48.1 h
2026-07-13 15:53:56 [ERA5] progress=2,568/88,396 (2.91%) | new=18.31 GiB | skipped=0 | average=3.62 MiB/s | ETA≈48.1 h
2026-07-13 15:54:27 [ERA5] progress=2,583/88,396 (2.92%) | new=18.42 GiB | skipped=0 | average=3.62 MiB/s | ETA≈48.1 h
2026-07-13 15:54:59 [ERA5] progress=2,602/88,396 (2.94%) | new=18.55 GiB | skipped=0 | average=3.62 MiB/s | ETA≈48.0 h
2026-07-13 15:55:29 [ERA5] progress=2,622/88,396 (2.97%) | new=18.69 GiB | skipped=0 | average=3.63 MiB/s | ETA≈47.9 h
2026-07-13 15:56:01 [ERA5] progress=2,641/88,396 (2.99%) | new=18.83 GiB | skipped=0 | average=3.64 MiB/s | ETA≈47.8 h
2026-07-13 15:56:31 [ERA5] progress=2,664/88,396 (3.01%) | new=18.99 GiB | skipped=0 | average=3.65 MiB/s | ETA≈47.7 h
2026-07-13 15:57:02 [ERA5] progress=2,690/88,396 (3.04%) | new=19.18 GiB | skipped=0 | average=3.66 MiB/s | ETA≈47.5 h
2026-07-13 15:57:34 [ERA5] progress=2,712/88,396 (3.07%) | new=19.34 GiB | skipped=0 | average=3.67 MiB/s | ETA≈47.4 h
2026-07-13 15:58:05 [ERA5] progress=2,732/88,396 (3.09%) | new=19.48 GiB | skipped=0 | average=3.67 MiB/s | ETA≈47.3 h
2026-07-13 15:58:35 [ERA5] progress=2,753/88,396 (3.11%) | new=19.63 GiB | skipped=0 | average=3.68 MiB/s | ETA≈47.2 h
2026-07-13 15:59:06 [ERA5] progress=2,773/88,396 (3.14%) | new=19.77 GiB | skipped=0 | average=3.69 MiB/s | ETA≈47.1 h
2026-07-13 15:59:36 [ERA5] progress=2,791/88,396 (3.16%) | new=19.90 GiB | skipped=0 | average=3.69 MiB/s | ETA≈47.0 h
2026-07-13 16:00:06 [ERA5] progress=2,812/88,396 (3.18%) | new=20.05 GiB | skipped=0 | average=3.70 MiB/s | ETA≈46.9 h
2026-07-13 16:00:37 [ERA5] progress=2,832/88,396 (3.20%) | new=20.19 GiB | skipped=0 | average=3.71 MiB/s | ETA≈46.8 h
2026-07-13 16:01:08 [ERA5] progress=2,854/88,396 (3.23%) | new=20.35 GiB | skipped=0 | average=3.71 MiB/s | ETA≈46.7 h
2026-07-13 16:01:39 [ERA5] progress=2,871/88,396 (3.25%) | new=20.47 GiB | skipped=0 | average=3.72 MiB/s | ETA≈46.7 h
2026-07-13 16:02:09 [ERA5] progress=2,892/88,396 (3.27%) | new=20.62 GiB | skipped=0 | average=3.72 MiB/s | ETA≈46.6 h
2026-07-13 16:02:42 [ERA5] progress=2,915/88,396 (3.30%) | new=20.78 GiB | skipped=0 | average=3.73 MiB/s | ETA≈46.5 h
2026-07-13 16:03:12 [ERA5] progress=2,936/88,396 (3.32%) | new=20.93 GiB | skipped=0 | average=3.74 MiB/s | ETA≈46.4 h
2026-07-13 16:03:45 [ERA5] progress=2,956/88,396 (3.34%) | new=21.08 GiB | skipped=0 | average=3.74 MiB/s | ETA≈46.3 h
2026-07-13 16:04:15 [ERA5] progress=2,978/88,396 (3.37%) | new=21.23 GiB | skipped=0 | average=3.75 MiB/s | ETA≈46.2 h
2026-07-13 16:04:48 [ERA5] progress=2,992/88,396 (3.38%) | new=21.33 GiB | skipped=0 | average=3.75 MiB/s | ETA≈46.2 h
2026-07-13 16:05:18 [ERA5] progress=3,013/88,396 (3.41%) | new=21.48 GiB | skipped=0 | average=3.75 MiB/s | ETA≈46.1 h
2026-07-13 16:05:49 [ERA5] progress=3,032/88,396 (3.43%) | new=21.62 GiB | skipped=0 | average=3.76 MiB/s | ETA≈46.1 h
2026-07-13 16:06:22 [ERA5] progress=3,062/88,396 (3.46%) | new=21.83 GiB | skipped=0 | average=3.77 MiB/s | ETA≈45.9 h
2026-07-13 16:06:54 [ERA5] progress=3,084/88,396 (3.49%) | new=21.99 GiB | skipped=0 | average=3.78 MiB/s | ETA≈45.8 h
2026-07-13 16:07:24 [ERA5] progress=3,106/88,396 (3.51%) | new=22.15 GiB | skipped=0 | average=3.79 MiB/s | ETA≈45.7 h
2026-07-13 16:07:55 [ERA5] progress=3,125/88,396 (3.54%) | new=22.28 GiB | skipped=0 | average=3.79 MiB/s | ETA≈45.6 h
2026-07-13 16:08:26 [ERA5] progress=3,143/88,396 (3.56%) | new=22.41 GiB | skipped=0 | average=3.79 MiB/s | ETA≈45.6 h
2026-07-13 16:08:56 [ERA5] progress=3,162/88,396 (3.58%) | new=22.54 GiB | skipped=0 | average=3.80 MiB/s | ETA≈45.5 h
2026-07-13 16:09:27 [ERA5] progress=3,179/88,396 (3.60%) | new=22.67 GiB | skipped=0 | average=3.80 MiB/s | ETA≈45.5 h
2026-07-13 16:09:59 [ERA5] progress=3,198/88,396 (3.62%) | new=22.80 GiB | skipped=0 | average=3.80 MiB/s | ETA≈45.5 h
2026-07-13 16:10:33 [ERA5] progress=3,219/88,396 (3.64%) | new=22.95 GiB | skipped=0 | average=3.81 MiB/s | ETA≈45.4 h
2026-07-13 16:11:05 [ERA5] progress=3,238/88,396 (3.66%) | new=23.09 GiB | skipped=0 | average=3.81 MiB/s | ETA≈45.3 h
2026-07-13 16:11:35 [ERA5] progress=3,255/88,396 (3.68%) | new=23.21 GiB | skipped=0 | average=3.81 MiB/s | ETA≈45.3 h
2026-07-13 16:12:05 [ERA5] progress=3,274/88,396 (3.70%) | new=23.34 GiB | skipped=0 | average=3.81 MiB/s | ETA≈45.3 h
2026-07-13 16:12:38 [ERA5] progress=3,294/88,396 (3.73%) | new=23.49 GiB | skipped=0 | average=3.82 MiB/s | ETA≈45.2 h
2026-07-13 16:13:09 [ERA5] progress=3,315/88,396 (3.75%) | new=23.64 GiB | skipped=0 | average=3.82 MiB/s | ETA≈45.1 h
2026-07-13 16:13:39 [ERA5] progress=3,333/88,396 (3.77%) | new=23.77 GiB | skipped=0 | average=3.83 MiB/s | ETA≈45.1 h
2026-07-13 16:14:10 [ERA5] progress=3,349/88,396 (3.79%) | new=23.88 GiB | skipped=0 | average=3.83 MiB/s | ETA≈45.1 h
2026-07-13 16:14:41 [ERA5] progress=3,370/88,396 (3.81%) | new=24.03 GiB | skipped=0 | average=3.83 MiB/s | ETA≈45.0 h
2026-07-13 16:15:12 [ERA5] progress=3,390/88,396 (3.84%) | new=24.17 GiB | skipped=0 | average=3.83 MiB/s | ETA≈45.0 h
2026-07-13 16:15:43 [ERA5] progress=3,406/88,396 (3.85%) | new=24.29 GiB | skipped=0 | average=3.83 MiB/s | ETA≈45.0 h
2026-07-13 16:16:14 [ERA5] progress=3,421/88,396 (3.87%) | new=24.39 GiB | skipped=0 | average=3.83 MiB/s | ETA≈45.0 h
2026-07-13 16:16:46 [ERA5] progress=3,437/88,396 (3.89%) | new=24.51 GiB | skipped=0 | average=3.83 MiB/s | ETA≈45.0 h
2026-07-13 16:17:18 [ERA5] progress=3,455/88,396 (3.91%) | new=24.63 GiB | skipped=0 | average=3.83 MiB/s | ETA≈44.9 h
2026-07-13 16:17:51 [ERA5] progress=3,470/88,396 (3.93%) | new=24.74 GiB | skipped=0 | average=3.83 MiB/s | ETA≈45.0 h
2026-07-13 16:18:21 [ERA5] progress=3,485/88,396 (3.94%) | new=24.85 GiB | skipped=0 | average=3.83 MiB/s | ETA≈45.0 h
2026-07-13 16:18:53 [ERA5] progress=3,498/88,396 (3.96%) | new=24.94 GiB | skipped=0 | average=3.83 MiB/s | ETA≈45.0 h
2026-07-13 16:19:24 [ERA5] progress=3,514/88,396 (3.98%) | new=25.06 GiB | skipped=0 | average=3.83 MiB/s | ETA≈45.0 h
2026-07-13 16:19:56 [ERA5] progress=3,531/88,396 (3.99%) | new=25.18 GiB | skipped=0 | average=3.83 MiB/s | ETA≈45.0 h
2026-07-13 16:20:28 [ERA5] progress=3,547/88,396 (4.01%) | new=25.29 GiB | skipped=0 | average=3.83 MiB/s | ETA≈45.0 h
2026-07-13 16:20:59 [ERA5] progress=3,563/88,396 (4.03%) | new=25.41 GiB | skipped=0 | average=3.82 MiB/s | ETA≈45.0 h
2026-07-13 16:21:30 [ERA5] progress=3,578/88,396 (4.05%) | new=25.51 GiB | skipped=0 | average=3.82 MiB/s | ETA≈45.0 h
2026-07-13 16:22:02 [ERA5] progress=3,597/88,396 (4.07%) | new=25.65 GiB | skipped=0 | average=3.83 MiB/s | ETA≈45.0 h
2026-07-13 16:22:34 [ERA5] progress=3,612/88,396 (4.09%) | new=25.75 GiB | skipped=0 | average=3.82 MiB/s | ETA≈45.0 h
2026-07-13 16:23:05 [ERA5] progress=3,629/88,396 (4.11%) | new=25.88 GiB | skipped=0 | average=3.82 MiB/s | ETA≈45.0 h
2026-07-13 16:23:36 [ERA5] progress=3,643/88,396 (4.12%) | new=25.98 GiB | skipped=0 | average=3.82 MiB/s | ETA≈45.0 h
2026-07-13 16:24:06 [ERA5] progress=3,659/88,396 (4.14%) | new=26.09 GiB | skipped=0 | average=3.82 MiB/s | ETA≈45.0 h
2026-07-13 16:24:37 [ERA5] progress=3,676/88,396 (4.16%) | new=26.21 GiB | skipped=0 | average=3.82 MiB/s | ETA≈44.9 h
2026-07-13 16:25:08 [ERA5] progress=3,690/88,396 (4.17%) | new=26.31 GiB | skipped=0 | average=3.82 MiB/s | ETA≈45.0 h
2026-07-13 16:25:40 [ERA5] progress=3,709/88,396 (4.20%) | new=26.45 GiB | skipped=0 | average=3.82 MiB/s | ETA≈44.9 h
2026-07-13 16:26:14 [ERA5] progress=3,725/88,396 (4.21%) | new=26.56 GiB | skipped=0 | average=3.82 MiB/s | ETA≈44.9 h
2026-07-13 16:26:45 [ERA5] progress=3,742/88,396 (4.23%) | new=26.68 GiB | skipped=0 | average=3.82 MiB/s | ETA≈44.9 h
2026-07-13 16:27:16 [ERA5] progress=3,758/88,396 (4.25%) | new=26.80 GiB | skipped=0 | average=3.82 MiB/s | ETA≈44.9 h
2026-07-13 16:27:46 [ERA5] progress=3,772/88,396 (4.27%) | new=26.90 GiB | skipped=0 | average=3.82 MiB/s | ETA≈44.9 h
2026-07-13 16:28:17 [ERA5] progress=3,785/88,396 (4.28%) | new=26.99 GiB | skipped=0 | average=3.82 MiB/s | ETA≈45.0 h
2026-07-13 16:28:48 [ERA5] progress=3,795/88,396 (4.29%) | new=27.06 GiB | skipped=0 | average=3.81 MiB/s | ETA≈45.0 h
2026-07-13 16:29:20 [ERA5] progress=3,804/88,396 (4.30%) | new=27.12 GiB | skipped=0 | average=3.80 MiB/s | ETA≈45.1 h
2026-07-13 16:29:51 [ERA5] progress=3,813/88,396 (4.31%) | new=27.19 GiB | skipped=0 | average=3.80 MiB/s | ETA≈45.2 h
2026-07-13 16:30:24 [ERA5] progress=3,821/88,396 (4.32%) | new=27.24 GiB | skipped=0 | average=3.79 MiB/s | ETA≈45.3 h
2026-07-13 16:30:55 [ERA5] progress=3,830/88,396 (4.33%) | new=27.31 GiB | skipped=0 | average=3.78 MiB/s | ETA≈45.4 h
2026-07-13 16:31:29 [ERA5] progress=3,838/88,396 (4.34%) | new=27.37 GiB | skipped=0 | average=3.77 MiB/s | ETA≈45.5 h
2026-07-13 16:32:00 [ERA5] progress=3,844/88,396 (4.35%) | new=27.41 GiB | skipped=0 | average=3.76 MiB/s | ETA≈45.6 h
2026-07-13 16:32:33 [ERA5] progress=3,851/88,396 (4.36%) | new=27.46 GiB | skipped=0 | average=3.75 MiB/s | ETA≈45.7 h
2026-07-13 16:33:06 [ERA5] progress=3,859/88,396 (4.37%) | new=27.52 GiB | skipped=0 | average=3.74 MiB/s | ETA≈45.8 h
2026-07-13 16:33:42 [ERA5] progress=3,867/88,396 (4.37%) | new=27.57 GiB | skipped=0 | average=3.73 MiB/s | ETA≈45.9 h
2026-07-13 16:34:14 [ERA5] progress=3,873/88,396 (4.38%) | new=27.62 GiB | skipped=0 | average=3.72 MiB/s | ETA≈46.1 h
2026-07-13 16:34:46 [ERA5] progress=3,881/88,396 (4.39%) | new=27.67 GiB | skipped=0 | average=3.71 MiB/s | ETA≈46.1 h
2026-07-13 16:35:19 [ERA5] progress=3,889/88,396 (4.40%) | new=27.73 GiB | skipped=0 | average=3.71 MiB/s | ETA≈46.2 h
2026-07-13 16:35:51 [ERA5] progress=3,894/88,396 (4.41%) | new=27.77 GiB | skipped=0 | average=3.70 MiB/s | ETA≈46.4 h
2026-07-13 16:36:25 [ERA5] progress=3,900/88,396 (4.41%) | new=27.81 GiB | skipped=0 | average=3.68 MiB/s | ETA≈46.5 h
2026-07-13 16:36:58 [ERA5] progress=3,907/88,396 (4.42%) | new=27.86 GiB | skipped=0 | average=3.68 MiB/s | ETA≈46.6 h
2026-07-13 16:37:28 [ERA5] progress=3,915/88,396 (4.43%) | new=27.91 GiB | skipped=0 | average=3.67 MiB/s | ETA≈46.7 h
2026-07-13 16:37:59 [ERA5] progress=3,922/88,396 (4.44%) | new=27.96 GiB | skipped=0 | average=3.66 MiB/s | ETA≈46.8 h
2026-07-13 16:38:31 [ERA5] progress=3,929/88,396 (4.44%) | new=28.01 GiB | skipped=0 | average=3.65 MiB/s | ETA≈46.9 h
2026-07-13 16:39:03 [ERA5] progress=3,935/88,396 (4.45%) | new=28.06 GiB | skipped=0 | average=3.64 MiB/s | ETA≈47.0 h
2026-07-13 16:39:35 [ERA5] progress=3,941/88,396 (4.46%) | new=28.10 GiB | skipped=0 | average=3.63 MiB/s | ETA≈47.1 h
2026-07-13 16:40:07 [ERA5] progress=3,949/88,396 (4.47%) | new=28.16 GiB | skipped=0 | average=3.63 MiB/s | ETA≈47.2 h
2026-07-13 16:40:42 [ERA5] progress=3,958/88,396 (4.48%) | new=28.22 GiB | skipped=0 | average=3.62 MiB/s | ETA≈47.3 h
2026-07-13 16:41:14 [ERA5] progress=3,965/88,396 (4.49%) | new=28.27 GiB | skipped=0 | average=3.61 MiB/s | ETA≈47.4 h
2026-07-13 16:41:48 [ERA5] progress=3,972/88,396 (4.49%) | new=28.32 GiB | skipped=0 | average=3.60 MiB/s | ETA≈47.5 h
2026-07-13 16:42:21 [ERA5] progress=3,977/88,396 (4.50%) | new=28.36 GiB | skipped=0 | average=3.59 MiB/s | ETA≈47.7 h
2026-07-13 16:43:00 [ERA5] progress=3,980/88,396 (4.50%) | new=28.38 GiB | skipped=0 | average=3.58 MiB/s | ETA≈47.9 h
2026-07-13 16:43:33 [ERA5] progress=3,985/88,396 (4.51%) | new=28.41 GiB | skipped=0 | average=3.57 MiB/s | ETA≈48.0 h
2026-07-13 16:44:06 [ERA5] progress=3,993/88,396 (4.52%) | new=28.47 GiB | skipped=0 | average=3.56 MiB/s | ETA≈48.1 h
2026-07-13 16:44:38 [ERA5] progress=4,001/88,396 (4.53%) | new=28.53 GiB | skipped=0 | average=3.55 MiB/s | ETA≈48.2 h
2026-07-13 16:45:09 [ERA5] progress=4,008/88,396 (4.53%) | new=28.58 GiB | skipped=0 | average=3.55 MiB/s | ETA≈48.3 h
2026-07-13 16:45:42 [ERA5] progress=4,014/88,396 (4.54%) | new=28.62 GiB | skipped=0 | average=3.54 MiB/s | ETA≈48.4 h
2026-07-13 16:46:14 [ERA5] progress=4,020/88,396 (4.55%) | new=28.66 GiB | skipped=0 | average=3.53 MiB/s | ETA≈48.5 h
2026-07-13 16:46:48 [ERA5] progress=4,026/88,396 (4.55%) | new=28.71 GiB | skipped=0 | average=3.52 MiB/s | ETA≈48.6 h
2026-07-13 16:47:20 [ERA5] progress=4,033/88,396 (4.56%) | new=28.76 GiB | skipped=0 | average=3.51 MiB/s | ETA≈48.7 h
2026-07-13 16:47:51 [ERA5] progress=4,039/88,396 (4.57%) | new=28.80 GiB | skipped=0 | average=3.50 MiB/s | ETA≈48.8 h
2026-07-13 16:48:23 [ERA5] progress=4,047/88,396 (4.58%) | new=28.86 GiB | skipped=0 | average=3.50 MiB/s | ETA≈48.9 h
2026-07-13 16:48:55 [ERA5] progress=4,058/88,396 (4.59%) | new=28.93 GiB | skipped=0 | average=3.49 MiB/s | ETA≈48.9 h
2026-07-13 16:49:25 [ERA5] progress=4,068/88,396 (4.60%) | new=29.01 GiB | skipped=0 | average=3.49 MiB/s | ETA≈49.0 h
2026-07-13 16:49:57 [ERA5] progress=4,077/88,396 (4.61%) | new=29.07 GiB | skipped=0 | average=3.49 MiB/s | ETA≈49.1 h
2026-07-13 16:50:28 [ERA5] progress=4,086/88,396 (4.62%) | new=29.13 GiB | skipped=0 | average=3.48 MiB/s | ETA≈49.1 h
2026-07-13 16:51:00 [ERA5] progress=4,094/88,396 (4.63%) | new=29.19 GiB | skipped=0 | average=3.47 MiB/s | ETA≈49.2 h
2026-07-13 16:51:31 [ERA5] progress=4,101/88,396 (4.64%) | new=29.24 GiB | skipped=0 | average=3.47 MiB/s | ETA≈49.3 h
2026-07-13 16:52:05 [ERA5] progress=4,110/88,396 (4.65%) | new=29.31 GiB | skipped=0 | average=3.46 MiB/s | ETA≈49.4 h
2026-07-13 16:52:36 [ERA5] progress=4,122/88,396 (4.66%) | new=29.39 GiB | skipped=0 | average=3.46 MiB/s | ETA≈49.4 h
2026-07-13 16:53:10 [ERA5] progress=4,131/88,396 (4.67%) | new=29.45 GiB | skipped=0 | average=3.45 MiB/s | ETA≈49.5 h
2026-07-13 16:53:41 [ERA5] progress=4,137/88,396 (4.68%) | new=29.50 GiB | skipped=0 | average=3.45 MiB/s | ETA≈49.6 h
2026-07-13 16:54:13 [ERA5] progress=4,145/88,396 (4.69%) | new=29.55 GiB | skipped=0 | average=3.44 MiB/s | ETA≈49.7 h
2026-07-13 16:54:45 [ERA5] progress=4,154/88,396 (4.70%) | new=29.62 GiB | skipped=0 | average=3.44 MiB/s | ETA≈49.7 h
2026-07-13 16:55:15 [ERA5] progress=4,160/88,396 (4.71%) | new=29.66 GiB | skipped=0 | average=3.43 MiB/s | ETA≈49.8 h
2026-07-13 16:55:50 [ERA5] progress=4,167/88,396 (4.71%) | new=29.71 GiB | skipped=0 | average=3.42 MiB/s | ETA≈49.9 h
2026-07-13 16:56:22 [ERA5] progress=4,175/88,396 (4.72%) | new=29.77 GiB | skipped=0 | average=3.42 MiB/s | ETA≈50.0 h
2026-07-13 16:56:53 [ERA5] progress=4,182/88,396 (4.73%) | new=29.82 GiB | skipped=0 | average=3.41 MiB/s | ETA≈50.1 h
2026-07-13 16:57:27 [ERA5] progress=4,190/88,396 (4.74%) | new=29.88 GiB | skipped=0 | average=3.40 MiB/s | ETA≈50.2 h
2026-07-13 16:57:57 [ERA5] progress=4,197/88,396 (4.75%) | new=29.93 GiB | skipped=0 | average=3.40 MiB/s | ETA≈50.3 h
2026-07-13 16:58:29 [ERA5] progress=4,205/88,396 (4.76%) | new=29.98 GiB | skipped=0 | average=3.39 MiB/s | ETA≈50.3 h
2026-07-13 16:59:00 [ERA5] progress=4,213/88,396 (4.77%) | new=30.04 GiB | skipped=0 | average=3.39 MiB/s | ETA≈50.4 h
2026-07-13 16:59:32 [ERA5] progress=4,221/88,396 (4.78%) | new=30.10 GiB | skipped=0 | average=3.38 MiB/s | ETA≈50.5 h
2026-07-13 17:00:05 [ERA5] progress=4,230/88,396 (4.79%) | new=30.16 GiB | skipped=0 | average=3.38 MiB/s | ETA≈50.6 h
2026-07-13 17:00:39 [ERA5] progress=4,238/88,396 (4.79%) | new=30.22 GiB | skipped=0 | average=3.37 MiB/s | ETA≈50.6 h
2026-07-13 17:01:10 [ERA5] progress=4,246/88,396 (4.80%) | new=30.28 GiB | skipped=0 | average=3.37 MiB/s | ETA≈50.7 h
2026-07-13 17:01:40 [ERA5] progress=4,253/88,396 (4.81%) | new=30.33 GiB | skipped=0 | average=3.36 MiB/s | ETA≈50.8 h
2026-07-13 17:02:12 [ERA5] progress=4,262/88,396 (4.82%) | new=30.39 GiB | skipped=0 | average=3.36 MiB/s | ETA≈50.9 h
2026-07-13 17:02:42 [ERA5] progress=4,269/88,396 (4.83%) | new=30.44 GiB | skipped=0 | average=3.35 MiB/s | ETA≈50.9 h
2026-07-13 17:03:16 [ERA5] progress=4,277/88,396 (4.84%) | new=30.50 GiB | skipped=0 | average=3.34 MiB/s | ETA≈51.0 h
2026-07-13 17:03:49 [ERA5] progress=4,284/88,396 (4.85%) | new=30.55 GiB | skipped=0 | average=3.34 MiB/s | ETA≈51.1 h
2026-07-13 17:04:19 [ERA5] progress=4,291/88,396 (4.85%) | new=30.60 GiB | skipped=0 | average=3.33 MiB/s | ETA≈51.2 h
2026-07-13 17:04:50 [ERA5] progress=4,298/88,396 (4.86%) | new=30.65 GiB | skipped=0 | average=3.33 MiB/s | ETA≈51.3 h
2026-07-13 17:05:21 [ERA5] progress=4,307/88,396 (4.87%) | new=30.71 GiB | skipped=0 | average=3.32 MiB/s | ETA≈51.3 h
2026-07-13 17:05:54 [ERA5] progress=4,316/88,396 (4.88%) | new=30.78 GiB | skipped=0 | average=3.32 MiB/s | ETA≈51.4 h
2026-07-13 17:06:25 [ERA5] progress=4,324/88,396 (4.89%) | new=30.83 GiB | skipped=0 | average=3.31 MiB/s | ETA≈51.5 h
2026-07-13 17:06:56 [ERA5] progress=4,332/88,396 (4.90%) | new=30.89 GiB | skipped=0 | average=3.31 MiB/s | ETA≈51.5 h
2026-07-13 17:07:27 [ERA5] progress=4,340/88,396 (4.91%) | new=30.95 GiB | skipped=0 | average=3.30 MiB/s | ETA≈51.6 h
2026-07-13 17:08:00 [ERA5] progress=4,350/88,396 (4.92%) | new=31.02 GiB | skipped=0 | average=3.30 MiB/s | ETA≈51.6 h
2026-07-13 17:08:32 [ERA5] progress=4,360/88,396 (4.93%) | new=31.09 GiB | skipped=0 | average=3.30 MiB/s | ETA≈51.7 h
2026-07-13 17:09:05 [ERA5] progress=4,368/88,396 (4.94%) | new=31.15 GiB | skipped=0 | average=3.29 MiB/s | ETA≈51.8 h
2026-07-13 17:09:40 [ERA5] progress=4,376/88,396 (4.95%) | new=31.20 GiB | skipped=0 | average=3.29 MiB/s | ETA≈51.9 h
2026-07-13 17:10:11 [ERA5] progress=4,386/88,396 (4.96%) | new=31.27 GiB | skipped=0 | average=3.28 MiB/s | ETA≈51.9 h
2026-07-13 17:10:44 [ERA5] progress=4,394/88,396 (4.97%) | new=31.33 GiB | skipped=0 | average=3.28 MiB/s | ETA≈52.0 h
2026-07-13 17:11:15 [ERA5] progress=4,403/88,396 (4.98%) | new=31.40 GiB | skipped=0 | average=3.27 MiB/s | ETA≈52.0 h
2026-07-13 17:11:46 [ERA5] progress=4,412/88,396 (4.99%) | new=31.46 GiB | skipped=0 | average=3.27 MiB/s | ETA≈52.1 h
2026-07-13 17:12:17 [ERA5] progress=4,419/88,396 (5.00%) | new=31.51 GiB | skipped=0 | average=3.27 MiB/s | ETA≈52.2 h
2026-07-13 17:12:50 [ERA5] progress=4,428/88,396 (5.01%) | new=31.57 GiB | skipped=0 | average=3.26 MiB/s | ETA≈52.2 h
2026-07-13 17:13:20 [ERA5] progress=4,436/88,396 (5.02%) | new=31.63 GiB | skipped=0 | average=3.26 MiB/s | ETA≈52.3 h
2026-07-13 17:13:54 [ERA5] progress=4,442/88,396 (5.03%) | new=31.67 GiB | skipped=0 | average=3.25 MiB/s | ETA≈52.4 h
2026-07-13 17:14:26 [ERA5] progress=4,448/88,396 (5.03%) | new=31.72 GiB | skipped=0 | average=3.25 MiB/s | ETA≈52.5 h
2026-07-13 17:14:56 [ERA5] progress=4,456/88,396 (5.04%) | new=31.77 GiB | skipped=0 | average=3.24 MiB/s | ETA≈52.5 h
2026-07-13 17:15:28 [ERA5] progress=4,462/88,396 (5.05%) | new=31.82 GiB | skipped=0 | average=3.24 MiB/s | ETA≈52.6 h
2026-07-13 17:15:59 [ERA5] progress=4,469/88,396 (5.06%) | new=31.87 GiB | skipped=0 | average=3.23 MiB/s | ETA≈52.7 h
2026-07-13 17:16:33 [ERA5] progress=4,475/88,396 (5.06%) | new=31.91 GiB | skipped=0 | average=3.22 MiB/s | ETA≈52.8 h
2026-07-13 17:17:06 [ERA5] progress=4,481/88,396 (5.07%) | new=31.95 GiB | skipped=0 | average=3.22 MiB/s | ETA≈52.9 h
2026-07-13 17:17:37 [ERA5] progress=4,486/88,396 (5.07%) | new=31.99 GiB | skipped=0 | average=3.21 MiB/s | ETA≈53.0 h
2026-07-13 17:18:11 [ERA5] progress=4,492/88,396 (5.08%) | new=32.03 GiB | skipped=0 | average=3.20 MiB/s | ETA≈53.1 h
2026-07-13 17:18:45 [ERA5] progress=4,498/88,396 (5.09%) | new=32.07 GiB | skipped=0 | average=3.20 MiB/s | ETA≈53.2 h
2026-07-13 17:19:16 [ERA5] progress=4,504/88,396 (5.10%) | new=32.12 GiB | skipped=0 | average=3.19 MiB/s | ETA≈53.3 h
2026-07-13 17:19:47 [ERA5] progress=4,510/88,396 (5.10%) | new=32.16 GiB | skipped=0 | average=3.19 MiB/s | ETA≈53.4 h
2026-07-13 17:20:17 [ERA5] progress=4,517/88,396 (5.11%) | new=32.21 GiB | skipped=0 | average=3.18 MiB/s | ETA≈53.4 h
2026-07-13 17:20:48 [ERA5] progress=4,525/88,396 (5.12%) | new=32.27 GiB | skipped=0 | average=3.18 MiB/s | ETA≈53.5 h
2026-07-13 17:21:19 [ERA5] progress=4,534/88,396 (5.13%) | new=32.33 GiB | skipped=0 | average=3.18 MiB/s | ETA≈53.5 h
2026-07-13 17:21:50 [ERA5] progress=4,541/88,396 (5.14%) | new=32.38 GiB | skipped=0 | average=3.17 MiB/s | ETA≈53.6 h
2026-07-13 17:22:24 [ERA5] progress=4,548/88,396 (5.15%) | new=32.43 GiB | skipped=0 | average=3.17 MiB/s | ETA≈53.7 h
2026-07-13 17:22:55 [ERA5] progress=4,555/88,396 (5.15%) | new=32.48 GiB | skipped=0 | average=3.16 MiB/s | ETA≈53.8 h
2026-07-13 17:23:26 [ERA5] progress=4,562/88,396 (5.16%) | new=32.53 GiB | skipped=0 | average=3.16 MiB/s | ETA≈53.8 h
2026-07-13 17:23:58 [ERA5] progress=4,567/88,396 (5.17%) | new=32.57 GiB | skipped=0 | average=3.15 MiB/s | ETA≈54.0 h
2026-07-13 17:24:31 [ERA5] progress=4,572/88,396 (5.17%) | new=32.60 GiB | skipped=0 | average=3.15 MiB/s | ETA≈54.1 h
2026-07-13 17:25:02 [ERA5] progress=4,579/88,396 (5.18%) | new=32.65 GiB | skipped=0 | average=3.14 MiB/s | ETA≈54.1 h
2026-07-13 17:25:36 [ERA5] progress=4,585/88,396 (5.19%) | new=32.69 GiB | skipped=0 | average=3.14 MiB/s | ETA≈54.2 h
2026-07-13 17:26:12 [ERA5] progress=4,594/88,396 (5.20%) | new=32.76 GiB | skipped=0 | average=3.13 MiB/s | ETA≈54.3 h
2026-07-13 17:26:44 [ERA5] progress=4,601/88,396 (5.20%) | new=32.81 GiB | skipped=0 | average=3.13 MiB/s | ETA≈54.4 h
2026-07-13 17:27:17 [ERA5] progress=4,607/88,396 (5.21%) | new=32.85 GiB | skipped=0 | average=3.12 MiB/s | ETA≈54.5 h
2026-07-13 17:27:50 [ERA5] progress=4,610/88,396 (5.22%) | new=32.87 GiB | skipped=0 | average=3.11 MiB/s | ETA≈54.6 h
2026-07-13 17:41:06 [ERA5] progress=4,613/88,396 (5.22%) | new=32.89 GiB | skipped=0 | average=2.90 MiB/s | ETA≈58.6 h
2026-07-13 17:47:42 [ERA5] progress=4,614/88,396 (5.22%) | new=32.90 GiB | skipped=0 | average=2.81 MiB/s | ETA≈60.6 h
