2026-07-14 08:52:41 [ERA5] ========================================================================
2026-07-14 08:52:41 [ERA5] Parallel raw WeatherBench2 ERA5 downloader
2026-07-14 08:52:41 [ERA5] Period: 1979–2022
2026-07-14 08:52:41 [ERA5] Workers: 32
2026-07-14 08:52:41 [ERA5] No decompression or recompression
2026-07-14 08:52:41 [ERA5] ========================================================================
2026-07-14 08:52:41 [ERA5] Opening remote metadata
2026-07-14 08:53:15 [ERA5] Selected time indices: 29,220..93,503
2026-07-14 08:53:15 [ERA5] Selected timestamps: 64,284
2026-07-14 08:53:15 [ERA5] Copying Zarr metadata and coordinates
2026-07-14 08:53:17 [ERA5] metadata 1/39: .zgroup | exists | 24.00 B
2026-07-14 08:53:17 [ERA5] metadata 2/39: .zattrs | exists | 2.00 B
2026-07-14 08:53:17 [ERA5] metadata 3/39: .zarray | exists | 320.00 B
2026-07-14 08:53:17 [ERA5] metadata 4/39: .zattrs | exists | 129.00 B
2026-07-14 08:53:17 [ERA5] metadata 5/39: 0 | exists | 3.25 KiB
2026-07-14 08:53:17 [ERA5] metadata 6/39: 1 | exists | 3.29 KiB
2026-07-14 08:53:17 [ERA5] metadata 7/39: 2 | exists | 3.00 KiB
2026-07-14 08:53:17 [ERA5] metadata 8/39: 3 | exists | 3.29 KiB
2026-07-14 08:53:17 [ERA5] metadata 9/39: .zarray | exists | 314.00 B
2026-07-14 08:53:17 [ERA5] metadata 10/39: .zattrs | exists | 52.00 B
2026-07-14 08:53:17 [ERA5] metadata 11/39: 0 | exists | 120.00 B
2026-07-14 08:53:17 [ERA5] metadata 12/39: .zarray | exists | 317.00 B
2026-07-14 08:53:17 [ERA5] metadata 13/39: .zattrs | exists | 56.00 B
2026-07-14 08:53:17 [ERA5] metadata 14/39: 0 | exists | 845.00 B
2026-07-14 08:53:17 [ERA5] metadata 15/39: .zarray | exists | 317.00 B
2026-07-14 08:53:17 [ERA5] metadata 16/39: .zattrs | exists | 55.00 B
2026-07-14 08:53:17 [ERA5] metadata 17/39: 0 | exists | 528.00 B
2026-07-14 08:53:17 [ERA5] metadata 18/39: .zarray | exists | 393.00 B
2026-07-14 08:53:17 [ERA5] metadata 19/39: .zattrs | exists | 229.00 B
2026-07-14 08:53:17 [ERA5] metadata 20/39: .zarray | exists | 393.00 B
2026-07-14 08:53:17 [ERA5] metadata 21/39: .zattrs | exists | 222.00 B
2026-07-14 08:53:17 [ERA5] metadata 22/39: .zarray | exists | 393.00 B
2026-07-14 08:53:17 [ERA5] metadata 23/39: .zattrs | exists | 238.00 B
2026-07-14 08:53:17 [ERA5] metadata 24/39: .zarray | exists | 393.00 B
2026-07-14 08:53:17 [ERA5] metadata 25/39: .zattrs | exists | 234.00 B
2026-07-14 08:53:17 [ERA5] metadata 26/39: .zarray | exists | 393.00 B
2026-07-14 08:53:17 [ERA5] metadata 27/39: .zattrs | exists | 235.00 B
2026-07-14 08:53:17 [ERA5] metadata 28/39: .zarray | exists | 369.00 B
2026-07-14 08:53:17 [ERA5] metadata 29/39: .zattrs | exists | 175.00 B
2026-07-14 08:53:17 [ERA5] metadata 30/39: .zarray | exists | 369.00 B
2026-07-14 08:53:17 [ERA5] metadata 31/39: .zattrs | exists | 187.00 B
2026-07-14 08:53:17 [ERA5] metadata 32/39: .zarray | exists | 369.00 B
2026-07-14 08:53:17 [ERA5] metadata 33/39: .zattrs | exists | 187.00 B
2026-07-14 08:53:17 [ERA5] metadata 34/39: .zarray | exists | 369.00 B
2026-07-14 08:53:17 [ERA5] metadata 35/39: .zattrs | exists | 235.00 B
2026-07-14 08:53:17 [ERA5] metadata 36/39: .zarray | exists | 369.00 B
2026-07-14 08:53:17 [ERA5] metadata 37/39: .zattrs | exists | 217.00 B
2026-07-14 08:53:17 [ERA5] metadata 38/39: .zarray | exists | 369.00 B
2026-07-14 08:53:17 [ERA5] metadata 39/39: .zattrs | exists | 174.00 B
2026-07-14 08:53:18 [ERA5] geopotential: source chunks 3652..11687 | objects=8,036
2026-07-14 08:53:18 [ERA5] temperature: source chunks 3652..11687 | objects=8,036
2026-07-14 08:53:18 [ERA5] specific_humidity: source chunks 3652..11687 | objects=8,036
2026-07-14 08:53:19 [ERA5] u_component_of_wind: source chunks 3652..11687 | objects=8,036
2026-07-14 08:53:19 [ERA5] v_component_of_wind: source chunks 3652..11687 | objects=8,036
2026-07-14 08:53:19 [ERA5] 2m_temperature: source chunks 3652..11687 | objects=8,036
2026-07-14 08:53:20 [ERA5] 10m_u_component_of_wind: source chunks 3652..11687 | objects=8,036
2026-07-14 08:53:20 [ERA5] 10m_v_component_of_wind: source chunks 3652..11687 | objects=8,036
2026-07-14 08:53:20 [ERA5] mean_sea_level_pressure: source chunks 3652..11687 | objects=8,036
2026-07-14 08:53:20 [ERA5] surface_pressure: source chunks 3652..11687 | objects=8,036
2026-07-14 08:53:21 [ERA5] total_precipitation_6hr: source chunks 3652..11687 | objects=8,036
2026-07-14 08:53:21 [ERA5] Starting raw-object copy with 32 workers
2026-07-14 08:53:21 [ERA5] Total ERA5 chunk objects: 88,396
2026-07-14 08:53:21 [ERA5] Destination: /home/tahiti/ConserveFM/data/ERA5_WeatherBench2_1979_2022
2026-07-14 08:53:21 [ERA5] progress=90/88,396 (0.10%) | new=0.00 B | skipped=90 | average=0.00 B/s | ETA≈0.0 h
2026-07-14 09:02:03 [ERA5] progress=25,126/88,396 (28.42%) | new=9.88 MiB | skipped=25,125 | average=19.35 KiB/s | ETA≈9186.0 h
2026-07-14 09:04:19 [ERA5] progress=25,127/88,396 (28.43%) | new=19.74 MiB | skipped=25,125 | average=30.70 KiB/s | ETA≈5785.4 h
2026-07-14 09:08:08 [ERA5] progress=25,128/88,396 (28.43%) | new=29.61 MiB | skipped=25,125 | average=34.17 KiB/s | ETA≈5199.1 h
2026-07-14 09:10:13 [ERA5] progress=25,130/88,396 (28.43%) | new=49.35 MiB | skipped=25,125 | average=49.94 KiB/s | ETA≈3557.2 h
2026-07-14 09:12:05 [ERA5] progress=25,133/88,396 (28.43%) | new=77.85 MiB | skipped=25,125 | average=70.88 KiB/s | ETA≈2470.8 h
2026-07-14 09:14:13 [ERA5] progress=25,136/88,396 (28.44%) | new=107.47 MiB | skipped=25,125 | average=87.84 KiB/s | ETA≈2001.4 h
