2026-07-15 20:53:59 [ERA5] ========================================================================
2026-07-15 20:53:59 [ERA5] Parallel raw WeatherBench2 ERA5 downloader
2026-07-15 20:53:59 [ERA5] Period: 1979–2022
2026-07-15 20:53:59 [ERA5] Workers: 64
2026-07-15 20:53:59 [ERA5] No decompression or recompression
2026-07-15 20:53:59 [ERA5] ========================================================================
2026-07-15 20:53:59 [ERA5] Opening remote metadata
2026-07-15 20:54:26 [ERA5] Selected time indices: 29,220..93,503
2026-07-15 20:54:26 [ERA5] Selected timestamps: 64,284
2026-07-15 20:54:26 [ERA5] Copying Zarr metadata and coordinates
2026-07-15 20:54:27 [ERA5] metadata 1/39: .zgroup | exists | 24.00 B
2026-07-15 20:54:27 [ERA5] metadata 2/39: .zattrs | exists | 2.00 B
2026-07-15 20:54:27 [ERA5] metadata 3/39: .zarray | exists | 320.00 B
2026-07-15 20:54:27 [ERA5] metadata 4/39: .zattrs | exists | 129.00 B
2026-07-15 20:54:27 [ERA5] metadata 5/39: 0 | exists | 3.25 KiB
2026-07-15 20:54:27 [ERA5] metadata 6/39: 1 | exists | 3.29 KiB
2026-07-15 20:54:27 [ERA5] metadata 7/39: 2 | exists | 3.00 KiB
2026-07-15 20:54:27 [ERA5] metadata 8/39: 3 | exists | 3.29 KiB
2026-07-15 20:54:27 [ERA5] metadata 9/39: .zarray | exists | 314.00 B
2026-07-15 20:54:27 [ERA5] metadata 10/39: .zattrs | exists | 52.00 B
2026-07-15 20:54:27 [ERA5] metadata 11/39: 0 | exists | 120.00 B
2026-07-15 20:54:27 [ERA5] metadata 12/39: .zarray | exists | 317.00 B
2026-07-15 20:54:27 [ERA5] metadata 13/39: .zattrs | exists | 56.00 B
2026-07-15 20:54:27 [ERA5] metadata 14/39: 0 | exists | 845.00 B
2026-07-15 20:54:27 [ERA5] metadata 15/39: .zarray | exists | 317.00 B
2026-07-15 20:54:27 [ERA5] metadata 16/39: .zattrs | exists | 55.00 B
2026-07-15 20:54:27 [ERA5] metadata 17/39: 0 | exists | 528.00 B
2026-07-15 20:54:27 [ERA5] metadata 18/39: .zarray | exists | 393.00 B
2026-07-15 20:54:27 [ERA5] metadata 19/39: .zattrs | exists | 229.00 B
2026-07-15 20:54:27 [ERA5] metadata 20/39: .zarray | exists | 393.00 B
2026-07-15 20:54:27 [ERA5] metadata 21/39: .zattrs | exists | 222.00 B
2026-07-15 20:54:27 [ERA5] metadata 22/39: .zarray | exists | 393.00 B
2026-07-15 20:54:27 [ERA5] metadata 23/39: .zattrs | exists | 238.00 B
2026-07-15 20:54:27 [ERA5] metadata 24/39: .zarray | exists | 393.00 B
2026-07-15 20:54:27 [ERA5] metadata 25/39: .zattrs | exists | 234.00 B
2026-07-15 20:54:27 [ERA5] metadata 26/39: .zarray | exists | 393.00 B
2026-07-15 20:54:27 [ERA5] metadata 27/39: .zattrs | exists | 235.00 B
2026-07-15 20:54:27 [ERA5] metadata 28/39: .zarray | exists | 369.00 B
2026-07-15 20:54:27 [ERA5] metadata 29/39: .zattrs | exists | 175.00 B
2026-07-15 20:54:27 [ERA5] metadata 30/39: .zarray | exists | 369.00 B
2026-07-15 20:54:27 [ERA5] metadata 31/39: .zattrs | exists | 187.00 B
2026-07-15 20:54:27 [ERA5] metadata 32/39: .zarray | exists | 369.00 B
2026-07-15 20:54:27 [ERA5] metadata 33/39: .zattrs | exists | 187.00 B
2026-07-15 20:54:27 [ERA5] metadata 34/39: .zarray | exists | 369.00 B
2026-07-15 20:54:27 [ERA5] metadata 35/39: .zattrs | exists | 235.00 B
2026-07-15 20:54:27 [ERA5] metadata 36/39: .zarray | exists | 369.00 B
2026-07-15 20:54:27 [ERA5] metadata 37/39: .zattrs | exists | 217.00 B
2026-07-15 20:54:27 [ERA5] metadata 38/39: .zarray | exists | 369.00 B
2026-07-15 20:54:27 [ERA5] metadata 39/39: .zattrs | exists | 174.00 B
2026-07-15 20:54:29 [ERA5] geopotential: source chunks 3652..11687 | objects=8,036
2026-07-15 20:54:30 [ERA5] temperature: source chunks 3652..11687 | objects=8,036
2026-07-15 20:54:30 [ERA5] specific_humidity: source chunks 3652..11687 | objects=8,036
2026-07-15 20:54:31 [ERA5] u_component_of_wind: source chunks 3652..11687 | objects=8,036
2026-07-15 20:54:31 [ERA5] v_component_of_wind: source chunks 3652..11687 | objects=8,036
2026-07-15 20:54:33 [ERA5] 2m_temperature: source chunks 3652..11687 | objects=8,036
2026-07-15 20:54:33 [ERA5] 10m_u_component_of_wind: source chunks 3652..11687 | objects=8,036
2026-07-15 20:54:33 [ERA5] 10m_v_component_of_wind: source chunks 3652..11687 | objects=8,036
2026-07-15 20:54:34 [ERA5] mean_sea_level_pressure: source chunks 3652..11687 | objects=8,036
2026-07-15 20:54:34 [ERA5] surface_pressure: source chunks 3652..11687 | objects=8,036
2026-07-15 20:54:34 [ERA5] total_precipitation_6hr: source chunks 3652..11687 | objects=8,036
2026-07-15 20:54:34 [ERA5] Starting raw-object copy with 64 workers
2026-07-15 20:54:34 [ERA5] Total ERA5 chunk objects: 88,396
2026-07-15 20:54:34 [ERA5] Destination: /home/tahiti/ConserveFM/data/ERA5_WeatherBench2_1979_2022
2026-07-15 20:54:34 [ERA5] progress=183/88,396 (0.21%) | new=0.00 B | skipped=183 | average=0.00 B/s | ETA≈0.0 h
2026-07-15 20:55:04 [ERA5] progress=47,962/88,396 (54.26%) | new=104.21 MiB | skipped=47,816 | average=3.47 MiB/s | ETA≈2.3 h
2026-07-15 20:55:34 [ERA5] progress=48,142/88,396 (54.46%) | new=209.58 MiB | skipped=47,816 | average=3.48 MiB/s | ETA≈2.1 h
2026-07-15 20:56:05 [ERA5] progress=48,300/88,396 (54.64%) | new=329.24 MiB | skipped=47,816 | average=3.65 MiB/s | ETA≈2.1 h
2026-07-15 20:56:35 [ERA5] progress=48,462/88,396 (54.82%) | new=454.71 MiB | skipped=47,816 | average=3.78 MiB/s | ETA≈2.1 h
2026-07-15 20:57:05 [ERA5] progress=48,622/88,396 (55.00%) | new=579.19 MiB | skipped=47,816 | average=3.85 MiB/s | ETA≈2.1 h
2026-07-15 20:57:35 [ERA5] progress=48,776/88,396 (55.18%) | new=698.89 MiB | skipped=47,816 | average=3.87 MiB/s | ETA≈2.1 h
2026-07-15 20:58:05 [ERA5] progress=48,916/88,396 (55.34%) | new=807.09 MiB | skipped=47,816 | average=3.82 MiB/s | ETA≈2.1 h
2026-07-15 20:58:36 [ERA5] progress=49,064/88,396 (55.50%) | new=921.42 MiB | skipped=47,816 | average=3.82 MiB/s | ETA≈2.1 h
2026-07-15 20:59:06 [ERA5] progress=49,206/88,396 (55.67%) | new=1.01 GiB | skipped=47,816 | average=3.80 MiB/s | ETA≈2.1 h
2026-07-15 20:59:36 [ERA5] progress=49,358/88,396 (55.84%) | new=1.12 GiB | skipped=47,816 | average=3.81 MiB/s | ETA≈2.1 h
