2026-07-14 09:37:28 [ERA5] ========================================================================
2026-07-14 09:37:28 [ERA5] Parallel raw WeatherBench2 ERA5 downloader
2026-07-14 09:37:28 [ERA5] Period: 1979–2022
2026-07-14 09:37:28 [ERA5] Workers: 32
2026-07-14 09:37:28 [ERA5] No decompression or recompression
2026-07-14 09:37:28 [ERA5] ========================================================================
2026-07-14 09:37:28 [ERA5] Opening remote metadata
2026-07-14 09:38:01 [ERA5] Selected time indices: 29,220..93,503
2026-07-14 09:38:01 [ERA5] Selected timestamps: 64,284
2026-07-14 09:38:01 [ERA5] Copying Zarr metadata and coordinates
2026-07-14 09:38:03 [ERA5] metadata 1/39: .zgroup | exists | 24.00 B
2026-07-14 09:38:03 [ERA5] metadata 2/39: .zattrs | exists | 2.00 B
2026-07-14 09:38:03 [ERA5] metadata 3/39: .zarray | exists | 320.00 B
2026-07-14 09:38:03 [ERA5] metadata 4/39: .zattrs | exists | 129.00 B
2026-07-14 09:38:03 [ERA5] metadata 5/39: 0 | exists | 3.25 KiB
2026-07-14 09:38:03 [ERA5] metadata 6/39: 1 | exists | 3.29 KiB
2026-07-14 09:38:03 [ERA5] metadata 7/39: 2 | exists | 3.00 KiB
2026-07-14 09:38:03 [ERA5] metadata 8/39: 3 | exists | 3.29 KiB
2026-07-14 09:38:03 [ERA5] metadata 9/39: .zarray | exists | 314.00 B
2026-07-14 09:38:03 [ERA5] metadata 10/39: .zattrs | exists | 52.00 B
2026-07-14 09:38:03 [ERA5] metadata 11/39: 0 | exists | 120.00 B
2026-07-14 09:38:03 [ERA5] metadata 12/39: .zarray | exists | 317.00 B
2026-07-14 09:38:03 [ERA5] metadata 13/39: .zattrs | exists | 56.00 B
2026-07-14 09:38:03 [ERA5] metadata 14/39: 0 | exists | 845.00 B
2026-07-14 09:38:03 [ERA5] metadata 15/39: .zarray | exists | 317.00 B
2026-07-14 09:38:03 [ERA5] metadata 16/39: .zattrs | exists | 55.00 B
2026-07-14 09:38:03 [ERA5] metadata 17/39: 0 | exists | 528.00 B
2026-07-14 09:38:03 [ERA5] metadata 18/39: .zarray | exists | 393.00 B
2026-07-14 09:38:03 [ERA5] metadata 19/39: .zattrs | exists | 229.00 B
2026-07-14 09:38:03 [ERA5] metadata 20/39: .zarray | exists | 393.00 B
2026-07-14 09:38:03 [ERA5] metadata 21/39: .zattrs | exists | 222.00 B
2026-07-14 09:38:03 [ERA5] metadata 22/39: .zarray | exists | 393.00 B
2026-07-14 09:38:03 [ERA5] metadata 23/39: .zattrs | exists | 238.00 B
2026-07-14 09:38:03 [ERA5] metadata 24/39: .zarray | exists | 393.00 B
2026-07-14 09:38:03 [ERA5] metadata 25/39: .zattrs | exists | 234.00 B
2026-07-14 09:38:03 [ERA5] metadata 26/39: .zarray | exists | 393.00 B
2026-07-14 09:38:03 [ERA5] metadata 27/39: .zattrs | exists | 235.00 B
2026-07-14 09:38:03 [ERA5] metadata 28/39: .zarray | exists | 369.00 B
2026-07-14 09:38:03 [ERA5] metadata 29/39: .zattrs | exists | 175.00 B
2026-07-14 09:38:03 [ERA5] metadata 30/39: .zarray | exists | 369.00 B
2026-07-14 09:38:03 [ERA5] metadata 31/39: .zattrs | exists | 187.00 B
2026-07-14 09:38:03 [ERA5] metadata 32/39: .zarray | exists | 369.00 B
2026-07-14 09:38:03 [ERA5] metadata 33/39: .zattrs | exists | 187.00 B
2026-07-14 09:38:03 [ERA5] metadata 34/39: .zarray | exists | 369.00 B
2026-07-14 09:38:03 [ERA5] metadata 35/39: .zattrs | exists | 235.00 B
2026-07-14 09:38:03 [ERA5] metadata 36/39: .zarray | exists | 369.00 B
2026-07-14 09:38:03 [ERA5] metadata 37/39: .zattrs | exists | 217.00 B
2026-07-14 09:38:03 [ERA5] metadata 38/39: .zarray | exists | 369.00 B
2026-07-14 09:38:03 [ERA5] metadata 39/39: .zattrs | exists | 174.00 B
2026-07-14 09:38:03 [ERA5] geopotential: source chunks 3652..11687 | objects=8,036
2026-07-14 09:38:04 [ERA5] temperature: source chunks 3652..11687 | objects=8,036
2026-07-14 09:38:04 [ERA5] specific_humidity: source chunks 3652..11687 | objects=8,036
2026-07-14 09:38:04 [ERA5] u_component_of_wind: source chunks 3652..11687 | objects=8,036
2026-07-14 09:38:04 [ERA5] v_component_of_wind: source chunks 3652..11687 | objects=8,036
2026-07-14 09:38:05 [ERA5] 2m_temperature: source chunks 3652..11687 | objects=8,036
2026-07-14 09:38:05 [ERA5] 10m_u_component_of_wind: source chunks 3652..11687 | objects=8,036
2026-07-14 09:38:05 [ERA5] 10m_v_component_of_wind: source chunks 3652..11687 | objects=8,036
2026-07-14 09:38:05 [ERA5] mean_sea_level_pressure: source chunks 3652..11687 | objects=8,036
2026-07-14 09:38:06 [ERA5] surface_pressure: source chunks 3652..11687 | objects=8,036
2026-07-14 09:38:06 [ERA5] total_precipitation_6hr: source chunks 3652..11687 | objects=8,036
2026-07-14 09:38:06 [ERA5] Starting raw-object copy with 32 workers
2026-07-14 09:38:06 [ERA5] Total ERA5 chunk objects: 88,396
2026-07-14 09:38:06 [ERA5] Destination: /home/tahiti/ConserveFM/data/ERA5_WeatherBench2_1979_2022
2026-07-14 09:38:06 [ERA5] progress=100/88,396 (0.11%) | new=0.00 B | skipped=100 | average=0.00 B/s | ETA≈0.0 h
2026-07-14 09:45:12 [ERA5] progress=25,168/88,396 (28.47%) | new=9.84 MiB | skipped=25,167 | average=23.65 KiB/s | ETA≈7482.2 h
2026-07-14 09:47:42 [ERA5] progress=25,169/88,396 (28.47%) | new=19.69 MiB | skipped=25,167 | average=35.00 KiB/s | ETA≈5059.0 h
2026-07-14 09:50:19 [ERA5] progress=25,170/88,396 (28.47%) | new=29.58 MiB | skipped=25,167 | average=41.30 KiB/s | ETA≈4293.0 h
2026-07-14 09:51:03 [ERA5] progress=25,171/88,396 (28.48%) | new=39.42 MiB | skipped=25,167 | average=51.91 KiB/s | ETA≈3414.2 h
2026-07-14 09:51:58 [ERA5] progress=25,173/88,396 (28.48%) | new=59.15 MiB | skipped=25,167 | average=72.76 KiB/s | ETA≈2436.4 h
2026-07-14 09:52:50 [ERA5] progress=25,174/88,396 (28.48%) | new=68.55 MiB | skipped=25,167 | average=79.41 KiB/s | ETA≈2217.6 h
2026-07-14 09:55:40 [ERA5] progress=25,176/88,396 (28.48%) | new=87.72 MiB | skipped=25,167 | average=85.23 KiB/s | ETA≈2056.4 h
2026-07-14 09:57:00 [ERA5] progress=25,177/88,396 (28.48%) | new=97.61 MiB | skipped=25,167 | average=88.11 KiB/s | ETA≈1992.2 h
2026-07-14 09:57:36 [ERA5] progress=25,180/88,396 (28.49%) | new=127.22 MiB | skipped=25,167 | average=111.34 KiB/s | ETA≈1580.5 h
2026-07-14 09:58:30 [ERA5] progress=25,181/88,396 (28.49%) | new=137.06 MiB | skipped=25,167 | average=114.69 KiB/s | ETA≈1534.9 h
2026-07-14 09:59:01 [ERA5] progress=25,186/88,396 (28.49%) | new=186.47 MiB | skipped=25,167 | average=152.09 KiB/s | ETA≈1160.2 h
2026-07-14 09:59:31 [ERA5] progress=25,197/88,396 (28.50%) | new=294.97 MiB | skipped=25,167 | average=234.96 KiB/s | ETA≈752.2 h
