2026-07-15 23:23:40 [ERA5] ========================================================================
2026-07-15 23:23:40 [ERA5] Parallel raw WeatherBench2 ERA5 downloader
2026-07-15 23:23:40 [ERA5] Period: 1979–2022
2026-07-15 23:23:40 [ERA5] Workers: 64
2026-07-15 23:23:40 [ERA5] No decompression or recompression
2026-07-15 23:23:40 [ERA5] ========================================================================
2026-07-15 23:23:40 [ERA5] Opening remote metadata
2026-07-15 23:23:45 [ERA5] Selected time indices: 29,220..93,503
2026-07-15 23:23:45 [ERA5] Selected timestamps: 64,284
2026-07-15 23:23:45 [ERA5] Copying Zarr metadata and coordinates
2026-07-15 23:23:46 [ERA5] metadata 1/39: .zgroup | exists | 24.00 B
2026-07-15 23:23:46 [ERA5] metadata 2/39: .zattrs | exists | 2.00 B
2026-07-15 23:23:46 [ERA5] metadata 3/39: .zarray | exists | 320.00 B
2026-07-15 23:23:46 [ERA5] metadata 4/39: .zattrs | exists | 129.00 B
2026-07-15 23:23:46 [ERA5] metadata 5/39: 0 | exists | 3.25 KiB
2026-07-15 23:23:46 [ERA5] metadata 6/39: 1 | exists | 3.29 KiB
2026-07-15 23:23:46 [ERA5] metadata 7/39: 2 | exists | 3.00 KiB
2026-07-15 23:23:46 [ERA5] metadata 8/39: 3 | exists | 3.29 KiB
2026-07-15 23:23:46 [ERA5] metadata 9/39: .zarray | exists | 314.00 B
2026-07-15 23:23:46 [ERA5] metadata 10/39: .zattrs | exists | 52.00 B
2026-07-15 23:23:46 [ERA5] metadata 11/39: 0 | exists | 120.00 B
2026-07-15 23:23:46 [ERA5] metadata 12/39: .zarray | exists | 317.00 B
2026-07-15 23:23:46 [ERA5] metadata 13/39: .zattrs | exists | 56.00 B
2026-07-15 23:23:46 [ERA5] metadata 14/39: 0 | exists | 845.00 B
2026-07-15 23:23:46 [ERA5] metadata 15/39: .zarray | exists | 317.00 B
2026-07-15 23:23:46 [ERA5] metadata 16/39: .zattrs | exists | 55.00 B
2026-07-15 23:23:46 [ERA5] metadata 17/39: 0 | exists | 528.00 B
2026-07-15 23:23:46 [ERA5] metadata 18/39: .zarray | exists | 393.00 B
2026-07-15 23:23:46 [ERA5] metadata 19/39: .zattrs | exists | 229.00 B
2026-07-15 23:23:46 [ERA5] metadata 20/39: .zarray | exists | 393.00 B
2026-07-15 23:23:46 [ERA5] metadata 21/39: .zattrs | exists | 222.00 B
2026-07-15 23:23:46 [ERA5] metadata 22/39: .zarray | exists | 393.00 B
2026-07-15 23:23:46 [ERA5] metadata 23/39: .zattrs | exists | 238.00 B
2026-07-15 23:23:46 [ERA5] metadata 24/39: .zarray | exists | 393.00 B
2026-07-15 23:23:46 [ERA5] metadata 25/39: .zattrs | exists | 234.00 B
2026-07-15 23:23:46 [ERA5] metadata 26/39: .zarray | exists | 393.00 B
2026-07-15 23:23:46 [ERA5] metadata 27/39: .zattrs | exists | 235.00 B
2026-07-15 23:23:46 [ERA5] metadata 28/39: .zarray | exists | 369.00 B
2026-07-15 23:23:46 [ERA5] metadata 29/39: .zattrs | exists | 175.00 B
2026-07-15 23:23:46 [ERA5] metadata 30/39: .zarray | exists | 369.00 B
2026-07-15 23:23:46 [ERA5] metadata 31/39: .zattrs | exists | 187.00 B
2026-07-15 23:23:46 [ERA5] metadata 32/39: .zarray | exists | 369.00 B
2026-07-15 23:23:46 [ERA5] metadata 33/39: .zattrs | exists | 187.00 B
2026-07-15 23:23:46 [ERA5] metadata 34/39: .zarray | exists | 369.00 B
2026-07-15 23:23:46 [ERA5] metadata 35/39: .zattrs | exists | 235.00 B
2026-07-15 23:23:46 [ERA5] metadata 36/39: .zarray | exists | 369.00 B
2026-07-15 23:23:46 [ERA5] metadata 37/39: .zattrs | exists | 217.00 B
2026-07-15 23:23:46 [ERA5] metadata 38/39: .zarray | exists | 369.00 B
2026-07-15 23:23:46 [ERA5] metadata 39/39: .zattrs | exists | 174.00 B
2026-07-15 23:23:46 [ERA5] geopotential: source chunks 3652..11687 | objects=8,036
2026-07-15 23:23:46 [ERA5] temperature: source chunks 3652..11687 | objects=8,036
2026-07-15 23:23:46 [ERA5] specific_humidity: source chunks 3652..11687 | objects=8,036
2026-07-15 23:23:46 [ERA5] u_component_of_wind: source chunks 3652..11687 | objects=8,036
2026-07-15 23:23:46 [ERA5] v_component_of_wind: source chunks 3652..11687 | objects=8,036
2026-07-15 23:23:46 [ERA5] 2m_temperature: source chunks 3652..11687 | objects=8,036
2026-07-15 23:23:46 [ERA5] 10m_u_component_of_wind: source chunks 3652..11687 | objects=8,036
2026-07-15 23:23:46 [ERA5] 10m_v_component_of_wind: source chunks 3652..11687 | objects=8,036
2026-07-15 23:23:46 [ERA5] mean_sea_level_pressure: source chunks 3652..11687 | objects=8,036
2026-07-15 23:23:46 [ERA5] surface_pressure: source chunks 3652..11687 | objects=8,036
2026-07-15 23:23:46 [ERA5] total_precipitation_6hr: source chunks 3652..11687 | objects=8,036
2026-07-15 23:23:46 [ERA5] Starting raw-object copy with 64 workers
2026-07-15 23:23:46 [ERA5] Total ERA5 chunk objects: 88,396
2026-07-15 23:23:46 [ERA5] Destination: /home/tahiti/ConserveFM/data/ERA5_WeatherBench2_1979_2022
2026-07-15 23:23:46 [ERA5] progress=189/88,396 (0.21%) | new=0.00 B | skipped=189 | average=0.00 B/s | ETA≈0.0 h
2026-07-15 23:24:16 [ERA5] progress=83,333/88,396 (94.27%) | new=309.99 MiB | skipped=82,941 | average=10.32 MiB/s | ETA≈0.1 h
2026-07-15 23:24:47 [ERA5] progress=83,746/88,396 (94.74%) | new=636.66 MiB | skipped=82,941 | average=10.59 MiB/s | ETA≈0.1 h
2026-07-15 23:25:17 [ERA5] progress=84,119/88,396 (95.16%) | new=931.64 MiB | skipped=82,941 | average=10.32 MiB/s | ETA≈0.1 h
2026-07-15 23:25:47 [ERA5] progress=84,479/88,396 (95.57%) | new=1.19 GiB | skipped=82,941 | average=10.08 MiB/s | ETA≈0.1 h
2026-07-15 23:26:17 [ERA5] progress=84,842/88,396 (95.98%) | new=1.47 GiB | skipped=82,941 | average=9.98 MiB/s | ETA≈0.1 h
2026-07-15 23:26:47 [ERA5] progress=85,151/88,396 (96.33%) | new=1.71 GiB | skipped=82,941 | average=9.66 MiB/s | ETA≈0.1 h
2026-07-15 23:27:18 [ERA5] progress=85,530/88,396 (96.76%) | new=2.00 GiB | skipped=82,941 | average=9.69 MiB/s | ETA≈0.1 h
2026-07-15 23:27:48 [ERA5] progress=85,872/88,396 (97.14%) | new=2.26 GiB | skipped=82,941 | average=9.60 MiB/s | ETA≈0.1 h
2026-07-15 23:28:18 [ERA5] progress=86,168/88,396 (97.48%) | new=2.49 GiB | skipped=82,941 | average=9.40 MiB/s | ETA≈0.1 h
2026-07-15 23:28:48 [ERA5] progress=86,471/88,396 (97.82%) | new=2.72 GiB | skipped=82,941 | average=9.26 MiB/s | ETA≈0.0 h
