[MODEL] loading 2.3B checkpoint with mmap
[MODEL] representative pressures Pa: [5201.599609375, 11825.0048828125, 16366.1845703125, 22592.69921875, 26494.021484375, 30981.673828125, 42374.9375, 53139.765625, 60300.76953125, 69242.0390625, 83056.890625, 90197.8046875, 94481.265625, 95919.8828125]
[DATA] contexts=2,816 remaining=2,814
[PRITHVI] 1/2,814 0.04% batch=1 rate=0.0519 contexts/s ETA=15.06h GPU_peak=11.34GiB
[PRITHVI] 10/2,814 0.36% batch=1 rate=0.0544 contexts/s ETA=14.33h GPU_peak=11.34GiB
[PRITHVI] 20/2,814 0.71% batch=1 rate=0.0546 contexts/s ETA=14.22h GPU_peak=11.34GiB
[PRITHVI] 30/2,814 1.07% batch=1 rate=0.0546 contexts/s ETA=14.16h GPU_peak=11.34GiB
[PRITHVI] 40/2,814 1.42% batch=1 rate=0.0547 contexts/s ETA=14.09h GPU_peak=11.34GiB
[PRITHVI] 50/2,814 1.78% batch=1 rate=0.0547 contexts/s ETA=14.04h GPU_peak=11.34GiB
[PRITHVI] 60/2,814 2.13% batch=1 rate=0.0547 contexts/s ETA=13.99h GPU_peak=11.34GiB
[PRITHVI] 70/2,814 2.49% batch=1 rate=0.0547 contexts/s ETA=13.95h GPU_peak=11.34GiB
[PRITHVI] 80/2,814 2.84% batch=1 rate=0.0547 contexts/s ETA=13.89h GPU_peak=11.34GiB
[PRITHVI] 90/2,814 3.20% batch=1 rate=0.0547 contexts/s ETA=13.84h GPU_peak=11.34GiB
[PRITHVI] 100/2,814 3.55% batch=1 rate=0.0547 contexts/s ETA=13.79h GPU_peak=11.34GiB
[PRITHVI] 110/2,814 3.91% batch=1 rate=0.0547 contexts/s ETA=13.73h GPU_peak=11.34GiB
[PRITHVI] 120/2,814 4.26% batch=1 rate=0.0547 contexts/s ETA=13.68h GPU_peak=11.34GiB
[PRITHVI] 130/2,814 4.62% batch=1 rate=0.0547 contexts/s ETA=13.63h GPU_peak=11.34GiB
[PRITHVI] 140/2,814 4.98% batch=1 rate=0.0547 contexts/s ETA=13.58h GPU_peak=11.34GiB
[PRITHVI] 150/2,814 5.33% batch=1 rate=0.0547 contexts/s ETA=13.53h GPU_peak=11.34GiB
[PRITHVI] 160/2,814 5.69% batch=1 rate=0.0547 contexts/s ETA=13.48h GPU_peak=11.34GiB
[PRITHVI] 170/2,814 6.04% batch=1 rate=0.0547 contexts/s ETA=13.42h GPU_peak=11.34GiB
[PRITHVI] 180/2,814 6.40% batch=1 rate=0.0547 contexts/s ETA=13.37h GPU_peak=11.34GiB
[PRITHVI] 190/2,814 6.75% batch=1 rate=0.0547 contexts/s ETA=13.32h GPU_peak=11.34GiB
[PRITHVI] 200/2,814 7.11% batch=1 rate=0.0547 contexts/s ETA=13.27h GPU_peak=11.34GiB
[PRITHVI] 210/2,814 7.46% batch=1 rate=0.0547 contexts/s ETA=13.22h GPU_peak=11.34GiB
[PRITHVI] 220/2,814 7.82% batch=1 rate=0.0547 contexts/s ETA=13.17h GPU_peak=11.34GiB
[PRITHVI] 230/2,814 8.17% batch=1 rate=0.0547 contexts/s ETA=13.12h GPU_peak=11.34GiB
[PRITHVI] 240/2,814 8.53% batch=1 rate=0.0547 contexts/s ETA=13.07h GPU_peak=11.34GiB
[PRITHVI] 250/2,814 8.88% batch=1 rate=0.0547 contexts/s ETA=13.02h GPU_peak=11.34GiB
[PRITHVI] 260/2,814 9.24% batch=1 rate=0.0547 contexts/s ETA=12.96h GPU_peak=11.34GiB
[PRITHVI] 270/2,814 9.59% batch=1 rate=0.0547 contexts/s ETA=12.91h GPU_peak=11.34GiB
[PRITHVI] 280/2,814 9.95% batch=1 rate=0.0547 contexts/s ETA=12.86h GPU_peak=11.34GiB
[PRITHVI] 290/2,814 10.31% batch=1 rate=0.0547 contexts/s ETA=12.81h GPU_peak=11.34GiB
[PRITHVI] 300/2,814 10.66% batch=1 rate=0.0547 contexts/s ETA=12.76h GPU_peak=11.34GiB
[PRITHVI] 310/2,814 11.02% batch=1 rate=0.0547 contexts/s ETA=12.71h GPU_peak=11.34GiB
[PRITHVI] 320/2,814 11.37% batch=1 rate=0.0547 contexts/s ETA=12.66h GPU_peak=11.34GiB
[PRITHVI] 330/2,814 11.73% batch=1 rate=0.0547 contexts/s ETA=12.61h GPU_peak=11.34GiB
[PRITHVI] 340/2,814 12.08% batch=1 rate=0.0547 contexts/s ETA=12.56h GPU_peak=11.34GiB
[PRITHVI] 350/2,814 12.44% batch=1 rate=0.0547 contexts/s ETA=12.51h GPU_peak=11.34GiB
[PRITHVI] 360/2,814 12.79% batch=1 rate=0.0547 contexts/s ETA=12.46h GPU_peak=11.34GiB
[PRITHVI] 370/2,814 13.15% batch=1 rate=0.0547 contexts/s ETA=12.41h GPU_peak=11.34GiB
[PRITHVI] 380/2,814 13.50% batch=1 rate=0.0547 contexts/s ETA=12.36h GPU_peak=11.34GiB
[PRITHVI] 390/2,814 13.86% batch=1 rate=0.0547 contexts/s ETA=12.31h GPU_peak=11.34GiB
[PRITHVI] 400/2,814 14.21% batch=1 rate=0.0547 contexts/s ETA=12.26h GPU_peak=11.34GiB
[PRITHVI] 410/2,814 14.57% batch=1 rate=0.0547 contexts/s ETA=12.20h GPU_peak=11.34GiB
[PRITHVI] 420/2,814 14.93% batch=1 rate=0.0547 contexts/s ETA=12.15h GPU_peak=11.34GiB
[PRITHVI] 430/2,814 15.28% batch=1 rate=0.0547 contexts/s ETA=12.10h GPU_peak=11.34GiB
[PRITHVI] 440/2,814 15.64% batch=1 rate=0.0547 contexts/s ETA=12.05h GPU_peak=11.34GiB
[PRITHVI] 450/2,814 15.99% batch=1 rate=0.0547 contexts/s ETA=12.00h GPU_peak=11.34GiB
[PRITHVI] 460/2,814 16.35% batch=1 rate=0.0547 contexts/s ETA=11.95h GPU_peak=11.34GiB
[PRITHVI] 470/2,814 16.70% batch=1 rate=0.0547 contexts/s ETA=11.90h GPU_peak=11.34GiB
[PRITHVI] 480/2,814 17.06% batch=1 rate=0.0547 contexts/s ETA=11.85h GPU_peak=11.34GiB
[PRITHVI] 490/2,814 17.41% batch=1 rate=0.0547 contexts/s ETA=11.80h GPU_peak=11.34GiB
[PRITHVI] 500/2,814 17.77% batch=1 rate=0.0547 contexts/s ETA=11.75h GPU_peak=11.34GiB
[PRITHVI] 510/2,814 18.12% batch=1 rate=0.0547 contexts/s ETA=11.70h GPU_peak=11.34GiB
[PRITHVI] 520/2,814 18.48% batch=1 rate=0.0547 contexts/s ETA=11.65h GPU_peak=11.34GiB
[PRITHVI] 530/2,814 18.83% batch=1 rate=0.0547 contexts/s ETA=11.60h GPU_peak=11.34GiB
[PRITHVI] 540/2,814 19.19% batch=1 rate=0.0547 contexts/s ETA=11.55h GPU_peak=11.34GiB
[PRITHVI] 550/2,814 19.55% batch=1 rate=0.0547 contexts/s ETA=11.50h GPU_peak=11.34GiB
[PRITHVI] 560/2,814 19.90% batch=1 rate=0.0547 contexts/s ETA=11.45h GPU_peak=11.34GiB
[PRITHVI] 570/2,814 20.26% batch=1 rate=0.0547 contexts/s ETA=11.39h GPU_peak=11.34GiB
[PRITHVI] 580/2,814 20.61% batch=1 rate=0.0547 contexts/s ETA=11.34h GPU_peak=11.34GiB
[PRITHVI] 590/2,814 20.97% batch=1 rate=0.0547 contexts/s ETA=11.29h GPU_peak=11.34GiB
[PRITHVI] 600/2,814 21.32% batch=1 rate=0.0547 contexts/s ETA=11.24h GPU_peak=11.34GiB
[PRITHVI] 610/2,814 21.68% batch=1 rate=0.0547 contexts/s ETA=11.19h GPU_peak=11.34GiB
[PRITHVI] 620/2,814 22.03% batch=1 rate=0.0547 contexts/s ETA=11.14h GPU_peak=11.34GiB
[PRITHVI] 630/2,814 22.39% batch=1 rate=0.0547 contexts/s ETA=11.09h GPU_peak=11.34GiB
[PRITHVI] 640/2,814 22.74% batch=1 rate=0.0547 contexts/s ETA=11.04h GPU_peak=11.34GiB
[PRITHVI] 650/2,814 23.10% batch=1 rate=0.0547 contexts/s ETA=10.99h GPU_peak=11.34GiB
[PRITHVI] 660/2,814 23.45% batch=1 rate=0.0547 contexts/s ETA=10.94h GPU_peak=11.34GiB
[PRITHVI] 670/2,814 23.81% batch=1 rate=0.0547 contexts/s ETA=10.89h GPU_peak=11.34GiB
[PRITHVI] 680/2,814 24.16% batch=1 rate=0.0547 contexts/s ETA=10.84h GPU_peak=11.34GiB
[PRITHVI] 690/2,814 24.52% batch=1 rate=0.0547 contexts/s ETA=10.78h GPU_peak=11.34GiB
[PRITHVI] 700/2,814 24.88% batch=1 rate=0.0547 contexts/s ETA=10.73h GPU_peak=11.34GiB
[PRITHVI] 710/2,814 25.23% batch=1 rate=0.0547 contexts/s ETA=10.68h GPU_peak=11.34GiB
[PRITHVI] 720/2,814 25.59% batch=1 rate=0.0547 contexts/s ETA=10.63h GPU_peak=11.34GiB
[PRITHVI] 730/2,814 25.94% batch=1 rate=0.0547 contexts/s ETA=10.58h GPU_peak=11.34GiB
[PRITHVI] 740/2,814 26.30% batch=1 rate=0.0547 contexts/s ETA=10.53h GPU_peak=11.34GiB
[PRITHVI] 750/2,814 26.65% batch=1 rate=0.0547 contexts/s ETA=10.48h GPU_peak=11.34GiB
[PRITHVI] 760/2,814 27.01% batch=1 rate=0.0547 contexts/s ETA=10.43h GPU_peak=11.34GiB
[PRITHVI] 770/2,814 27.36% batch=1 rate=0.0547 contexts/s ETA=10.38h GPU_peak=11.34GiB
[PRITHVI] 780/2,814 27.72% batch=1 rate=0.0547 contexts/s ETA=10.33h GPU_peak=11.34GiB
[PRITHVI] 790/2,814 28.07% batch=1 rate=0.0547 contexts/s ETA=10.28h GPU_peak=11.34GiB
[PRITHVI] 800/2,814 28.43% batch=1 rate=0.0547 contexts/s ETA=10.23h GPU_peak=11.34GiB
[PRITHVI] 810/2,814 28.78% batch=1 rate=0.0547 contexts/s ETA=10.18h GPU_peak=11.34GiB
[PRITHVI] 820/2,814 29.14% batch=1 rate=0.0547 contexts/s ETA=10.13h GPU_peak=11.34GiB
[PRITHVI] 830/2,814 29.50% batch=1 rate=0.0547 contexts/s ETA=10.07h GPU_peak=11.34GiB
[PRITHVI] 840/2,814 29.85% batch=1 rate=0.0547 contexts/s ETA=10.02h GPU_peak=11.34GiB
[PRITHVI] 850/2,814 30.21% batch=1 rate=0.0547 contexts/s ETA=9.97h GPU_peak=11.34GiB
[PRITHVI] 860/2,814 30.56% batch=1 rate=0.0547 contexts/s ETA=9.92h GPU_peak=11.34GiB
[PRITHVI] 870/2,814 30.92% batch=1 rate=0.0547 contexts/s ETA=9.87h GPU_peak=11.34GiB
[PRITHVI] 880/2,814 31.27% batch=1 rate=0.0547 contexts/s ETA=9.82h GPU_peak=11.34GiB
[PRITHVI] 890/2,814 31.63% batch=1 rate=0.0547 contexts/s ETA=9.77h GPU_peak=11.34GiB
[PRITHVI] 900/2,814 31.98% batch=1 rate=0.0547 contexts/s ETA=9.72h GPU_peak=11.34GiB
[PRITHVI] 910/2,814 32.34% batch=1 rate=0.0547 contexts/s ETA=9.67h GPU_peak=11.34GiB
[PRITHVI] 920/2,814 32.69% batch=1 rate=0.0547 contexts/s ETA=9.62h GPU_peak=11.34GiB
[PRITHVI] 930/2,814 33.05% batch=1 rate=0.0547 contexts/s ETA=9.57h GPU_peak=11.34GiB
[PRITHVI] 940/2,814 33.40% batch=1 rate=0.0547 contexts/s ETA=9.52h GPU_peak=11.34GiB
[PRITHVI] 950/2,814 33.76% batch=1 rate=0.0547 contexts/s ETA=9.46h GPU_peak=11.34GiB
[PRITHVI] 960/2,814 34.12% batch=1 rate=0.0547 contexts/s ETA=9.41h GPU_peak=11.34GiB
[PRITHVI] 970/2,814 34.47% batch=1 rate=0.0547 contexts/s ETA=9.36h GPU_peak=11.34GiB
[PRITHVI] 980/2,814 34.83% batch=1 rate=0.0547 contexts/s ETA=9.31h GPU_peak=11.34GiB
[PRITHVI] 990/2,814 35.18% batch=1 rate=0.0547 contexts/s ETA=9.26h GPU_peak=11.34GiB
[PRITHVI] 1,000/2,814 35.54% batch=1 rate=0.0547 contexts/s ETA=9.21h GPU_peak=11.34GiB
[PRITHVI] 1,010/2,814 35.89% batch=1 rate=0.0547 contexts/s ETA=9.16h GPU_peak=11.34GiB
[PRITHVI] 1,020/2,814 36.25% batch=1 rate=0.0547 contexts/s ETA=9.11h GPU_peak=11.34GiB
[PRITHVI] 1,030/2,814 36.60% batch=1 rate=0.0547 contexts/s ETA=9.06h GPU_peak=11.34GiB
[PRITHVI] 1,040/2,814 36.96% batch=1 rate=0.0547 contexts/s ETA=9.01h GPU_peak=11.34GiB
[PRITHVI] 1,050/2,814 37.31% batch=1 rate=0.0547 contexts/s ETA=8.96h GPU_peak=11.34GiB
[PRITHVI] 1,060/2,814 37.67% batch=1 rate=0.0547 contexts/s ETA=8.91h GPU_peak=11.34GiB
[PRITHVI] 1,070/2,814 38.02% batch=1 rate=0.0547 contexts/s ETA=8.86h GPU_peak=11.34GiB
[PRITHVI] 1,080/2,814 38.38% batch=1 rate=0.0547 contexts/s ETA=8.81h GPU_peak=11.34GiB
[PRITHVI] 1,090/2,814 38.73% batch=1 rate=0.0547 contexts/s ETA=8.75h GPU_peak=11.34GiB
[PRITHVI] 1,100/2,814 39.09% batch=1 rate=0.0547 contexts/s ETA=8.70h GPU_peak=11.34GiB
[PRITHVI] 1,110/2,814 39.45% batch=1 rate=0.0547 contexts/s ETA=8.65h GPU_peak=11.34GiB
[PRITHVI] 1,120/2,814 39.80% batch=1 rate=0.0547 contexts/s ETA=8.60h GPU_peak=11.34GiB
[PRITHVI] 1,130/2,814 40.16% batch=1 rate=0.0547 contexts/s ETA=8.55h GPU_peak=11.34GiB
[PRITHVI] 1,140/2,814 40.51% batch=1 rate=0.0547 contexts/s ETA=8.50h GPU_peak=11.34GiB
[PRITHVI] 1,150/2,814 40.87% batch=1 rate=0.0547 contexts/s ETA=8.45h GPU_peak=11.34GiB
[PRITHVI] 1,160/2,814 41.22% batch=1 rate=0.0547 contexts/s ETA=8.40h GPU_peak=11.34GiB
[PRITHVI] 1,170/2,814 41.58% batch=1 rate=0.0547 contexts/s ETA=8.35h GPU_peak=11.34GiB
[PRITHVI] 1,180/2,814 41.93% batch=1 rate=0.0547 contexts/s ETA=8.30h GPU_peak=11.34GiB
[PRITHVI] 1,190/2,814 42.29% batch=1 rate=0.0547 contexts/s ETA=8.25h GPU_peak=11.34GiB
[PRITHVI] 1,200/2,814 42.64% batch=1 rate=0.0547 contexts/s ETA=8.20h GPU_peak=11.34GiB
[PRITHVI] 1,210/2,814 43.00% batch=1 rate=0.0547 contexts/s ETA=8.14h GPU_peak=11.34GiB
[PRITHVI] 1,220/2,814 43.35% batch=1 rate=0.0547 contexts/s ETA=8.09h GPU_peak=11.34GiB
[PRITHVI] 1,230/2,814 43.71% batch=1 rate=0.0547 contexts/s ETA=8.04h GPU_peak=11.34GiB
[PRITHVI] 1,240/2,814 44.07% batch=1 rate=0.0547 contexts/s ETA=7.99h GPU_peak=11.34GiB
[PRITHVI] 1,250/2,814 44.42% batch=1 rate=0.0547 contexts/s ETA=7.94h GPU_peak=11.34GiB
[PRITHVI] 1,260/2,814 44.78% batch=1 rate=0.0547 contexts/s ETA=7.89h GPU_peak=11.34GiB
[PRITHVI] 1,270/2,814 45.13% batch=1 rate=0.0547 contexts/s ETA=7.84h GPU_peak=11.34GiB
[PRITHVI] 1,280/2,814 45.49% batch=1 rate=0.0547 contexts/s ETA=7.79h GPU_peak=11.34GiB
[PRITHVI] 1,290/2,814 45.84% batch=1 rate=0.0547 contexts/s ETA=7.74h GPU_peak=11.34GiB
[PRITHVI] 1,300/2,814 46.20% batch=1 rate=0.0547 contexts/s ETA=7.69h GPU_peak=11.34GiB
[PRITHVI] 1,310/2,814 46.55% batch=1 rate=0.0547 contexts/s ETA=7.64h GPU_peak=11.34GiB
[PRITHVI] 1,320/2,814 46.91% batch=1 rate=0.0547 contexts/s ETA=7.59h GPU_peak=11.34GiB
[PRITHVI] 1,330/2,814 47.26% batch=1 rate=0.0547 contexts/s ETA=7.54h GPU_peak=11.34GiB
[PRITHVI] 1,340/2,814 47.62% batch=1 rate=0.0547 contexts/s ETA=7.49h GPU_peak=11.34GiB
[PRITHVI] 1,350/2,814 47.97% batch=1 rate=0.0547 contexts/s ETA=7.44h GPU_peak=11.34GiB
[PRITHVI] 1,360/2,814 48.33% batch=1 rate=0.0547 contexts/s ETA=7.39h GPU_peak=11.34GiB
[PRITHVI] 1,370/2,814 48.69% batch=1 rate=0.0547 contexts/s ETA=7.34h GPU_peak=11.34GiB
[PRITHVI] 1,380/2,814 49.04% batch=1 rate=0.0547 contexts/s ETA=7.29h GPU_peak=11.34GiB
[PRITHVI] 1,390/2,814 49.40% batch=1 rate=0.0547 contexts/s ETA=7.24h GPU_peak=11.34GiB
[PRITHVI] 1,400/2,814 49.75% batch=1 rate=0.0547 contexts/s ETA=7.19h GPU_peak=11.34GiB
[PRITHVI] 1,410/2,814 50.11% batch=1 rate=0.0547 contexts/s ETA=7.14h GPU_peak=11.34GiB
[PRITHVI] 1,420/2,814 50.46% batch=1 rate=0.0547 contexts/s ETA=7.09h GPU_peak=11.34GiB
[PRITHVI] 1,430/2,814 50.82% batch=1 rate=0.0547 contexts/s ETA=7.03h GPU_peak=11.34GiB
[PRITHVI] 1,440/2,814 51.17% batch=1 rate=0.0546 contexts/s ETA=6.98h GPU_peak=11.34GiB
[PRITHVI] 1,450/2,814 51.53% batch=1 rate=0.0546 contexts/s ETA=6.93h GPU_peak=11.34GiB
[PRITHVI] 1,460/2,814 51.88% batch=1 rate=0.0546 contexts/s ETA=6.88h GPU_peak=11.34GiB
[PRITHVI] 1,470/2,814 52.24% batch=1 rate=0.0546 contexts/s ETA=6.83h GPU_peak=11.34GiB
[PRITHVI] 1,480/2,814 52.59% batch=1 rate=0.0546 contexts/s ETA=6.78h GPU_peak=11.34GiB
[PRITHVI] 1,490/2,814 52.95% batch=1 rate=0.0546 contexts/s ETA=6.73h GPU_peak=11.34GiB
[PRITHVI] 1,500/2,814 53.30% batch=1 rate=0.0546 contexts/s ETA=6.68h GPU_peak=11.34GiB
[PRITHVI] 1,510/2,814 53.66% batch=1 rate=0.0546 contexts/s ETA=6.63h GPU_peak=11.34GiB
[PRITHVI] 1,520/2,814 54.02% batch=1 rate=0.0546 contexts/s ETA=6.58h GPU_peak=11.34GiB
[PRITHVI] 1,530/2,814 54.37% batch=1 rate=0.0546 contexts/s ETA=6.53h GPU_peak=11.34GiB
[PRITHVI] 1,540/2,814 54.73% batch=1 rate=0.0546 contexts/s ETA=6.48h GPU_peak=11.34GiB
[PRITHVI] 1,550/2,814 55.08% batch=1 rate=0.0546 contexts/s ETA=6.43h GPU_peak=11.34GiB
[PRITHVI] 1,560/2,814 55.44% batch=1 rate=0.0546 contexts/s ETA=6.38h GPU_peak=11.34GiB
[PRITHVI] 1,570/2,814 55.79% batch=1 rate=0.0546 contexts/s ETA=6.33h GPU_peak=11.34GiB
[PRITHVI] 1,580/2,814 56.15% batch=1 rate=0.0546 contexts/s ETA=6.27h GPU_peak=11.34GiB
[PRITHVI] 1,590/2,814 56.50% batch=1 rate=0.0546 contexts/s ETA=6.22h GPU_peak=11.34GiB
[PRITHVI] 1,600/2,814 56.86% batch=1 rate=0.0546 contexts/s ETA=6.17h GPU_peak=11.34GiB
[PRITHVI] 1,610/2,814 57.21% batch=1 rate=0.0546 contexts/s ETA=6.12h GPU_peak=11.34GiB
[PRITHVI] 1,620/2,814 57.57% batch=1 rate=0.0546 contexts/s ETA=6.07h GPU_peak=11.34GiB
[PRITHVI] 1,630/2,814 57.92% batch=1 rate=0.0546 contexts/s ETA=6.02h GPU_peak=11.34GiB
[PRITHVI] 1,640/2,814 58.28% batch=1 rate=0.0546 contexts/s ETA=5.97h GPU_peak=11.34GiB
[PRITHVI] 1,650/2,814 58.64% batch=1 rate=0.0546 contexts/s ETA=5.92h GPU_peak=11.34GiB
[PRITHVI] 1,660/2,814 58.99% batch=1 rate=0.0546 contexts/s ETA=5.87h GPU_peak=11.34GiB
[PRITHVI] 1,670/2,814 59.35% batch=1 rate=0.0546 contexts/s ETA=5.82h GPU_peak=11.34GiB
[PRITHVI] 1,680/2,814 59.70% batch=1 rate=0.0546 contexts/s ETA=5.77h GPU_peak=11.34GiB
[PRITHVI] 1,690/2,814 60.06% batch=1 rate=0.0546 contexts/s ETA=5.72h GPU_peak=11.34GiB
[PRITHVI] 1,700/2,814 60.41% batch=1 rate=0.0546 contexts/s ETA=5.67h GPU_peak=11.34GiB
[PRITHVI] 1,710/2,814 60.77% batch=1 rate=0.0546 contexts/s ETA=5.61h GPU_peak=11.34GiB
[PRITHVI] 1,720/2,814 61.12% batch=1 rate=0.0546 contexts/s ETA=5.56h GPU_peak=11.34GiB
[PRITHVI] 1,730/2,814 61.48% batch=1 rate=0.0546 contexts/s ETA=5.51h GPU_peak=11.34GiB
[PRITHVI] 1,740/2,814 61.83% batch=1 rate=0.0546 contexts/s ETA=5.46h GPU_peak=11.34GiB
[PRITHVI] 1,750/2,814 62.19% batch=1 rate=0.0546 contexts/s ETA=5.41h GPU_peak=11.34GiB
[PRITHVI] 1,760/2,814 62.54% batch=1 rate=0.0546 contexts/s ETA=5.36h GPU_peak=11.34GiB
[PRITHVI] 1,770/2,814 62.90% batch=1 rate=0.0546 contexts/s ETA=5.31h GPU_peak=11.34GiB
[PRITHVI] 1,780/2,814 63.26% batch=1 rate=0.0546 contexts/s ETA=5.26h GPU_peak=11.34GiB
[PRITHVI] 1,790/2,814 63.61% batch=1 rate=0.0546 contexts/s ETA=5.21h GPU_peak=11.34GiB
[PRITHVI] 1,800/2,814 63.97% batch=1 rate=0.0546 contexts/s ETA=5.16h GPU_peak=11.34GiB
[PRITHVI] 1,810/2,814 64.32% batch=1 rate=0.0546 contexts/s ETA=5.11h GPU_peak=11.34GiB
[PRITHVI] 1,820/2,814 64.68% batch=1 rate=0.0546 contexts/s ETA=5.06h GPU_peak=11.34GiB
[PRITHVI] 1,830/2,814 65.03% batch=1 rate=0.0546 contexts/s ETA=5.01h GPU_peak=11.34GiB
[PRITHVI] 1,840/2,814 65.39% batch=1 rate=0.0546 contexts/s ETA=4.95h GPU_peak=11.34GiB
[PRITHVI] 1,850/2,814 65.74% batch=1 rate=0.0546 contexts/s ETA=4.90h GPU_peak=11.34GiB
[PRITHVI] 1,860/2,814 66.10% batch=1 rate=0.0546 contexts/s ETA=4.85h GPU_peak=11.34GiB
[PRITHVI] 1,870/2,814 66.45% batch=1 rate=0.0546 contexts/s ETA=4.80h GPU_peak=11.34GiB
[PRITHVI] 1,880/2,814 66.81% batch=1 rate=0.0546 contexts/s ETA=4.75h GPU_peak=11.34GiB
[PRITHVI] 1,890/2,814 67.16% batch=1 rate=0.0546 contexts/s ETA=4.70h GPU_peak=11.34GiB
[PRITHVI] 1,900/2,814 67.52% batch=1 rate=0.0546 contexts/s ETA=4.65h GPU_peak=11.34GiB
[PRITHVI] 1,910/2,814 67.87% batch=1 rate=0.0546 contexts/s ETA=4.60h GPU_peak=11.34GiB
[PRITHVI] 1,920/2,814 68.23% batch=1 rate=0.0546 contexts/s ETA=4.55h GPU_peak=11.34GiB
[PRITHVI] 1,930/2,814 68.59% batch=1 rate=0.0546 contexts/s ETA=4.50h GPU_peak=11.34GiB
[PRITHVI] 1,940/2,814 68.94% batch=1 rate=0.0546 contexts/s ETA=4.45h GPU_peak=11.34GiB
[PRITHVI] 1,950/2,814 69.30% batch=1 rate=0.0546 contexts/s ETA=4.39h GPU_peak=11.34GiB
[PRITHVI] 1,960/2,814 69.65% batch=1 rate=0.0546 contexts/s ETA=4.34h GPU_peak=11.34GiB
[PRITHVI] 1,970/2,814 70.01% batch=1 rate=0.0546 contexts/s ETA=4.29h GPU_peak=11.34GiB
[PRITHVI] 1,980/2,814 70.36% batch=1 rate=0.0546 contexts/s ETA=4.24h GPU_peak=11.34GiB
[PRITHVI] 1,990/2,814 70.72% batch=1 rate=0.0546 contexts/s ETA=4.19h GPU_peak=11.34GiB
[PRITHVI] 2,000/2,814 71.07% batch=1 rate=0.0546 contexts/s ETA=4.15h GPU_peak=11.34GiB
[PRITHVI] 2,010/2,814 71.43% batch=1 rate=0.0545 contexts/s ETA=4.10h GPU_peak=11.34GiB
[PRITHVI] 2,020/2,814 71.78% batch=1 rate=0.0545 contexts/s ETA=4.05h GPU_peak=11.34GiB
[PRITHVI] 2,030/2,814 72.14% batch=1 rate=0.0545 contexts/s ETA=3.99h GPU_peak=11.34GiB
[PRITHVI] 2,040/2,814 72.49% batch=1 rate=0.0545 contexts/s ETA=3.94h GPU_peak=11.34GiB
[PRITHVI] 2,050/2,814 72.85% batch=1 rate=0.0545 contexts/s ETA=3.89h GPU_peak=11.34GiB
[PRITHVI] 2,060/2,814 73.21% batch=1 rate=0.0545 contexts/s ETA=3.84h GPU_peak=11.34GiB
[PRITHVI] 2,070/2,814 73.56% batch=1 rate=0.0545 contexts/s ETA=3.79h GPU_peak=11.34GiB
[PRITHVI] 2,080/2,814 73.92% batch=1 rate=0.0545 contexts/s ETA=3.74h GPU_peak=11.34GiB
[PRITHVI] 2,090/2,814 74.27% batch=1 rate=0.0545 contexts/s ETA=3.69h GPU_peak=11.34GiB
[PRITHVI] 2,100/2,814 74.63% batch=1 rate=0.0545 contexts/s ETA=3.64h GPU_peak=11.34GiB
[PRITHVI] 2,110/2,814 74.98% batch=1 rate=0.0545 contexts/s ETA=3.59h GPU_peak=11.34GiB
[PRITHVI] 2,120/2,814 75.34% batch=1 rate=0.0545 contexts/s ETA=3.53h GPU_peak=11.34GiB
[PRITHVI] 2,130/2,814 75.69% batch=1 rate=0.0545 contexts/s ETA=3.48h GPU_peak=11.34GiB
[PRITHVI] 2,140/2,814 76.05% batch=1 rate=0.0544 contexts/s ETA=3.44h GPU_peak=11.34GiB
[PRITHVI] 2,150/2,814 76.40% batch=1 rate=0.0542 contexts/s ETA=3.40h GPU_peak=11.34GiB
[PRITHVI] 2,160/2,814 76.76% batch=1 rate=0.0540 contexts/s ETA=3.36h GPU_peak=11.34GiB
[PRITHVI] 2,170/2,814 77.11% batch=1 rate=0.0538 contexts/s ETA=3.32h GPU_peak=11.34GiB
[PRITHVI] 2,180/2,814 77.47% batch=1 rate=0.0537 contexts/s ETA=3.28h GPU_peak=11.34GiB
[PRITHVI] 2,190/2,814 77.83% batch=1 rate=0.0535 contexts/s ETA=3.24h GPU_peak=11.34GiB
[PRITHVI] 2,200/2,814 78.18% batch=1 rate=0.0533 contexts/s ETA=3.20h GPU_peak=11.34GiB
[PRITHVI] 2,210/2,814 78.54% batch=1 rate=0.0531 contexts/s ETA=3.16h GPU_peak=11.34GiB
[PRITHVI] 2,220/2,814 78.89% batch=1 rate=0.0529 contexts/s ETA=3.12h GPU_peak=11.34GiB
[PRITHVI] 2,230/2,814 79.25% batch=1 rate=0.0527 contexts/s ETA=3.08h GPU_peak=11.34GiB
[PRITHVI] 2,240/2,814 79.60% batch=1 rate=0.0525 contexts/s ETA=3.03h GPU_peak=11.34GiB
[PRITHVI] 2,250/2,814 79.96% batch=1 rate=0.0524 contexts/s ETA=2.99h GPU_peak=11.34GiB
[PRITHVI] 2,260/2,814 80.31% batch=1 rate=0.0522 contexts/s ETA=2.95h GPU_peak=11.34GiB
[PRITHVI] 2,270/2,814 80.67% batch=1 rate=0.0520 contexts/s ETA=2.90h GPU_peak=11.34GiB
[PRITHVI] 2,280/2,814 81.02% batch=1 rate=0.0519 contexts/s ETA=2.86h GPU_peak=11.34GiB
[PRITHVI] 2,290/2,814 81.38% batch=1 rate=0.0517 contexts/s ETA=2.82h GPU_peak=11.34GiB
[PRITHVI] 2,300/2,814 81.73% batch=1 rate=0.0515 contexts/s ETA=2.77h GPU_peak=11.34GiB
[PRITHVI] 2,310/2,814 82.09% batch=1 rate=0.0514 contexts/s ETA=2.73h GPU_peak=11.34GiB
[PRITHVI] 2,320/2,814 82.44% batch=1 rate=0.0512 contexts/s ETA=2.68h GPU_peak=11.34GiB
[PRITHVI] 2,330/2,814 82.80% batch=1 rate=0.0511 contexts/s ETA=2.63h GPU_peak=11.34GiB
[PRITHVI] 2,340/2,814 83.16% batch=1 rate=0.0509 contexts/s ETA=2.59h GPU_peak=11.34GiB
[PRITHVI] 2,350/2,814 83.51% batch=1 rate=0.0508 contexts/s ETA=2.54h GPU_peak=11.34GiB
[PRITHVI] 2,360/2,814 83.87% batch=1 rate=0.0506 contexts/s ETA=2.49h GPU_peak=11.34GiB
[PRITHVI] 2,370/2,814 84.22% batch=1 rate=0.0505 contexts/s ETA=2.44h GPU_peak=11.34GiB
[PRITHVI] 2,380/2,814 84.58% batch=1 rate=0.0503 contexts/s ETA=2.40h GPU_peak=11.34GiB
[PRITHVI] 2,390/2,814 84.93% batch=1 rate=0.0502 contexts/s ETA=2.35h GPU_peak=11.34GiB
[PRITHVI] 2,400/2,814 85.29% batch=1 rate=0.0500 contexts/s ETA=2.30h GPU_peak=11.34GiB
[PRITHVI] 2,410/2,814 85.64% batch=1 rate=0.0499 contexts/s ETA=2.25h GPU_peak=11.34GiB
[PRITHVI] 2,420/2,814 86.00% batch=1 rate=0.0498 contexts/s ETA=2.20h GPU_peak=11.34GiB
[PRITHVI] 2,430/2,814 86.35% batch=1 rate=0.0496 contexts/s ETA=2.15h GPU_peak=11.34GiB
[PRITHVI] 2,440/2,814 86.71% batch=1 rate=0.0495 contexts/s ETA=2.10h GPU_peak=11.34GiB
[PRITHVI] 2,450/2,814 87.06% batch=1 rate=0.0494 contexts/s ETA=2.05h GPU_peak=11.34GiB
[PRITHVI] 2,460/2,814 87.42% batch=1 rate=0.0492 contexts/s ETA=2.00h GPU_peak=11.34GiB
[PRITHVI] 2,470/2,814 87.78% batch=1 rate=0.0491 contexts/s ETA=1.95h GPU_peak=11.34GiB
[PRITHVI] 2,480/2,814 88.13% batch=1 rate=0.0490 contexts/s ETA=1.89h GPU_peak=11.34GiB
[PRITHVI] 2,490/2,814 88.49% batch=1 rate=0.0489 contexts/s ETA=1.84h GPU_peak=11.34GiB
[PRITHVI] 2,500/2,814 88.84% batch=1 rate=0.0487 contexts/s ETA=1.79h GPU_peak=11.34GiB
[PRITHVI] 2,510/2,814 89.20% batch=1 rate=0.0486 contexts/s ETA=1.74h GPU_peak=11.34GiB
[PRITHVI] 2,520/2,814 89.55% batch=1 rate=0.0485 contexts/s ETA=1.68h GPU_peak=11.34GiB
[PRITHVI] 2,530/2,814 89.91% batch=1 rate=0.0484 contexts/s ETA=1.63h GPU_peak=11.34GiB
[PRITHVI] 2,540/2,814 90.26% batch=1 rate=0.0483 contexts/s ETA=1.58h GPU_peak=11.34GiB
[PRITHVI] 2,550/2,814 90.62% batch=1 rate=0.0481 contexts/s ETA=1.52h GPU_peak=11.34GiB
[PRITHVI] 2,560/2,814 90.97% batch=1 rate=0.0480 contexts/s ETA=1.47h GPU_peak=11.34GiB
[PRITHVI] 2,570/2,814 91.33% batch=1 rate=0.0479 contexts/s ETA=1.41h GPU_peak=11.34GiB
[PRITHVI] 2,580/2,814 91.68% batch=1 rate=0.0478 contexts/s ETA=1.36h GPU_peak=11.34GiB
[PRITHVI] 2,590/2,814 92.04% batch=1 rate=0.0477 contexts/s ETA=1.30h GPU_peak=11.34GiB
[PRITHVI] 2,600/2,814 92.40% batch=1 rate=0.0477 contexts/s ETA=1.25h GPU_peak=11.34GiB
[PRITHVI] 2,610/2,814 92.75% batch=1 rate=0.0477 contexts/s ETA=1.19h GPU_peak=11.34GiB
[PRITHVI] 2,620/2,814 93.11% batch=1 rate=0.0477 contexts/s ETA=1.13h GPU_peak=11.34GiB
[PRITHVI] 2,630/2,814 93.46% batch=1 rate=0.0477 contexts/s ETA=1.07h GPU_peak=11.34GiB
[PRITHVI] 2,640/2,814 93.82% batch=1 rate=0.0477 contexts/s ETA=1.01h GPU_peak=11.34GiB
[PRITHVI] 2,650/2,814 94.17% batch=1 rate=0.0478 contexts/s ETA=0.95h GPU_peak=11.34GiB
[PRITHVI] 2,660/2,814 94.53% batch=1 rate=0.0478 contexts/s ETA=0.90h GPU_peak=11.34GiB
[PRITHVI] 2,670/2,814 94.88% batch=1 rate=0.0478 contexts/s ETA=0.84h GPU_peak=11.34GiB
[PRITHVI] 2,680/2,814 95.24% batch=1 rate=0.0478 contexts/s ETA=0.78h GPU_peak=11.34GiB
[PRITHVI] 2,690/2,814 95.59% batch=1 rate=0.0478 contexts/s ETA=0.72h GPU_peak=11.34GiB
[PRITHVI] 2,700/2,814 95.95% batch=1 rate=0.0479 contexts/s ETA=0.66h GPU_peak=11.34GiB
[PRITHVI] 2,710/2,814 96.30% batch=1 rate=0.0479 contexts/s ETA=0.60h GPU_peak=11.34GiB
[PRITHVI] 2,720/2,814 96.66% batch=1 rate=0.0479 contexts/s ETA=0.55h GPU_peak=11.34GiB
[PRITHVI] 2,730/2,814 97.01% batch=1 rate=0.0479 contexts/s ETA=0.49h GPU_peak=11.34GiB
[PRITHVI] 2,740/2,814 97.37% batch=1 rate=0.0479 contexts/s ETA=0.43h GPU_peak=11.34GiB
[PRITHVI] 2,750/2,814 97.73% batch=1 rate=0.0480 contexts/s ETA=0.37h GPU_peak=11.34GiB
[PRITHVI] 2,760/2,814 98.08% batch=1 rate=0.0480 contexts/s ETA=0.31h GPU_peak=11.34GiB
[PRITHVI] 2,770/2,814 98.44% batch=1 rate=0.0480 contexts/s ETA=0.25h GPU_peak=11.34GiB
[PRITHVI] 2,780/2,814 98.79% batch=1 rate=0.0480 contexts/s ETA=0.20h GPU_peak=11.34GiB
[PRITHVI] 2,790/2,814 99.15% batch=1 rate=0.0480 contexts/s ETA=0.14h GPU_peak=11.34GiB
[PRITHVI] 2,800/2,814 99.50% batch=1 rate=0.0481 contexts/s ETA=0.08h GPU_peak=11.34GiB
[PRITHVI] 2,810/2,814 99.86% batch=1 rate=0.0481 contexts/s ETA=0.02h GPU_peak=11.34GiB
[COMPLETE] {
  "status": "completed",
  "backbone": "prithvi.wxc.rollout.2300m.v1",
  "adapter": "ERA5 shared-field / mean-imputed MERRA2 adapter",
  "contexts": 2816,
  "missing": {
    "6": 0,
    "24": 0,
    "72": 0
  },
  "representative_pressure_pa": [
    5201.599609375,
    11825.0048828125,
    16366.1845703125,
    22592.69921875,
    26494.021484375,
    30981.673828125,
    42374.9375,
    53139.765625,
    60300.76953125,
    69242.0390625,
    83056.890625,
    90197.8046875,
    94481.265625,
    95919.8828125
  ],
  "imputation": "unsupported MERRA2 dynamic/static variables and climate set to pretrained mean",
  "precipitation": "total_precipitation_6hr persistence"
}
