[DATA] contexts=64,272 remaining=64,174
[MODEL] constructing FCNv2-small
[MODEL] missing: []
[MODEL] unexpected: []
/home/tahiti/ConserveFM/external/ai-models-fourcastnetv2/ai_models_fourcastnetv2/fourcastnetv2/layers.py:623: FutureWarning: `torch.cuda.amp.autocast(args...)` is deprecated. Please use `torch.amp.autocast('cuda', args...)` instead.
  with amp.autocast(enabled=False):
/home/tahiti/ConserveFM/external/ai-models-fourcastnetv2/ai_models_fourcastnetv2/fourcastnetv2/layers.py:632: FutureWarning: `torch.cuda.amp.autocast(args...)` is deprecated. Please use `torch.amp.autocast('cuda', args...)` instead.
  with amp.autocast(enabled=False):
[FCN] 4/64,174 0.01% rate=0.425 contexts/s ETA=41.91h GPU_peak=33.51GiB
[FCN] 100/64,174 0.16% rate=0.499 contexts/s ETA=35.68h GPU_peak=33.51GiB
[FCN] 200/64,174 0.31% rate=0.500 contexts/s ETA=35.51h GPU_peak=33.51GiB
[FCN] 300/64,174 0.47% rate=0.501 contexts/s ETA=35.43h GPU_peak=33.51GiB
[FCN] 400/64,174 0.62% rate=0.501 contexts/s ETA=35.35h GPU_peak=33.51GiB
[FCN] 500/64,174 0.78% rate=0.501 contexts/s ETA=35.29h GPU_peak=33.51GiB
[FCN] 600/64,174 0.93% rate=0.501 contexts/s ETA=35.22h GPU_peak=33.51GiB
[FCN] 700/64,174 1.09% rate=0.501 contexts/s ETA=35.16h GPU_peak=33.51GiB
[FCN] 800/64,174 1.25% rate=0.501 contexts/s ETA=35.11h GPU_peak=33.51GiB
[FCN] 900/64,174 1.40% rate=0.502 contexts/s ETA=35.05h GPU_peak=33.51GiB
[FCN] 1,000/64,174 1.56% rate=0.502 contexts/s ETA=34.99h GPU_peak=33.51GiB
[FCN] 1,100/64,174 1.71% rate=0.502 contexts/s ETA=34.93h GPU_peak=33.51GiB
[FCN] 1,200/64,174 1.87% rate=0.502 contexts/s ETA=34.88h GPU_peak=33.51GiB
[FCN] 1,300/64,174 2.03% rate=0.502 contexts/s ETA=34.82h GPU_peak=33.51GiB
[FCN] 1,400/64,174 2.18% rate=0.502 contexts/s ETA=34.76h GPU_peak=33.51GiB
[FCN] 1,500/64,174 2.34% rate=0.502 contexts/s ETA=34.70h GPU_peak=33.51GiB
[FCN] 1,600/64,174 2.49% rate=0.502 contexts/s ETA=34.65h GPU_peak=33.51GiB
[FCN] 1,700/64,174 2.65% rate=0.502 contexts/s ETA=34.59h GPU_peak=33.51GiB
[FCN] 1,800/64,174 2.80% rate=0.502 contexts/s ETA=34.54h GPU_peak=33.51GiB
[FCN] 1,900/64,174 2.96% rate=0.502 contexts/s ETA=34.48h GPU_peak=33.51GiB
[FCN] 2,000/64,174 3.12% rate=0.502 contexts/s ETA=34.43h GPU_peak=33.51GiB
[FCN] 2,100/64,174 3.27% rate=0.502 contexts/s ETA=34.38h GPU_peak=33.51GiB
[FCN] 2,200/64,174 3.43% rate=0.502 contexts/s ETA=34.32h GPU_peak=33.51GiB
[FCN] 2,300/64,174 3.58% rate=0.502 contexts/s ETA=34.27h GPU_peak=33.51GiB
[FCN] 2,400/64,174 3.74% rate=0.502 contexts/s ETA=34.21h GPU_peak=33.51GiB
[FCN] 2,500/64,174 3.90% rate=0.502 contexts/s ETA=34.15h GPU_peak=33.51GiB
[FCN] 2,600/64,174 4.05% rate=0.502 contexts/s ETA=34.08h GPU_peak=33.51GiB
[FCN] 2,700/64,174 4.21% rate=0.502 contexts/s ETA=34.02h GPU_peak=33.51GiB
[FCN] 2,800/64,174 4.36% rate=0.502 contexts/s ETA=33.96h GPU_peak=33.51GiB
[FCN] 2,900/64,174 4.52% rate=0.502 contexts/s ETA=33.90h GPU_peak=33.51GiB
[FCN] 3,000/64,174 4.67% rate=0.502 contexts/s ETA=33.84h GPU_peak=33.51GiB
[FCN] 3,100/64,174 4.83% rate=0.502 contexts/s ETA=33.78h GPU_peak=33.51GiB
[FCN] 3,200/64,174 4.99% rate=0.502 contexts/s ETA=33.72h GPU_peak=33.51GiB
[FCN] 3,300/64,174 5.14% rate=0.502 contexts/s ETA=33.66h GPU_peak=33.51GiB
[FCN] 3,400/64,174 5.30% rate=0.502 contexts/s ETA=33.60h GPU_peak=33.51GiB
[FCN] 3,500/64,174 5.45% rate=0.502 contexts/s ETA=33.54h GPU_peak=33.51GiB
[FCN] 3,600/64,174 5.61% rate=0.503 contexts/s ETA=33.48h GPU_peak=33.51GiB
[FCN] 3,700/64,174 5.77% rate=0.503 contexts/s ETA=33.42h GPU_peak=33.51GiB
[FCN] 3,800/64,174 5.92% rate=0.503 contexts/s ETA=33.36h GPU_peak=33.51GiB
[FCN] 3,900/64,174 6.08% rate=0.503 contexts/s ETA=33.30h GPU_peak=33.51GiB
[FCN] 4,000/64,174 6.23% rate=0.503 contexts/s ETA=33.24h GPU_peak=33.51GiB
[FCN] 4,100/64,174 6.39% rate=0.503 contexts/s ETA=33.19h GPU_peak=33.51GiB
[FCN] 4,200/64,174 6.54% rate=0.503 contexts/s ETA=33.13h GPU_peak=33.51GiB
[FCN] 4,300/64,174 6.70% rate=0.503 contexts/s ETA=33.07h GPU_peak=33.51GiB
[FCN] 4,400/64,174 6.86% rate=0.503 contexts/s ETA=33.01h GPU_peak=33.51GiB
[FCN] 4,500/64,174 7.01% rate=0.503 contexts/s ETA=32.96h GPU_peak=33.51GiB
[FCN] 4,600/64,174 7.17% rate=0.503 contexts/s ETA=32.90h GPU_peak=33.51GiB
[FCN] 4,700/64,174 7.32% rate=0.503 contexts/s ETA=32.84h GPU_peak=33.51GiB
[FCN] 4,800/64,174 7.48% rate=0.503 contexts/s ETA=32.79h GPU_peak=33.51GiB
[FCN] 4,900/64,174 7.64% rate=0.503 contexts/s ETA=32.73h GPU_peak=33.51GiB
[FCN] 5,000/64,174 7.79% rate=0.503 contexts/s ETA=32.67h GPU_peak=33.51GiB
[FCN] 5,100/64,174 7.95% rate=0.503 contexts/s ETA=32.62h GPU_peak=33.51GiB
[FCN] 5,200/64,174 8.10% rate=0.503 contexts/s ETA=32.57h GPU_peak=33.51GiB
[FCN] 5,300/64,174 8.26% rate=0.503 contexts/s ETA=32.51h GPU_peak=33.51GiB
[FCN] 5,400/64,174 8.41% rate=0.503 contexts/s ETA=32.46h GPU_peak=33.51GiB
[FCN] 5,500/64,174 8.57% rate=0.503 contexts/s ETA=32.40h GPU_peak=33.51GiB
[FCN] 5,600/64,174 8.73% rate=0.503 contexts/s ETA=32.35h GPU_peak=33.51GiB
[FCN] 5,700/64,174 8.88% rate=0.503 contexts/s ETA=32.29h GPU_peak=33.51GiB
[FCN] 5,800/64,174 9.04% rate=0.503 contexts/s ETA=32.23h GPU_peak=33.51GiB
[FCN] 5,900/64,174 9.19% rate=0.503 contexts/s ETA=32.18h GPU_peak=33.51GiB
[FCN] 6,000/64,174 9.35% rate=0.503 contexts/s ETA=32.12h GPU_peak=33.51GiB
[FCN] 6,100/64,174 9.51% rate=0.503 contexts/s ETA=32.07h GPU_peak=33.51GiB
[FCN] 6,200/64,174 9.66% rate=0.503 contexts/s ETA=32.01h GPU_peak=33.51GiB
[FCN] 6,300/64,174 9.82% rate=0.503 contexts/s ETA=31.96h GPU_peak=33.51GiB
[FCN] 6,400/64,174 9.97% rate=0.503 contexts/s ETA=31.91h GPU_peak=33.51GiB
[FCN] 6,500/64,174 10.13% rate=0.503 contexts/s ETA=31.85h GPU_peak=33.51GiB
[FCN] 6,600/64,174 10.28% rate=0.503 contexts/s ETA=31.80h GPU_peak=33.51GiB
[FCN] 6,700/64,174 10.44% rate=0.503 contexts/s ETA=31.74h GPU_peak=33.51GiB
[FCN] 6,800/64,174 10.60% rate=0.503 contexts/s ETA=31.69h GPU_peak=33.51GiB
[FCN] 6,900/64,174 10.75% rate=0.503 contexts/s ETA=31.64h GPU_peak=33.51GiB
[FCN] 7,000/64,174 10.91% rate=0.503 contexts/s ETA=31.58h GPU_peak=33.51GiB
[FCN] 7,100/64,174 11.06% rate=0.503 contexts/s ETA=31.53h GPU_peak=33.51GiB
[FCN] 7,200/64,174 11.22% rate=0.503 contexts/s ETA=31.48h GPU_peak=33.51GiB
[FCN] 7,300/64,174 11.38% rate=0.503 contexts/s ETA=31.42h GPU_peak=33.51GiB
[FCN] 7,400/64,174 11.53% rate=0.503 contexts/s ETA=31.37h GPU_peak=33.51GiB
[FCN] 7,500/64,174 11.69% rate=0.503 contexts/s ETA=31.31h GPU_peak=33.51GiB
[FCN] 7,600/64,174 11.84% rate=0.503 contexts/s ETA=31.26h GPU_peak=33.51GiB
[FCN] 7,700/64,174 12.00% rate=0.503 contexts/s ETA=31.20h GPU_peak=33.51GiB
[FCN] 7,800/64,174 12.15% rate=0.503 contexts/s ETA=31.15h GPU_peak=33.51GiB
[FCN] 7,900/64,174 12.31% rate=0.503 contexts/s ETA=31.10h GPU_peak=33.51GiB
[FCN] 8,000/64,174 12.47% rate=0.503 contexts/s ETA=31.04h GPU_peak=33.51GiB
[FCN] 8,100/64,174 12.62% rate=0.503 contexts/s ETA=30.99h GPU_peak=33.51GiB
[FCN] 8,200/64,174 12.78% rate=0.503 contexts/s ETA=30.93h GPU_peak=33.51GiB
[FCN] 8,300/64,174 12.93% rate=0.503 contexts/s ETA=30.88h GPU_peak=33.51GiB
[FCN] 8,400/64,174 13.09% rate=0.503 contexts/s ETA=30.82h GPU_peak=33.51GiB
[FCN] 8,500/64,174 13.25% rate=0.503 contexts/s ETA=30.77h GPU_peak=33.51GiB
[FCN] 8,600/64,174 13.40% rate=0.503 contexts/s ETA=30.71h GPU_peak=33.51GiB
[FCN] 8,700/64,174 13.56% rate=0.503 contexts/s ETA=30.65h GPU_peak=33.51GiB
[FCN] 8,800/64,174 13.71% rate=0.503 contexts/s ETA=30.60h GPU_peak=33.51GiB
[FCN] 8,900/64,174 13.87% rate=0.503 contexts/s ETA=30.54h GPU_peak=33.51GiB
[FCN] 9,000/64,174 14.02% rate=0.503 contexts/s ETA=30.48h GPU_peak=33.51GiB
[FCN] 9,100/64,174 14.18% rate=0.503 contexts/s ETA=30.43h GPU_peak=33.51GiB
[FCN] 9,200/64,174 14.34% rate=0.503 contexts/s ETA=30.37h GPU_peak=33.51GiB
[FCN] 9,300/64,174 14.49% rate=0.503 contexts/s ETA=30.32h GPU_peak=33.51GiB
[FCN] 9,400/64,174 14.65% rate=0.503 contexts/s ETA=30.26h GPU_peak=33.51GiB
[FCN] 9,500/64,174 14.80% rate=0.503 contexts/s ETA=30.20h GPU_peak=33.51GiB
[FCN] 9,600/64,174 14.96% rate=0.503 contexts/s ETA=30.15h GPU_peak=33.51GiB
[FCN] 9,700/64,174 15.12% rate=0.503 contexts/s ETA=30.09h GPU_peak=33.51GiB
[FCN] 9,800/64,174 15.27% rate=0.503 contexts/s ETA=30.03h GPU_peak=33.51GiB
[FCN] 9,900/64,174 15.43% rate=0.503 contexts/s ETA=29.98h GPU_peak=33.51GiB
[FCN] 10,000/64,174 15.58% rate=0.503 contexts/s ETA=29.92h GPU_peak=33.51GiB
[FCN] 10,100/64,174 15.74% rate=0.503 contexts/s ETA=29.87h GPU_peak=33.51GiB
[FCN] 10,200/64,174 15.89% rate=0.503 contexts/s ETA=29.81h GPU_peak=33.51GiB
[FCN] 10,300/64,174 16.05% rate=0.503 contexts/s ETA=29.75h GPU_peak=33.51GiB
[FCN] 10,400/64,174 16.21% rate=0.503 contexts/s ETA=29.70h GPU_peak=33.51GiB
[FCN] 10,500/64,174 16.36% rate=0.503 contexts/s ETA=29.64h GPU_peak=33.51GiB
[FCN] 10,600/64,174 16.52% rate=0.503 contexts/s ETA=29.59h GPU_peak=33.51GiB
[FCN] 10,700/64,174 16.67% rate=0.503 contexts/s ETA=29.53h GPU_peak=33.51GiB
[FCN] 10,800/64,174 16.83% rate=0.503 contexts/s ETA=29.47h GPU_peak=33.51GiB
[FCN] 10,900/64,174 16.99% rate=0.503 contexts/s ETA=29.42h GPU_peak=33.51GiB
[FCN] 11,000/64,174 17.14% rate=0.503 contexts/s ETA=29.36h GPU_peak=33.51GiB
[FCN] 11,100/64,174 17.30% rate=0.503 contexts/s ETA=29.31h GPU_peak=33.51GiB
[FCN] 11,200/64,174 17.45% rate=0.503 contexts/s ETA=29.25h GPU_peak=33.51GiB
[FCN] 11,300/64,174 17.61% rate=0.503 contexts/s ETA=29.19h GPU_peak=33.51GiB
[FCN] 11,400/64,174 17.76% rate=0.503 contexts/s ETA=29.14h GPU_peak=33.51GiB
[FCN] 11,500/64,174 17.92% rate=0.503 contexts/s ETA=29.08h GPU_peak=33.51GiB
[FCN] 11,600/64,174 18.08% rate=0.503 contexts/s ETA=29.03h GPU_peak=33.51GiB
[FCN] 11,700/64,174 18.23% rate=0.503 contexts/s ETA=28.97h GPU_peak=33.51GiB
[FCN] 11,800/64,174 18.39% rate=0.503 contexts/s ETA=28.92h GPU_peak=33.51GiB
[FCN] 11,900/64,174 18.54% rate=0.503 contexts/s ETA=28.86h GPU_peak=33.51GiB
[FCN] 12,000/64,174 18.70% rate=0.503 contexts/s ETA=28.80h GPU_peak=33.51GiB
[FCN] 12,100/64,174 18.85% rate=0.503 contexts/s ETA=28.75h GPU_peak=33.51GiB
[FCN] 12,200/64,174 19.01% rate=0.503 contexts/s ETA=28.69h GPU_peak=33.51GiB
[FCN] 12,300/64,174 19.17% rate=0.503 contexts/s ETA=28.64h GPU_peak=33.51GiB
[FCN] 12,400/64,174 19.32% rate=0.503 contexts/s ETA=28.58h GPU_peak=33.51GiB
[FCN] 12,500/64,174 19.48% rate=0.503 contexts/s ETA=28.53h GPU_peak=33.51GiB
[FCN] 12,600/64,174 19.63% rate=0.503 contexts/s ETA=28.47h GPU_peak=33.51GiB
[FCN] 12,700/64,174 19.79% rate=0.503 contexts/s ETA=28.42h GPU_peak=33.51GiB
[FCN] 12,800/64,174 19.95% rate=0.503 contexts/s ETA=28.36h GPU_peak=33.51GiB
[FCN] 12,900/64,174 20.10% rate=0.503 contexts/s ETA=28.30h GPU_peak=33.51GiB
[FCN] 13,000/64,174 20.26% rate=0.503 contexts/s ETA=28.25h GPU_peak=33.51GiB
[FCN] 13,100/64,174 20.41% rate=0.503 contexts/s ETA=28.19h GPU_peak=33.51GiB
[FCN] 13,200/64,174 20.57% rate=0.503 contexts/s ETA=28.14h GPU_peak=33.51GiB
[FCN] 13,300/64,174 20.72% rate=0.503 contexts/s ETA=28.08h GPU_peak=33.51GiB
[FCN] 13,400/64,174 20.88% rate=0.503 contexts/s ETA=28.02h GPU_peak=33.51GiB
[FCN] 13,500/64,174 21.04% rate=0.503 contexts/s ETA=27.97h GPU_peak=33.51GiB
[FCN] 13,600/64,174 21.19% rate=0.503 contexts/s ETA=27.91h GPU_peak=33.51GiB
[FCN] 13,700/64,174 21.35% rate=0.503 contexts/s ETA=27.86h GPU_peak=33.51GiB
[FCN] 13,800/64,174 21.50% rate=0.503 contexts/s ETA=27.80h GPU_peak=33.51GiB
[FCN] 13,900/64,174 21.66% rate=0.503 contexts/s ETA=27.75h GPU_peak=33.51GiB
[FCN] 14,000/64,174 21.82% rate=0.503 contexts/s ETA=27.69h GPU_peak=33.51GiB
[FCN] 14,100/64,174 21.97% rate=0.503 contexts/s ETA=27.63h GPU_peak=33.51GiB
[FCN] 14,200/64,174 22.13% rate=0.503 contexts/s ETA=27.58h GPU_peak=33.51GiB
[FCN] 14,300/64,174 22.28% rate=0.503 contexts/s ETA=27.52h GPU_peak=33.51GiB
[FCN] 14,400/64,174 22.44% rate=0.503 contexts/s ETA=27.47h GPU_peak=33.51GiB
[FCN] 14,500/64,174 22.59% rate=0.503 contexts/s ETA=27.41h GPU_peak=33.51GiB
[FCN] 14,600/64,174 22.75% rate=0.503 contexts/s ETA=27.36h GPU_peak=33.51GiB
[FCN] 14,700/64,174 22.91% rate=0.503 contexts/s ETA=27.30h GPU_peak=33.51GiB
[FCN] 14,800/64,174 23.06% rate=0.503 contexts/s ETA=27.24h GPU_peak=33.51GiB
[FCN] 14,900/64,174 23.22% rate=0.503 contexts/s ETA=27.19h GPU_peak=33.51GiB
[FCN] 15,000/64,174 23.37% rate=0.503 contexts/s ETA=27.13h GPU_peak=33.51GiB
[FCN] 15,100/64,174 23.53% rate=0.503 contexts/s ETA=27.08h GPU_peak=33.51GiB
[FCN] 15,200/64,174 23.69% rate=0.503 contexts/s ETA=27.02h GPU_peak=33.51GiB
[FCN] 15,300/64,174 23.84% rate=0.503 contexts/s ETA=26.97h GPU_peak=33.51GiB
[FCN] 15,400/64,174 24.00% rate=0.503 contexts/s ETA=26.91h GPU_peak=33.51GiB
[FCN] 15,500/64,174 24.15% rate=0.503 contexts/s ETA=26.86h GPU_peak=33.51GiB
[FCN] 15,600/64,174 24.31% rate=0.503 contexts/s ETA=26.80h GPU_peak=33.51GiB
[FCN] 15,700/64,174 24.46% rate=0.503 contexts/s ETA=26.74h GPU_peak=33.51GiB
[FCN] 15,800/64,174 24.62% rate=0.503 contexts/s ETA=26.69h GPU_peak=33.51GiB
[FCN] 15,900/64,174 24.78% rate=0.503 contexts/s ETA=26.63h GPU_peak=33.51GiB
[FCN] 16,000/64,174 24.93% rate=0.504 contexts/s ETA=26.58h GPU_peak=33.51GiB
[FCN] 16,100/64,174 25.09% rate=0.504 contexts/s ETA=26.52h GPU_peak=33.51GiB
[FCN] 16,200/64,174 25.24% rate=0.504 contexts/s ETA=26.47h GPU_peak=33.51GiB
[FCN] 16,300/64,174 25.40% rate=0.504 contexts/s ETA=26.41h GPU_peak=33.51GiB
[FCN] 16,400/64,174 25.56% rate=0.504 contexts/s ETA=26.35h GPU_peak=33.51GiB
[FCN] 16,500/64,174 25.71% rate=0.504 contexts/s ETA=26.30h GPU_peak=33.51GiB
[FCN] 16,600/64,174 25.87% rate=0.504 contexts/s ETA=26.24h GPU_peak=33.51GiB
[FCN] 16,700/64,174 26.02% rate=0.504 contexts/s ETA=26.19h GPU_peak=33.51GiB
[FCN] 16,800/64,174 26.18% rate=0.504 contexts/s ETA=26.13h GPU_peak=33.51GiB
[FCN] 16,900/64,174 26.33% rate=0.504 contexts/s ETA=26.08h GPU_peak=33.51GiB
[FCN] 17,000/64,174 26.49% rate=0.504 contexts/s ETA=26.02h GPU_peak=33.51GiB
[FCN] 17,100/64,174 26.65% rate=0.504 contexts/s ETA=25.97h GPU_peak=33.51GiB
[FCN] 17,200/64,174 26.80% rate=0.504 contexts/s ETA=25.91h GPU_peak=33.51GiB
[FCN] 17,300/64,174 26.96% rate=0.504 contexts/s ETA=25.86h GPU_peak=33.51GiB
[FCN] 17,400/64,174 27.11% rate=0.504 contexts/s ETA=25.80h GPU_peak=33.51GiB
[FCN] 17,500/64,174 27.27% rate=0.504 contexts/s ETA=25.74h GPU_peak=33.51GiB
[FCN] 17,600/64,174 27.43% rate=0.504 contexts/s ETA=25.69h GPU_peak=33.51GiB
[FCN] 17,700/64,174 27.58% rate=0.504 contexts/s ETA=25.63h GPU_peak=33.51GiB
[FCN] 17,800/64,174 27.74% rate=0.504 contexts/s ETA=25.58h GPU_peak=33.51GiB
[FCN] 17,900/64,174 27.89% rate=0.504 contexts/s ETA=25.52h GPU_peak=33.51GiB
[FCN] 18,000/64,174 28.05% rate=0.504 contexts/s ETA=25.47h GPU_peak=33.51GiB
[FCN] 18,100/64,174 28.20% rate=0.504 contexts/s ETA=25.41h GPU_peak=33.51GiB
[FCN] 18,200/64,174 28.36% rate=0.504 contexts/s ETA=25.36h GPU_peak=33.51GiB
[FCN] 18,300/64,174 28.52% rate=0.504 contexts/s ETA=25.30h GPU_peak=33.51GiB
[FCN] 18,400/64,174 28.67% rate=0.504 contexts/s ETA=25.25h GPU_peak=33.51GiB
[FCN] 18,500/64,174 28.83% rate=0.504 contexts/s ETA=25.19h GPU_peak=33.51GiB
[FCN] 18,600/64,174 28.98% rate=0.504 contexts/s ETA=25.13h GPU_peak=33.51GiB
[FCN] 18,700/64,174 29.14% rate=0.504 contexts/s ETA=25.08h GPU_peak=33.51GiB
[FCN] 18,800/64,174 29.30% rate=0.504 contexts/s ETA=25.02h GPU_peak=33.51GiB
[FCN] 18,900/64,174 29.45% rate=0.504 contexts/s ETA=24.97h GPU_peak=33.51GiB
[FCN] 19,000/64,174 29.61% rate=0.504 contexts/s ETA=24.91h GPU_peak=33.51GiB
[FCN] 19,100/64,174 29.76% rate=0.504 contexts/s ETA=24.86h GPU_peak=33.51GiB
[FCN] 19,200/64,174 29.92% rate=0.504 contexts/s ETA=24.80h GPU_peak=33.51GiB
[FCN] 19,300/64,174 30.07% rate=0.504 contexts/s ETA=24.75h GPU_peak=33.51GiB
[FCN] 19,400/64,174 30.23% rate=0.504 contexts/s ETA=24.69h GPU_peak=33.51GiB
[FCN] 19,500/64,174 30.39% rate=0.504 contexts/s ETA=24.64h GPU_peak=33.51GiB
[FCN] 19,600/64,174 30.54% rate=0.504 contexts/s ETA=24.58h GPU_peak=33.51GiB
[FCN] 19,700/64,174 30.70% rate=0.504 contexts/s ETA=24.53h GPU_peak=33.51GiB
[FCN] 19,800/64,174 30.85% rate=0.504 contexts/s ETA=24.47h GPU_peak=33.51GiB
[FCN] 19,900/64,174 31.01% rate=0.504 contexts/s ETA=24.42h GPU_peak=33.51GiB
[FCN] 20,000/64,174 31.17% rate=0.504 contexts/s ETA=24.36h GPU_peak=33.51GiB
[FCN] 20,100/64,174 31.32% rate=0.504 contexts/s ETA=24.30h GPU_peak=33.51GiB
[FCN] 20,200/64,174 31.48% rate=0.504 contexts/s ETA=24.25h GPU_peak=33.51GiB
[FCN] 20,300/64,174 31.63% rate=0.504 contexts/s ETA=24.19h GPU_peak=33.51GiB
[FCN] 20,400/64,174 31.79% rate=0.504 contexts/s ETA=24.14h GPU_peak=33.51GiB
[FCN] 20,500/64,174 31.94% rate=0.504 contexts/s ETA=24.08h GPU_peak=33.51GiB
[FCN] 20,600/64,174 32.10% rate=0.504 contexts/s ETA=24.03h GPU_peak=33.51GiB
[FCN] 20,700/64,174 32.26% rate=0.504 contexts/s ETA=23.97h GPU_peak=33.51GiB
[FCN] 20,800/64,174 32.41% rate=0.504 contexts/s ETA=23.92h GPU_peak=33.51GiB
[FCN] 20,900/64,174 32.57% rate=0.504 contexts/s ETA=23.86h GPU_peak=33.51GiB
[FCN] 21,000/64,174 32.72% rate=0.504 contexts/s ETA=23.81h GPU_peak=33.51GiB
[FCN] 21,100/64,174 32.88% rate=0.504 contexts/s ETA=23.75h GPU_peak=33.51GiB
[FCN] 21,200/64,174 33.04% rate=0.504 contexts/s ETA=23.70h GPU_peak=33.51GiB
[FCN] 21,300/64,174 33.19% rate=0.504 contexts/s ETA=23.64h GPU_peak=33.51GiB
[FCN] 21,400/64,174 33.35% rate=0.504 contexts/s ETA=23.59h GPU_peak=33.51GiB
[FCN] 21,500/64,174 33.50% rate=0.504 contexts/s ETA=23.53h GPU_peak=33.51GiB
[FCN] 21,600/64,174 33.66% rate=0.504 contexts/s ETA=23.48h GPU_peak=33.51GiB
[FCN] 21,700/64,174 33.81% rate=0.504 contexts/s ETA=23.42h GPU_peak=33.51GiB
[FCN] 21,800/64,174 33.97% rate=0.504 contexts/s ETA=23.37h GPU_peak=33.51GiB
[FCN] 21,900/64,174 34.13% rate=0.504 contexts/s ETA=23.31h GPU_peak=33.51GiB
[FCN] 22,000/64,174 34.28% rate=0.504 contexts/s ETA=23.25h GPU_peak=33.51GiB
[FCN] 22,100/64,174 34.44% rate=0.504 contexts/s ETA=23.20h GPU_peak=33.51GiB
[FCN] 22,200/64,174 34.59% rate=0.504 contexts/s ETA=23.14h GPU_peak=33.51GiB
[FCN] 22,300/64,174 34.75% rate=0.504 contexts/s ETA=23.09h GPU_peak=33.51GiB
[FCN] 22,400/64,174 34.91% rate=0.504 contexts/s ETA=23.03h GPU_peak=33.51GiB
[FCN] 22,500/64,174 35.06% rate=0.504 contexts/s ETA=22.98h GPU_peak=33.51GiB
[FCN] 22,600/64,174 35.22% rate=0.504 contexts/s ETA=22.92h GPU_peak=33.51GiB
[FCN] 22,700/64,174 35.37% rate=0.504 contexts/s ETA=22.87h GPU_peak=33.51GiB
[FCN] 22,800/64,174 35.53% rate=0.504 contexts/s ETA=22.81h GPU_peak=33.51GiB
[FCN] 22,900/64,174 35.68% rate=0.504 contexts/s ETA=22.76h GPU_peak=33.51GiB
[FCN] 23,000/64,174 35.84% rate=0.504 contexts/s ETA=22.70h GPU_peak=33.51GiB
[FCN] 23,100/64,174 36.00% rate=0.504 contexts/s ETA=22.65h GPU_peak=33.51GiB
[FCN] 23,200/64,174 36.15% rate=0.504 contexts/s ETA=22.59h GPU_peak=33.51GiB
[FCN] 23,300/64,174 36.31% rate=0.504 contexts/s ETA=22.54h GPU_peak=33.51GiB
[FCN] 23,400/64,174 36.46% rate=0.504 contexts/s ETA=22.48h GPU_peak=33.51GiB
[FCN] 23,500/64,174 36.62% rate=0.504 contexts/s ETA=22.43h GPU_peak=33.51GiB
[FCN] 23,600/64,174 36.78% rate=0.504 contexts/s ETA=22.37h GPU_peak=33.51GiB
[FCN] 23,700/64,174 36.93% rate=0.504 contexts/s ETA=22.32h GPU_peak=33.51GiB
[FCN] 23,800/64,174 37.09% rate=0.504 contexts/s ETA=22.26h GPU_peak=33.51GiB
[FCN] 23,900/64,174 37.24% rate=0.504 contexts/s ETA=22.21h GPU_peak=33.51GiB
[FCN] 24,000/64,174 37.40% rate=0.504 contexts/s ETA=22.15h GPU_peak=33.51GiB
[FCN] 24,100/64,174 37.55% rate=0.504 contexts/s ETA=22.09h GPU_peak=33.51GiB
[FCN] 24,200/64,174 37.71% rate=0.504 contexts/s ETA=22.04h GPU_peak=33.51GiB
[FCN] 24,300/64,174 37.87% rate=0.504 contexts/s ETA=21.98h GPU_peak=33.51GiB
[FCN] 24,400/64,174 38.02% rate=0.504 contexts/s ETA=21.93h GPU_peak=33.51GiB
[FCN] 24,500/64,174 38.18% rate=0.504 contexts/s ETA=21.87h GPU_peak=33.51GiB
[FCN] 24,600/64,174 38.33% rate=0.504 contexts/s ETA=21.82h GPU_peak=33.51GiB
[FCN] 24,700/64,174 38.49% rate=0.504 contexts/s ETA=21.76h GPU_peak=33.51GiB
[FCN] 24,800/64,174 38.64% rate=0.504 contexts/s ETA=21.71h GPU_peak=33.51GiB
[FCN] 24,900/64,174 38.80% rate=0.504 contexts/s ETA=21.65h GPU_peak=33.51GiB
[FCN] 25,000/64,174 38.96% rate=0.504 contexts/s ETA=21.60h GPU_peak=33.51GiB
[FCN] 25,100/64,174 39.11% rate=0.504 contexts/s ETA=21.54h GPU_peak=33.51GiB
[FCN] 25,200/64,174 39.27% rate=0.504 contexts/s ETA=21.49h GPU_peak=33.51GiB
[FCN] 25,300/64,174 39.42% rate=0.504 contexts/s ETA=21.43h GPU_peak=33.51GiB
[FCN] 25,400/64,174 39.58% rate=0.504 contexts/s ETA=21.38h GPU_peak=33.51GiB
[FCN] 25,500/64,174 39.74% rate=0.504 contexts/s ETA=21.32h GPU_peak=33.51GiB
[FCN] 25,600/64,174 39.89% rate=0.504 contexts/s ETA=21.27h GPU_peak=33.51GiB
[FCN] 25,700/64,174 40.05% rate=0.504 contexts/s ETA=21.21h GPU_peak=33.51GiB
[FCN] 25,800/64,174 40.20% rate=0.504 contexts/s ETA=21.16h GPU_peak=33.51GiB
[FCN] 25,900/64,174 40.36% rate=0.504 contexts/s ETA=21.10h GPU_peak=33.51GiB
[FCN] 26,000/64,174 40.51% rate=0.504 contexts/s ETA=21.05h GPU_peak=33.51GiB
[FCN] 26,100/64,174 40.67% rate=0.504 contexts/s ETA=20.99h GPU_peak=33.51GiB
[FCN] 26,200/64,174 40.83% rate=0.504 contexts/s ETA=20.93h GPU_peak=33.51GiB
[FCN] 26,300/64,174 40.98% rate=0.504 contexts/s ETA=20.88h GPU_peak=33.51GiB
[FCN] 26,400/64,174 41.14% rate=0.504 contexts/s ETA=20.82h GPU_peak=33.51GiB
[FCN] 26,500/64,174 41.29% rate=0.504 contexts/s ETA=20.77h GPU_peak=33.51GiB
[FCN] 26,600/64,174 41.45% rate=0.504 contexts/s ETA=20.71h GPU_peak=33.51GiB
[FCN] 26,700/64,174 41.61% rate=0.504 contexts/s ETA=20.66h GPU_peak=33.51GiB
[FCN] 26,800/64,174 41.76% rate=0.504 contexts/s ETA=20.60h GPU_peak=33.51GiB
[FCN] 26,900/64,174 41.92% rate=0.504 contexts/s ETA=20.55h GPU_peak=33.51GiB
[FCN] 27,000/64,174 42.07% rate=0.504 contexts/s ETA=20.49h GPU_peak=33.51GiB
[FCN] 27,100/64,174 42.23% rate=0.504 contexts/s ETA=20.44h GPU_peak=33.51GiB
[FCN] 27,200/64,174 42.38% rate=0.504 contexts/s ETA=20.38h GPU_peak=33.51GiB
[FCN] 27,300/64,174 42.54% rate=0.504 contexts/s ETA=20.33h GPU_peak=33.51GiB
[FCN] 27,400/64,174 42.70% rate=0.504 contexts/s ETA=20.27h GPU_peak=33.51GiB
[FCN] 27,500/64,174 42.85% rate=0.504 contexts/s ETA=20.22h GPU_peak=33.51GiB
[FCN] 27,600/64,174 43.01% rate=0.504 contexts/s ETA=20.16h GPU_peak=33.51GiB
[FCN] 27,700/64,174 43.16% rate=0.504 contexts/s ETA=20.11h GPU_peak=33.51GiB
[FCN] 27,800/64,174 43.32% rate=0.504 contexts/s ETA=20.05h GPU_peak=33.51GiB
[FCN] 27,900/64,174 43.48% rate=0.504 contexts/s ETA=20.00h GPU_peak=33.51GiB
[FCN] 28,000/64,174 43.63% rate=0.504 contexts/s ETA=19.94h GPU_peak=33.51GiB
[FCN] 28,100/64,174 43.79% rate=0.504 contexts/s ETA=19.89h GPU_peak=33.51GiB
[FCN] 28,200/64,174 43.94% rate=0.504 contexts/s ETA=19.83h GPU_peak=33.51GiB
[FCN] 28,300/64,174 44.10% rate=0.504 contexts/s ETA=19.78h GPU_peak=33.51GiB
[FCN] 28,400/64,174 44.25% rate=0.504 contexts/s ETA=19.72h GPU_peak=33.51GiB
[FCN] 28,500/64,174 44.41% rate=0.504 contexts/s ETA=19.67h GPU_peak=33.51GiB
[FCN] 28,600/64,174 44.57% rate=0.504 contexts/s ETA=19.61h GPU_peak=33.51GiB
[FCN] 28,700/64,174 44.72% rate=0.504 contexts/s ETA=19.55h GPU_peak=33.51GiB
[FCN] 28,800/64,174 44.88% rate=0.504 contexts/s ETA=19.50h GPU_peak=33.51GiB
[FCN] 28,900/64,174 45.03% rate=0.504 contexts/s ETA=19.44h GPU_peak=33.51GiB
[FCN] 29,000/64,174 45.19% rate=0.504 contexts/s ETA=19.39h GPU_peak=33.51GiB
[FCN] 29,100/64,174 45.35% rate=0.504 contexts/s ETA=19.33h GPU_peak=33.51GiB
[FCN] 29,200/64,174 45.50% rate=0.504 contexts/s ETA=19.28h GPU_peak=33.51GiB
[FCN] 29,300/64,174 45.66% rate=0.504 contexts/s ETA=19.22h GPU_peak=33.51GiB
[FCN] 29,400/64,174 45.81% rate=0.504 contexts/s ETA=19.17h GPU_peak=33.51GiB
[FCN] 29,500/64,174 45.97% rate=0.504 contexts/s ETA=19.11h GPU_peak=33.51GiB
[FCN] 29,600/64,174 46.12% rate=0.504 contexts/s ETA=19.06h GPU_peak=33.51GiB
[FCN] 29,700/64,174 46.28% rate=0.504 contexts/s ETA=19.00h GPU_peak=33.51GiB
[FCN] 29,800/64,174 46.44% rate=0.504 contexts/s ETA=18.95h GPU_peak=33.51GiB
[FCN] 29,900/64,174 46.59% rate=0.504 contexts/s ETA=18.89h GPU_peak=33.51GiB
[FCN] 30,000/64,174 46.75% rate=0.504 contexts/s ETA=18.84h GPU_peak=33.51GiB
[FCN] 30,100/64,174 46.90% rate=0.504 contexts/s ETA=18.78h GPU_peak=33.51GiB
[FCN] 30,200/64,174 47.06% rate=0.504 contexts/s ETA=18.73h GPU_peak=33.51GiB
[FCN] 30,300/64,174 47.22% rate=0.504 contexts/s ETA=18.67h GPU_peak=33.51GiB
[FCN] 30,400/64,174 47.37% rate=0.504 contexts/s ETA=18.62h GPU_peak=33.51GiB
[FCN] 30,500/64,174 47.53% rate=0.504 contexts/s ETA=18.56h GPU_peak=33.51GiB
[FCN] 30,600/64,174 47.68% rate=0.504 contexts/s ETA=18.51h GPU_peak=33.51GiB
[FCN] 30,700/64,174 47.84% rate=0.504 contexts/s ETA=18.45h GPU_peak=33.51GiB
[FCN] 30,800/64,174 47.99% rate=0.504 contexts/s ETA=18.40h GPU_peak=33.51GiB
[FCN] 30,900/64,174 48.15% rate=0.504 contexts/s ETA=18.34h GPU_peak=33.51GiB
[FCN] 31,000/64,174 48.31% rate=0.504 contexts/s ETA=18.29h GPU_peak=33.51GiB
[FCN] 31,100/64,174 48.46% rate=0.504 contexts/s ETA=18.23h GPU_peak=33.51GiB
[FCN] 31,200/64,174 48.62% rate=0.504 contexts/s ETA=18.18h GPU_peak=33.51GiB
[FCN] 31,300/64,174 48.77% rate=0.504 contexts/s ETA=18.12h GPU_peak=33.51GiB
[FCN] 31,400/64,174 48.93% rate=0.504 contexts/s ETA=18.07h GPU_peak=33.51GiB
[FCN] 31,500/64,174 49.09% rate=0.504 contexts/s ETA=18.01h GPU_peak=33.51GiB
[FCN] 31,600/64,174 49.24% rate=0.504 contexts/s ETA=17.95h GPU_peak=33.51GiB
[FCN] 31,700/64,174 49.40% rate=0.504 contexts/s ETA=17.90h GPU_peak=33.51GiB
[FCN] 31,800/64,174 49.55% rate=0.504 contexts/s ETA=17.84h GPU_peak=33.51GiB
[FCN] 31,900/64,174 49.71% rate=0.504 contexts/s ETA=17.79h GPU_peak=33.51GiB
[FCN] 32,000/64,174 49.86% rate=0.504 contexts/s ETA=17.73h GPU_peak=33.51GiB
[FCN] 32,100/64,174 50.02% rate=0.504 contexts/s ETA=17.68h GPU_peak=33.51GiB
[FCN] 32,200/64,174 50.18% rate=0.504 contexts/s ETA=17.62h GPU_peak=33.51GiB
[FCN] 32,300/64,174 50.33% rate=0.504 contexts/s ETA=17.57h GPU_peak=33.51GiB
[FCN] 32,400/64,174 50.49% rate=0.504 contexts/s ETA=17.51h GPU_peak=33.51GiB
[FCN] 32,500/64,174 50.64% rate=0.504 contexts/s ETA=17.46h GPU_peak=33.51GiB
[FCN] 32,600/64,174 50.80% rate=0.504 contexts/s ETA=17.40h GPU_peak=33.51GiB
[FCN] 32,700/64,174 50.96% rate=0.504 contexts/s ETA=17.35h GPU_peak=33.51GiB
[FCN] 32,800/64,174 51.11% rate=0.504 contexts/s ETA=17.29h GPU_peak=33.51GiB
[FCN] 32,900/64,174 51.27% rate=0.504 contexts/s ETA=17.24h GPU_peak=33.51GiB
[FCN] 33,000/64,174 51.42% rate=0.504 contexts/s ETA=17.18h GPU_peak=33.51GiB
[FCN] 33,100/64,174 51.58% rate=0.504 contexts/s ETA=17.13h GPU_peak=33.51GiB
[FCN] 33,200/64,174 51.73% rate=0.504 contexts/s ETA=17.07h GPU_peak=33.51GiB
[FCN] 33,300/64,174 51.89% rate=0.504 contexts/s ETA=17.02h GPU_peak=33.51GiB
[FCN] 33,400/64,174 52.05% rate=0.504 contexts/s ETA=16.96h GPU_peak=33.51GiB
[FCN] 33,500/64,174 52.20% rate=0.504 contexts/s ETA=16.91h GPU_peak=33.51GiB
[FCN] 33,600/64,174 52.36% rate=0.504 contexts/s ETA=16.85h GPU_peak=33.51GiB
[FCN] 33,700/64,174 52.51% rate=0.504 contexts/s ETA=16.80h GPU_peak=33.51GiB
[FCN] 33,800/64,174 52.67% rate=0.504 contexts/s ETA=16.74h GPU_peak=33.51GiB
[FCN] 33,900/64,174 52.83% rate=0.504 contexts/s ETA=16.69h GPU_peak=33.51GiB
[FCN] 34,000/64,174 52.98% rate=0.504 contexts/s ETA=16.63h GPU_peak=33.51GiB
[FCN] 34,100/64,174 53.14% rate=0.504 contexts/s ETA=16.58h GPU_peak=33.51GiB
[FCN] 34,200/64,174 53.29% rate=0.504 contexts/s ETA=16.52h GPU_peak=33.51GiB
[FCN] 34,300/64,174 53.45% rate=0.504 contexts/s ETA=16.47h GPU_peak=33.51GiB
[FCN] 34,400/64,174 53.60% rate=0.504 contexts/s ETA=16.41h GPU_peak=33.51GiB
[FCN] 34,500/64,174 53.76% rate=0.504 contexts/s ETA=16.36h GPU_peak=33.51GiB
[FCN] 34,600/64,174 53.92% rate=0.504 contexts/s ETA=16.30h GPU_peak=33.51GiB
[FCN] 34,700/64,174 54.07% rate=0.504 contexts/s ETA=16.25h GPU_peak=33.51GiB
[FCN] 34,800/64,174 54.23% rate=0.504 contexts/s ETA=16.19h GPU_peak=33.51GiB
[FCN] 34,900/64,174 54.38% rate=0.504 contexts/s ETA=16.14h GPU_peak=33.51GiB
[FCN] 35,000/64,174 54.54% rate=0.504 contexts/s ETA=16.08h GPU_peak=33.51GiB
[FCN] 35,100/64,174 54.70% rate=0.504 contexts/s ETA=16.03h GPU_peak=33.51GiB
[FCN] 35,200/64,174 54.85% rate=0.504 contexts/s ETA=15.97h GPU_peak=33.51GiB
[FCN] 35,300/64,174 55.01% rate=0.504 contexts/s ETA=15.92h GPU_peak=33.51GiB
[FCN] 35,400/64,174 55.16% rate=0.504 contexts/s ETA=15.86h GPU_peak=33.51GiB
[FCN] 35,500/64,174 55.32% rate=0.504 contexts/s ETA=15.80h GPU_peak=33.51GiB
[FCN] 35,600/64,174 55.47% rate=0.504 contexts/s ETA=15.75h GPU_peak=33.51GiB
[FCN] 35,700/64,174 55.63% rate=0.504 contexts/s ETA=15.69h GPU_peak=33.51GiB
[FCN] 35,800/64,174 55.79% rate=0.504 contexts/s ETA=15.64h GPU_peak=33.51GiB
[FCN] 35,900/64,174 55.94% rate=0.504 contexts/s ETA=15.58h GPU_peak=33.51GiB
[FCN] 36,000/64,174 56.10% rate=0.504 contexts/s ETA=15.53h GPU_peak=33.51GiB
[FCN] 36,100/64,174 56.25% rate=0.504 contexts/s ETA=15.47h GPU_peak=33.51GiB
[FCN] 36,200/64,174 56.41% rate=0.504 contexts/s ETA=15.42h GPU_peak=33.51GiB
[FCN] 36,300/64,174 56.56% rate=0.504 contexts/s ETA=15.36h GPU_peak=33.51GiB
[FCN] 36,400/64,174 56.72% rate=0.504 contexts/s ETA=15.31h GPU_peak=33.51GiB
[FCN] 36,500/64,174 56.88% rate=0.504 contexts/s ETA=15.25h GPU_peak=33.51GiB
[FCN] 36,600/64,174 57.03% rate=0.504 contexts/s ETA=15.20h GPU_peak=33.51GiB
[FCN] 36,700/64,174 57.19% rate=0.504 contexts/s ETA=15.14h GPU_peak=33.51GiB
[FCN] 36,800/64,174 57.34% rate=0.504 contexts/s ETA=15.09h GPU_peak=33.51GiB
[FCN] 36,900/64,174 57.50% rate=0.504 contexts/s ETA=15.03h GPU_peak=33.51GiB
[FCN] 37,000/64,174 57.66% rate=0.504 contexts/s ETA=14.98h GPU_peak=33.51GiB
[FCN] 37,100/64,174 57.81% rate=0.504 contexts/s ETA=14.92h GPU_peak=33.51GiB
[FCN] 37,200/64,174 57.97% rate=0.504 contexts/s ETA=14.87h GPU_peak=33.51GiB
[FCN] 37,300/64,174 58.12% rate=0.504 contexts/s ETA=14.81h GPU_peak=33.51GiB
[FCN] 37,400/64,174 58.28% rate=0.504 contexts/s ETA=14.76h GPU_peak=33.51GiB
[FCN] 37,500/64,174 58.43% rate=0.504 contexts/s ETA=14.70h GPU_peak=33.51GiB
[FCN] 37,600/64,174 58.59% rate=0.504 contexts/s ETA=14.65h GPU_peak=33.51GiB
[FCN] 37,700/64,174 58.75% rate=0.504 contexts/s ETA=14.59h GPU_peak=33.51GiB
[FCN] 37,800/64,174 58.90% rate=0.504 contexts/s ETA=14.54h GPU_peak=33.51GiB
[FCN] 37,900/64,174 59.06% rate=0.504 contexts/s ETA=14.48h GPU_peak=33.51GiB
[FCN] 38,000/64,174 59.21% rate=0.504 contexts/s ETA=14.43h GPU_peak=33.51GiB
[FCN] 38,100/64,174 59.37% rate=0.504 contexts/s ETA=14.37h GPU_peak=33.51GiB
[FCN] 38,200/64,174 59.53% rate=0.504 contexts/s ETA=14.32h GPU_peak=33.51GiB
[FCN] 38,300/64,174 59.68% rate=0.504 contexts/s ETA=14.26h GPU_peak=33.51GiB
[FCN] 38,400/64,174 59.84% rate=0.504 contexts/s ETA=14.21h GPU_peak=33.51GiB
[FCN] 38,500/64,174 59.99% rate=0.504 contexts/s ETA=14.15h GPU_peak=33.51GiB
[FCN] 38,600/64,174 60.15% rate=0.504 contexts/s ETA=14.10h GPU_peak=33.51GiB
[FCN] 38,700/64,174 60.30% rate=0.504 contexts/s ETA=14.04h GPU_peak=33.51GiB
[FCN] 38,800/64,174 60.46% rate=0.504 contexts/s ETA=13.99h GPU_peak=33.51GiB
[FCN] 38,900/64,174 60.62% rate=0.504 contexts/s ETA=13.93h GPU_peak=33.51GiB
[FCN] 39,000/64,174 60.77% rate=0.504 contexts/s ETA=13.88h GPU_peak=33.51GiB
[FCN] 39,100/64,174 60.93% rate=0.504 contexts/s ETA=13.82h GPU_peak=33.51GiB
[FCN] 39,200/64,174 61.08% rate=0.504 contexts/s ETA=13.77h GPU_peak=33.51GiB
[FCN] 39,300/64,174 61.24% rate=0.504 contexts/s ETA=13.71h GPU_peak=33.51GiB
[FCN] 39,400/64,174 61.40% rate=0.504 contexts/s ETA=13.66h GPU_peak=33.51GiB
[FCN] 39,500/64,174 61.55% rate=0.504 contexts/s ETA=13.60h GPU_peak=33.51GiB
[FCN] 39,600/64,174 61.71% rate=0.504 contexts/s ETA=13.55h GPU_peak=33.51GiB
[FCN] 39,700/64,174 61.86% rate=0.504 contexts/s ETA=13.49h GPU_peak=33.51GiB
[FCN] 39,800/64,174 62.02% rate=0.504 contexts/s ETA=13.44h GPU_peak=33.51GiB
[FCN] 39,900/64,174 62.17% rate=0.504 contexts/s ETA=13.38h GPU_peak=33.51GiB
[FCN] 40,000/64,174 62.33% rate=0.504 contexts/s ETA=13.33h GPU_peak=33.51GiB
[FCN] 40,100/64,174 62.49% rate=0.504 contexts/s ETA=13.27h GPU_peak=33.51GiB
[FCN] 40,200/64,174 62.64% rate=0.504 contexts/s ETA=13.22h GPU_peak=33.51GiB
[FCN] 40,300/64,174 62.80% rate=0.504 contexts/s ETA=13.16h GPU_peak=33.51GiB
[FCN] 40,400/64,174 62.95% rate=0.504 contexts/s ETA=13.11h GPU_peak=33.51GiB
[FCN] 40,500/64,174 63.11% rate=0.504 contexts/s ETA=13.05h GPU_peak=33.51GiB
[FCN] 40,600/64,174 63.27% rate=0.504 contexts/s ETA=12.99h GPU_peak=33.51GiB
[FCN] 40,700/64,174 63.42% rate=0.504 contexts/s ETA=12.94h GPU_peak=33.51GiB
[FCN] 40,800/64,174 63.58% rate=0.504 contexts/s ETA=12.88h GPU_peak=33.51GiB
[FCN] 40,900/64,174 63.73% rate=0.504 contexts/s ETA=12.83h GPU_peak=33.51GiB
[FCN] 41,000/64,174 63.89% rate=0.504 contexts/s ETA=12.77h GPU_peak=33.51GiB
[FCN] 41,100/64,174 64.04% rate=0.504 contexts/s ETA=12.72h GPU_peak=33.51GiB
[FCN] 41,200/64,174 64.20% rate=0.504 contexts/s ETA=12.66h GPU_peak=33.51GiB
[FCN] 41,300/64,174 64.36% rate=0.504 contexts/s ETA=12.61h GPU_peak=33.51GiB
[FCN] 41,400/64,174 64.51% rate=0.504 contexts/s ETA=12.55h GPU_peak=33.51GiB
[FCN] 41,500/64,174 64.67% rate=0.504 contexts/s ETA=12.50h GPU_peak=33.51GiB
[FCN] 41,600/64,174 64.82% rate=0.504 contexts/s ETA=12.44h GPU_peak=33.51GiB
[FCN] 41,700/64,174 64.98% rate=0.504 contexts/s ETA=12.39h GPU_peak=33.51GiB
[FCN] 41,800/64,174 65.14% rate=0.504 contexts/s ETA=12.33h GPU_peak=33.51GiB
[FCN] 41,900/64,174 65.29% rate=0.504 contexts/s ETA=12.28h GPU_peak=33.51GiB
[FCN] 42,000/64,174 65.45% rate=0.504 contexts/s ETA=12.22h GPU_peak=33.51GiB
[FCN] 42,100/64,174 65.60% rate=0.504 contexts/s ETA=12.17h GPU_peak=33.51GiB
[FCN] 42,200/64,174 65.76% rate=0.504 contexts/s ETA=12.11h GPU_peak=33.51GiB
[FCN] 42,300/64,174 65.91% rate=0.504 contexts/s ETA=12.06h GPU_peak=33.51GiB
[FCN] 42,400/64,174 66.07% rate=0.504 contexts/s ETA=12.00h GPU_peak=33.51GiB
[FCN] 42,500/64,174 66.23% rate=0.504 contexts/s ETA=11.95h GPU_peak=33.51GiB
[FCN] 42,600/64,174 66.38% rate=0.504 contexts/s ETA=11.89h GPU_peak=33.51GiB
[FCN] 42,700/64,174 66.54% rate=0.504 contexts/s ETA=11.84h GPU_peak=33.51GiB
[FCN] 42,800/64,174 66.69% rate=0.504 contexts/s ETA=11.78h GPU_peak=33.51GiB
[FCN] 42,900/64,174 66.85% rate=0.504 contexts/s ETA=11.73h GPU_peak=33.51GiB
[FCN] 43,000/64,174 67.01% rate=0.504 contexts/s ETA=11.67h GPU_peak=33.51GiB
[FCN] 43,100/64,174 67.16% rate=0.504 contexts/s ETA=11.62h GPU_peak=33.51GiB
[FCN] 43,200/64,174 67.32% rate=0.504 contexts/s ETA=11.56h GPU_peak=33.51GiB
[FCN] 43,300/64,174 67.47% rate=0.504 contexts/s ETA=11.51h GPU_peak=33.51GiB
[FCN] 43,400/64,174 67.63% rate=0.504 contexts/s ETA=11.45h GPU_peak=33.51GiB
[FCN] 43,500/64,174 67.78% rate=0.504 contexts/s ETA=11.40h GPU_peak=33.51GiB
[FCN] 43,600/64,174 67.94% rate=0.504 contexts/s ETA=11.34h GPU_peak=33.51GiB
[FCN] 43,700/64,174 68.10% rate=0.504 contexts/s ETA=11.29h GPU_peak=33.51GiB
[FCN] 43,800/64,174 68.25% rate=0.504 contexts/s ETA=11.23h GPU_peak=33.51GiB
[FCN] 43,900/64,174 68.41% rate=0.504 contexts/s ETA=11.18h GPU_peak=33.51GiB
[FCN] 44,000/64,174 68.56% rate=0.504 contexts/s ETA=11.12h GPU_peak=33.51GiB
[FCN] 44,100/64,174 68.72% rate=0.504 contexts/s ETA=11.07h GPU_peak=33.51GiB
[FCN] 44,200/64,174 68.88% rate=0.504 contexts/s ETA=11.01h GPU_peak=33.51GiB
[FCN] 44,300/64,174 69.03% rate=0.504 contexts/s ETA=10.96h GPU_peak=33.51GiB
[FCN] 44,400/64,174 69.19% rate=0.504 contexts/s ETA=10.90h GPU_peak=33.51GiB
[FCN] 44,500/64,174 69.34% rate=0.504 contexts/s ETA=10.85h GPU_peak=33.51GiB
[FCN] 44,600/64,174 69.50% rate=0.504 contexts/s ETA=10.79h GPU_peak=33.51GiB
[FCN] 44,700/64,174 69.65% rate=0.504 contexts/s ETA=10.74h GPU_peak=33.51GiB
[FCN] 44,800/64,174 69.81% rate=0.504 contexts/s ETA=10.68h GPU_peak=33.51GiB
[FCN] 44,900/64,174 69.97% rate=0.504 contexts/s ETA=10.63h GPU_peak=33.51GiB
[FCN] 45,000/64,174 70.12% rate=0.504 contexts/s ETA=10.57h GPU_peak=33.51GiB
[FCN] 45,100/64,174 70.28% rate=0.504 contexts/s ETA=10.51h GPU_peak=33.51GiB
[FCN] 45,200/64,174 70.43% rate=0.504 contexts/s ETA=10.46h GPU_peak=33.51GiB
[FCN] 45,300/64,174 70.59% rate=0.504 contexts/s ETA=10.40h GPU_peak=33.51GiB
[FCN] 45,400/64,174 70.75% rate=0.504 contexts/s ETA=10.35h GPU_peak=33.51GiB
[FCN] 45,500/64,174 70.90% rate=0.504 contexts/s ETA=10.29h GPU_peak=33.51GiB
[FCN] 45,600/64,174 71.06% rate=0.504 contexts/s ETA=10.24h GPU_peak=33.51GiB
[FCN] 45,700/64,174 71.21% rate=0.504 contexts/s ETA=10.18h GPU_peak=33.51GiB
[FCN] 45,800/64,174 71.37% rate=0.504 contexts/s ETA=10.13h GPU_peak=33.51GiB
[FCN] 45,900/64,174 71.52% rate=0.504 contexts/s ETA=10.07h GPU_peak=33.51GiB
[FCN] 46,000/64,174 71.68% rate=0.504 contexts/s ETA=10.02h GPU_peak=33.51GiB
[FCN] 46,100/64,174 71.84% rate=0.504 contexts/s ETA=9.96h GPU_peak=33.51GiB
[FCN] 46,200/64,174 71.99% rate=0.504 contexts/s ETA=9.91h GPU_peak=33.51GiB
[FCN] 46,300/64,174 72.15% rate=0.504 contexts/s ETA=9.85h GPU_peak=33.51GiB
[FCN] 46,400/64,174 72.30% rate=0.504 contexts/s ETA=9.80h GPU_peak=33.51GiB
[FCN] 46,500/64,174 72.46% rate=0.504 contexts/s ETA=9.74h GPU_peak=33.51GiB
[FCN] 46,600/64,174 72.62% rate=0.504 contexts/s ETA=9.69h GPU_peak=33.51GiB
[FCN] 46,700/64,174 72.77% rate=0.504 contexts/s ETA=9.63h GPU_peak=33.51GiB
[FCN] 46,800/64,174 72.93% rate=0.504 contexts/s ETA=9.58h GPU_peak=33.51GiB
[FCN] 46,900/64,174 73.08% rate=0.504 contexts/s ETA=9.52h GPU_peak=33.51GiB
[FCN] 47,000/64,174 73.24% rate=0.504 contexts/s ETA=9.47h GPU_peak=33.51GiB
[FCN] 47,100/64,174 73.39% rate=0.504 contexts/s ETA=9.41h GPU_peak=33.51GiB
[FCN] 47,200/64,174 73.55% rate=0.504 contexts/s ETA=9.36h GPU_peak=33.51GiB
[FCN] 47,300/64,174 73.71% rate=0.504 contexts/s ETA=9.30h GPU_peak=33.51GiB
[FCN] 47,400/64,174 73.86% rate=0.504 contexts/s ETA=9.25h GPU_peak=33.51GiB
[FCN] 47,500/64,174 74.02% rate=0.504 contexts/s ETA=9.19h GPU_peak=33.51GiB
[FCN] 47,600/64,174 74.17% rate=0.504 contexts/s ETA=9.14h GPU_peak=33.51GiB
[FCN] 47,700/64,174 74.33% rate=0.504 contexts/s ETA=9.08h GPU_peak=33.51GiB
[FCN] 47,800/64,174 74.48% rate=0.504 contexts/s ETA=9.03h GPU_peak=33.51GiB
[FCN] 47,900/64,174 74.64% rate=0.504 contexts/s ETA=8.97h GPU_peak=33.51GiB
[FCN] 48,000/64,174 74.80% rate=0.504 contexts/s ETA=8.92h GPU_peak=33.51GiB
[FCN] 48,100/64,174 74.95% rate=0.504 contexts/s ETA=8.86h GPU_peak=33.51GiB
[FCN] 48,200/64,174 75.11% rate=0.504 contexts/s ETA=8.81h GPU_peak=33.51GiB
[FCN] 48,300/64,174 75.26% rate=0.504 contexts/s ETA=8.75h GPU_peak=33.51GiB
[FCN] 48,400/64,174 75.42% rate=0.504 contexts/s ETA=8.70h GPU_peak=33.51GiB
[FCN] 48,500/64,174 75.58% rate=0.504 contexts/s ETA=8.64h GPU_peak=33.51GiB
[FCN] 48,600/64,174 75.73% rate=0.504 contexts/s ETA=8.59h GPU_peak=33.51GiB
[FCN] 48,700/64,174 75.89% rate=0.504 contexts/s ETA=8.53h GPU_peak=33.51GiB
[FCN] 48,800/64,174 76.04% rate=0.504 contexts/s ETA=8.48h GPU_peak=33.51GiB
[FCN] 48,900/64,174 76.20% rate=0.504 contexts/s ETA=8.42h GPU_peak=33.51GiB
[FCN] 49,000/64,174 76.35% rate=0.504 contexts/s ETA=8.37h GPU_peak=33.51GiB
[FCN] 49,100/64,174 76.51% rate=0.504 contexts/s ETA=8.31h GPU_peak=33.51GiB
[FCN] 49,200/64,174 76.67% rate=0.504 contexts/s ETA=8.26h GPU_peak=33.51GiB
[FCN] 49,300/64,174 76.82% rate=0.504 contexts/s ETA=8.20h GPU_peak=33.51GiB
[FCN] 49,400/64,174 76.98% rate=0.504 contexts/s ETA=8.14h GPU_peak=33.51GiB
[FCN] 49,500/64,174 77.13% rate=0.504 contexts/s ETA=8.09h GPU_peak=33.51GiB
[FCN] 49,600/64,174 77.29% rate=0.504 contexts/s ETA=8.03h GPU_peak=33.51GiB
[FCN] 49,700/64,174 77.45% rate=0.504 contexts/s ETA=7.98h GPU_peak=33.51GiB
[FCN] 49,800/64,174 77.60% rate=0.504 contexts/s ETA=7.92h GPU_peak=33.51GiB
[FCN] 49,900/64,174 77.76% rate=0.504 contexts/s ETA=7.87h GPU_peak=33.51GiB
[FCN] 50,000/64,174 77.91% rate=0.504 contexts/s ETA=7.81h GPU_peak=33.51GiB
[FCN] 50,100/64,174 78.07% rate=0.504 contexts/s ETA=7.76h GPU_peak=33.51GiB
[FCN] 50,200/64,174 78.22% rate=0.504 contexts/s ETA=7.70h GPU_peak=33.51GiB
[FCN] 50,300/64,174 78.38% rate=0.504 contexts/s ETA=7.65h GPU_peak=33.51GiB
[FCN] 50,400/64,174 78.54% rate=0.504 contexts/s ETA=7.59h GPU_peak=33.51GiB
[FCN] 50,500/64,174 78.69% rate=0.504 contexts/s ETA=7.54h GPU_peak=33.51GiB
[FCN] 50,600/64,174 78.85% rate=0.504 contexts/s ETA=7.48h GPU_peak=33.51GiB
[FCN] 50,700/64,174 79.00% rate=0.504 contexts/s ETA=7.43h GPU_peak=33.51GiB
[FCN] 50,800/64,174 79.16% rate=0.504 contexts/s ETA=7.37h GPU_peak=33.51GiB
[FCN] 50,900/64,174 79.32% rate=0.504 contexts/s ETA=7.32h GPU_peak=33.51GiB
[FCN] 51,000/64,174 79.47% rate=0.504 contexts/s ETA=7.27h GPU_peak=33.51GiB
[FCN] 51,100/64,174 79.63% rate=0.504 contexts/s ETA=7.21h GPU_peak=33.51GiB
[FCN] 51,200/64,174 79.78% rate=0.504 contexts/s ETA=7.16h GPU_peak=33.51GiB
[FCN] 51,300/64,174 79.94% rate=0.504 contexts/s ETA=7.10h GPU_peak=33.51GiB
[FCN] 51,400/64,174 80.09% rate=0.504 contexts/s ETA=7.04h GPU_peak=33.51GiB
[FCN] 51,500/64,174 80.25% rate=0.504 contexts/s ETA=6.99h GPU_peak=33.51GiB
[FCN] 51,600/64,174 80.41% rate=0.504 contexts/s ETA=6.93h GPU_peak=33.51GiB
[FCN] 51,700/64,174 80.56% rate=0.504 contexts/s ETA=6.88h GPU_peak=33.51GiB
[FCN] 51,800/64,174 80.72% rate=0.504 contexts/s ETA=6.82h GPU_peak=33.51GiB
[FCN] 51,900/64,174 80.87% rate=0.504 contexts/s ETA=6.77h GPU_peak=33.51GiB
[FCN] 52,000/64,174 81.03% rate=0.504 contexts/s ETA=6.71h GPU_peak=33.51GiB
[FCN] 52,100/64,174 81.19% rate=0.504 contexts/s ETA=6.66h GPU_peak=33.51GiB
[FCN] 52,200/64,174 81.34% rate=0.504 contexts/s ETA=6.60h GPU_peak=33.51GiB
[FCN] 52,300/64,174 81.50% rate=0.504 contexts/s ETA=6.55h GPU_peak=33.51GiB
[FCN] 52,400/64,174 81.65% rate=0.504 contexts/s ETA=6.49h GPU_peak=33.51GiB
[FCN] 52,500/64,174 81.81% rate=0.504 contexts/s ETA=6.44h GPU_peak=33.51GiB
[FCN] 52,600/64,174 81.96% rate=0.504 contexts/s ETA=6.38h GPU_peak=33.51GiB
[FCN] 52,700/64,174 82.12% rate=0.504 contexts/s ETA=6.33h GPU_peak=33.51GiB
[FCN] 52,800/64,174 82.28% rate=0.504 contexts/s ETA=6.27h GPU_peak=33.51GiB
[FCN] 52,900/64,174 82.43% rate=0.504 contexts/s ETA=6.22h GPU_peak=33.51GiB
[FCN] 53,000/64,174 82.59% rate=0.504 contexts/s ETA=6.16h GPU_peak=33.51GiB
[FCN] 53,100/64,174 82.74% rate=0.504 contexts/s ETA=6.11h GPU_peak=33.51GiB
[FCN] 53,200/64,174 82.90% rate=0.504 contexts/s ETA=6.05h GPU_peak=33.51GiB
[FCN] 53,300/64,174 83.06% rate=0.504 contexts/s ETA=6.00h GPU_peak=33.51GiB
[FCN] 53,400/64,174 83.21% rate=0.504 contexts/s ETA=5.94h GPU_peak=33.51GiB
[FCN] 53,500/64,174 83.37% rate=0.504 contexts/s ETA=5.89h GPU_peak=33.51GiB
[FCN] 53,600/64,174 83.52% rate=0.504 contexts/s ETA=5.83h GPU_peak=33.51GiB
[FCN] 53,700/64,174 83.68% rate=0.504 contexts/s ETA=5.78h GPU_peak=33.51GiB
[FCN] 53,800/64,174 83.83% rate=0.504 contexts/s ETA=5.72h GPU_peak=33.51GiB
[FCN] 53,900/64,174 83.99% rate=0.504 contexts/s ETA=5.67h GPU_peak=33.51GiB
[FCN] 54,000/64,174 84.15% rate=0.504 contexts/s ETA=5.61h GPU_peak=33.51GiB
[FCN] 54,100/64,174 84.30% rate=0.504 contexts/s ETA=5.56h GPU_peak=33.51GiB
[FCN] 54,200/64,174 84.46% rate=0.504 contexts/s ETA=5.50h GPU_peak=33.51GiB
[FCN] 54,300/64,174 84.61% rate=0.504 contexts/s ETA=5.45h GPU_peak=33.51GiB
[FCN] 54,400/64,174 84.77% rate=0.504 contexts/s ETA=5.39h GPU_peak=33.51GiB
[FCN] 54,500/64,174 84.93% rate=0.504 contexts/s ETA=5.34h GPU_peak=33.51GiB
[FCN] 54,600/64,174 85.08% rate=0.504 contexts/s ETA=5.28h GPU_peak=33.51GiB
[FCN] 54,700/64,174 85.24% rate=0.504 contexts/s ETA=5.22h GPU_peak=33.51GiB
[FCN] 54,800/64,174 85.39% rate=0.504 contexts/s ETA=5.17h GPU_peak=33.51GiB
[FCN] 54,900/64,174 85.55% rate=0.504 contexts/s ETA=5.11h GPU_peak=33.51GiB
[FCN] 55,000/64,174 85.70% rate=0.504 contexts/s ETA=5.06h GPU_peak=33.51GiB
[FCN] 55,100/64,174 85.86% rate=0.504 contexts/s ETA=5.00h GPU_peak=33.51GiB
[FCN] 55,200/64,174 86.02% rate=0.504 contexts/s ETA=4.95h GPU_peak=33.51GiB
[FCN] 55,300/64,174 86.17% rate=0.504 contexts/s ETA=4.89h GPU_peak=33.51GiB
[FCN] 55,400/64,174 86.33% rate=0.504 contexts/s ETA=4.84h GPU_peak=33.51GiB
[FCN] 55,500/64,174 86.48% rate=0.504 contexts/s ETA=4.78h GPU_peak=33.51GiB
[FCN] 55,600/64,174 86.64% rate=0.504 contexts/s ETA=4.73h GPU_peak=33.51GiB
[FCN] 55,700/64,174 86.80% rate=0.504 contexts/s ETA=4.67h GPU_peak=33.51GiB
[FCN] 55,800/64,174 86.95% rate=0.504 contexts/s ETA=4.62h GPU_peak=33.51GiB
[FCN] 55,900/64,174 87.11% rate=0.504 contexts/s ETA=4.56h GPU_peak=33.51GiB
[FCN] 56,000/64,174 87.26% rate=0.504 contexts/s ETA=4.51h GPU_peak=33.51GiB
[FCN] 56,100/64,174 87.42% rate=0.504 contexts/s ETA=4.45h GPU_peak=33.51GiB
[FCN] 56,200/64,174 87.57% rate=0.504 contexts/s ETA=4.40h GPU_peak=33.51GiB
[FCN] 56,300/64,174 87.73% rate=0.504 contexts/s ETA=4.34h GPU_peak=33.51GiB
[FCN] 56,400/64,174 87.89% rate=0.504 contexts/s ETA=4.29h GPU_peak=33.51GiB
[FCN] 56,500/64,174 88.04% rate=0.504 contexts/s ETA=4.23h GPU_peak=33.51GiB
[FCN] 56,600/64,174 88.20% rate=0.504 contexts/s ETA=4.18h GPU_peak=33.51GiB
[FCN] 56,700/64,174 88.35% rate=0.504 contexts/s ETA=4.12h GPU_peak=33.51GiB
[FCN] 56,800/64,174 88.51% rate=0.504 contexts/s ETA=4.07h GPU_peak=33.51GiB
[FCN] 56,900/64,174 88.67% rate=0.504 contexts/s ETA=4.01h GPU_peak=33.51GiB
[FCN] 57,000/64,174 88.82% rate=0.504 contexts/s ETA=3.96h GPU_peak=33.51GiB
[FCN] 57,100/64,174 88.98% rate=0.504 contexts/s ETA=3.90h GPU_peak=33.51GiB
[FCN] 57,200/64,174 89.13% rate=0.504 contexts/s ETA=3.85h GPU_peak=33.51GiB
[FCN] 57,300/64,174 89.29% rate=0.504 contexts/s ETA=3.79h GPU_peak=33.51GiB
[FCN] 57,400/64,174 89.44% rate=0.504 contexts/s ETA=3.74h GPU_peak=33.51GiB
[FCN] 57,500/64,174 89.60% rate=0.504 contexts/s ETA=3.68h GPU_peak=33.51GiB
[FCN] 57,600/64,174 89.76% rate=0.504 contexts/s ETA=3.63h GPU_peak=33.51GiB
[FCN] 57,700/64,174 89.91% rate=0.504 contexts/s ETA=3.57h GPU_peak=33.51GiB
[FCN] 57,800/64,174 90.07% rate=0.504 contexts/s ETA=3.52h GPU_peak=33.51GiB
[FCN] 57,900/64,174 90.22% rate=0.504 contexts/s ETA=3.46h GPU_peak=33.51GiB
[FCN] 58,000/64,174 90.38% rate=0.504 contexts/s ETA=3.41h GPU_peak=33.51GiB
[FCN] 58,100/64,174 90.54% rate=0.504 contexts/s ETA=3.35h GPU_peak=33.51GiB
[FCN] 58,200/64,174 90.69% rate=0.504 contexts/s ETA=3.29h GPU_peak=33.51GiB
[FCN] 58,300/64,174 90.85% rate=0.504 contexts/s ETA=3.24h GPU_peak=33.51GiB
[FCN] 58,400/64,174 91.00% rate=0.504 contexts/s ETA=3.18h GPU_peak=33.51GiB
[FCN] 58,500/64,174 91.16% rate=0.504 contexts/s ETA=3.13h GPU_peak=33.51GiB
[FCN] 58,600/64,174 91.31% rate=0.504 contexts/s ETA=3.07h GPU_peak=33.51GiB
[FCN] 58,700/64,174 91.47% rate=0.504 contexts/s ETA=3.02h GPU_peak=33.51GiB
[FCN] 58,800/64,174 91.63% rate=0.504 contexts/s ETA=2.96h GPU_peak=33.51GiB
[FCN] 58,900/64,174 91.78% rate=0.504 contexts/s ETA=2.91h GPU_peak=33.51GiB
[FCN] 59,000/64,174 91.94% rate=0.504 contexts/s ETA=2.85h GPU_peak=33.51GiB
[FCN] 59,100/64,174 92.09% rate=0.504 contexts/s ETA=2.80h GPU_peak=33.51GiB
[FCN] 59,200/64,174 92.25% rate=0.504 contexts/s ETA=2.74h GPU_peak=33.51GiB
[FCN] 59,300/64,174 92.41% rate=0.504 contexts/s ETA=2.69h GPU_peak=33.51GiB
[FCN] 59,400/64,174 92.56% rate=0.504 contexts/s ETA=2.63h GPU_peak=33.51GiB
[FCN] 59,500/64,174 92.72% rate=0.504 contexts/s ETA=2.58h GPU_peak=33.51GiB
[FCN] 59,600/64,174 92.87% rate=0.504 contexts/s ETA=2.52h GPU_peak=33.51GiB
[FCN] 59,700/64,174 93.03% rate=0.504 contexts/s ETA=2.47h GPU_peak=33.51GiB
[FCN] 59,800/64,174 93.18% rate=0.504 contexts/s ETA=2.41h GPU_peak=33.51GiB
[FCN] 59,900/64,174 93.34% rate=0.504 contexts/s ETA=2.36h GPU_peak=33.51GiB
[FCN] 60,000/64,174 93.50% rate=0.504 contexts/s ETA=2.30h GPU_peak=33.51GiB
[FCN] 60,100/64,174 93.65% rate=0.504 contexts/s ETA=2.25h GPU_peak=33.51GiB
[FCN] 60,200/64,174 93.81% rate=0.504 contexts/s ETA=2.19h GPU_peak=33.51GiB
[FCN] 60,300/64,174 93.96% rate=0.504 contexts/s ETA=2.14h GPU_peak=33.51GiB
[FCN] 60,400/64,174 94.12% rate=0.504 contexts/s ETA=2.08h GPU_peak=33.51GiB
[FCN] 60,500/64,174 94.27% rate=0.504 contexts/s ETA=2.03h GPU_peak=33.51GiB
[FCN] 60,600/64,174 94.43% rate=0.504 contexts/s ETA=1.97h GPU_peak=33.51GiB
[FCN] 60,700/64,174 94.59% rate=0.504 contexts/s ETA=1.92h GPU_peak=33.51GiB
[FCN] 60,800/64,174 94.74% rate=0.504 contexts/s ETA=1.86h GPU_peak=33.51GiB
[FCN] 60,900/64,174 94.90% rate=0.504 contexts/s ETA=1.81h GPU_peak=33.51GiB
[FCN] 61,000/64,174 95.05% rate=0.504 contexts/s ETA=1.75h GPU_peak=33.51GiB
[FCN] 61,100/64,174 95.21% rate=0.504 contexts/s ETA=1.69h GPU_peak=33.51GiB
[FCN] 61,200/64,174 95.37% rate=0.504 contexts/s ETA=1.64h GPU_peak=33.51GiB
[FCN] 61,300/64,174 95.52% rate=0.504 contexts/s ETA=1.58h GPU_peak=33.51GiB
[FCN] 61,400/64,174 95.68% rate=0.504 contexts/s ETA=1.53h GPU_peak=33.51GiB
[FCN] 61,500/64,174 95.83% rate=0.504 contexts/s ETA=1.47h GPU_peak=33.51GiB
[FCN] 61,600/64,174 95.99% rate=0.504 contexts/s ETA=1.42h GPU_peak=33.51GiB
[FCN] 61,700/64,174 96.14% rate=0.504 contexts/s ETA=1.36h GPU_peak=33.51GiB
[FCN] 61,800/64,174 96.30% rate=0.504 contexts/s ETA=1.31h GPU_peak=33.51GiB
[FCN] 61,900/64,174 96.46% rate=0.504 contexts/s ETA=1.25h GPU_peak=33.51GiB
[FCN] 62,000/64,174 96.61% rate=0.504 contexts/s ETA=1.20h GPU_peak=33.51GiB
[FCN] 62,100/64,174 96.77% rate=0.504 contexts/s ETA=1.14h GPU_peak=33.51GiB
[FCN] 62,200/64,174 96.92% rate=0.504 contexts/s ETA=1.09h GPU_peak=33.51GiB
[FCN] 62,300/64,174 97.08% rate=0.504 contexts/s ETA=1.03h GPU_peak=33.51GiB
[FCN] 62,400/64,174 97.24% rate=0.504 contexts/s ETA=0.98h GPU_peak=33.51GiB
[FCN] 62,500/64,174 97.39% rate=0.504 contexts/s ETA=0.92h GPU_peak=33.51GiB
[FCN] 62,600/64,174 97.55% rate=0.504 contexts/s ETA=0.87h GPU_peak=33.51GiB
[FCN] 62,700/64,174 97.70% rate=0.504 contexts/s ETA=0.81h GPU_peak=33.51GiB
[FCN] 62,800/64,174 97.86% rate=0.504 contexts/s ETA=0.76h GPU_peak=33.51GiB
[FCN] 62,900/64,174 98.01% rate=0.504 contexts/s ETA=0.70h GPU_peak=33.51GiB
[FCN] 63,000/64,174 98.17% rate=0.504 contexts/s ETA=0.65h GPU_peak=33.51GiB
[FCN] 63,100/64,174 98.33% rate=0.504 contexts/s ETA=0.59h GPU_peak=33.51GiB
[FCN] 63,200/64,174 98.48% rate=0.504 contexts/s ETA=0.54h GPU_peak=33.51GiB
[FCN] 63,300/64,174 98.64% rate=0.504 contexts/s ETA=0.48h GPU_peak=33.51GiB
[FCN] 63,400/64,174 98.79% rate=0.504 contexts/s ETA=0.43h GPU_peak=33.51GiB
[FCN] 63,500/64,174 98.95% rate=0.504 contexts/s ETA=0.37h GPU_peak=33.51GiB
[FCN] 63,600/64,174 99.11% rate=0.504 contexts/s ETA=0.32h GPU_peak=33.51GiB
[FCN] 63,700/64,174 99.26% rate=0.504 contexts/s ETA=0.26h GPU_peak=33.51GiB
[FCN] 63,800/64,174 99.42% rate=0.504 contexts/s ETA=0.21h GPU_peak=33.51GiB
[FCN] 63,900/64,174 99.57% rate=0.504 contexts/s ETA=0.15h GPU_peak=33.51GiB
[FCN] 64,000/64,174 99.73% rate=0.504 contexts/s ETA=0.10h GPU_peak=33.51GiB
[FCN] 64,100/64,174 99.88% rate=0.504 contexts/s ETA=0.04h GPU_peak=33.51GiB
[COMPLETE] {
  "status": "completed",
  "backbone": "fourcastnetv2-small",
  "adapter": "era5_1p5_to_native_0p25",
  "contexts": 64272,
  "missing": {
    "6": 0,
    "24": 0,
    "72": 0
  },
  "approximations": [
    "relative humidity derived from ERA5 q,T,p",
    "TCWV pressure-integrated from q",
    "100m winds approximated from 10m winds",
    "total_precipitation_6hr persisted"
  ]
}
