[SETUP] device=cuda
[SETUP] run_id=smoke_no_localization_head method=no_localization_head backbone=climax
[FORECAST] WARNING: /home/tahiti/ConserveFM/forecasts/climax.zarr missing; smoke mode uses persistence only
[STAGE] pretrain epochs=1 start_epoch=0
[TRAIN] stage=pretrain epoch=1/1 batch=1/1 step=1 repair=0.06259 localization=0 type=1.985 minimal=0.1871 physics=0.7364 total=0.2998
[EPOCH] {'stage': 'pretrain', 'epoch': 0, 'global_step': 1, 'train_total': 0.2998204827308655, 'val_repair_mse': 0.17075112462043762, 'elapsed_seconds': 1.47}
[BEST] val_repair_mse=0.170751
[STAGE] finetune epochs=1 start_epoch=0
[TRAIN] stage=finetune epoch=1/1 batch=1/1 step=2 repair=0.1556 localization=0 type=0 minimal=0.1857 physics=0.7452 total=0.1947
[EPOCH] {'stage': 'finetune', 'epoch': 0, 'global_step': 2, 'train_total': 0.1946883648633957, 'val_repair_mse': 0.16147294640541077, 'elapsed_seconds': 1.69}
[BEST] val_repair_mse=0.161473
[TRAIN COMPLETE] {
  "run_id": "smoke_no_localization_head",
  "status": "completed",
  "method": "no_localization_head",
  "backbone": "climax",
  "seed": 42,
  "forecast_provider": "persistence_smoke_only",
  "best_val_repair_mse": 0.16147294640541077,
  "global_step": 2,
  "elapsed_seconds": 1.7,
  "checkpoint_best": "/home/tahiti/ConserveFM/runs_smoke_real/all_methods/no_localization_head/checkpoint_best.pt",
  "checkpoint_last": "/home/tahiti/ConserveFM/runs_smoke_real/all_methods/no_localization_head/checkpoint_last.pt"
}
