[SETUP] device=cuda
[SETUP] run_id=smoke_no_minimal_change method=no_minimal_change backbone=climax
[FORECAST] WARNING: /home/tahiti/ConserveFM/forecasts/climax.zarr missing; smoke mode uses persistence only
[STAGE] pretrain epochs=1 start_epoch=0
[TRAIN] stage=pretrain epoch=1/1 batch=1/1 step=1 repair=0.06259 localization=0.602 type=1.794 minimal=0 physics=1.176 total=0.361
[EPOCH] {'stage': 'pretrain', 'epoch': 0, 'global_step': 1, 'train_total': 0.3610121011734009, 'val_repair_mse': 0.1619640439748764, 'elapsed_seconds': 1.55}
[BEST] val_repair_mse=0.161964
[STAGE] finetune epochs=1 start_epoch=0
[TRAIN] stage=finetune epoch=1/1 batch=1/1 step=2 repair=0.1465 localization=0 type=0 minimal=0 physics=1.143 total=0.2037
[EPOCH] {'stage': 'finetune', 'epoch': 0, 'global_step': 2, 'train_total': 0.20370301604270935, 'val_repair_mse': 0.15541155636310577, 'elapsed_seconds': 1.77}
[BEST] val_repair_mse=0.155412
[TRAIN COMPLETE] {
  "run_id": "smoke_no_minimal_change",
  "status": "completed",
  "method": "no_minimal_change",
  "backbone": "climax",
  "seed": 42,
  "forecast_provider": "persistence_smoke_only",
  "best_val_repair_mse": 0.15541155636310577,
  "global_step": 2,
  "elapsed_seconds": 1.78,
  "checkpoint_best": "/home/tahiti/ConserveFM/runs_smoke_real/all_methods/no_minimal_change/checkpoint_best.pt",
  "checkpoint_last": "/home/tahiti/ConserveFM/runs_smoke_real/all_methods/no_minimal_change/checkpoint_last.pt"
}
