[SETUP] device=cuda
[SETUP] run_id=smoke_direct_state_prediction method=direct_state_prediction backbone=climax
[FORECAST] WARNING: /home/tahiti/ConserveFM/forecasts/climax.zarr missing; smoke mode uses persistence only
[STAGE] pretrain epochs=1 start_epoch=0
[TRAIN] stage=pretrain epoch=1/1 batch=1/1 step=1 repair=1.028 localization=0.602 type=1.794 minimal=0 physics=1.342 total=1.335
[EPOCH] {'stage': 'pretrain', 'epoch': 0, 'global_step': 1, 'train_total': 1.3350858688354492, 'val_repair_mse': 1.0960253477096558, 'elapsed_seconds': 1.54}
[BEST] val_repair_mse=1.09603
[STAGE] finetune epochs=1 start_epoch=0
[TRAIN] stage=finetune epoch=1/1 batch=1/1 step=2 repair=1.007 localization=0 type=0 minimal=0 physics=1.329 total=1.073
[EPOCH] {'stage': 'finetune', 'epoch': 0, 'global_step': 2, 'train_total': 1.0729643106460571, 'val_repair_mse': 1.0768139362335205, 'elapsed_seconds': 1.76}
[BEST] val_repair_mse=1.07681
[TRAIN COMPLETE] {
  "run_id": "smoke_direct_state_prediction",
  "status": "completed",
  "method": "direct_state_prediction",
  "backbone": "climax",
  "seed": 42,
  "forecast_provider": "persistence_smoke_only",
  "best_val_repair_mse": 1.0768139362335205,
  "global_step": 2,
  "elapsed_seconds": 1.77,
  "checkpoint_best": "/home/tahiti/ConserveFM/runs_smoke_real/all_methods/direct_state_prediction/checkpoint_best.pt",
  "checkpoint_last": "/home/tahiti/ConserveFM/runs_smoke_real/all_methods/direct_state_prediction/checkpoint_last.pt"
}
