[SETUP] device=cuda
[SETUP] run_id=smoke_no_hydrostatic_constraint method=no_hydrostatic_constraint backbone=climax
[FORECAST] WARNING: /home/tahiti/ConserveFM/forecasts/climax.zarr missing; smoke mode uses persistence only
[STAGE] pretrain epochs=1 start_epoch=0
[TRAIN] stage=pretrain epoch=1/1 batch=1/1 step=1 repair=0.06259 localization=0.602 type=1.794 minimal=0.1871 physics=1.159 total=0.362
[EPOCH] {'stage': 'pretrain', 'epoch': 0, 'global_step': 1, 'train_total': 0.36203867197036743, 'val_repair_mse': 0.17075112462043762, 'elapsed_seconds': 1.51}
[BEST] val_repair_mse=0.170751
[STAGE] finetune epochs=1 start_epoch=0
[TRAIN] stage=finetune epoch=1/1 batch=1/1 step=2 repair=0.1556 localization=0 type=0 minimal=0.1857 physics=1.174 total=0.2161
[EPOCH] {'stage': 'finetune', 'epoch': 0, 'global_step': 2, 'train_total': 0.2161463052034378, 'val_repair_mse': 0.16326527297496796, 'elapsed_seconds': 1.73}
[BEST] val_repair_mse=0.163265
[TRAIN COMPLETE] {
  "run_id": "smoke_no_hydrostatic_constraint",
  "status": "completed",
  "method": "no_hydrostatic_constraint",
  "backbone": "climax",
  "seed": 42,
  "forecast_provider": "persistence_smoke_only",
  "best_val_repair_mse": 0.16326527297496796,
  "global_step": 2,
  "elapsed_seconds": 1.74,
  "checkpoint_best": "/home/tahiti/ConserveFM/runs_smoke_real/all_methods/no_hydrostatic_constraint/checkpoint_best.pt",
  "checkpoint_last": "/home/tahiti/ConserveFM/runs_smoke_real/all_methods/no_hydrostatic_constraint/checkpoint_last.pt"
}
