[SETUP] device=cuda
[SETUP] run_id=smoke_no_moisture_constraint method=no_moisture_constraint backbone=climax
[FORECAST] WARNING: /home/tahiti/ConserveFM/forecasts/climax.zarr missing; smoke mode uses persistence only
[STAGE] pretrain epochs=1 start_epoch=0
[TRAIN] stage=pretrain epoch=1/1 batch=1/1 step=1 repair=0.06259 localization=0.602 type=1.794 minimal=0.1871 physics=1.164 total=0.3623
[EPOCH] {'stage': 'pretrain', 'epoch': 0, 'global_step': 1, 'train_total': 0.36228734254837036, 'val_repair_mse': 0.17075112462043762, 'elapsed_seconds': 1.46}
[BEST] val_repair_mse=0.170751
[STAGE] finetune epochs=1 start_epoch=0
[TRAIN] stage=finetune epoch=1/1 batch=1/1 step=2 repair=0.1556 localization=0 type=0 minimal=0.1857 physics=1.179 total=0.2164
[EPOCH] {'stage': 'finetune', 'epoch': 0, 'global_step': 2, 'train_total': 0.21639063954353333, 'val_repair_mse': 0.1632436066865921, 'elapsed_seconds': 1.68}
[BEST] val_repair_mse=0.163244
[TRAIN COMPLETE] {
  "run_id": "smoke_no_moisture_constraint",
  "status": "completed",
  "method": "no_moisture_constraint",
  "backbone": "climax",
  "seed": 42,
  "forecast_provider": "persistence_smoke_only",
  "best_val_repair_mse": 0.1632436066865921,
  "global_step": 2,
  "elapsed_seconds": 1.69,
  "checkpoint_best": "/home/tahiti/ConserveFM/runs_smoke_real/all_methods/no_moisture_constraint/checkpoint_best.pt",
  "checkpoint_last": "/home/tahiti/ConserveFM/runs_smoke_real/all_methods/no_moisture_constraint/checkpoint_last.pt"
}
