[SETUP] device=cuda
[SETUP] run_id=smoke_no_spectral_constraint method=no_spectral_constraint backbone=climax
[FORECAST] WARNING: /home/tahiti/ConserveFM/forecasts/climax.zarr missing; smoke mode uses persistence only
[STAGE] pretrain epochs=1 start_epoch=0
[TRAIN] stage=pretrain epoch=1/1 batch=1/1 step=1 repair=0.06259 localization=0.602 type=1.794 minimal=0.1871 physics=0.5138 total=0.3298
[EPOCH] {'stage': 'pretrain', 'epoch': 0, 'global_step': 1, 'train_total': 0.3297545909881592, 'val_repair_mse': 0.17075112462043762, 'elapsed_seconds': 1.51}
[BEST] val_repair_mse=0.170751
[STAGE] finetune epochs=1 start_epoch=0
[TRAIN] stage=finetune epoch=1/1 batch=1/1 step=2 repair=0.1556 localization=0 type=0 minimal=0.1857 physics=0.5154 total=0.1832
[EPOCH] {'stage': 'finetune', 'epoch': 0, 'global_step': 2, 'train_total': 0.18319851160049438, 'val_repair_mse': 0.1629994958639145, 'elapsed_seconds': 1.73}
[BEST] val_repair_mse=0.162999
[TRAIN COMPLETE] {
  "run_id": "smoke_no_spectral_constraint",
  "status": "completed",
  "method": "no_spectral_constraint",
  "backbone": "climax",
  "seed": 42,
  "forecast_provider": "persistence_smoke_only",
  "best_val_repair_mse": 0.1629994958639145,
  "global_step": 2,
  "elapsed_seconds": 1.74,
  "checkpoint_best": "/home/tahiti/ConserveFM/runs_smoke_real/all_methods/no_spectral_constraint/checkpoint_best.pt",
  "checkpoint_last": "/home/tahiti/ConserveFM/runs_smoke_real/all_methods/no_spectral_constraint/checkpoint_last.pt"
}
