[SETUP] device=cuda
[SETUP] run_id=smoke_no_corruption_pretrain method=no_corruption_pretrain backbone=climax
[FORECAST] WARNING: /home/tahiti/ConserveFM/forecasts/climax.zarr missing; smoke mode uses persistence only
[STAGE] finetune epochs=1 start_epoch=0
[TRAIN] stage=finetune epoch=1/1 batch=1/1 step=1 repair=0.1556 localization=0 type=0 minimal=0.1857 physics=1.191 total=0.217
[EPOCH] {'stage': 'finetune', 'epoch': 0, 'global_step': 1, 'train_total': 0.21699123084545135, 'val_repair_mse': 0.17075112462043762, 'elapsed_seconds': 1.51}
[BEST] val_repair_mse=0.170751
[TRAIN COMPLETE] {
  "run_id": "smoke_no_corruption_pretrain",
  "status": "completed",
  "method": "no_corruption_pretrain",
  "backbone": "climax",
  "seed": 42,
  "forecast_provider": "persistence_smoke_only",
  "best_val_repair_mse": 0.17075112462043762,
  "global_step": 1,
  "elapsed_seconds": 1.51,
  "checkpoint_best": "/home/tahiti/ConserveFM/runs_smoke_real/all_methods/no_corruption_pretrain/checkpoint_best.pt",
  "checkpoint_last": "/home/tahiti/ConserveFM/runs_smoke_real/all_methods/no_corruption_pretrain/checkpoint_last.pt"
}
