[SETUP] device=cuda
[SETUP] run_id=smoke_residual_repair method=residual_repair backbone=climax
[FORECAST] WARNING: /home/tahiti/ConserveFM/forecasts/climax.zarr missing; smoke mode uses persistence only
[STAGE] finetune epochs=1 start_epoch=0
[TRAIN] stage=finetune epoch=1/1 batch=1/1 step=1 repair=0.1556 localization=0 type=0 minimal=0.1857 physics=0 total=0.1574
[EPOCH] {'stage': 'finetune', 'epoch': 0, 'global_step': 1, 'train_total': 0.15742629766464233, 'val_repair_mse': 0.17075112462043762, 'elapsed_seconds': 1.17}
[BEST] val_repair_mse=0.170751
[TRAIN COMPLETE] {
  "run_id": "smoke_residual_repair",
  "status": "completed",
  "method": "residual_repair",
  "backbone": "climax",
  "seed": 42,
  "forecast_provider": "persistence_smoke_only",
  "best_val_repair_mse": 0.17075112462043762,
  "global_step": 1,
  "elapsed_seconds": 1.17,
  "checkpoint_best": "/home/tahiti/ConserveFM/runs_smoke_real/all_methods/residual_repair/checkpoint_best.pt",
  "checkpoint_last": "/home/tahiti/ConserveFM/runs_smoke_real/all_methods/residual_repair/checkpoint_last.pt"
}
