[SETUP] device=cuda
[SETUP] run_id=smoke_manual_tuned_weights method=manual_tuned_weights backbone=climax
[FORECAST] WARNING: /home/tahiti/ConserveFM/forecasts/climax.zarr missing; smoke mode uses persistence only
[STAGE] pretrain epochs=1 start_epoch=0
[TRAIN] stage=pretrain epoch=1/1 batch=1/1 step=1 repair=0.06259 localization=0.602 type=1.794 minimal=0.1871 physics=0.9877 total=0.3534
[EPOCH] {'stage': 'pretrain', 'epoch': 0, 'global_step': 1, 'train_total': 0.35344743728637695, 'val_repair_mse': 0.17075112462043762, 'elapsed_seconds': 1.52}
[BEST] val_repair_mse=0.170751
[STAGE] finetune epochs=1 start_epoch=0
[TRAIN] stage=finetune epoch=1/1 batch=1/1 step=2 repair=0.1556 localization=0 type=0 minimal=0.1857 physics=0.9965 total=0.2073
[EPOCH] {'stage': 'finetune', 'epoch': 0, 'global_step': 2, 'train_total': 0.20725011825561523, 'val_repair_mse': 0.16414396464824677, 'elapsed_seconds': 1.74}
[BEST] val_repair_mse=0.164144
[TRAIN COMPLETE] {
  "run_id": "smoke_manual_tuned_weights",
  "status": "completed",
  "method": "manual_tuned_weights",
  "backbone": "climax",
  "seed": 42,
  "forecast_provider": "persistence_smoke_only",
  "best_val_repair_mse": 0.16414396464824677,
  "global_step": 2,
  "elapsed_seconds": 1.75,
  "checkpoint_best": "/home/tahiti/ConserveFM/runs_smoke_real/all_methods/manual_tuned_weights/checkpoint_best.pt",
  "checkpoint_last": "/home/tahiti/ConserveFM/runs_smoke_real/all_methods/manual_tuned_weights/checkpoint_last.pt"
}
