[SETUP] device=cuda
[SETUP] run_id=smoke_no_moisture_corruption method=no_moisture_corruption backbone=climax
[FORECAST] WARNING: /home/tahiti/ConserveFM/forecasts/climax.zarr missing; smoke mode uses persistence only
[STAGE] pretrain epochs=1 start_epoch=0
[TRAIN] stage=pretrain epoch=1/1 batch=1/1 step=1 repair=0.06274 localization=0.6044 type=1.482 minimal=0.1873 physics=1.178 total=0.3322
[EPOCH] {'stage': 'pretrain', 'epoch': 0, 'global_step': 1, 'train_total': 0.33218520879745483, 'val_repair_mse': 0.17075112462043762, 'elapsed_seconds': 1.55}
[BEST] val_repair_mse=0.170751
[STAGE] finetune epochs=1 start_epoch=0
[TRAIN] stage=finetune epoch=1/1 batch=1/1 step=2 repair=0.1556 localization=0 type=0 minimal=0.1857 physics=1.191 total=0.217
[EPOCH] {'stage': 'finetune', 'epoch': 0, 'global_step': 2, 'train_total': 0.21699123084545135, 'val_repair_mse': 0.1616048663854599, 'elapsed_seconds': 1.77}
[BEST] val_repair_mse=0.161605
[TRAIN COMPLETE] {
  "run_id": "smoke_no_moisture_corruption",
  "status": "completed",
  "method": "no_moisture_corruption",
  "backbone": "climax",
  "seed": 42,
  "forecast_provider": "persistence_smoke_only",
  "best_val_repair_mse": 0.1616048663854599,
  "global_step": 2,
  "elapsed_seconds": 1.78,
  "checkpoint_best": "/home/tahiti/ConserveFM/runs_smoke_real/all_methods/no_moisture_corruption/checkpoint_best.pt",
  "checkpoint_last": "/home/tahiti/ConserveFM/runs_smoke_real/all_methods/no_moisture_corruption/checkpoint_last.pt"
}
