[SETUP] device=cuda
[SETUP] run_id=smoke_no_constraint_type_head method=no_constraint_type_head backbone=climax
[FORECAST] WARNING: /home/tahiti/ConserveFM/forecasts/climax.zarr missing; smoke mode uses persistence only
[STAGE] pretrain epochs=1 start_epoch=0
[TRAIN] stage=pretrain epoch=1/1 batch=1/1 step=1 repair=0.06259 localization=0.602 type=0 minimal=0.1871 physics=1.344 total=0.1919
[EPOCH] {'stage': 'pretrain', 'epoch': 0, 'global_step': 1, 'train_total': 0.19186027348041534, 'val_repair_mse': 0.17075112462043762, 'elapsed_seconds': 1.5}
[BEST] val_repair_mse=0.170751
[STAGE] finetune epochs=1 start_epoch=0
[TRAIN] stage=finetune epoch=1/1 batch=1/1 step=2 repair=0.1556 localization=0 type=0 minimal=0.1857 physics=1.36 total=0.2254
[EPOCH] {'stage': 'finetune', 'epoch': 0, 'global_step': 2, 'train_total': 0.22541776299476624, 'val_repair_mse': 0.1631285697221756, 'elapsed_seconds': 1.72}
[BEST] val_repair_mse=0.163129
[TRAIN COMPLETE] {
  "run_id": "smoke_no_constraint_type_head",
  "status": "completed",
  "method": "no_constraint_type_head",
  "backbone": "climax",
  "seed": 42,
  "forecast_provider": "persistence_smoke_only",
  "best_val_repair_mse": 0.1631285697221756,
  "global_step": 2,
  "elapsed_seconds": 1.73,
  "checkpoint_best": "/home/tahiti/ConserveFM/runs_smoke_real/all_methods/no_constraint_type_head/checkpoint_best.pt",
  "checkpoint_last": "/home/tahiti/ConserveFM/runs_smoke_real/all_methods/no_constraint_type_head/checkpoint_last.pt"
}
