2026-07-13 12:45:29 [MAIN    ] Starting GHCN and ISD simultaneously
2026-07-13 12:45:29 [MAIN    ] Free disk: 8.54 TiB
2026-07-13 12:45:29 [GHCN    ] Starting 45 yearly files, 1979–2023, workers=4
2026-07-13 12:45:29 [ISD     ] Reading official station index: https://www.ncei.noaa.gov/data/global-hourly/access/2023/
2026-07-13 12:45:29 [STATUS  ] GHCN=0.00 B | ISD=0.00 B | free=8.54 TiB
2026-07-13 12:45:36 [ISD     ] Found 13,398 station CSV files | year=2023 | workers=8
2026-07-13 12:46:29 [STATUS  ] GHCN=30.00 MiB | ISD=55.13 MiB | free=8.54 TiB
2026-07-13 12:47:29 [STATUS  ] GHCN=55.00 MiB | ISD=108.89 MiB | free=8.54 TiB
2026-07-13 12:48:29 [STATUS  ] GHCN=86.00 MiB | ISD=172.28 MiB | free=8.54 TiB
2026-07-13 12:49:29 [STATUS  ] GHCN=104.00 MiB | ISD=220.48 MiB | free=8.54 TiB
2026-07-13 12:50:29 [STATUS  ] GHCN=135.00 MiB | ISD=282.50 MiB | free=8.54 TiB
2026-07-13 12:50:36 [ISD     ] progress=100/13,398 | failed=0 | local=269.38 MiB | average=920.89 KiB/s
2026-07-13 12:51:29 [STATUS  ] GHCN=161.00 MiB | ISD=353.23 MiB | free=8.54 TiB
2026-07-13 12:52:29 [STATUS  ] GHCN=190.00 MiB | ISD=430.34 MiB | free=8.54 TiB
2026-07-13 12:52:55 [ISD     ] progress=200/13,398 | failed=0 | local=437.81 MiB | average=1022.45 KiB/s
2026-07-13 12:53:29 [STATUS  ] GHCN=218.00 MiB | ISD=493.17 MiB | free=8.54 TiB
2026-07-13 12:54:29 [STATUS  ] GHCN=244.00 MiB | ISD=563.38 MiB | free=8.54 TiB
2026-07-13 12:54:56 [ISD     ] progress=300/13,398 | failed=0 | local=577.93 MiB | average=1.03 MiB/s
2026-07-13 12:55:29 [STATUS  ] GHCN=268.00 MiB | ISD=642.55 MiB | free=8.54 TiB
2026-07-13 12:56:29 [STATUS  ] GHCN=289.00 MiB | ISD=707.70 MiB | free=8.54 TiB
2026-07-13 12:57:21 [ISD     ] progress=400/13,398 | failed=0 | local=742.09 MiB | average=1.05 MiB/s
2026-07-13 12:57:30 [STATUS  ] GHCN=319.00 MiB | ISD=777.49 MiB | free=8.54 TiB
2026-07-13 12:58:30 [STATUS  ] GHCN=341.00 MiB | ISD=843.90 MiB | free=8.54 TiB
2026-07-13 12:59:30 [STATUS  ] GHCN=368.00 MiB | ISD=907.32 MiB | free=8.54 TiB
2026-07-13 13:00:30 [STATUS  ] GHCN=383.00 MiB | ISD=953.14 MiB | free=8.54 TiB
2026-07-13 13:01:30 [STATUS  ] GHCN=391.00 MiB | ISD=969.40 MiB | free=8.54 TiB
2026-07-13 13:02:30 [STATUS  ] GHCN=400.00 MiB | ISD=984.58 MiB | free=8.54 TiB
2026-07-13 13:02:34 [ISD     ] progress=500/13,398 | failed=0 | local=977.09 MiB | average=983.41 KiB/s
2026-07-13 13:03:30 [STATUS  ] GHCN=406.00 MiB | ISD=997.20 MiB | free=8.54 TiB
2026-07-13 13:03:30 [ISD     ] retry 1/50: 02736099999.csv | RuntimeError: incomplete response: 2659202/2664177 bytes | saved=0.00 B
2026-07-13 13:03:46 [GHCN    ] 1979: downloaded | 141.51 MiB | 1/45
2026-07-13 13:04:30 [STATUS  ] GHCN=413.51 MiB | ISD=1014.54 MiB | free=8.54 TiB
2026-07-13 13:05:30 [STATUS  ] GHCN=420.51 MiB | ISD=1.00 GiB | free=8.54 TiB
2026-07-13 13:06:30 [STATUS  ] GHCN=426.51 MiB | ISD=1.02 GiB | free=8.54 TiB
2026-07-13 13:07:30 [STATUS  ] GHCN=432.51 MiB | ISD=1.04 GiB | free=8.54 TiB
2026-07-13 13:08:30 [STATUS  ] GHCN=439.51 MiB | ISD=1.05 GiB | free=8.54 TiB
2026-07-13 13:09:30 [STATUS  ] GHCN=445.51 MiB | ISD=1.07 GiB | free=8.54 TiB
2026-07-13 13:10:30 [STATUS  ] GHCN=452.51 MiB | ISD=1.08 GiB | free=8.54 TiB
2026-07-13 13:11:30 [STATUS  ] GHCN=460.51 MiB | ISD=1.10 GiB | free=8.53 TiB
2026-07-13 13:12:30 [STATUS  ] GHCN=475.51 MiB | ISD=1.12 GiB | free=8.53 TiB
2026-07-13 13:13:30 [STATUS  ] GHCN=499.51 MiB | ISD=1.19 GiB | free=8.53 TiB
2026-07-13 13:14:24 [ISD     ] progress=600/13,398 | failed=0 | local=1.24 GiB | average=751.50 KiB/s
2026-07-13 13:14:30 [STATUS  ] GHCN=519.51 MiB | ISD=1.26 GiB | free=8.53 TiB
2026-07-13 13:15:30 [STATUS  ] GHCN=536.51 MiB | ISD=1.31 GiB | free=8.54 TiB
2026-07-13 13:16:30 [STATUS  ] GHCN=559.51 MiB | ISD=1.39 GiB | free=8.54 TiB
2026-07-13 13:17:30 [STATUS  ] GHCN=583.51 MiB | ISD=1.46 GiB | free=8.54 TiB
2026-07-13 13:18:30 [STATUS  ] GHCN=607.51 MiB | ISD=1.52 GiB | free=8.54 TiB
2026-07-13 13:19:21 [GHCN    ] 1981: downloaded | 144.89 MiB | 2/45
2026-07-13 13:19:29 [GHCN    ] 1982: downloaded | 146.65 MiB | 3/45
2026-07-13 13:19:30 [STATUS  ] GHCN=634.05 MiB | ISD=1.58 GiB | free=8.54 TiB
2026-07-13 13:20:13 [GHCN    ] 1980: downloaded | 141.96 MiB | 4/45
2026-07-13 13:20:30 [STATUS  ] GHCN=659.02 MiB | ISD=1.64 GiB | free=8.54 TiB
2026-07-13 13:21:20 [ISD     ] progress=700/13,398 | failed=0 | local=1.68 GiB | average=820.47 KiB/s
2026-07-13 13:21:30 [STATUS  ] GHCN=691.02 MiB | ISD=1.70 GiB | free=8.54 TiB
2026-07-13 13:22:30 [STATUS  ] GHCN=722.02 MiB | ISD=1.75 GiB | free=8.54 TiB
2026-07-13 13:23:30 [STATUS  ] GHCN=754.02 MiB | ISD=1.80 GiB | free=8.54 TiB
2026-07-13 13:24:30 [STATUS  ] GHCN=777.02 MiB | ISD=1.85 GiB | free=8.54 TiB
2026-07-13 13:25:30 [STATUS  ] GHCN=787.02 MiB | ISD=1.87 GiB | free=8.54 TiB
2026-07-13 13:26:30 [STATUS  ] GHCN=809.02 MiB | ISD=1.92 GiB | free=8.54 TiB
2026-07-13 13:27:30 [STATUS  ] GHCN=831.02 MiB | ISD=1.98 GiB | free=8.54 TiB
2026-07-13 13:28:30 [STATUS  ] GHCN=856.02 MiB | ISD=2.04 GiB | free=8.54 TiB
2026-07-13 13:29:30 [STATUS  ] GHCN=883.02 MiB | ISD=2.09 GiB | free=8.54 TiB
2026-07-13 13:30:30 [STATUS  ] GHCN=885.02 MiB | ISD=2.10 GiB | free=8.54 TiB
2026-07-13 13:31:30 [STATUS  ] GHCN=894.02 MiB | ISD=2.11 GiB | free=8.54 TiB
2026-07-13 13:32:30 [STATUS  ] GHCN=898.02 MiB | ISD=2.12 GiB | free=8.54 TiB
2026-07-13 13:33:30 [STATUS  ] GHCN=905.02 MiB | ISD=2.14 GiB | free=8.54 TiB
2026-07-13 13:34:30 [STATUS  ] GHCN=911.02 MiB | ISD=2.15 GiB | free=8.54 TiB
2026-07-13 13:35:30 [STATUS  ] GHCN=916.02 MiB | ISD=2.16 GiB | free=8.54 TiB
2026-07-13 13:35:35 [ISD     ] progress=800/13,398 | failed=0 | local=2.16 GiB | average=755.28 KiB/s
2026-07-13 13:35:59 [GHCN    ] 1983: downloaded | 147.97 MiB | 5/45
2026-07-13 13:36:30 [STATUS  ] GHCN=949.99 MiB | ISD=2.21 GiB | free=8.54 TiB
2026-07-13 13:37:30 [STATUS  ] GHCN=977.99 MiB | ISD=2.28 GiB | free=8.54 TiB
2026-07-13 13:38:30 [STATUS  ] GHCN=1006.99 MiB | ISD=2.34 GiB | free=8.54 TiB
2026-07-13 13:39:30 [STATUS  ] GHCN=1.01 GiB | ISD=2.40 GiB | free=8.54 TiB
2026-07-13 13:40:30 [STATUS  ] GHCN=1.04 GiB | ISD=2.45 GiB | free=8.54 TiB
2026-07-13 13:41:30 [STATUS  ] GHCN=1.06 GiB | ISD=2.51 GiB | free=8.54 TiB
2026-07-13 13:42:30 [STATUS  ] GHCN=1.08 GiB | ISD=2.57 GiB | free=8.54 TiB
2026-07-13 13:43:30 [STATUS  ] GHCN=1.12 GiB | ISD=2.62 GiB | free=8.54 TiB
2026-07-13 13:43:35 [GHCN    ] 1986: downloaded | 144.05 MiB | 6/45
2026-07-13 13:43:39 [ISD     ] progress=900/13,398 | failed=0 | local=2.60 GiB | average=783.80 KiB/s
2026-07-13 13:44:30 [STATUS  ] GHCN=1.13 GiB | ISD=2.67 GiB | free=8.54 TiB
2026-07-13 13:45:09 [GHCN    ] 1984: downloaded | 146.49 MiB | 7/45
2026-07-13 13:45:30 [STATUS  ] GHCN=1.16 GiB | ISD=2.73 GiB | free=8.54 TiB
2026-07-13 13:46:30 [STATUS  ] GHCN=1.18 GiB | ISD=2.79 GiB | free=8.54 TiB
2026-07-13 13:47:30 [STATUS  ] GHCN=1.21 GiB | ISD=2.85 GiB | free=8.54 TiB
2026-07-13 13:47:35 [ISD     ] progress=1,000/13,398 | failed=0 | local=2.83 GiB | average=799.12 KiB/s
2026-07-13 13:48:30 [STATUS  ] GHCN=1.23 GiB | ISD=2.90 GiB | free=8.54 TiB
2026-07-13 13:49:30 [STATUS  ] GHCN=1.26 GiB | ISD=2.96 GiB | free=8.54 TiB
2026-07-13 13:50:30 [STATUS  ] GHCN=1.28 GiB | ISD=3.02 GiB | free=8.54 TiB
2026-07-13 13:51:30 [STATUS  ] GHCN=1.31 GiB | ISD=3.08 GiB | free=8.54 TiB
2026-07-13 13:52:30 [STATUS  ] GHCN=1.34 GiB | ISD=3.13 GiB | free=8.54 TiB
2026-07-13 13:53:30 [STATUS  ] GHCN=1.37 GiB | ISD=3.18 GiB | free=8.54 TiB
2026-07-13 13:54:09 [GHCN    ] 1985: downloaded | 145.02 MiB | 8/45
2026-07-13 13:54:30 [STATUS  ] GHCN=1.38 GiB | ISD=3.22 GiB | free=8.54 TiB
2026-07-13 13:55:30 [STATUS  ] GHCN=1.40 GiB | ISD=3.27 GiB | free=8.54 TiB
2026-07-13 13:56:12 [ISD     ] progress=1,100/13,398 | failed=0 | local=3.29 GiB | average=814.64 KiB/s
2026-07-13 13:56:30 [STATUS  ] GHCN=1.43 GiB | ISD=3.32 GiB | free=8.54 TiB
2026-07-13 13:57:30 [STATUS  ] GHCN=1.46 GiB | ISD=3.37 GiB | free=8.54 TiB
2026-07-13 13:58:30 [STATUS  ] GHCN=1.48 GiB | ISD=3.42 GiB | free=8.54 TiB
2026-07-13 13:59:30 [STATUS  ] GHCN=1.51 GiB | ISD=3.48 GiB | free=8.54 TiB
2026-07-13 14:00:30 [STATUS  ] GHCN=1.54 GiB | ISD=3.52 GiB | free=8.54 TiB
2026-07-13 14:01:30 [STATUS  ] GHCN=1.57 GiB | ISD=3.58 GiB | free=8.54 TiB
2026-07-13 14:01:31 [GHCN    ] 1989: downloaded | 145.26 MiB | 9/45
2026-07-13 14:02:30 [STATUS  ] GHCN=1.59 GiB | ISD=3.62 GiB | free=8.54 TiB
2026-07-13 14:02:51 [GHCN    ] 1987: downloaded | 144.05 MiB | 10/45
2026-07-13 14:03:31 [STATUS  ] GHCN=1.62 GiB | ISD=3.68 GiB | free=8.54 TiB
2026-07-13 14:04:28 [GHCN    ] 1988: downloaded | 144.81 MiB | 11/45
2026-07-13 14:04:31 [STATUS  ] GHCN=1.65 GiB | ISD=3.75 GiB | free=8.54 TiB
2026-07-13 14:05:31 [STATUS  ] GHCN=1.67 GiB | ISD=3.80 GiB | free=8.54 TiB
2026-07-13 14:05:38 [ISD     ] progress=1,200/13,398 | failed=0 | local=3.80 GiB | average=830.34 KiB/s
2026-07-13 14:06:31 [STATUS  ] GHCN=1.69 GiB | ISD=3.87 GiB | free=8.54 TiB
2026-07-13 14:07:31 [STATUS  ] GHCN=1.72 GiB | ISD=3.93 GiB | free=8.54 TiB
2026-07-13 14:08:31 [STATUS  ] GHCN=1.74 GiB | ISD=3.98 GiB | free=8.54 TiB
2026-07-13 14:09:31 [STATUS  ] GHCN=1.77 GiB | ISD=4.04 GiB | free=8.54 TiB
2026-07-13 14:10:31 [STATUS  ] GHCN=1.80 GiB | ISD=4.10 GiB | free=8.53 TiB
2026-07-13 14:10:46 [ISD     ] progress=1,300/13,398 | failed=0 | local=4.11 GiB | average=843.67 KiB/s
2026-07-13 14:11:31 [STATUS  ] GHCN=1.82 GiB | ISD=4.17 GiB | free=8.53 TiB
2026-07-13 14:12:31 [STATUS  ] GHCN=1.85 GiB | ISD=4.22 GiB | free=8.53 TiB
2026-07-13 14:13:31 [STATUS  ] GHCN=1.88 GiB | ISD=4.28 GiB | free=8.53 TiB
2026-07-13 14:14:31 [STATUS  ] GHCN=1.91 GiB | ISD=4.34 GiB | free=8.53 TiB
2026-07-13 14:15:31 [STATUS  ] GHCN=1.94 GiB | ISD=4.40 GiB | free=8.53 TiB
2026-07-13 14:15:48 [GHCN    ] 1990: downloaded | 145.38 MiB | 12/45
2026-07-13 14:16:31 [STATUS  ] GHCN=1.96 GiB | ISD=4.45 GiB | free=8.53 TiB
2026-07-13 14:17:31 [STATUS  ] GHCN=1.99 GiB | ISD=4.50 GiB | free=8.53 TiB
2026-07-13 14:18:31 [STATUS  ] GHCN=2.02 GiB | ISD=4.56 GiB | free=8.53 TiB
2026-07-13 14:19:31 [STATUS  ] GHCN=2.05 GiB | ISD=4.62 GiB | free=8.53 TiB
2026-07-13 14:19:36 [GHCN    ] 1993: downloaded | 145.10 MiB | 13/45
2026-07-13 14:20:31 [STATUS  ] GHCN=2.08 GiB | ISD=4.68 GiB | free=8.53 TiB
2026-07-13 14:20:47 [ISD     ] progress=1,400/13,398 | failed=0 | local=4.68 GiB | average=859.35 KiB/s
2026-07-13 14:21:31 [STATUS  ] GHCN=2.10 GiB | ISD=4.75 GiB | free=8.53 TiB
2026-07-13 14:22:31 [STATUS  ] GHCN=2.12 GiB | ISD=4.80 GiB | free=8.53 TiB
2026-07-13 14:23:31 [STATUS  ] GHCN=2.14 GiB | ISD=4.85 GiB | free=8.53 TiB
2026-07-13 14:24:31 [STATUS  ] GHCN=2.16 GiB | ISD=4.91 GiB | free=8.53 TiB
2026-07-13 14:25:31 [STATUS  ] GHCN=2.19 GiB | ISD=4.97 GiB | free=8.53 TiB
2026-07-13 14:26:31 [STATUS  ] GHCN=2.22 GiB | ISD=5.03 GiB | free=8.53 TiB
2026-07-13 14:27:31 [STATUS  ] GHCN=2.24 GiB | ISD=5.07 GiB | free=8.53 TiB
2026-07-13 14:28:31 [STATUS  ] GHCN=2.25 GiB | ISD=5.08 GiB | free=8.53 TiB
2026-07-13 14:29:31 [STATUS  ] GHCN=2.25 GiB | ISD=5.09 GiB | free=8.53 TiB
2026-07-13 14:30:11 [ISD     ] retry 1/50: 07630099999.csv | RuntimeError: incomplete response: 4909826/9802488 bytes | saved=0.00 B
2026-07-13 14:30:31 [STATUS  ] GHCN=2.26 GiB | ISD=5.10 GiB | free=8.53 TiB
2026-07-13 14:30:36 [GHCN    ] 1991: downloaded | 146.03 MiB | 14/45
2026-07-13 14:31:31 [STATUS  ] GHCN=2.26 GiB | ISD=5.11 GiB | free=8.53 TiB
2026-07-13 14:32:31 [STATUS  ] GHCN=2.26 GiB | ISD=5.12 GiB | free=8.53 TiB
2026-07-13 14:33:19 [GHCN    ] 1992: downloaded | 146.20 MiB | 15/45
2026-07-13 14:33:31 [STATUS  ] GHCN=2.27 GiB | ISD=5.14 GiB | free=8.53 TiB
2026-07-13 14:34:31 [STATUS  ] GHCN=2.29 GiB | ISD=5.16 GiB | free=8.53 TiB
2026-07-13 14:35:31 [STATUS  ] GHCN=2.30 GiB | ISD=5.18 GiB | free=8.53 TiB
2026-07-13 14:36:31 [STATUS  ] GHCN=2.31 GiB | ISD=5.20 GiB | free=8.53 TiB
2026-07-13 14:37:31 [STATUS  ] GHCN=2.31 GiB | ISD=5.22 GiB | free=8.53 TiB
2026-07-13 14:38:31 [STATUS  ] GHCN=2.32 GiB | ISD=5.24 GiB | free=8.53 TiB
2026-07-13 14:38:53 [ISD     ] progress=1,500/13,398 | failed=0 | local=5.22 GiB | average=805.18 KiB/s
2026-07-13 14:39:31 [STATUS  ] GHCN=2.33 GiB | ISD=5.27 GiB | free=8.53 TiB
2026-07-13 14:40:31 [STATUS  ] GHCN=2.34 GiB | ISD=5.29 GiB | free=8.53 TiB
2026-07-13 14:41:31 [STATUS  ] GHCN=2.34 GiB | ISD=5.30 GiB | free=8.53 TiB
2026-07-13 14:42:31 [STATUS  ] GHCN=2.35 GiB | ISD=5.31 GiB | free=8.53 TiB
2026-07-13 14:42:51 [GHCN    ] retry 1/50: 1996.csv.gz | RuntimeError: incomplete response: 22384383/151064663 bytes | saved=0.00 B
2026-07-13 14:43:32 [STATUS  ] GHCN=2.36 GiB | ISD=5.33 GiB | free=8.53 TiB
2026-07-13 14:44:32 [STATUS  ] GHCN=2.36 GiB | ISD=5.34 GiB | free=8.53 TiB
2026-07-13 14:45:32 [STATUS  ] GHCN=2.37 GiB | ISD=5.37 GiB | free=8.53 TiB
2026-07-13 14:46:32 [STATUS  ] GHCN=2.39 GiB | ISD=5.39 GiB | free=8.53 TiB
2026-07-13 14:47:32 [STATUS  ] GHCN=2.40 GiB | ISD=5.41 GiB | free=8.53 TiB
2026-07-13 14:48:32 [STATUS  ] GHCN=2.41 GiB | ISD=5.44 GiB | free=8.53 TiB
2026-07-13 14:49:32 [STATUS  ] GHCN=2.42 GiB | ISD=5.46 GiB | free=8.53 TiB
2026-07-13 14:50:32 [STATUS  ] GHCN=2.43 GiB | ISD=5.49 GiB | free=8.53 TiB
2026-07-13 14:51:32 [STATUS  ] GHCN=2.45 GiB | ISD=5.50 GiB | free=8.53 TiB
2026-07-13 14:52:32 [STATUS  ] GHCN=2.45 GiB | ISD=5.52 GiB | free=8.53 TiB
2026-07-13 14:53:32 [STATUS  ] GHCN=2.46 GiB | ISD=5.55 GiB | free=8.53 TiB
2026-07-13 14:54:32 [STATUS  ] GHCN=2.47 GiB | ISD=5.57 GiB | free=8.53 TiB
2026-07-13 14:55:32 [STATUS  ] GHCN=2.48 GiB | ISD=5.59 GiB | free=8.53 TiB
2026-07-13 14:56:32 [STATUS  ] GHCN=2.49 GiB | ISD=5.60 GiB | free=8.53 TiB
2026-07-13 14:57:32 [STATUS  ] GHCN=2.50 GiB | ISD=5.62 GiB | free=8.53 TiB
2026-07-13 14:58:00 [ISD     ] progress=1,600/13,398 | failed=0 | local=5.62 GiB | average=741.94 KiB/s
2026-07-13 14:58:32 [STATUS  ] GHCN=2.51 GiB | ISD=5.65 GiB | free=8.53 TiB
2026-07-13 14:59:32 [STATUS  ] GHCN=2.52 GiB | ISD=5.67 GiB | free=8.53 TiB
2026-07-13 14:59:52 [GHCN    ] 1994: downloaded | 144.11 MiB | 16/45
2026-07-13 15:00:32 [STATUS  ] GHCN=2.53 GiB | ISD=5.69 GiB | free=8.53 TiB
2026-07-13 15:01:32 [STATUS  ] GHCN=2.54 GiB | ISD=5.71 GiB | free=8.53 TiB
2026-07-13 15:01:33 [GHCN    ] 1995: downloaded | 143.79 MiB | 17/45
2026-07-13 15:02:32 [STATUS  ] GHCN=2.56 GiB | ISD=5.74 GiB | free=8.53 TiB
2026-07-13 15:03:32 [STATUS  ] GHCN=2.57 GiB | ISD=5.76 GiB | free=8.53 TiB
2026-07-13 15:04:32 [STATUS  ] GHCN=2.58 GiB | ISD=5.79 GiB | free=8.53 TiB
2026-07-13 15:05:32 [STATUS  ] GHCN=2.59 GiB | ISD=5.81 GiB | free=8.52 TiB
2026-07-13 15:06:32 [STATUS  ] GHCN=2.60 GiB | ISD=5.83 GiB | free=8.52 TiB
2026-07-13 15:07:32 [STATUS  ] GHCN=2.61 GiB | ISD=5.86 GiB | free=8.52 TiB
2026-07-13 15:08:32 [STATUS  ] GHCN=2.62 GiB | ISD=5.88 GiB | free=8.52 TiB
2026-07-13 15:09:11 [ISD     ] progress=1,700/13,398 | failed=0 | local=5.88 GiB | average=715.47 KiB/s
2026-07-13 15:09:32 [STATUS  ] GHCN=2.63 GiB | ISD=5.91 GiB | free=8.52 TiB
2026-07-13 15:10:32 [STATUS  ] GHCN=2.65 GiB | ISD=5.93 GiB | free=8.52 TiB
2026-07-13 15:11:32 [STATUS  ] GHCN=2.66 GiB | ISD=5.95 GiB | free=8.52 TiB
2026-07-13 15:12:32 [STATUS  ] GHCN=2.67 GiB | ISD=5.97 GiB | free=8.52 TiB
2026-07-13 15:13:32 [STATUS  ] GHCN=2.68 GiB | ISD=5.99 GiB | free=8.52 TiB
2026-07-13 15:14:32 [STATUS  ] GHCN=2.69 GiB | ISD=6.02 GiB | free=8.52 TiB
2026-07-13 15:15:32 [STATUS  ] GHCN=2.70 GiB | ISD=6.04 GiB | free=8.52 TiB
2026-07-13 15:16:32 [STATUS  ] GHCN=2.72 GiB | ISD=6.06 GiB | free=8.52 TiB
2026-07-13 15:17:33 [STATUS  ] GHCN=2.73 GiB | ISD=6.09 GiB | free=8.52 TiB
2026-07-13 15:18:33 [STATUS  ] GHCN=2.74 GiB | ISD=6.11 GiB | free=8.52 TiB
2026-07-13 15:19:33 [STATUS  ] GHCN=2.75 GiB | ISD=6.13 GiB | free=8.52 TiB
2026-07-13 15:20:33 [STATUS  ] GHCN=2.76 GiB | ISD=6.16 GiB | free=8.52 TiB
2026-07-13 15:21:33 [STATUS  ] GHCN=2.77 GiB | ISD=6.18 GiB | free=8.52 TiB
2026-07-13 15:22:33 [STATUS  ] GHCN=2.79 GiB | ISD=6.21 GiB | free=8.52 TiB
2026-07-13 15:22:49 [ISD     ] retry 1/50: 11116099999.csv | RuntimeError: incomplete response: 7820/7977 bytes | saved=0.00 B
2026-07-13 15:23:33 [STATUS  ] GHCN=2.80 GiB | ISD=6.24 GiB | free=8.52 TiB
2026-07-13 15:24:28 [ISD     ] progress=1,800/13,398 | failed=0 | local=6.26 GiB | average=688.47 KiB/s
2026-07-13 15:24:33 [STATUS  ] GHCN=2.81 GiB | ISD=6.27 GiB | free=8.52 TiB
2026-07-13 15:25:33 [STATUS  ] GHCN=2.82 GiB | ISD=6.30 GiB | free=8.52 TiB
2026-07-13 15:26:33 [STATUS  ] GHCN=2.83 GiB | ISD=6.32 GiB | free=8.52 TiB
2026-07-13 15:27:18 [GHCN    ] 1996: downloaded | 144.07 MiB | 18/45
2026-07-13 15:27:33 [STATUS  ] GHCN=2.84 GiB | ISD=6.34 GiB | free=8.52 TiB
2026-07-13 15:28:33 [STATUS  ] GHCN=2.85 GiB | ISD=6.37 GiB | free=8.52 TiB
2026-07-13 15:28:42 [GHCN    ] 1997: downloaded | 142.84 MiB | 19/45
2026-07-13 15:29:33 [STATUS  ] GHCN=2.86 GiB | ISD=6.39 GiB | free=8.52 TiB
2026-07-13 15:30:33 [STATUS  ] GHCN=2.87 GiB | ISD=6.41 GiB | free=8.52 TiB
2026-07-13 15:30:47 [ISD     ] retry 1/50: 11308099999.csv | RuntimeError: incomplete response: 2456610/2553400 bytes | saved=0.00 B
2026-07-13 15:31:33 [STATUS  ] GHCN=2.88 GiB | ISD=6.43 GiB | free=8.52 TiB
2026-07-13 15:31:39 [ISD     ] retry 1/50: 11348099999.csv | RuntimeError: incomplete response: 457764/490161 bytes | saved=0.00 B
2026-07-13 15:32:33 [STATUS  ] GHCN=2.89 GiB | ISD=6.45 GiB | free=8.52 TiB
2026-07-13 15:33:33 [STATUS  ] GHCN=2.90 GiB | ISD=6.48 GiB | free=8.52 TiB
2026-07-13 15:34:33 [STATUS  ] GHCN=2.91 GiB | ISD=6.50 GiB | free=8.52 TiB
2026-07-13 15:34:54 [ISD     ] progress=1,900/13,398 | failed=0 | local=6.50 GiB | average=671.40 KiB/s
2026-07-13 15:35:33 [STATUS  ] GHCN=2.92 GiB | ISD=6.53 GiB | free=8.52 TiB
2026-07-13 15:36:33 [STATUS  ] GHCN=2.93 GiB | ISD=6.55 GiB | free=8.52 TiB
2026-07-13 15:37:33 [STATUS  ] GHCN=2.94 GiB | ISD=6.57 GiB | free=8.52 TiB
2026-07-13 15:38:33 [STATUS  ] GHCN=2.95 GiB | ISD=6.60 GiB | free=8.52 TiB
2026-07-13 15:39:33 [STATUS  ] GHCN=2.96 GiB | ISD=6.62 GiB | free=8.52 TiB
2026-07-13 15:40:33 [STATUS  ] GHCN=2.97 GiB | ISD=6.65 GiB | free=8.52 TiB
2026-07-13 15:41:33 [STATUS  ] GHCN=2.98 GiB | ISD=6.68 GiB | free=8.52 TiB
2026-07-13 15:42:33 [STATUS  ] GHCN=2.99 GiB | ISD=6.70 GiB | free=8.52 TiB
2026-07-13 15:43:33 [STATUS  ] GHCN=3.00 GiB | ISD=6.72 GiB | free=8.52 TiB
2026-07-13 15:44:33 [STATUS  ] GHCN=3.01 GiB | ISD=6.74 GiB | free=8.52 TiB
2026-07-13 15:45:33 [STATUS  ] GHCN=3.02 GiB | ISD=6.76 GiB | free=8.51 TiB
2026-07-13 15:46:33 [STATUS  ] GHCN=3.03 GiB | ISD=6.78 GiB | free=8.51 TiB
2026-07-13 15:47:34 [STATUS  ] GHCN=3.04 GiB | ISD=6.80 GiB | free=8.51 TiB
2026-07-13 15:48:34 [STATUS  ] GHCN=3.05 GiB | ISD=6.82 GiB | free=8.51 TiB
2026-07-13 15:49:34 [STATUS  ] GHCN=3.06 GiB | ISD=6.84 GiB | free=8.51 TiB
2026-07-13 15:50:34 [STATUS  ] GHCN=3.07 GiB | ISD=6.87 GiB | free=8.51 TiB
2026-07-13 15:51:34 [STATUS  ] GHCN=3.09 GiB | ISD=6.89 GiB | free=8.51 TiB
2026-07-13 15:51:45 [GHCN    ] 1999: downloaded | 148.39 MiB | 20/45
2026-07-13 15:52:34 [STATUS  ] GHCN=3.09 GiB | ISD=6.90 GiB | free=8.51 TiB
2026-07-13 15:53:34 [STATUS  ] GHCN=3.10 GiB | ISD=6.93 GiB | free=8.51 TiB
2026-07-13 15:54:34 [STATUS  ] GHCN=3.11 GiB | ISD=6.94 GiB | free=8.51 TiB
2026-07-13 15:55:34 [STATUS  ] GHCN=3.12 GiB | ISD=6.96 GiB | free=8.51 TiB
2026-07-13 15:55:36 [GHCN    ] 1998: downloaded | 145.69 MiB | 21/45
2026-07-13 15:56:14 [ISD     ] progress=2,000/13,398 | failed=0 | local=6.95 GiB | average=637.31 KiB/s
2026-07-13 15:56:34 [STATUS  ] GHCN=3.13 GiB | ISD=6.98 GiB | free=8.51 TiB
2026-07-13 15:57:34 [STATUS  ] GHCN=3.14 GiB | ISD=7.00 GiB | free=8.51 TiB
2026-07-13 15:58:34 [STATUS  ] GHCN=3.15 GiB | ISD=7.03 GiB | free=8.51 TiB
2026-07-13 15:59:34 [STATUS  ] GHCN=3.16 GiB | ISD=7.04 GiB | free=8.51 TiB
2026-07-13 16:00:34 [STATUS  ] GHCN=3.17 GiB | ISD=7.06 GiB | free=8.51 TiB
2026-07-13 16:01:34 [STATUS  ] GHCN=3.18 GiB | ISD=7.08 GiB | free=8.51 TiB
2026-07-13 16:02:34 [STATUS  ] GHCN=3.19 GiB | ISD=7.10 GiB | free=8.51 TiB
2026-07-13 16:03:34 [STATUS  ] GHCN=3.20 GiB | ISD=7.12 GiB | free=8.51 TiB
2026-07-13 16:04:34 [STATUS  ] GHCN=3.21 GiB | ISD=7.15 GiB | free=8.51 TiB
2026-07-13 16:05:34 [STATUS  ] GHCN=3.22 GiB | ISD=7.17 GiB | free=8.51 TiB
2026-07-13 16:06:34 [STATUS  ] GHCN=3.23 GiB | ISD=7.19 GiB | free=8.51 TiB
2026-07-13 16:07:34 [STATUS  ] GHCN=3.23 GiB | ISD=7.20 GiB | free=8.51 TiB
2026-07-13 16:08:34 [STATUS  ] GHCN=3.25 GiB | ISD=7.22 GiB | free=8.51 TiB
2026-07-13 16:09:34 [STATUS  ] GHCN=3.26 GiB | ISD=7.24 GiB | free=8.51 TiB
2026-07-13 16:10:34 [STATUS  ] GHCN=3.26 GiB | ISD=7.27 GiB | free=8.51 TiB
2026-07-13 16:11:34 [STATUS  ] GHCN=3.27 GiB | ISD=7.29 GiB | free=8.51 TiB
2026-07-13 16:12:34 [STATUS  ] GHCN=3.28 GiB | ISD=7.31 GiB | free=8.51 TiB
2026-07-13 16:13:35 [STATUS  ] GHCN=3.29 GiB | ISD=7.32 GiB | free=8.51 TiB
2026-07-13 16:14:25 [ISD     ] progress=2,100/13,398 | failed=0 | local=7.32 GiB | average=612.56 KiB/s
2026-07-13 16:14:35 [STATUS  ] GHCN=3.30 GiB | ISD=7.34 GiB | free=8.51 TiB
2026-07-13 16:15:35 [STATUS  ] GHCN=3.31 GiB | ISD=7.36 GiB | free=8.51 TiB
2026-07-13 16:16:35 [STATUS  ] GHCN=3.32 GiB | ISD=7.39 GiB | free=8.51 TiB
2026-07-13 16:17:35 [STATUS  ] GHCN=3.33 GiB | ISD=7.41 GiB | free=8.51 TiB
2026-07-13 16:18:35 [STATUS  ] GHCN=3.34 GiB | ISD=7.43 GiB | free=8.51 TiB
2026-07-13 16:19:35 [STATUS  ] GHCN=3.35 GiB | ISD=7.46 GiB | free=8.50 TiB
2026-07-13 16:20:35 [STATUS  ] GHCN=3.36 GiB | ISD=7.48 GiB | free=8.50 TiB
2026-07-13 16:21:35 [STATUS  ] GHCN=3.37 GiB | ISD=7.51 GiB | free=8.50 TiB
2026-07-13 16:22:35 [STATUS  ] GHCN=3.38 GiB | ISD=7.53 GiB | free=8.50 TiB
2026-07-13 16:23:35 [STATUS  ] GHCN=3.39 GiB | ISD=7.55 GiB | free=8.50 TiB
2026-07-13 16:23:40 [GHCN    ] 2000: downloaded | 150.26 MiB | 22/45
2026-07-13 16:24:35 [STATUS  ] GHCN=3.40 GiB | ISD=7.58 GiB | free=8.50 TiB
2026-07-13 16:25:35 [STATUS  ] GHCN=3.41 GiB | ISD=7.60 GiB | free=8.50 TiB
2026-07-13 16:25:48 [ISD     ] progress=2,200/13,398 | failed=0 | local=7.59 GiB | average=602.34 KiB/s
2026-07-13 16:26:35 [STATUS  ] GHCN=3.42 GiB | ISD=7.63 GiB | free=8.50 TiB
2026-07-13 16:27:35 [STATUS  ] GHCN=3.43 GiB | ISD=7.65 GiB | free=8.50 TiB
2026-07-13 16:28:19 [ISD     ] retry 1/50: 14307099999.csv | RuntimeError: incomplete response: 6769410/6823958 bytes | saved=0.00 B
2026-07-13 16:28:35 [STATUS  ] GHCN=3.44 GiB | ISD=7.68 GiB | free=8.50 TiB
2026-07-13 16:29:35 [STATUS  ] GHCN=3.46 GiB | ISD=7.72 GiB | free=8.50 TiB
2026-07-13 16:29:40 [ISD     ] retry 1/50: 14446099999.csv | TimeoutError: The read operation timed out | saved=0.00 B
2026-07-13 16:30:05 [GHCN    ] 2001: downloaded | 152.58 MiB | 23/45
2026-07-13 16:30:35 [STATUS  ] GHCN=3.48 GiB | ISD=7.76 GiB | free=8.50 TiB
2026-07-13 16:31:35 [STATUS  ] GHCN=3.50 GiB | ISD=7.80 GiB | free=8.50 TiB
2026-07-13 16:32:35 [STATUS  ] GHCN=3.51 GiB | ISD=7.85 GiB | free=8.50 TiB
2026-07-13 16:33:35 [STATUS  ] GHCN=3.53 GiB | ISD=7.90 GiB | free=8.50 TiB
2026-07-13 16:34:27 [ISD     ] progress=2,300/13,398 | failed=0 | local=7.93 GiB | average=605.34 KiB/s
2026-07-13 16:34:35 [STATUS  ] GHCN=3.55 GiB | ISD=7.94 GiB | free=8.50 TiB
2026-07-13 16:35:35 [STATUS  ] GHCN=3.57 GiB | ISD=7.98 GiB | free=8.50 TiB
2026-07-13 16:36:35 [STATUS  ] GHCN=3.58 GiB | ISD=8.02 GiB | free=8.50 TiB
2026-07-13 16:37:35 [STATUS  ] GHCN=3.60 GiB | ISD=8.05 GiB | free=8.50 TiB
2026-07-13 16:38:35 [STATUS  ] GHCN=3.61 GiB | ISD=8.09 GiB | free=8.50 TiB
2026-07-13 16:39:36 [STATUS  ] GHCN=3.63 GiB | ISD=8.13 GiB | free=8.50 TiB
2026-07-13 16:40:36 [STATUS  ] GHCN=3.65 GiB | ISD=8.17 GiB | free=8.50 TiB
2026-07-13 16:41:36 [STATUS  ] GHCN=3.66 GiB | ISD=8.21 GiB | free=8.50 TiB
2026-07-13 16:42:36 [STATUS  ] GHCN=3.67 GiB | ISD=8.25 GiB | free=8.50 TiB
2026-07-13 16:43:36 [STATUS  ] GHCN=3.69 GiB | ISD=8.28 GiB | free=8.50 TiB
2026-07-13 16:43:46 [ISD     ] progress=2,400/13,398 | failed=0 | local=8.27 GiB | average=606.84 KiB/s
2026-07-13 16:44:36 [STATUS  ] GHCN=3.70 GiB | ISD=8.33 GiB | free=8.50 TiB
2026-07-13 16:44:41 [GHCN    ] 2002: downloaded | 154.10 MiB | 24/45
2026-07-13 16:44:59 [GHCN    ] 2003: downloaded | 157.57 MiB | 25/45
2026-07-13 16:45:36 [STATUS  ] GHCN=3.72 GiB | ISD=8.37 GiB | free=8.50 TiB
2026-07-13 16:46:36 [STATUS  ] GHCN=3.74 GiB | ISD=8.41 GiB | free=8.50 TiB
2026-07-13 16:47:36 [STATUS  ] GHCN=3.76 GiB | ISD=8.45 GiB | free=8.50 TiB
2026-07-13 16:48:36 [STATUS  ] GHCN=3.78 GiB | ISD=8.48 GiB | free=8.50 TiB
2026-07-13 16:49:36 [STATUS  ] GHCN=3.79 GiB | ISD=8.52 GiB | free=8.50 TiB
2026-07-13 16:50:36 [STATUS  ] GHCN=3.81 GiB | ISD=8.56 GiB | free=8.50 TiB
2026-07-13 16:51:36 [STATUS  ] GHCN=3.82 GiB | ISD=8.60 GiB | free=8.50 TiB
2026-07-13 16:52:36 [STATUS  ] GHCN=3.84 GiB | ISD=8.64 GiB | free=8.50 TiB
2026-07-13 16:52:46 [ISD     ] progress=2,500/13,398 | failed=0 | local=8.63 GiB | average=610.19 KiB/s
2026-07-13 16:53:36 [STATUS  ] GHCN=3.86 GiB | ISD=8.68 GiB | free=8.50 TiB
2026-07-13 16:54:36 [STATUS  ] GHCN=3.87 GiB | ISD=8.71 GiB | free=8.50 TiB
2026-07-13 16:55:36 [STATUS  ] GHCN=3.89 GiB | ISD=8.76 GiB | free=8.50 TiB
2026-07-13 16:56:36 [STATUS  ] GHCN=3.91 GiB | ISD=8.79 GiB | free=8.50 TiB
2026-07-13 16:57:36 [STATUS  ] GHCN=3.92 GiB | ISD=8.83 GiB | free=8.50 TiB
2026-07-13 16:58:36 [STATUS  ] GHCN=3.94 GiB | ISD=8.87 GiB | free=8.50 TiB
2026-07-13 16:59:36 [STATUS  ] GHCN=3.96 GiB | ISD=8.91 GiB | free=8.50 TiB
2026-07-13 17:00:36 [STATUS  ] GHCN=3.98 GiB | ISD=8.95 GiB | free=8.50 TiB
2026-07-13 17:01:37 [STATUS  ] GHCN=4.00 GiB | ISD=8.99 GiB | free=8.50 TiB
2026-07-13 17:02:02 [ISD     ] progress=2,600/13,398 | failed=0 | local=9.00 GiB | average=613.36 KiB/s
2026-07-13 17:02:37 [STATUS  ] GHCN=4.02 GiB | ISD=9.03 GiB | free=8.50 TiB
2026-07-13 17:03:37 [STATUS  ] GHCN=4.04 GiB | ISD=9.08 GiB | free=8.50 TiB
2026-07-13 17:04:37 [STATUS  ] GHCN=4.06 GiB | ISD=9.13 GiB | free=8.50 TiB
2026-07-13 17:05:19 [GHCN    ] 2005: downloaded | 156.97 MiB | 26/45
2026-07-13 17:05:37 [STATUS  ] GHCN=4.08 GiB | ISD=9.18 GiB | free=8.50 TiB
2026-07-13 17:06:37 [STATUS  ] GHCN=4.10 GiB | ISD=9.23 GiB | free=8.50 TiB
2026-07-13 17:07:32 [GHCN    ] 2004: downloaded | 159.99 MiB | 27/45
2026-07-13 17:07:37 [STATUS  ] GHCN=4.12 GiB | ISD=9.27 GiB | free=8.50 TiB
2026-07-13 17:08:37 [STATUS  ] GHCN=4.14 GiB | ISD=9.31 GiB | free=8.50 TiB
2026-07-13 17:09:14 [ISD     ] progress=2,700/13,398 | failed=0 | local=9.31 GiB | average=617.35 KiB/s
2026-07-13 17:09:37 [STATUS  ] GHCN=4.16 GiB | ISD=9.35 GiB | free=8.50 TiB
2026-07-13 17:10:37 [STATUS  ] GHCN=4.17 GiB | ISD=9.40 GiB | free=8.50 TiB
2026-07-13 17:11:37 [STATUS  ] GHCN=4.19 GiB | ISD=9.44 GiB | free=8.50 TiB
2026-07-13 17:12:37 [STATUS  ] GHCN=4.21 GiB | ISD=9.48 GiB | free=8.50 TiB
2026-07-13 17:13:37 [STATUS  ] GHCN=4.23 GiB | ISD=9.53 GiB | free=8.50 TiB
2026-07-13 17:14:37 [STATUS  ] GHCN=4.24 GiB | ISD=9.57 GiB | free=8.50 TiB
2026-07-13 17:15:19 [ISD     ] progress=2,800/13,398 | failed=0 | local=9.59 GiB | average=621.45 KiB/s
2026-07-13 17:15:37 [STATUS  ] GHCN=4.26 GiB | ISD=9.62 GiB | free=8.50 TiB
2026-07-13 17:16:37 [STATUS  ] GHCN=4.28 GiB | ISD=9.66 GiB | free=8.49 TiB
2026-07-13 17:16:48 [GHCN    ] 2007: downloaded | 166.19 MiB | 28/45
2026-07-13 17:17:37 [STATUS  ] GHCN=4.29 GiB | ISD=9.70 GiB | free=8.49 TiB
2026-07-13 17:18:12 [ISD     ] progress=2,900/13,398 | failed=0 | local=9.72 GiB | average=623.07 KiB/s
2026-07-13 17:18:37 [STATUS  ] GHCN=4.31 GiB | ISD=9.75 GiB | free=8.49 TiB
2026-07-13 17:19:38 [STATUS  ] GHCN=4.33 GiB | ISD=9.81 GiB | free=8.49 TiB
2026-07-13 17:20:38 [STATUS  ] GHCN=4.35 GiB | ISD=9.85 GiB | free=8.49 TiB
2026-07-13 17:20:47 [ISD     ] progress=3,000/13,398 | failed=0 | local=9.85 GiB | average=625.70 KiB/s
2026-07-13 17:21:38 [STATUS  ] GHCN=4.37 GiB | ISD=9.90 GiB | free=8.49 TiB
2026-07-13 17:22:02 [GHCN    ] 2006: downloaded | 163.22 MiB | 29/45
2026-07-13 17:22:38 [STATUS  ] GHCN=4.38 GiB | ISD=9.94 GiB | free=8.49 TiB
2026-07-13 17:22:40 [ISD     ] retry 1/50: 25561099999.csv | RuntimeError: incomplete response: 209564/212294 bytes | saved=0.00 B
2026-07-13 17:23:38 [STATUS  ] GHCN=4.40 GiB | ISD=9.99 GiB | free=8.49 TiB
2026-07-13 17:24:06 [ISD     ] progress=3,100/13,398 | failed=0 | local=9.99 GiB | average=627.05 KiB/s
2026-07-13 17:24:38 [STATUS  ] GHCN=4.42 GiB | ISD=10.03 GiB | free=8.49 TiB
2026-07-13 17:25:38 [STATUS  ] GHCN=4.43 GiB | ISD=10.06 GiB | free=8.49 TiB
2026-07-13 17:26:38 [STATUS  ] GHCN=4.45 GiB | ISD=10.11 GiB | free=8.49 TiB
2026-07-13 17:27:38 [STATUS  ] GHCN=4.47 GiB | ISD=10.14 GiB | free=8.49 TiB
2026-07-13 17:28:38 [STATUS  ] GHCN=4.48 GiB | ISD=10.18 GiB | free=8.49 TiB
2026-07-13 17:29:37 [ISD     ] progress=3,200/13,398 | failed=0 | local=10.22 GiB | average=628.99 KiB/s
2026-07-13 17:29:38 [STATUS  ] GHCN=4.51 GiB | ISD=10.23 GiB | free=8.49 TiB
2026-07-13 17:29:48 [ISD     ] retry 1/50: 26711099999.csv | RuntimeError: incomplete response: 57344/65621 bytes | saved=0.00 B
2026-07-13 17:30:02 [ISD     ] retry 1/50: 26781099999.csv | RuntimeError: incomplete response: 229124/240145 bytes | saved=0.00 B
2026-07-13 17:30:38 [STATUS  ] GHCN=4.53 GiB | ISD=10.30 GiB | free=8.49 TiB
2026-07-13 17:31:38 [STATUS  ] GHCN=4.55 GiB | ISD=10.35 GiB | free=8.49 TiB
2026-07-13 17:31:49 [ISD     ] progress=3,300/13,398 | failed=0 | local=10.35 GiB | average=632.04 KiB/s
2026-07-13 17:32:38 [STATUS  ] GHCN=4.57 GiB | ISD=10.40 GiB | free=8.49 TiB
2026-07-13 17:33:38 [STATUS  ] GHCN=4.59 GiB | ISD=10.46 GiB | free=8.49 TiB
2026-07-13 17:34:38 [STATUS  ] GHCN=4.62 GiB | ISD=10.50 GiB | free=8.49 TiB
2026-07-13 17:34:47 [ISD     ] progress=3,400/13,398 | failed=0 | local=10.50 GiB | average=634.57 KiB/s
2026-07-13 17:35:39 [STATUS  ] GHCN=4.64 GiB | ISD=10.55 GiB | free=8.49 TiB
2026-07-13 17:36:39 [STATUS  ] GHCN=4.66 GiB | ISD=10.60 GiB | free=8.49 TiB
2026-07-13 17:37:17 [ISD     ] progress=3,500/13,398 | failed=0 | local=10.63 GiB | average=637.19 KiB/s
2026-07-13 17:37:39 [STATUS  ] GHCN=4.68 GiB | ISD=10.66 GiB | free=8.49 TiB
2026-07-13 17:38:39 [STATUS  ] GHCN=4.70 GiB | ISD=10.72 GiB | free=8.49 TiB
2026-07-13 17:39:15 [ISD     ] progress=3,600/13,398 | failed=0 | local=10.77 GiB | average=640.82 KiB/s
2026-07-13 17:39:34 [GHCN    ] 2009: downloaded | 176.49 MiB | 30/45
2026-07-13 17:39:39 [STATUS  ] GHCN=4.73 GiB | ISD=10.80 GiB | free=8.49 TiB
2026-07-13 17:40:39 [STATUS  ] GHCN=4.75 GiB | ISD=10.86 GiB | free=8.49 TiB
2026-07-13 17:41:07 [ISD     ] progress=3,700/13,398 | failed=0 | local=10.88 GiB | average=643.62 KiB/s
2026-07-13 17:41:39 [STATUS  ] GHCN=4.78 GiB | ISD=10.94 GiB | free=8.49 TiB
2026-07-13 17:42:31 [ISD     ] progress=3,800/13,398 | failed=0 | local=10.98 GiB | average=646.16 KiB/s
2026-07-13 17:42:39 [STATUS  ] GHCN=4.81 GiB | ISD=11.00 GiB | free=8.49 TiB
2026-07-13 17:43:39 [STATUS  ] GHCN=4.83 GiB | ISD=11.07 GiB | free=8.49 TiB
2026-07-13 17:43:42 [GHCN    ] 2008: downloaded | 173.55 MiB | 31/45
2026-07-13 17:44:23 [ISD     ] progress=3,900/13,398 | failed=0 | local=11.10 GiB | average=649.31 KiB/s
2026-07-13 17:44:29 [ISD     ] retry 1/50: 35662099999.csv | RuntimeError: incomplete response: 667684/677213 bytes | saved=0.00 B
2026-07-13 17:44:39 [STATUS  ] GHCN=4.86 GiB | ISD=11.13 GiB | free=8.49 TiB
2026-07-13 17:45:38 [ISD     ] progress=4,000/13,398 | failed=0 | local=11.22 GiB | average=653.49 KiB/s
2026-07-13 17:45:39 [STATUS  ] GHCN=4.89 GiB | ISD=11.23 GiB | free=8.49 TiB
2026-07-13 17:46:12 [GHCN    ] 2010: downloaded | 178.11 MiB | 32/45
2026-07-13 17:46:39 [STATUS  ] GHCN=4.93 GiB | ISD=11.31 GiB | free=8.49 TiB
2026-07-13 17:46:52 [ISD     ] retry 1/50: 37880099999.csv | RuntimeError: incomplete response: 887556/896952 bytes | saved=0.00 B
2026-07-13 17:47:39 [STATUS  ] GHCN=4.96 GiB | ISD=11.40 GiB | free=8.49 TiB
2026-07-13 17:47:40 [ISD     ] progress=4,100/13,398 | failed=0 | local=11.39 GiB | average=659.08 KiB/s
2026-07-13 17:48:40 [STATUS  ] GHCN=4.99 GiB | ISD=11.49 GiB | free=8.49 TiB
2026-07-13 17:49:26 [ISD     ] progress=4,200/13,398 | failed=0 | local=11.54 GiB | average=663.90 KiB/s
2026-07-13 17:49:40 [STATUS  ] GHCN=5.02 GiB | ISD=11.57 GiB | free=8.49 TiB
2026-07-13 17:49:52 [GHCN    ] 2011: downloaded | 169.03 MiB | 33/45
2026-07-13 17:50:40 [STATUS  ] GHCN=5.05 GiB | ISD=11.65 GiB | free=8.49 TiB
2026-07-13 17:51:20 [ISD     ] progress=4,300/13,398 | failed=0 | local=11.70 GiB | average=668.67 KiB/s
2026-07-13 17:51:40 [STATUS  ] GHCN=5.08 GiB | ISD=11.73 GiB | free=8.49 TiB
2026-07-13 17:52:40 [STATUS  ] GHCN=5.11 GiB | ISD=11.82 GiB | free=8.49 TiB
2026-07-13 17:53:40 [STATUS  ] GHCN=5.14 GiB | ISD=11.90 GiB | free=8.49 TiB
2026-07-13 17:53:46 [ISD     ] progress=4,400/13,398 | failed=0 | local=11.90 GiB | average=674.76 KiB/s
2026-07-13 17:54:40 [STATUS  ] GHCN=5.18 GiB | ISD=11.98 GiB | free=8.49 TiB
2026-07-13 17:55:40 [STATUS  ] GHCN=5.21 GiB | ISD=12.07 GiB | free=8.49 TiB
2026-07-13 17:56:30 [ISD     ] progress=4,500/13,398 | failed=0 | local=12.14 GiB | average=682.59 KiB/s
2026-07-13 17:56:40 [STATUS  ] GHCN=5.24 GiB | ISD=12.16 GiB | free=8.49 TiB
2026-07-13 17:57:32 [ISD     ] progress=4,600/13,398 | failed=0 | local=12.24 GiB | average=685.62 KiB/s
2026-07-13 17:57:40 [STATUS  ] GHCN=5.27 GiB | ISD=12.25 GiB | free=8.49 TiB
2026-07-13 17:58:38 [ISD     ] progress=4,700/13,398 | failed=0 | local=12.31 GiB | average=687.38 KiB/s
2026-07-13 17:58:40 [STATUS  ] GHCN=5.30 GiB | ISD=12.33 GiB | free=8.49 TiB
2026-07-13 17:59:41 [STATUS  ] GHCN=5.34 GiB | ISD=12.41 GiB | free=8.49 TiB
2026-07-13 18:00:08 [ISD     ] progress=4,800/13,398 | failed=0 | local=12.43 GiB | average=690.59 KiB/s
2026-07-13 18:00:41 [STATUS  ] GHCN=5.38 GiB | ISD=12.49 GiB | free=8.49 TiB
2026-07-13 18:00:58 [GHCN    ] 2013: downloaded | 161.48 MiB | 34/45
2026-07-13 18:01:23 [ISD     ] progress=4,900/13,398 | failed=0 | local=12.54 GiB | average=694.12 KiB/s
2026-07-13 18:01:36 [GHCN    ] 2012: downloaded | 166.63 MiB | 35/45
2026-07-13 18:01:41 [STATUS  ] GHCN=5.41 GiB | ISD=12.57 GiB | free=8.49 TiB
2026-07-13 18:02:40 [ISD     ] progress=5,000/13,398 | failed=0 | local=12.64 GiB | average=696.52 KiB/s
2026-07-13 18:02:41 [STATUS  ] GHCN=5.44 GiB | ISD=12.65 GiB | free=8.49 TiB
2026-07-13 18:03:41 [STATUS  ] GHCN=5.47 GiB | ISD=12.75 GiB | free=8.49 TiB
2026-07-13 18:03:52 [ISD     ] progress=5,100/13,398 | failed=0 | local=12.77 GiB | average=701.09 KiB/s
2026-07-13 18:04:41 [STATUS  ] GHCN=5.50 GiB | ISD=12.84 GiB | free=8.49 TiB
2026-07-13 18:05:41 [STATUS  ] GHCN=5.53 GiB | ISD=12.93 GiB | free=8.49 TiB
2026-07-13 18:06:39 [ISD     ] progress=5,200/13,398 | failed=0 | local=13.01 GiB | average=708.16 KiB/s
2026-07-13 18:06:41 [STATUS  ] GHCN=5.56 GiB | ISD=13.03 GiB | free=8.49 TiB
2026-07-13 18:07:41 [STATUS  ] GHCN=5.59 GiB | ISD=13.12 GiB | free=8.49 TiB
2026-07-13 18:08:41 [STATUS  ] GHCN=5.63 GiB | ISD=13.20 GiB | free=8.49 TiB
2026-07-13 18:08:49 [GHCN    ] 2014: downloaded | 159.84 MiB | 36/45
2026-07-13 18:09:17 [ISD     ] progress=5,300/13,398 | failed=0 | local=13.25 GiB | average=715.59 KiB/s
2026-07-13 18:09:42 [STATUS  ] GHCN=5.66 GiB | ISD=13.30 GiB | free=8.49 TiB
2026-07-13 18:10:42 [STATUS  ] GHCN=5.69 GiB | ISD=13.39 GiB | free=8.49 TiB
2026-07-13 18:11:38 [GHCN    ] 2015: downloaded | 162.19 MiB | 37/45
2026-07-13 18:11:42 [STATUS  ] GHCN=5.72 GiB | ISD=13.49 GiB | free=8.49 TiB
2026-07-13 18:11:45 [ISD     ] progress=5,400/13,398 | failed=0 | local=13.49 GiB | average=722.65 KiB/s
2026-07-13 18:12:42 [STATUS  ] GHCN=5.75 GiB | ISD=13.57 GiB | free=8.49 TiB
2026-07-13 18:13:42 [STATUS  ] GHCN=5.79 GiB | ISD=13.66 GiB | free=8.49 TiB
2026-07-13 18:14:41 [ISD     ] progress=5,500/13,398 | failed=0 | local=13.73 GiB | average=728.93 KiB/s
2026-07-13 18:14:42 [STATUS  ] GHCN=5.82 GiB | ISD=13.74 GiB | free=8.49 TiB
2026-07-13 18:15:42 [STATUS  ] GHCN=5.85 GiB | ISD=13.82 GiB | free=8.49 TiB
2026-07-13 18:16:19 [ISD     ] progress=5,600/13,398 | failed=0 | local=13.88 GiB | average=733.35 KiB/s
2026-07-13 18:16:42 [STATUS  ] GHCN=5.88 GiB | ISD=13.92 GiB | free=8.49 TiB
2026-07-13 18:17:42 [STATUS  ] GHCN=5.91 GiB | ISD=14.00 GiB | free=8.49 TiB
2026-07-13 18:17:49 [GHCN    ] 2016: downloaded | 163.48 MiB | 38/45
2026-07-13 18:18:43 [STATUS  ] GHCN=5.95 GiB | ISD=14.09 GiB | free=8.49 TiB
2026-07-13 18:19:06 [ISD     ] progress=5,700/13,398 | failed=0 | local=14.10 GiB | average=739.12 KiB/s
2026-07-13 18:19:43 [STATUS  ] GHCN=5.98 GiB | ISD=14.18 GiB | free=8.49 TiB
2026-07-13 18:20:43 [STATUS  ] GHCN=6.01 GiB | ISD=14.26 GiB | free=8.49 TiB
2026-07-13 18:20:54 [ISD     ] progress=5,800/13,398 | failed=0 | local=14.26 GiB | average=743.45 KiB/s
2026-07-13 18:21:43 [STATUS  ] GHCN=6.04 GiB | ISD=14.34 GiB | free=8.49 TiB
2026-07-13 18:22:16 [ISD     ] progress=5,900/13,398 | failed=0 | local=14.39 GiB | average=746.95 KiB/s
2026-07-13 18:22:43 [STATUS  ] GHCN=6.08 GiB | ISD=14.43 GiB | free=8.49 TiB
2026-07-13 18:23:20 [GHCN    ] 2017: downloaded | 163.16 MiB | 39/45
2026-07-13 18:23:39 [ISD     ] progress=6,000/13,398 | failed=0 | local=14.52 GiB | average=750.79 KiB/s
2026-07-13 18:23:43 [STATUS  ] GHCN=6.10 GiB | ISD=14.53 GiB | free=8.49 TiB
2026-07-13 18:24:43 [STATUS  ] GHCN=6.14 GiB | ISD=14.62 GiB | free=8.49 TiB
2026-07-13 18:25:10 [ISD     ] progress=6,100/13,398 | failed=0 | local=14.66 GiB | average=754.52 KiB/s
2026-07-13 18:25:43 [STATUS  ] GHCN=6.17 GiB | ISD=14.72 GiB | free=8.49 TiB
2026-07-13 18:26:43 [STATUS  ] GHCN=6.20 GiB | ISD=14.81 GiB | free=8.49 TiB
2026-07-13 18:27:27 [ISD     ] progress=6,200/13,398 | failed=0 | local=14.87 GiB | average=760.42 KiB/s
2026-07-13 18:27:44 [STATUS  ] GHCN=6.24 GiB | ISD=14.91 GiB | free=8.49 TiB
2026-07-13 18:28:13 [GHCN    ] 2018: downloaded | 163.39 MiB | 40/45
2026-07-13 18:28:44 [STATUS  ] GHCN=6.28 GiB | ISD=15.00 GiB | free=8.49 TiB
2026-07-13 18:29:42 [ISD     ] progress=6,300/13,398 | failed=0 | local=15.08 GiB | average=766.03 KiB/s
2026-07-13 18:29:44 [STATUS  ] GHCN=6.31 GiB | ISD=15.08 GiB | free=8.49 TiB
2026-07-13 18:30:44 [STATUS  ] GHCN=6.35 GiB | ISD=15.17 GiB | free=8.49 TiB
2026-07-13 18:31:42 [ISD     ] progress=6,400/13,398 | failed=0 | local=15.25 GiB | average=770.06 KiB/s
2026-07-13 18:31:44 [STATUS  ] GHCN=6.39 GiB | ISD=15.26 GiB | free=8.49 TiB
2026-07-13 18:32:44 [STATUS  ] GHCN=6.42 GiB | ISD=15.35 GiB | free=8.49 TiB
2026-07-13 18:32:46 [GHCN    ] 2019: downloaded | 162.32 MiB | 41/45
2026-07-13 18:32:56 [ISD     ] progress=6,500/13,398 | failed=0 | local=15.36 GiB | average=772.70 KiB/s
2026-07-13 18:33:44 [STATUS  ] GHCN=6.46 GiB | ISD=15.44 GiB | free=8.49 TiB
2026-07-13 18:34:16 [ISD     ] progress=6,600/13,398 | failed=0 | local=15.47 GiB | average=775.62 KiB/s
2026-07-13 18:34:44 [STATUS  ] GHCN=6.50 GiB | ISD=15.53 GiB | free=8.49 TiB
2026-07-13 18:35:27 [ISD     ] progress=6,700/13,398 | failed=0 | local=15.57 GiB | average=777.79 KiB/s
2026-07-13 18:35:45 [STATUS  ] GHCN=6.53 GiB | ISD=15.60 GiB | free=8.49 TiB
2026-07-13 18:36:04 [GHCN    ] 2020: downloaded | 163.12 MiB | 42/45
2026-07-13 18:36:44 [ISD     ] progress=6,800/13,398 | failed=0 | local=15.69 GiB | average=780.71 KiB/s
2026-07-13 18:36:45 [STATUS  ] GHCN=6.56 GiB | ISD=15.69 GiB | free=8.49 TiB
2026-07-13 18:37:45 [STATUS  ] GHCN=6.59 GiB | ISD=15.78 GiB | free=8.49 TiB
2026-07-13 18:38:31 [ISD     ] progress=6,900/13,398 | failed=0 | local=15.83 GiB | average=783.98 KiB/s
2026-07-13 18:38:45 [STATUS  ] GHCN=6.62 GiB | ISD=15.86 GiB | free=8.48 TiB
2026-07-13 18:38:57 [ISD     ] progress=7,000/13,398 | failed=0 | local=15.87 GiB | average=785.15 KiB/s
2026-07-13 18:39:45 [STATUS  ] GHCN=6.64 GiB | ISD=15.95 GiB | free=8.48 TiB
2026-07-13 18:40:36 [ISD     ] progress=7,100/13,398 | failed=0 | local=16.03 GiB | average=789.29 KiB/s
2026-07-13 18:40:45 [STATUS  ] GHCN=6.67 GiB | ISD=16.05 GiB | free=8.48 TiB
2026-07-13 18:41:31 [GHCN    ] 2021: downloaded | 165.92 MiB | 43/45
2026-07-13 18:41:46 [STATUS  ] GHCN=6.70 GiB | ISD=16.14 GiB | free=8.48 TiB
2026-07-13 18:42:46 [STATUS  ] GHCN=6.72 GiB | ISD=16.23 GiB | free=8.48 TiB
2026-07-13 18:42:57 [ISD     ] progress=7,200/13,398 | failed=0 | local=16.23 GiB | average=793.76 KiB/s
2026-07-13 18:43:46 [STATUS  ] GHCN=6.75 GiB | ISD=16.32 GiB | free=8.48 TiB
2026-07-13 18:44:46 [STATUS  ] GHCN=6.76 GiB | ISD=16.41 GiB | free=8.48 TiB
2026-07-13 18:45:09 [GHCN    ] 2022: downloaded | 166.07 MiB | 44/45
2026-07-13 18:45:46 [STATUS  ] GHCN=6.79 GiB | ISD=16.50 GiB | free=8.48 TiB
2026-07-13 18:46:46 [STATUS  ] GHCN=6.80 GiB | ISD=16.60 GiB | free=8.48 TiB
2026-07-13 18:47:11 [GHCN    ] 2023: downloaded | 166.34 MiB | 45/45
2026-07-13 18:47:11 [GHCN    ] COMPLETE | files=45 | size=6.80 GiB | elapsed=6.03 h
2026-07-13 18:47:46 [STATUS  ] GHCN=6.80 GiB | ISD=16.70 GiB | free=8.48 TiB
2026-07-13 18:47:52 [ISD     ] progress=7,300/13,398 | failed=0 | local=16.69 GiB | average=805.18 KiB/s
2026-07-13 18:48:47 [STATUS  ] GHCN=6.80 GiB | ISD=16.81 GiB | free=8.48 TiB
2026-07-13 18:49:47 [STATUS  ] GHCN=6.80 GiB | ISD=16.90 GiB | free=8.48 TiB
2026-07-13 18:50:47 [STATUS  ] GHCN=6.80 GiB | ISD=17.01 GiB | free=8.48 TiB
2026-07-13 18:51:47 [STATUS  ] GHCN=6.80 GiB | ISD=17.11 GiB | free=8.48 TiB
2026-07-13 18:52:33 [ISD     ] progress=7,400/13,398 | failed=0 | local=17.19 GiB | average=818.90 KiB/s
2026-07-13 18:52:47 [STATUS  ] GHCN=6.80 GiB | ISD=17.22 GiB | free=8.48 TiB
2026-07-13 18:53:47 [STATUS  ] GHCN=6.80 GiB | ISD=17.31 GiB | free=8.48 TiB
2026-07-13 18:54:47 [STATUS  ] GHCN=6.80 GiB | ISD=17.41 GiB | free=8.48 TiB
2026-07-13 18:55:48 [STATUS  ] GHCN=6.80 GiB | ISD=17.50 GiB | free=8.48 TiB
2026-07-13 18:56:06 [ISD     ] progress=7,500/13,398 | failed=0 | local=17.52 GiB | average=826.64 KiB/s
2026-07-13 18:56:48 [STATUS  ] GHCN=6.80 GiB | ISD=17.60 GiB | free=8.48 TiB
2026-07-13 18:57:48 [STATUS  ] GHCN=6.80 GiB | ISD=17.71 GiB | free=8.48 TiB
2026-07-13 18:58:48 [STATUS  ] GHCN=6.80 GiB | ISD=17.81 GiB | free=8.48 TiB
2026-07-13 18:59:05 [ISD     ] progress=7,600/13,398 | failed=0 | local=17.83 GiB | average=834.37 KiB/s
2026-07-13 18:59:48 [STATUS  ] GHCN=6.80 GiB | ISD=17.91 GiB | free=8.48 TiB
2026-07-13 19:00:48 [STATUS  ] GHCN=6.80 GiB | ISD=18.02 GiB | free=8.48 TiB
2026-07-13 19:01:48 [STATUS  ] GHCN=6.80 GiB | ISD=18.11 GiB | free=8.48 TiB
2026-07-13 19:02:23 [ISD     ] progress=7,700/13,398 | failed=0 | local=18.15 GiB | average=841.84 KiB/s
2026-07-13 19:02:49 [STATUS  ] GHCN=6.80 GiB | ISD=18.20 GiB | free=8.48 TiB
2026-07-13 19:03:49 [STATUS  ] GHCN=6.80 GiB | ISD=18.30 GiB | free=8.48 TiB
2026-07-13 19:04:49 [STATUS  ] GHCN=6.80 GiB | ISD=18.40 GiB | free=8.48 TiB
2026-07-13 19:05:18 [ISD     ] progress=7,800/13,398 | failed=0 | local=18.44 GiB | average=848.78 KiB/s
2026-07-13 19:05:49 [STATUS  ] GHCN=6.80 GiB | ISD=18.50 GiB | free=8.48 TiB
2026-07-13 19:06:49 [STATUS  ] GHCN=6.80 GiB | ISD=18.60 GiB | free=8.48 TiB
2026-07-13 19:07:49 [STATUS  ] GHCN=6.80 GiB | ISD=18.70 GiB | free=8.48 TiB
2026-07-13 19:08:06 [ISD     ] progress=7,900/13,398 | failed=0 | local=18.72 GiB | average=855.22 KiB/s
2026-07-13 19:08:50 [STATUS  ] GHCN=6.80 GiB | ISD=18.80 GiB | free=8.48 TiB
2026-07-13 19:09:50 [STATUS  ] GHCN=6.80 GiB | ISD=18.90 GiB | free=8.48 TiB
2026-07-13 19:10:50 [STATUS  ] GHCN=6.80 GiB | ISD=19.01 GiB | free=8.48 TiB
2026-07-13 19:11:43 [ISD     ] progress=8,000/13,398 | failed=0 | local=19.09 GiB | average=863.93 KiB/s
2026-07-13 19:11:50 [STATUS  ] GHCN=6.80 GiB | ISD=19.11 GiB | free=8.48 TiB
2026-07-13 19:12:50 [STATUS  ] GHCN=6.80 GiB | ISD=19.21 GiB | free=8.48 TiB
2026-07-13 19:13:50 [STATUS  ] GHCN=6.80 GiB | ISD=19.30 GiB | free=8.48 TiB
2026-07-13 19:14:51 [STATUS  ] GHCN=6.80 GiB | ISD=19.39 GiB | free=8.48 TiB
2026-07-13 19:15:38 [ISD     ] progress=8,100/13,398 | failed=0 | local=19.45 GiB | average=871.39 KiB/s
2026-07-13 19:15:51 [STATUS  ] GHCN=6.80 GiB | ISD=19.48 GiB | free=8.48 TiB
2026-07-13 19:16:51 [STATUS  ] GHCN=6.80 GiB | ISD=19.55 GiB | free=8.48 TiB
2026-07-13 19:17:51 [STATUS  ] GHCN=6.80 GiB | ISD=19.65 GiB | free=8.48 TiB
2026-07-13 19:18:51 [STATUS  ] GHCN=6.80 GiB | ISD=19.74 GiB | free=8.48 TiB
2026-07-13 19:19:51 [STATUS  ] GHCN=6.80 GiB | ISD=19.82 GiB | free=8.48 TiB
2026-07-13 19:20:04 [ISD     ] progress=8,200/13,398 | failed=0 | local=19.82 GiB | average=877.99 KiB/s
2026-07-13 19:20:51 [STATUS  ] GHCN=6.80 GiB | ISD=19.92 GiB | free=8.48 TiB
2026-07-13 19:21:52 [STATUS  ] GHCN=6.80 GiB | ISD=20.02 GiB | free=8.48 TiB
2026-07-13 19:22:52 [STATUS  ] GHCN=6.80 GiB | ISD=20.11 GiB | free=8.48 TiB
2026-07-13 19:23:52 [STATUS  ] GHCN=6.80 GiB | ISD=20.22 GiB | free=8.48 TiB
2026-07-13 19:24:38 [ISD     ] progress=8,300/13,398 | failed=0 | local=20.26 GiB | average=887.23 KiB/s
2026-07-13 19:24:52 [STATUS  ] GHCN=6.80 GiB | ISD=20.32 GiB | free=8.48 TiB
2026-07-13 19:25:52 [STATUS  ] GHCN=6.80 GiB | ISD=20.43 GiB | free=8.48 TiB
2026-07-13 19:26:52 [STATUS  ] GHCN=6.80 GiB | ISD=20.53 GiB | free=8.48 TiB
2026-07-13 19:27:53 [STATUS  ] GHCN=6.80 GiB | ISD=20.63 GiB | free=8.48 TiB
2026-07-13 19:28:53 [STATUS  ] GHCN=6.80 GiB | ISD=20.73 GiB | free=8.48 TiB
2026-07-13 19:29:53 [STATUS  ] GHCN=6.80 GiB | ISD=20.84 GiB | free=8.48 TiB
2026-07-13 19:30:53 [STATUS  ] GHCN=6.80 GiB | ISD=20.94 GiB | free=8.48 TiB
2026-07-13 19:31:53 [STATUS  ] GHCN=6.80 GiB | ISD=21.04 GiB | free=8.48 TiB
2026-07-13 19:32:53 [STATUS  ] GHCN=6.80 GiB | ISD=21.14 GiB | free=8.48 TiB
2026-07-13 19:33:54 [STATUS  ] GHCN=6.80 GiB | ISD=21.23 GiB | free=8.48 TiB
2026-07-13 19:34:01 [ISD     ] progress=8,400/13,398 | failed=0 | local=21.21 GiB | average=907.42 KiB/s
2026-07-13 19:34:54 [STATUS  ] GHCN=6.80 GiB | ISD=21.33 GiB | free=8.48 TiB
2026-07-13 19:35:54 [STATUS  ] GHCN=6.80 GiB | ISD=21.42 GiB | free=8.48 TiB
2026-07-13 19:36:54 [STATUS  ] GHCN=6.80 GiB | ISD=21.52 GiB | free=8.48 TiB
2026-07-13 19:37:54 [STATUS  ] GHCN=6.80 GiB | ISD=21.63 GiB | free=8.48 TiB
2026-07-13 19:38:54 [STATUS  ] GHCN=6.80 GiB | ISD=21.72 GiB | free=8.48 TiB
2026-07-13 19:39:55 [STATUS  ] GHCN=6.80 GiB | ISD=21.81 GiB | free=8.48 TiB
2026-07-13 19:40:55 [STATUS  ] GHCN=6.80 GiB | ISD=21.90 GiB | free=8.48 TiB
2026-07-13 19:41:55 [STATUS  ] GHCN=6.80 GiB | ISD=21.98 GiB | free=8.48 TiB
2026-07-13 19:42:55 [STATUS  ] GHCN=6.80 GiB | ISD=21.98 GiB | free=8.48 TiB
2026-07-13 19:43:43 [ISD     ] retry 1/50: 72053500162.csv | TimeoutError: The read operation timed out | saved=0.00 B
2026-07-13 19:43:43 [ISD     ] retry 1/50: 72053700163.csv | TimeoutError: The read operation timed out | saved=0.00 B
2026-07-13 19:43:43 [ISD     ] retry 1/50: 72053300160.csv | TimeoutError: The read operation timed out | saved=0.00 B
2026-07-13 19:43:43 [ISD     ] retry 1/50: 72053699999.csv | TimeoutError: The read operation timed out | saved=0.00 B
2026-07-13 19:43:43 [ISD     ] retry 1/50: 72053100158.csv | TimeoutError: The read operation timed out | saved=0.00 B
2026-07-13 19:43:43 [ISD     ] retry 1/50: 72053400161.csv | TimeoutError: The read operation timed out | saved=0.00 B
2026-07-13 19:43:43 [ISD     ] retry 1/50: 72053200159.csv | TimeoutError: The read operation timed out | saved=0.00 B
2026-07-13 19:43:43 [ISD     ] retry 1/50: 72052803064.csv | TimeoutError: The read operation timed out | saved=0.00 B
2026-07-13 19:43:55 [STATUS  ] GHCN=6.80 GiB | ISD=21.98 GiB | free=8.48 TiB
2026-07-13 19:44:08 [ISD     ] retry 2/50: 72053700163.csv | URLError: <urlopen error [Errno -3] Temporary failure in name resolution> | saved=1.00 MiB
2026-07-13 19:44:08 [ISD     ] retry 2/50: 72053500162.csv | URLError: <urlopen error [Errno -3] Temporary failure in name resolution> | saved=1.00 MiB
2026-07-13 19:44:08 [ISD     ] retry 2/50: 72053300160.csv | URLError: <urlopen error [Errno -3] Temporary failure in name resolution> | saved=2.00 MiB
2026-07-13 19:44:08 [ISD     ] retry 2/50: 72053699999.csv | URLError: <urlopen error [Errno -3] Temporary failure in name resolution> | saved=2.00 MiB
2026-07-13 19:44:08 [ISD     ] retry 2/50: 72053100158.csv | URLError: <urlopen error [Errno -3] Temporary failure in name resolution> | saved=6.00 MiB
2026-07-13 19:44:08 [ISD     ] retry 2/50: 72053400161.csv | URLError: <urlopen error [Errno -3] Temporary failure in name resolution> | saved=2.00 MiB
2026-07-13 19:44:08 [ISD     ] retry 2/50: 72053200159.csv | URLError: <urlopen error [Errno -3] Temporary failure in name resolution> | saved=4.00 MiB
2026-07-13 19:44:08 [ISD     ] retry 2/50: 72052803064.csv | URLError: <urlopen error [Errno -3] Temporary failure in name resolution> | saved=9.00 MiB
2026-07-13 19:44:55 [STATUS  ] GHCN=6.80 GiB | ISD=21.98 GiB | free=8.48 TiB
2026-07-13 19:45:55 [STATUS  ] GHCN=6.80 GiB | ISD=21.98 GiB | free=8.48 TiB
2026-07-13 19:46:56 [STATUS  ] GHCN=6.80 GiB | ISD=22.03 GiB | free=8.48 TiB
2026-07-13 19:47:56 [STATUS  ] GHCN=6.80 GiB | ISD=22.13 GiB | free=8.48 TiB
2026-07-13 19:48:01 [ISD     ] progress=8,500/13,398 | failed=0 | local=22.11 GiB | average=914.94 KiB/s
2026-07-13 19:48:56 [STATUS  ] GHCN=6.80 GiB | ISD=22.23 GiB | free=8.48 TiB
2026-07-13 19:49:56 [STATUS  ] GHCN=6.80 GiB | ISD=22.34 GiB | free=8.48 TiB
2026-07-13 19:50:56 [STATUS  ] GHCN=6.80 GiB | ISD=22.44 GiB | free=8.48 TiB
2026-07-13 19:51:56 [STATUS  ] GHCN=6.80 GiB | ISD=22.53 GiB | free=8.48 TiB
2026-07-13 19:52:57 [STATUS  ] GHCN=6.80 GiB | ISD=22.63 GiB | free=8.48 TiB
2026-07-13 19:53:57 [STATUS  ] GHCN=6.80 GiB | ISD=22.71 GiB | free=8.48 TiB
2026-07-13 19:54:57 [STATUS  ] GHCN=6.80 GiB | ISD=22.80 GiB | free=8.48 TiB
2026-07-13 19:55:57 [STATUS  ] GHCN=6.80 GiB | ISD=22.90 GiB | free=8.48 TiB
2026-07-13 19:56:57 [STATUS  ] GHCN=6.80 GiB | ISD=23.00 GiB | free=8.48 TiB
2026-07-13 19:57:31 [ISD     ] progress=8,600/13,398 | failed=0 | local=23.03 GiB | average=932.03 KiB/s
2026-07-13 19:57:57 [STATUS  ] GHCN=6.80 GiB | ISD=23.11 GiB | free=8.48 TiB
2026-07-13 19:58:58 [STATUS  ] GHCN=6.80 GiB | ISD=23.21 GiB | free=8.48 TiB
2026-07-13 19:59:58 [STATUS  ] GHCN=6.80 GiB | ISD=23.30 GiB | free=8.48 TiB
2026-07-13 20:00:58 [STATUS  ] GHCN=6.80 GiB | ISD=23.39 GiB | free=8.48 TiB
2026-07-13 20:01:58 [STATUS  ] GHCN=6.80 GiB | ISD=23.49 GiB | free=8.48 TiB
2026-07-13 20:02:58 [STATUS  ] GHCN=6.80 GiB | ISD=23.58 GiB | free=8.48 TiB
2026-07-13 20:03:58 [STATUS  ] GHCN=6.80 GiB | ISD=23.68 GiB | free=8.48 TiB
2026-07-13 20:04:59 [STATUS  ] GHCN=6.80 GiB | ISD=23.77 GiB | free=8.48 TiB
2026-07-13 20:05:59 [STATUS  ] GHCN=6.80 GiB | ISD=23.84 GiB | free=8.48 TiB
2026-07-13 20:06:02 [ISD     ] progress=8,700/13,398 | failed=0 | local=23.83 GiB | average=945.70 KiB/s
2026-07-13 20:06:59 [STATUS  ] GHCN=6.80 GiB | ISD=23.94 GiB | free=8.48 TiB
2026-07-13 20:07:59 [STATUS  ] GHCN=6.80 GiB | ISD=24.00 GiB | free=8.48 TiB
2026-07-13 20:08:59 [STATUS  ] GHCN=6.80 GiB | ISD=24.04 GiB | free=8.48 TiB
2026-07-13 20:09:59 [STATUS  ] GHCN=6.80 GiB | ISD=24.07 GiB | free=8.47 TiB
2026-07-13 20:10:59 [STATUS  ] GHCN=6.80 GiB | ISD=24.11 GiB | free=8.47 TiB
2026-07-13 20:12:00 [STATUS  ] GHCN=6.80 GiB | ISD=24.15 GiB | free=8.47 TiB
2026-07-13 20:13:00 [STATUS  ] GHCN=6.80 GiB | ISD=24.19 GiB | free=8.47 TiB
2026-07-13 20:14:00 [STATUS  ] GHCN=6.80 GiB | ISD=24.23 GiB | free=8.47 TiB
2026-07-13 20:15:00 [STATUS  ] GHCN=6.80 GiB | ISD=24.27 GiB | free=8.47 TiB
2026-07-13 20:16:00 [STATUS  ] GHCN=6.80 GiB | ISD=24.30 GiB | free=8.47 TiB
2026-07-13 20:17:00 [STATUS  ] GHCN=6.80 GiB | ISD=24.35 GiB | free=8.47 TiB
2026-07-13 20:18:01 [STATUS  ] GHCN=6.80 GiB | ISD=24.38 GiB | free=8.47 TiB
2026-07-13 20:19:01 [STATUS  ] GHCN=6.80 GiB | ISD=24.41 GiB | free=8.47 TiB
2026-07-13 20:20:01 [STATUS  ] GHCN=6.80 GiB | ISD=24.44 GiB | free=8.47 TiB
2026-07-13 20:21:01 [STATUS  ] GHCN=6.80 GiB | ISD=24.47 GiB | free=8.47 TiB
2026-07-13 20:22:01 [STATUS  ] GHCN=6.80 GiB | ISD=24.51 GiB | free=8.47 TiB
2026-07-13 20:23:01 [STATUS  ] GHCN=6.80 GiB | ISD=24.55 GiB | free=8.47 TiB
2026-07-13 20:24:01 [STATUS  ] GHCN=6.80 GiB | ISD=24.59 GiB | free=8.47 TiB
2026-07-13 20:25:02 [STATUS  ] GHCN=6.80 GiB | ISD=24.61 GiB | free=8.47 TiB
2026-07-13 20:25:09 [ISD     ] progress=8,800/13,398 | failed=0 | local=24.58 GiB | average=934.88 KiB/s
2026-07-13 20:26:02 [STATUS  ] GHCN=6.80 GiB | ISD=24.65 GiB | free=8.47 TiB
2026-07-13 20:27:02 [STATUS  ] GHCN=6.80 GiB | ISD=24.68 GiB | free=8.47 TiB
2026-07-13 20:28:02 [STATUS  ] GHCN=6.80 GiB | ISD=24.72 GiB | free=8.47 TiB
2026-07-13 20:29:02 [STATUS  ] GHCN=6.80 GiB | ISD=24.75 GiB | free=8.47 TiB
2026-07-13 20:30:02 [STATUS  ] GHCN=6.80 GiB | ISD=24.79 GiB | free=8.47 TiB
2026-07-13 20:31:03 [STATUS  ] GHCN=6.80 GiB | ISD=24.82 GiB | free=8.47 TiB
2026-07-13 20:32:03 [STATUS  ] GHCN=6.80 GiB | ISD=24.86 GiB | free=8.47 TiB
2026-07-13 20:33:03 [STATUS  ] GHCN=6.80 GiB | ISD=24.90 GiB | free=8.47 TiB
2026-07-13 20:34:03 [STATUS  ] GHCN=6.80 GiB | ISD=24.94 GiB | free=8.47 TiB
2026-07-13 20:35:03 [STATUS  ] GHCN=6.80 GiB | ISD=24.96 GiB | free=8.47 TiB
2026-07-13 20:36:03 [STATUS  ] GHCN=6.80 GiB | ISD=25.00 GiB | free=8.47 TiB
2026-07-13 20:37:04 [STATUS  ] GHCN=6.80 GiB | ISD=25.03 GiB | free=8.47 TiB
2026-07-13 20:38:04 [STATUS  ] GHCN=6.80 GiB | ISD=25.06 GiB | free=8.47 TiB
2026-07-13 20:39:04 [STATUS  ] GHCN=6.80 GiB | ISD=25.10 GiB | free=8.47 TiB
2026-07-13 20:40:04 [STATUS  ] GHCN=6.80 GiB | ISD=25.13 GiB | free=8.47 TiB
2026-07-13 20:41:04 [STATUS  ] GHCN=6.80 GiB | ISD=25.16 GiB | free=8.47 TiB
2026-07-13 20:42:04 [STATUS  ] GHCN=6.80 GiB | ISD=25.19 GiB | free=8.46 TiB
2026-07-13 20:43:04 [STATUS  ] GHCN=6.80 GiB | ISD=25.22 GiB | free=8.46 TiB
2026-07-13 20:44:05 [STATUS  ] GHCN=6.80 GiB | ISD=25.25 GiB | free=8.46 TiB
2026-07-13 20:45:05 [STATUS  ] GHCN=6.80 GiB | ISD=25.28 GiB | free=8.46 TiB
2026-07-13 20:46:05 [STATUS  ] GHCN=6.80 GiB | ISD=25.30 GiB | free=8.46 TiB
2026-07-13 20:47:05 [STATUS  ] GHCN=6.80 GiB | ISD=25.34 GiB | free=8.46 TiB
2026-07-13 20:48:05 [STATUS  ] GHCN=6.80 GiB | ISD=25.36 GiB | free=8.46 TiB
2026-07-13 20:49:05 [STATUS  ] GHCN=6.80 GiB | ISD=25.39 GiB | free=8.46 TiB
2026-07-13 20:50:06 [STATUS  ] GHCN=6.80 GiB | ISD=25.43 GiB | free=8.46 TiB
2026-07-13 20:51:06 [STATUS  ] GHCN=6.80 GiB | ISD=25.46 GiB | free=8.46 TiB
2026-07-13 20:51:48 [ISD     ] progress=8,900/13,398 | failed=0 | local=25.46 GiB | average=915.19 KiB/s
2026-07-13 20:52:06 [STATUS  ] GHCN=6.80 GiB | ISD=25.51 GiB | free=8.46 TiB
2026-07-13 20:53:06 [STATUS  ] GHCN=6.80 GiB | ISD=25.55 GiB | free=8.46 TiB
2026-07-13 20:54:06 [STATUS  ] GHCN=6.80 GiB | ISD=25.58 GiB | free=8.46 TiB
2026-07-13 20:55:06 [STATUS  ] GHCN=6.80 GiB | ISD=25.60 GiB | free=8.46 TiB
2026-07-13 20:56:06 [STATUS  ] GHCN=6.80 GiB | ISD=25.64 GiB | free=8.46 TiB
2026-07-13 20:57:07 [STATUS  ] GHCN=6.80 GiB | ISD=25.66 GiB | free=8.46 TiB
2026-07-13 20:58:07 [STATUS  ] GHCN=6.80 GiB | ISD=25.70 GiB | free=8.46 TiB
2026-07-13 20:59:07 [STATUS  ] GHCN=6.80 GiB | ISD=25.73 GiB | free=8.46 TiB
2026-07-13 21:00:07 [STATUS  ] GHCN=6.80 GiB | ISD=25.76 GiB | free=8.46 TiB
2026-07-13 21:01:07 [STATUS  ] GHCN=6.80 GiB | ISD=25.78 GiB | free=8.46 TiB
2026-07-13 21:02:08 [STATUS  ] GHCN=6.80 GiB | ISD=25.81 GiB | free=8.46 TiB
2026-07-13 21:03:08 [STATUS  ] GHCN=6.80 GiB | ISD=25.85 GiB | free=8.46 TiB
2026-07-13 21:04:08 [STATUS  ] GHCN=6.80 GiB | ISD=25.88 GiB | free=8.46 TiB
2026-07-13 21:05:08 [STATUS  ] GHCN=6.80 GiB | ISD=25.90 GiB | free=8.46 TiB
2026-07-13 21:06:08 [STATUS  ] GHCN=6.80 GiB | ISD=25.93 GiB | free=8.46 TiB
2026-07-13 21:07:08 [STATUS  ] GHCN=6.80 GiB | ISD=25.95 GiB | free=8.46 TiB
2026-07-13 21:08:08 [STATUS  ] GHCN=6.80 GiB | ISD=25.97 GiB | free=8.46 TiB
2026-07-13 21:09:09 [STATUS  ] GHCN=6.80 GiB | ISD=26.00 GiB | free=8.46 TiB
2026-07-13 21:10:09 [STATUS  ] GHCN=6.80 GiB | ISD=26.02 GiB | free=8.46 TiB
2026-07-13 21:11:09 [STATUS  ] GHCN=6.80 GiB | ISD=26.05 GiB | free=8.46 TiB
2026-07-13 21:12:09 [STATUS  ] GHCN=6.80 GiB | ISD=26.09 GiB | free=8.46 TiB
2026-07-13 21:13:09 [STATUS  ] GHCN=6.80 GiB | ISD=26.12 GiB | free=8.45 TiB
2026-07-13 21:14:09 [STATUS  ] GHCN=6.80 GiB | ISD=26.14 GiB | free=8.45 TiB
2026-07-13 21:15:10 [STATUS  ] GHCN=6.80 GiB | ISD=26.17 GiB | free=8.45 TiB
2026-07-13 21:16:10 [STATUS  ] GHCN=6.80 GiB | ISD=26.20 GiB | free=8.45 TiB
2026-07-13 21:17:10 [STATUS  ] GHCN=6.80 GiB | ISD=26.23 GiB | free=8.45 TiB
2026-07-13 21:18:10 [STATUS  ] GHCN=6.80 GiB | ISD=26.26 GiB | free=8.45 TiB
2026-07-13 21:18:40 [ISD     ] progress=9,000/13,398 | failed=0 | local=26.25 GiB | average=894.22 KiB/s
2026-07-13 21:19:10 [STATUS  ] GHCN=6.80 GiB | ISD=26.29 GiB | free=8.45 TiB
2026-07-13 21:20:10 [STATUS  ] GHCN=6.80 GiB | ISD=26.33 GiB | free=8.45 TiB
2026-07-13 21:21:11 [STATUS  ] GHCN=6.80 GiB | ISD=26.36 GiB | free=8.45 TiB
2026-07-13 21:22:11 [STATUS  ] GHCN=6.80 GiB | ISD=26.40 GiB | free=8.45 TiB
2026-07-13 21:23:11 [STATUS  ] GHCN=6.80 GiB | ISD=26.43 GiB | free=8.45 TiB
2026-07-13 21:24:11 [STATUS  ] GHCN=6.80 GiB | ISD=26.46 GiB | free=8.45 TiB
2026-07-13 21:25:11 [STATUS  ] GHCN=6.80 GiB | ISD=26.49 GiB | free=8.45 TiB
2026-07-13 21:26:11 [STATUS  ] GHCN=6.80 GiB | ISD=26.53 GiB | free=8.45 TiB
2026-07-13 21:27:11 [STATUS  ] GHCN=6.80 GiB | ISD=26.56 GiB | free=8.45 TiB
2026-07-13 21:28:12 [STATUS  ] GHCN=6.80 GiB | ISD=26.59 GiB | free=8.45 TiB
2026-07-13 21:29:12 [STATUS  ] GHCN=6.80 GiB | ISD=26.61 GiB | free=8.45 TiB
2026-07-13 21:30:12 [STATUS  ] GHCN=6.80 GiB | ISD=26.65 GiB | free=8.45 TiB
2026-07-13 21:31:12 [STATUS  ] GHCN=6.80 GiB | ISD=26.68 GiB | free=8.45 TiB
2026-07-13 21:32:12 [STATUS  ] GHCN=6.80 GiB | ISD=26.72 GiB | free=8.45 TiB
2026-07-13 21:33:12 [STATUS  ] GHCN=6.80 GiB | ISD=26.74 GiB | free=8.45 TiB
2026-07-13 21:34:13 [STATUS  ] GHCN=6.80 GiB | ISD=26.78 GiB | free=8.45 TiB
2026-07-13 21:35:13 [STATUS  ] GHCN=6.80 GiB | ISD=26.81 GiB | free=8.45 TiB
2026-07-13 21:36:13 [STATUS  ] GHCN=6.80 GiB | ISD=26.84 GiB | free=8.45 TiB
2026-07-13 21:37:13 [STATUS  ] GHCN=6.80 GiB | ISD=26.89 GiB | free=8.45 TiB
2026-07-13 21:37:48 [ISD     ] progress=9,100/13,398 | failed=0 | local=26.89 GiB | average=883.12 KiB/s
2026-07-13 21:38:13 [STATUS  ] GHCN=6.80 GiB | ISD=26.92 GiB | free=8.45 TiB
2026-07-13 21:39:13 [STATUS  ] GHCN=6.80 GiB | ISD=26.95 GiB | free=8.45 TiB
2026-07-13 21:40:14 [STATUS  ] GHCN=6.80 GiB | ISD=26.98 GiB | free=8.45 TiB
2026-07-13 21:41:14 [STATUS  ] GHCN=6.80 GiB | ISD=27.01 GiB | free=8.45 TiB
2026-07-13 21:42:14 [STATUS  ] GHCN=6.80 GiB | ISD=27.04 GiB | free=8.45 TiB
2026-07-13 21:43:14 [STATUS  ] GHCN=6.80 GiB | ISD=27.07 GiB | free=8.44 TiB
2026-07-13 21:44:04 [ISD     ] retry 1/50: 72289903179.csv | RuntimeError: incomplete response: 6023362/6032901 bytes | saved=0.00 B
2026-07-13 21:44:14 [STATUS  ] GHCN=6.80 GiB | ISD=27.10 GiB | free=8.44 TiB
2026-07-13 21:45:14 [STATUS  ] GHCN=6.80 GiB | ISD=27.13 GiB | free=8.44 TiB
2026-07-13 21:46:15 [STATUS  ] GHCN=6.80 GiB | ISD=27.16 GiB | free=8.44 TiB
2026-07-13 21:47:15 [STATUS  ] GHCN=6.80 GiB | ISD=27.19 GiB | free=8.44 TiB
2026-07-13 21:48:15 [STATUS  ] GHCN=6.80 GiB | ISD=27.22 GiB | free=8.44 TiB
2026-07-13 21:49:15 [STATUS  ] GHCN=6.80 GiB | ISD=27.26 GiB | free=8.44 TiB
2026-07-13 21:50:15 [STATUS  ] GHCN=6.80 GiB | ISD=27.29 GiB | free=8.44 TiB
2026-07-13 21:51:15 [STATUS  ] GHCN=6.80 GiB | ISD=27.31 GiB | free=8.44 TiB
2026-07-13 21:52:16 [STATUS  ] GHCN=6.80 GiB | ISD=27.34 GiB | free=8.44 TiB
2026-07-13 21:53:16 [STATUS  ] GHCN=6.80 GiB | ISD=27.37 GiB | free=8.44 TiB
2026-07-13 21:54:16 [STATUS  ] GHCN=6.80 GiB | ISD=27.39 GiB | free=8.44 TiB
2026-07-13 21:55:16 [STATUS  ] GHCN=6.80 GiB | ISD=27.42 GiB | free=8.44 TiB
2026-07-13 21:56:16 [STATUS  ] GHCN=6.80 GiB | ISD=27.45 GiB | free=8.44 TiB
2026-07-13 21:57:16 [STATUS  ] GHCN=6.80 GiB | ISD=27.48 GiB | free=8.44 TiB
2026-07-13 21:58:17 [STATUS  ] GHCN=6.80 GiB | ISD=27.50 GiB | free=8.44 TiB
2026-07-13 21:59:17 [STATUS  ] GHCN=6.80 GiB | ISD=27.53 GiB | free=8.44 TiB
2026-07-13 21:59:23 [ISD     ] progress=9,200/13,398 | failed=0 | local=27.52 GiB | average=868.51 KiB/s
2026-07-13 22:00:17 [STATUS  ] GHCN=6.80 GiB | ISD=27.56 GiB | free=8.44 TiB
2026-07-13 22:01:17 [STATUS  ] GHCN=6.80 GiB | ISD=27.59 GiB | free=8.44 TiB
2026-07-13 22:02:17 [STATUS  ] GHCN=6.80 GiB | ISD=27.62 GiB | free=8.44 TiB
2026-07-13 22:03:17 [STATUS  ] GHCN=6.80 GiB | ISD=27.66 GiB | free=8.44 TiB
2026-07-13 22:04:18 [STATUS  ] GHCN=6.80 GiB | ISD=27.70 GiB | free=8.44 TiB
2026-07-13 22:05:18 [STATUS  ] GHCN=6.80 GiB | ISD=27.73 GiB | free=8.44 TiB
2026-07-13 22:06:18 [STATUS  ] GHCN=6.80 GiB | ISD=27.77 GiB | free=8.44 TiB
2026-07-13 22:07:18 [STATUS  ] GHCN=6.80 GiB | ISD=27.80 GiB | free=8.44 TiB
2026-07-13 22:08:18 [STATUS  ] GHCN=6.80 GiB | ISD=27.84 GiB | free=8.44 TiB
2026-07-13 22:09:18 [STATUS  ] GHCN=6.80 GiB | ISD=27.88 GiB | free=8.44 TiB
2026-07-13 22:10:18 [STATUS  ] GHCN=6.80 GiB | ISD=27.91 GiB | free=8.43 TiB
2026-07-13 22:11:19 [STATUS  ] GHCN=6.80 GiB | ISD=27.95 GiB | free=8.43 TiB
2026-07-13 22:12:19 [STATUS  ] GHCN=6.80 GiB | ISD=27.98 GiB | free=8.43 TiB
2026-07-13 22:13:19 [STATUS  ] GHCN=6.80 GiB | ISD=28.01 GiB | free=8.43 TiB
2026-07-13 22:14:19 [STATUS  ] GHCN=6.80 GiB | ISD=28.04 GiB | free=8.43 TiB
2026-07-13 22:15:19 [STATUS  ] GHCN=6.80 GiB | ISD=28.08 GiB | free=8.43 TiB
2026-07-13 22:16:19 [STATUS  ] GHCN=6.80 GiB | ISD=28.12 GiB | free=8.43 TiB
2026-07-13 22:17:20 [STATUS  ] GHCN=6.80 GiB | ISD=28.15 GiB | free=8.43 TiB
2026-07-13 22:18:20 [STATUS  ] GHCN=6.80 GiB | ISD=28.19 GiB | free=8.43 TiB
2026-07-13 22:19:02 [ISD     ] progress=9,300/13,398 | failed=0 | local=28.16 GiB | average=858.31 KiB/s
2026-07-13 22:19:20 [STATUS  ] GHCN=6.80 GiB | ISD=28.23 GiB | free=8.43 TiB
2026-07-13 22:20:20 [STATUS  ] GHCN=6.80 GiB | ISD=28.26 GiB | free=8.43 TiB
2026-07-13 22:21:20 [STATUS  ] GHCN=6.80 GiB | ISD=28.31 GiB | free=8.43 TiB
2026-07-13 22:22:21 [STATUS  ] GHCN=6.80 GiB | ISD=28.39 GiB | free=8.43 TiB
2026-07-13 22:23:21 [STATUS  ] GHCN=6.80 GiB | ISD=28.44 GiB | free=8.43 TiB
2026-07-13 22:24:21 [STATUS  ] GHCN=6.80 GiB | ISD=28.48 GiB | free=8.43 TiB
2026-07-13 22:25:21 [STATUS  ] GHCN=6.80 GiB | ISD=28.51 GiB | free=8.43 TiB
2026-07-13 22:26:21 [STATUS  ] GHCN=6.80 GiB | ISD=28.55 GiB | free=8.43 TiB
2026-07-13 22:27:21 [STATUS  ] GHCN=6.80 GiB | ISD=28.59 GiB | free=8.43 TiB
2026-07-13 22:28:21 [STATUS  ] GHCN=6.80 GiB | ISD=28.63 GiB | free=8.43 TiB
2026-07-13 22:29:22 [STATUS  ] GHCN=6.80 GiB | ISD=28.67 GiB | free=8.43 TiB
2026-07-13 22:30:22 [STATUS  ] GHCN=6.80 GiB | ISD=28.70 GiB | free=8.43 TiB
2026-07-13 22:31:22 [STATUS  ] GHCN=6.80 GiB | ISD=28.75 GiB | free=8.43 TiB
2026-07-13 22:32:22 [STATUS  ] GHCN=6.80 GiB | ISD=28.78 GiB | free=8.43 TiB
2026-07-13 22:33:22 [STATUS  ] GHCN=6.80 GiB | ISD=28.82 GiB | free=8.43 TiB
2026-07-13 22:34:22 [STATUS  ] GHCN=6.80 GiB | ISD=28.85 GiB | free=8.43 TiB
2026-07-13 22:35:07 [ISD     ] progress=9,400/13,398 | failed=0 | local=28.86 GiB | average=855.63 KiB/s
2026-07-13 22:35:23 [STATUS  ] GHCN=6.80 GiB | ISD=28.90 GiB | free=8.43 TiB
2026-07-13 22:36:23 [STATUS  ] GHCN=6.80 GiB | ISD=28.93 GiB | free=8.43 TiB
2026-07-13 22:37:23 [STATUS  ] GHCN=6.80 GiB | ISD=28.96 GiB | free=8.43 TiB
2026-07-13 22:38:23 [STATUS  ] GHCN=6.80 GiB | ISD=29.00 GiB | free=8.43 TiB
2026-07-13 22:39:23 [STATUS  ] GHCN=6.80 GiB | ISD=29.04 GiB | free=8.43 TiB
2026-07-13 22:40:23 [STATUS  ] GHCN=6.80 GiB | ISD=29.08 GiB | free=8.43 TiB
2026-07-13 22:41:24 [STATUS  ] GHCN=6.80 GiB | ISD=29.11 GiB | free=8.42 TiB
2026-07-13 22:42:24 [STATUS  ] GHCN=6.80 GiB | ISD=29.15 GiB | free=8.42 TiB
2026-07-13 22:43:24 [STATUS  ] GHCN=6.80 GiB | ISD=29.19 GiB | free=8.42 TiB
2026-07-13 22:44:24 [STATUS  ] GHCN=6.80 GiB | ISD=29.22 GiB | free=8.42 TiB
2026-07-13 22:45:24 [STATUS  ] GHCN=6.80 GiB | ISD=29.25 GiB | free=8.42 TiB
2026-07-13 22:46:24 [STATUS  ] GHCN=6.80 GiB | ISD=29.28 GiB | free=8.42 TiB
2026-07-13 22:47:25 [STATUS  ] GHCN=6.80 GiB | ISD=29.31 GiB | free=8.42 TiB
2026-07-13 22:48:25 [STATUS  ] GHCN=6.80 GiB | ISD=29.36 GiB | free=8.42 TiB
2026-07-13 22:49:25 [STATUS  ] GHCN=6.80 GiB | ISD=29.39 GiB | free=8.42 TiB
2026-07-13 22:50:25 [STATUS  ] GHCN=6.80 GiB | ISD=29.43 GiB | free=8.42 TiB
2026-07-13 22:51:25 [STATUS  ] GHCN=6.80 GiB | ISD=29.46 GiB | free=8.42 TiB
2026-07-13 22:52:25 [STATUS  ] GHCN=6.80 GiB | ISD=29.50 GiB | free=8.42 TiB
2026-07-13 22:53:26 [STATUS  ] GHCN=6.80 GiB | ISD=29.54 GiB | free=8.42 TiB
2026-07-13 22:53:43 [ISD     ] progress=9,500/13,398 | failed=0 | local=29.54 GiB | average=849.06 KiB/s
2026-07-13 22:54:26 [STATUS  ] GHCN=6.80 GiB | ISD=29.58 GiB | free=8.42 TiB
2026-07-13 22:55:26 [STATUS  ] GHCN=6.80 GiB | ISD=29.62 GiB | free=8.42 TiB
2026-07-13 22:56:26 [STATUS  ] GHCN=6.80 GiB | ISD=29.66 GiB | free=8.42 TiB
2026-07-13 22:57:26 [STATUS  ] GHCN=6.80 GiB | ISD=29.70 GiB | free=8.42 TiB
2026-07-13 22:58:26 [STATUS  ] GHCN=6.80 GiB | ISD=29.73 GiB | free=8.42 TiB
2026-07-13 22:59:27 [STATUS  ] GHCN=6.80 GiB | ISD=29.76 GiB | free=8.42 TiB
2026-07-13 23:00:27 [STATUS  ] GHCN=6.80 GiB | ISD=29.79 GiB | free=8.42 TiB
2026-07-13 23:01:27 [STATUS  ] GHCN=6.80 GiB | ISD=29.83 GiB | free=8.42 TiB
2026-07-13 23:02:27 [STATUS  ] GHCN=6.80 GiB | ISD=29.86 GiB | free=8.42 TiB
2026-07-13 23:03:27 [STATUS  ] GHCN=6.80 GiB | ISD=29.90 GiB | free=8.42 TiB
2026-07-13 23:04:27 [STATUS  ] GHCN=6.80 GiB | ISD=29.94 GiB | free=8.42 TiB
2026-07-13 23:05:28 [STATUS  ] GHCN=6.80 GiB | ISD=29.96 GiB | free=8.42 TiB
2026-07-13 23:06:28 [STATUS  ] GHCN=6.80 GiB | ISD=30.00 GiB | free=8.42 TiB
2026-07-13 23:07:28 [STATUS  ] GHCN=6.80 GiB | ISD=30.07 GiB | free=8.42 TiB
2026-07-13 23:08:28 [STATUS  ] GHCN=6.80 GiB | ISD=30.09 GiB | free=8.42 TiB
2026-07-13 23:09:28 [STATUS  ] GHCN=6.80 GiB | ISD=30.12 GiB | free=8.42 TiB
2026-07-13 23:10:27 [ISD     ] progress=9,600/13,398 | failed=0 | local=30.13 GiB | average=842.73 KiB/s
2026-07-13 23:10:28 [STATUS  ] GHCN=6.80 GiB | ISD=30.14 GiB | free=8.41 TiB
2026-07-13 23:11:28 [STATUS  ] GHCN=6.80 GiB | ISD=30.17 GiB | free=8.41 TiB
2026-07-13 23:12:29 [STATUS  ] GHCN=6.80 GiB | ISD=30.18 GiB | free=8.41 TiB
2026-07-13 23:13:29 [STATUS  ] GHCN=6.80 GiB | ISD=30.21 GiB | free=8.41 TiB
2026-07-13 23:14:29 [STATUS  ] GHCN=6.80 GiB | ISD=30.24 GiB | free=8.41 TiB
2026-07-13 23:15:29 [STATUS  ] GHCN=6.80 GiB | ISD=30.26 GiB | free=8.41 TiB
2026-07-13 23:16:29 [STATUS  ] GHCN=6.80 GiB | ISD=30.29 GiB | free=8.41 TiB
2026-07-13 23:17:29 [STATUS  ] GHCN=6.80 GiB | ISD=30.32 GiB | free=8.41 TiB
2026-07-13 23:18:30 [STATUS  ] GHCN=6.80 GiB | ISD=30.34 GiB | free=8.41 TiB
2026-07-13 23:19:30 [STATUS  ] GHCN=6.80 GiB | ISD=30.37 GiB | free=8.41 TiB
2026-07-13 23:20:30 [STATUS  ] GHCN=6.80 GiB | ISD=30.39 GiB | free=8.41 TiB
2026-07-13 23:21:30 [STATUS  ] GHCN=6.80 GiB | ISD=30.42 GiB | free=8.41 TiB
2026-07-13 23:22:30 [STATUS  ] GHCN=6.80 GiB | ISD=30.44 GiB | free=8.41 TiB
2026-07-13 23:23:30 [STATUS  ] GHCN=6.80 GiB | ISD=30.47 GiB | free=8.41 TiB
2026-07-13 23:24:31 [STATUS  ] GHCN=6.80 GiB | ISD=30.49 GiB | free=8.41 TiB
2026-07-13 23:25:31 [STATUS  ] GHCN=6.80 GiB | ISD=30.52 GiB | free=8.41 TiB
2026-07-13 23:26:31 [STATUS  ] GHCN=6.80 GiB | ISD=30.54 GiB | free=8.41 TiB
2026-07-13 23:27:31 [STATUS  ] GHCN=6.80 GiB | ISD=30.56 GiB | free=8.41 TiB
2026-07-13 23:28:31 [STATUS  ] GHCN=6.80 GiB | ISD=30.59 GiB | free=8.41 TiB
2026-07-13 23:29:31 [STATUS  ] GHCN=6.80 GiB | ISD=30.61 GiB | free=8.41 TiB
2026-07-13 23:30:32 [STATUS  ] GHCN=6.80 GiB | ISD=30.64 GiB | free=8.41 TiB
2026-07-13 23:31:32 [STATUS  ] GHCN=6.80 GiB | ISD=30.66 GiB | free=8.41 TiB
2026-07-13 23:32:32 [STATUS  ] GHCN=6.80 GiB | ISD=30.69 GiB | free=8.41 TiB
2026-07-13 23:33:32 [STATUS  ] GHCN=6.80 GiB | ISD=30.71 GiB | free=8.41 TiB
2026-07-13 23:34:32 [STATUS  ] GHCN=6.80 GiB | ISD=30.74 GiB | free=8.41 TiB
2026-07-13 23:35:32 [STATUS  ] GHCN=6.80 GiB | ISD=30.76 GiB | free=8.40 TiB
2026-07-13 23:36:33 [STATUS  ] GHCN=6.80 GiB | ISD=30.78 GiB | free=8.40 TiB
2026-07-13 23:37:33 [STATUS  ] GHCN=6.80 GiB | ISD=30.80 GiB | free=8.40 TiB
2026-07-13 23:38:33 [STATUS  ] GHCN=6.80 GiB | ISD=30.83 GiB | free=8.40 TiB
2026-07-13 23:39:18 [ISD     ] progress=9,700/13,398 | failed=0 | local=30.83 GiB | average=824.14 KiB/s
2026-07-13 23:39:33 [STATUS  ] GHCN=6.80 GiB | ISD=30.85 GiB | free=8.40 TiB
2026-07-13 23:40:33 [STATUS  ] GHCN=6.80 GiB | ISD=30.87 GiB | free=8.40 TiB
2026-07-13 23:41:34 [STATUS  ] GHCN=6.80 GiB | ISD=30.90 GiB | free=8.40 TiB
2026-07-13 23:42:34 [STATUS  ] GHCN=6.80 GiB | ISD=30.93 GiB | free=8.40 TiB
2026-07-13 23:43:34 [STATUS  ] GHCN=6.80 GiB | ISD=30.95 GiB | free=8.40 TiB
2026-07-13 23:44:34 [STATUS  ] GHCN=6.80 GiB | ISD=30.98 GiB | free=8.40 TiB
2026-07-13 23:45:34 [STATUS  ] GHCN=6.80 GiB | ISD=31.00 GiB | free=8.40 TiB
2026-07-13 23:46:34 [STATUS  ] GHCN=6.80 GiB | ISD=31.03 GiB | free=8.40 TiB
2026-07-13 23:47:35 [STATUS  ] GHCN=6.80 GiB | ISD=31.05 GiB | free=8.40 TiB
2026-07-13 23:48:35 [STATUS  ] GHCN=6.80 GiB | ISD=31.08 GiB | free=8.40 TiB
2026-07-13 23:49:35 [STATUS  ] GHCN=6.80 GiB | ISD=31.10 GiB | free=8.40 TiB
2026-07-13 23:50:35 [STATUS  ] GHCN=6.80 GiB | ISD=31.13 GiB | free=8.40 TiB
2026-07-13 23:51:35 [STATUS  ] GHCN=6.80 GiB | ISD=31.16 GiB | free=8.40 TiB
2026-07-13 23:52:35 [STATUS  ] GHCN=6.80 GiB | ISD=31.23 GiB | free=8.40 TiB
2026-07-13 23:53:35 [STATUS  ] GHCN=6.80 GiB | ISD=31.29 GiB | free=8.40 TiB
2026-07-13 23:54:36 [STATUS  ] GHCN=6.80 GiB | ISD=31.35 GiB | free=8.40 TiB
2026-07-13 23:55:36 [STATUS  ] GHCN=6.80 GiB | ISD=31.41 GiB | free=8.40 TiB
2026-07-13 23:56:36 [STATUS  ] GHCN=6.80 GiB | ISD=31.47 GiB | free=8.40 TiB
2026-07-13 23:57:36 [STATUS  ] GHCN=6.80 GiB | ISD=31.53 GiB | free=8.40 TiB
2026-07-13 23:58:36 [STATUS  ] GHCN=6.80 GiB | ISD=31.58 GiB | free=8.40 TiB
2026-07-13 23:59:37 [STATUS  ] GHCN=6.80 GiB | ISD=31.63 GiB | free=8.40 TiB
2026-07-14 00:00:37 [STATUS  ] GHCN=6.80 GiB | ISD=31.69 GiB | free=8.40 TiB
2026-07-14 00:00:40 [ISD     ] progress=9,800/13,398 | failed=0 | local=31.67 GiB | average=819.78 KiB/s
2026-07-14 00:01:37 [STATUS  ] GHCN=6.80 GiB | ISD=31.74 GiB | free=8.40 TiB
2026-07-14 00:02:37 [STATUS  ] GHCN=6.80 GiB | ISD=31.78 GiB | free=8.40 TiB
2026-07-14 00:03:37 [STATUS  ] GHCN=6.80 GiB | ISD=31.84 GiB | free=8.40 TiB
2026-07-14 00:04:37 [STATUS  ] GHCN=6.80 GiB | ISD=31.89 GiB | free=8.40 TiB
2026-07-14 00:05:38 [STATUS  ] GHCN=6.80 GiB | ISD=31.95 GiB | free=8.40 TiB
2026-07-14 00:06:38 [STATUS  ] GHCN=6.80 GiB | ISD=32.00 GiB | free=8.40 TiB
2026-07-14 00:07:38 [STATUS  ] GHCN=6.80 GiB | ISD=32.05 GiB | free=8.40 TiB
2026-07-14 00:08:38 [STATUS  ] GHCN=6.80 GiB | ISD=32.12 GiB | free=8.39 TiB
2026-07-14 00:09:38 [STATUS  ] GHCN=6.80 GiB | ISD=32.17 GiB | free=8.39 TiB
2026-07-14 00:10:39 [STATUS  ] GHCN=6.80 GiB | ISD=32.23 GiB | free=8.39 TiB
2026-07-14 00:11:39 [STATUS  ] GHCN=6.80 GiB | ISD=32.27 GiB | free=8.39 TiB
2026-07-14 00:12:39 [STATUS  ] GHCN=6.80 GiB | ISD=32.33 GiB | free=8.39 TiB
2026-07-14 00:13:24 [ISD     ] progress=9,900/13,398 | failed=0 | local=32.34 GiB | average=821.80 KiB/s
2026-07-14 00:13:39 [STATUS  ] GHCN=6.80 GiB | ISD=32.37 GiB | free=8.39 TiB
2026-07-14 00:14:39 [STATUS  ] GHCN=6.80 GiB | ISD=32.42 GiB | free=8.39 TiB
2026-07-14 00:15:39 [STATUS  ] GHCN=6.80 GiB | ISD=32.49 GiB | free=8.39 TiB
2026-07-14 00:16:40 [STATUS  ] GHCN=6.80 GiB | ISD=32.55 GiB | free=8.39 TiB
2026-07-14 00:17:40 [STATUS  ] GHCN=6.80 GiB | ISD=32.60 GiB | free=8.39 TiB
2026-07-14 00:18:40 [STATUS  ] GHCN=6.80 GiB | ISD=32.66 GiB | free=8.39 TiB
2026-07-14 00:19:40 [STATUS  ] GHCN=6.80 GiB | ISD=32.72 GiB | free=8.39 TiB
2026-07-14 00:20:40 [STATUS  ] GHCN=6.80 GiB | ISD=32.77 GiB | free=8.39 TiB
2026-07-14 00:21:40 [STATUS  ] GHCN=6.80 GiB | ISD=32.82 GiB | free=8.39 TiB
2026-07-14 00:22:41 [STATUS  ] GHCN=6.80 GiB | ISD=32.88 GiB | free=8.39 TiB
2026-07-14 00:23:41 [STATUS  ] GHCN=6.80 GiB | ISD=32.93 GiB | free=8.39 TiB
2026-07-14 00:24:41 [STATUS  ] GHCN=6.80 GiB | ISD=32.98 GiB | free=8.39 TiB
2026-07-14 00:25:41 [STATUS  ] GHCN=6.80 GiB | ISD=33.04 GiB | free=8.39 TiB
2026-07-14 00:26:41 [STATUS  ] GHCN=6.80 GiB | ISD=33.10 GiB | free=8.39 TiB
2026-07-14 00:27:42 [STATUS  ] GHCN=6.80 GiB | ISD=33.15 GiB | free=8.39 TiB
2026-07-14 00:27:53 [ISD     ] progress=10,000/13,398 | failed=0 | local=33.14 GiB | average=824.63 KiB/s
2026-07-14 00:28:42 [STATUS  ] GHCN=6.80 GiB | ISD=33.20 GiB | free=8.39 TiB
2026-07-14 00:29:42 [STATUS  ] GHCN=6.80 GiB | ISD=33.26 GiB | free=8.39 TiB
2026-07-14 00:30:42 [STATUS  ] GHCN=6.80 GiB | ISD=33.32 GiB | free=8.39 TiB
2026-07-14 00:31:42 [STATUS  ] GHCN=6.80 GiB | ISD=33.37 GiB | free=8.39 TiB
2026-07-14 00:32:42 [STATUS  ] GHCN=6.80 GiB | ISD=33.43 GiB | free=8.39 TiB
2026-07-14 00:33:43 [STATUS  ] GHCN=6.80 GiB | ISD=33.49 GiB | free=8.39 TiB
2026-07-14 00:34:43 [STATUS  ] GHCN=6.80 GiB | ISD=33.55 GiB | free=8.39 TiB
2026-07-14 00:35:43 [STATUS  ] GHCN=6.80 GiB | ISD=33.60 GiB | free=8.39 TiB
2026-07-14 00:36:43 [STATUS  ] GHCN=6.80 GiB | ISD=33.67 GiB | free=8.39 TiB
2026-07-14 00:37:43 [STATUS  ] GHCN=6.80 GiB | ISD=33.75 GiB | free=8.39 TiB
2026-07-14 00:38:44 [STATUS  ] GHCN=6.80 GiB | ISD=33.79 GiB | free=8.39 TiB
2026-07-14 00:39:44 [STATUS  ] GHCN=6.80 GiB | ISD=33.83 GiB | free=8.39 TiB
2026-07-14 00:40:44 [STATUS  ] GHCN=6.80 GiB | ISD=33.86 GiB | free=8.39 TiB
2026-07-14 00:41:44 [STATUS  ] GHCN=6.80 GiB | ISD=33.89 GiB | free=8.39 TiB
2026-07-14 00:41:46 [ISD     ] progress=10,100/13,398 | failed=0 | local=33.87 GiB | average=826.41 KiB/s
2026-07-14 00:42:44 [STATUS  ] GHCN=6.80 GiB | ISD=33.93 GiB | free=8.39 TiB
2026-07-14 00:43:44 [STATUS  ] GHCN=6.80 GiB | ISD=33.95 GiB | free=8.39 TiB
2026-07-14 00:44:45 [STATUS  ] GHCN=6.80 GiB | ISD=33.98 GiB | free=8.39 TiB
2026-07-14 00:45:45 [STATUS  ] GHCN=6.80 GiB | ISD=34.01 GiB | free=8.39 TiB
2026-07-14 00:46:45 [STATUS  ] GHCN=6.80 GiB | ISD=34.04 GiB | free=8.39 TiB
2026-07-14 00:47:45 [STATUS  ] GHCN=6.80 GiB | ISD=34.07 GiB | free=8.39 TiB
2026-07-14 00:48:45 [STATUS  ] GHCN=6.80 GiB | ISD=34.10 GiB | free=8.38 TiB
2026-07-14 00:49:45 [STATUS  ] GHCN=6.80 GiB | ISD=34.13 GiB | free=8.38 TiB
2026-07-14 00:50:46 [STATUS  ] GHCN=6.80 GiB | ISD=34.15 GiB | free=8.38 TiB
2026-07-14 00:51:46 [STATUS  ] GHCN=6.80 GiB | ISD=34.17 GiB | free=8.38 TiB
2026-07-14 00:52:46 [STATUS  ] GHCN=6.80 GiB | ISD=34.22 GiB | free=8.38 TiB
2026-07-14 00:53:46 [STATUS  ] GHCN=6.80 GiB | ISD=34.24 GiB | free=8.38 TiB
2026-07-14 00:54:46 [STATUS  ] GHCN=6.80 GiB | ISD=34.27 GiB | free=8.38 TiB
2026-07-14 00:55:47 [STATUS  ] GHCN=6.80 GiB | ISD=34.29 GiB | free=8.38 TiB
2026-07-14 00:56:47 [STATUS  ] GHCN=6.80 GiB | ISD=34.32 GiB | free=8.38 TiB
2026-07-14 00:57:47 [STATUS  ] GHCN=6.80 GiB | ISD=34.35 GiB | free=8.38 TiB
2026-07-14 00:58:47 [STATUS  ] GHCN=6.80 GiB | ISD=34.38 GiB | free=8.38 TiB
2026-07-14 00:59:47 [STATUS  ] GHCN=6.80 GiB | ISD=34.41 GiB | free=8.38 TiB
2026-07-14 01:00:47 [STATUS  ] GHCN=6.80 GiB | ISD=34.44 GiB | free=8.38 TiB
2026-07-14 01:01:48 [STATUS  ] GHCN=6.80 GiB | ISD=34.47 GiB | free=8.38 TiB
2026-07-14 01:02:48 [STATUS  ] GHCN=6.80 GiB | ISD=34.50 GiB | free=8.38 TiB
2026-07-14 01:03:48 [STATUS  ] GHCN=6.80 GiB | ISD=34.53 GiB | free=8.38 TiB
2026-07-14 01:04:48 [STATUS  ] GHCN=6.80 GiB | ISD=34.56 GiB | free=8.38 TiB
2026-07-14 01:05:48 [STATUS  ] GHCN=6.80 GiB | ISD=34.59 GiB | free=8.38 TiB
2026-07-14 01:06:48 [STATUS  ] GHCN=6.80 GiB | ISD=34.62 GiB | free=8.38 TiB
2026-07-14 01:07:49 [STATUS  ] GHCN=6.80 GiB | ISD=34.65 GiB | free=8.38 TiB
2026-07-14 01:07:53 [ISD     ] progress=10,200/13,398 | failed=0 | local=34.63 GiB | average=815.39 KiB/s
2026-07-14 01:08:49 [STATUS  ] GHCN=6.80 GiB | ISD=34.69 GiB | free=8.38 TiB
2026-07-14 01:09:49 [STATUS  ] GHCN=6.80 GiB | ISD=34.72 GiB | free=8.38 TiB
2026-07-14 01:10:49 [STATUS  ] GHCN=6.80 GiB | ISD=34.75 GiB | free=8.38 TiB
2026-07-14 01:11:49 [STATUS  ] GHCN=6.80 GiB | ISD=34.78 GiB | free=8.38 TiB
2026-07-14 01:12:50 [STATUS  ] GHCN=6.80 GiB | ISD=34.81 GiB | free=8.38 TiB
2026-07-14 01:13:50 [STATUS  ] GHCN=6.80 GiB | ISD=34.84 GiB | free=8.38 TiB
2026-07-14 01:14:50 [STATUS  ] GHCN=6.80 GiB | ISD=34.87 GiB | free=8.38 TiB
2026-07-14 01:15:50 [STATUS  ] GHCN=6.80 GiB | ISD=34.90 GiB | free=8.38 TiB
2026-07-14 01:16:50 [STATUS  ] GHCN=6.80 GiB | ISD=34.93 GiB | free=8.38 TiB
2026-07-14 01:17:50 [STATUS  ] GHCN=6.80 GiB | ISD=34.96 GiB | free=8.37 TiB
2026-07-14 01:18:51 [STATUS  ] GHCN=6.80 GiB | ISD=34.99 GiB | free=8.37 TiB
2026-07-14 01:19:51 [STATUS  ] GHCN=6.80 GiB | ISD=35.02 GiB | free=8.37 TiB
2026-07-14 01:20:51 [STATUS  ] GHCN=6.80 GiB | ISD=35.05 GiB | free=8.37 TiB
2026-07-14 01:21:51 [STATUS  ] GHCN=6.80 GiB | ISD=35.07 GiB | free=8.37 TiB
2026-07-14 01:22:51 [STATUS  ] GHCN=6.80 GiB | ISD=35.15 GiB | free=8.37 TiB
2026-07-14 01:23:51 [STATUS  ] GHCN=6.80 GiB | ISD=35.19 GiB | free=8.37 TiB
2026-07-14 01:24:52 [STATUS  ] GHCN=6.80 GiB | ISD=35.22 GiB | free=8.37 TiB
2026-07-14 01:25:52 [STATUS  ] GHCN=6.80 GiB | ISD=35.24 GiB | free=8.37 TiB
2026-07-14 01:26:52 [STATUS  ] GHCN=6.80 GiB | ISD=35.27 GiB | free=8.37 TiB
2026-07-14 01:27:52 [STATUS  ] GHCN=6.80 GiB | ISD=35.30 GiB | free=8.37 TiB
2026-07-14 01:28:52 [STATUS  ] GHCN=6.80 GiB | ISD=35.33 GiB | free=8.37 TiB
2026-07-14 01:29:19 [ISD     ] progress=10,300/13,398 | failed=0 | local=35.33 GiB | average=808.48 KiB/s
2026-07-14 01:29:53 [STATUS  ] GHCN=6.80 GiB | ISD=35.36 GiB | free=8.37 TiB
2026-07-14 01:30:53 [STATUS  ] GHCN=6.80 GiB | ISD=35.39 GiB | free=8.37 TiB
2026-07-14 01:31:53 [STATUS  ] GHCN=6.80 GiB | ISD=35.42 GiB | free=8.37 TiB
2026-07-14 01:32:53 [STATUS  ] GHCN=6.80 GiB | ISD=35.45 GiB | free=8.37 TiB
2026-07-14 01:33:53 [STATUS  ] GHCN=6.80 GiB | ISD=35.47 GiB | free=8.37 TiB
2026-07-14 01:34:53 [STATUS  ] GHCN=6.80 GiB | ISD=35.50 GiB | free=8.37 TiB
2026-07-14 01:35:54 [STATUS  ] GHCN=6.80 GiB | ISD=35.52 GiB | free=8.37 TiB
2026-07-14 01:36:54 [STATUS  ] GHCN=6.80 GiB | ISD=35.55 GiB | free=8.37 TiB
2026-07-14 01:37:54 [STATUS  ] GHCN=6.80 GiB | ISD=35.58 GiB | free=8.37 TiB
2026-07-14 01:38:54 [STATUS  ] GHCN=6.80 GiB | ISD=35.61 GiB | free=8.37 TiB
2026-07-14 01:39:54 [STATUS  ] GHCN=6.80 GiB | ISD=35.64 GiB | free=8.37 TiB
2026-07-14 01:40:55 [STATUS  ] GHCN=6.80 GiB | ISD=35.67 GiB | free=8.37 TiB
2026-07-14 01:41:55 [STATUS  ] GHCN=6.80 GiB | ISD=35.70 GiB | free=8.37 TiB
2026-07-14 01:42:33 [ISD     ] progress=10,400/13,398 | failed=0 | local=35.71 GiB | average=803.36 KiB/s
2026-07-14 01:42:55 [STATUS  ] GHCN=6.80 GiB | ISD=35.74 GiB | free=8.37 TiB
2026-07-14 01:43:55 [STATUS  ] GHCN=6.80 GiB | ISD=35.77 GiB | free=8.37 TiB
2026-07-14 01:44:55 [STATUS  ] GHCN=6.80 GiB | ISD=35.80 GiB | free=8.37 TiB
2026-07-14 01:45:41 [ISD     ] retry 1/50: 78063099999.csv | RemoteDisconnected: Remote end closed connection without response | saved=0.00 B
2026-07-14 01:45:55 [STATUS  ] GHCN=6.80 GiB | ISD=35.84 GiB | free=8.37 TiB
2026-07-14 01:46:56 [STATUS  ] GHCN=6.80 GiB | ISD=35.87 GiB | free=8.37 TiB
2026-07-14 01:47:56 [STATUS  ] GHCN=6.80 GiB | ISD=35.90 GiB | free=8.36 TiB
2026-07-14 01:48:47 [ISD     ] progress=10,500/13,398 | failed=0 | local=35.92 GiB | average=801.54 KiB/s
2026-07-14 01:48:56 [STATUS  ] GHCN=6.80 GiB | ISD=35.93 GiB | free=8.36 TiB
2026-07-14 01:49:56 [STATUS  ] GHCN=6.80 GiB | ISD=35.97 GiB | free=8.36 TiB
2026-07-14 01:50:56 [STATUS  ] GHCN=6.80 GiB | ISD=35.99 GiB | free=8.36 TiB
2026-07-14 01:51:57 [STATUS  ] GHCN=6.80 GiB | ISD=36.03 GiB | free=8.36 TiB
2026-07-14 01:52:57 [STATUS  ] GHCN=6.80 GiB | ISD=36.06 GiB | free=8.36 TiB
2026-07-14 01:53:57 [STATUS  ] GHCN=6.80 GiB | ISD=36.10 GiB | free=8.36 TiB
2026-07-14 01:54:57 [STATUS  ] GHCN=6.80 GiB | ISD=36.14 GiB | free=8.36 TiB
2026-07-14 01:55:57 [STATUS  ] GHCN=6.80 GiB | ISD=36.16 GiB | free=8.36 TiB
2026-07-14 01:56:57 [STATUS  ] GHCN=6.80 GiB | ISD=36.20 GiB | free=8.36 TiB
2026-07-14 01:57:52 [ISD     ] progress=10,600/13,398 | failed=0 | local=36.21 GiB | average=798.82 KiB/s
2026-07-14 01:57:58 [STATUS  ] GHCN=6.80 GiB | ISD=36.23 GiB | free=8.36 TiB
2026-07-14 01:58:58 [STATUS  ] GHCN=6.80 GiB | ISD=36.26 GiB | free=8.36 TiB
2026-07-14 01:59:58 [STATUS  ] GHCN=6.80 GiB | ISD=36.29 GiB | free=8.36 TiB
2026-07-14 02:00:58 [STATUS  ] GHCN=6.80 GiB | ISD=36.33 GiB | free=8.36 TiB
2026-07-14 02:01:58 [STATUS  ] GHCN=6.80 GiB | ISD=36.36 GiB | free=8.36 TiB
2026-07-14 02:02:58 [STATUS  ] GHCN=6.80 GiB | ISD=36.40 GiB | free=8.36 TiB
2026-07-14 02:03:40 [ISD     ] progress=10,700/13,398 | failed=0 | local=36.41 GiB | average=797.33 KiB/s
2026-07-14 02:03:59 [STATUS  ] GHCN=6.80 GiB | ISD=36.43 GiB | free=8.36 TiB
2026-07-14 02:04:59 [STATUS  ] GHCN=6.80 GiB | ISD=36.47 GiB | free=8.36 TiB
2026-07-14 02:05:59 [STATUS  ] GHCN=6.80 GiB | ISD=36.50 GiB | free=8.36 TiB
2026-07-14 02:06:59 [STATUS  ] GHCN=6.80 GiB | ISD=36.54 GiB | free=8.36 TiB
2026-07-14 02:07:46 [ISD     ] progress=10,800/13,398 | failed=0 | local=36.59 GiB | average=797.16 KiB/s
2026-07-14 02:07:59 [STATUS  ] GHCN=6.80 GiB | ISD=36.62 GiB | free=8.36 TiB
2026-07-14 02:08:58 [ISD     ] progress=10,900/13,398 | failed=0 | local=36.71 GiB | average=798.49 KiB/s
2026-07-14 02:09:00 [STATUS  ] GHCN=6.80 GiB | ISD=36.72 GiB | free=8.36 TiB
2026-07-14 02:10:00 [STATUS  ] GHCN=6.80 GiB | ISD=36.81 GiB | free=8.36 TiB
2026-07-14 02:10:16 [ISD     ] progress=11,000/13,398 | failed=0 | local=36.83 GiB | average=799.83 KiB/s
2026-07-14 02:11:00 [STATUS  ] GHCN=6.80 GiB | ISD=36.91 GiB | free=8.36 TiB
2026-07-14 02:11:51 [ISD     ] progress=11,100/13,398 | failed=0 | local=36.98 GiB | average=801.67 KiB/s
2026-07-14 02:11:54 [ISD     ] retry 1/50: 84720099999.csv | RuntimeError: incomplete response: 389340/435297 bytes | saved=0.00 B
2026-07-14 02:12:00 [STATUS  ] GHCN=6.80 GiB | ISD=37.01 GiB | free=8.36 TiB
2026-07-14 02:13:00 [STATUS  ] GHCN=6.80 GiB | ISD=37.10 GiB | free=8.36 TiB
2026-07-14 02:13:36 [ISD     ] progress=11,200/13,398 | failed=0 | local=37.16 GiB | average=803.69 KiB/s
2026-07-14 02:14:01 [STATUS  ] GHCN=6.80 GiB | ISD=37.21 GiB | free=8.36 TiB
2026-07-14 02:15:01 [STATUS  ] GHCN=6.80 GiB | ISD=37.30 GiB | free=8.36 TiB
2026-07-14 02:15:32 [ISD     ] progress=11,300/13,398 | failed=0 | local=37.33 GiB | average=805.57 KiB/s
2026-07-14 02:16:01 [STATUS  ] GHCN=6.80 GiB | ISD=37.39 GiB | free=8.36 TiB
2026-07-14 02:17:01 [STATUS  ] GHCN=6.80 GiB | ISD=37.49 GiB | free=8.36 TiB
2026-07-14 02:17:49 [ISD     ] progress=11,400/13,398 | failed=0 | local=37.56 GiB | average=808.16 KiB/s
2026-07-14 02:18:01 [STATUS  ] GHCN=6.80 GiB | ISD=37.58 GiB | free=8.36 TiB
2026-07-14 02:19:02 [STATUS  ] GHCN=6.80 GiB | ISD=37.69 GiB | free=8.36 TiB
2026-07-14 02:20:02 [STATUS  ] GHCN=6.80 GiB | ISD=37.78 GiB | free=8.36 TiB
2026-07-14 02:20:07 [ISD     ] progress=11,500/13,398 | failed=0 | local=37.78 GiB | average=810.66 KiB/s
2026-07-14 02:21:02 [STATUS  ] GHCN=6.80 GiB | ISD=37.85 GiB | free=8.36 TiB
2026-07-14 02:22:02 [STATUS  ] GHCN=6.80 GiB | ISD=37.95 GiB | free=8.36 TiB
2026-07-14 02:23:03 [STATUS  ] GHCN=6.80 GiB | ISD=38.03 GiB | free=8.36 TiB
2026-07-14 02:23:25 [ISD     ] progress=11,600/13,398 | failed=0 | local=38.05 GiB | average=813.03 KiB/s
2026-07-14 02:24:03 [STATUS  ] GHCN=6.80 GiB | ISD=38.11 GiB | free=8.36 TiB
2026-07-14 02:25:03 [STATUS  ] GHCN=6.80 GiB | ISD=38.18 GiB | free=8.36 TiB
2026-07-14 02:25:28 [ISD     ] progress=11,700/13,398 | failed=0 | local=38.21 GiB | average=814.44 KiB/s
2026-07-14 02:26:03 [STATUS  ] GHCN=6.80 GiB | ISD=38.26 GiB | free=8.36 TiB
2026-07-14 02:27:03 [STATUS  ] GHCN=6.80 GiB | ISD=38.33 GiB | free=8.36 TiB
2026-07-14 02:28:04 [STATUS  ] GHCN=6.80 GiB | ISD=38.41 GiB | free=8.36 TiB
2026-07-14 02:28:55 [ISD     ] progress=11,800/13,398 | failed=0 | local=38.47 GiB | average=816.60 KiB/s
2026-07-14 02:29:04 [STATUS  ] GHCN=6.80 GiB | ISD=38.49 GiB | free=8.36 TiB
2026-07-14 02:30:04 [STATUS  ] GHCN=6.80 GiB | ISD=38.56 GiB | free=8.36 TiB
2026-07-14 02:31:04 [STATUS  ] GHCN=6.80 GiB | ISD=38.64 GiB | free=8.36 TiB
2026-07-14 02:32:05 [STATUS  ] GHCN=6.80 GiB | ISD=38.72 GiB | free=8.36 TiB
2026-07-14 02:32:05 [ISD     ] progress=11,900/13,398 | failed=0 | local=38.71 GiB | average=818.55 KiB/s
2026-07-14 02:33:05 [STATUS  ] GHCN=6.80 GiB | ISD=38.80 GiB | free=8.36 TiB
2026-07-14 02:34:05 [STATUS  ] GHCN=6.80 GiB | ISD=38.88 GiB | free=8.35 TiB
2026-07-14 02:35:05 [STATUS  ] GHCN=6.80 GiB | ISD=38.95 GiB | free=8.35 TiB
2026-07-14 02:35:35 [ISD     ] progress=12,000/13,398 | failed=0 | local=38.98 GiB | average=820.84 KiB/s
2026-07-14 02:36:06 [STATUS  ] GHCN=6.80 GiB | ISD=39.03 GiB | free=8.35 TiB
2026-07-14 02:37:06 [STATUS  ] GHCN=6.80 GiB | ISD=39.11 GiB | free=8.35 TiB
2026-07-14 02:37:43 [ISD     ] progress=12,100/13,398 | failed=0 | local=39.16 GiB | average=822.45 KiB/s
2026-07-14 02:38:06 [STATUS  ] GHCN=6.80 GiB | ISD=39.21 GiB | free=8.35 TiB
2026-07-14 02:39:06 [STATUS  ] GHCN=6.80 GiB | ISD=39.29 GiB | free=8.35 TiB
2026-07-14 02:40:06 [STATUS  ] GHCN=6.80 GiB | ISD=39.38 GiB | free=8.35 TiB
2026-07-14 02:40:20 [ISD     ] progress=12,200/13,398 | failed=0 | local=39.39 GiB | average=824.72 KiB/s
2026-07-14 02:41:07 [STATUS  ] GHCN=6.80 GiB | ISD=39.47 GiB | free=8.35 TiB
2026-07-14 02:42:07 [STATUS  ] GHCN=6.80 GiB | ISD=39.56 GiB | free=8.35 TiB
2026-07-14 02:42:45 [ISD     ] progress=12,300/13,398 | failed=0 | local=39.60 GiB | average=826.76 KiB/s
2026-07-14 02:43:07 [STATUS  ] GHCN=6.80 GiB | ISD=39.63 GiB | free=8.35 TiB
2026-07-14 02:44:07 [STATUS  ] GHCN=6.80 GiB | ISD=39.73 GiB | free=8.35 TiB
2026-07-14 02:45:08 [STATUS  ] GHCN=6.80 GiB | ISD=39.80 GiB | free=8.35 TiB
2026-07-14 02:45:50 [ISD     ] progress=12,400/13,398 | failed=0 | local=39.83 GiB | average=828.42 KiB/s
2026-07-14 02:46:08 [STATUS  ] GHCN=6.80 GiB | ISD=39.86 GiB | free=8.35 TiB
2026-07-14 02:47:08 [STATUS  ] GHCN=6.80 GiB | ISD=39.93 GiB | free=8.35 TiB
2026-07-14 02:48:00 [ISD     ] progress=12,500/13,398 | failed=0 | local=40.01 GiB | average=830.08 KiB/s
2026-07-14 02:48:08 [STATUS  ] GHCN=6.80 GiB | ISD=40.03 GiB | free=8.35 TiB
2026-07-14 02:49:09 [STATUS  ] GHCN=6.80 GiB | ISD=40.11 GiB | free=8.35 TiB
2026-07-14 02:50:03 [ISD     ] progress=12,600/13,398 | failed=0 | local=40.19 GiB | average=831.72 KiB/s
2026-07-14 02:50:09 [STATUS  ] GHCN=6.80 GiB | ISD=40.20 GiB | free=8.35 TiB
2026-07-14 02:51:09 [STATUS  ] GHCN=6.80 GiB | ISD=40.29 GiB | free=8.35 TiB
2026-07-14 02:52:09 [STATUS  ] GHCN=6.80 GiB | ISD=40.38 GiB | free=8.35 TiB
2026-07-14 02:53:10 [STATUS  ] GHCN=6.80 GiB | ISD=40.46 GiB | free=8.35 TiB
2026-07-14 02:53:12 [ISD     ] progress=12,700/13,398 | failed=0 | local=40.45 GiB | average=834.00 KiB/s
2026-07-14 02:54:10 [STATUS  ] GHCN=6.80 GiB | ISD=40.56 GiB | free=8.35 TiB
2026-07-14 02:55:03 [ISD     ] progress=12,800/13,398 | failed=0 | local=40.65 GiB | average=836.30 KiB/s
2026-07-14 02:55:10 [STATUS  ] GHCN=6.80 GiB | ISD=40.66 GiB | free=8.35 TiB
2026-07-14 02:56:10 [STATUS  ] GHCN=6.80 GiB | ISD=40.76 GiB | free=8.35 TiB
2026-07-14 02:57:11 [STATUS  ] GHCN=6.80 GiB | ISD=40.86 GiB | free=8.35 TiB
2026-07-14 02:57:46 [ISD     ] progress=12,900/13,398 | failed=0 | local=40.90 GiB | average=838.72 KiB/s
2026-07-14 02:58:11 [STATUS  ] GHCN=6.80 GiB | ISD=40.94 GiB | free=8.35 TiB
2026-07-14 02:59:11 [STATUS  ] GHCN=6.80 GiB | ISD=41.02 GiB | free=8.35 TiB
2026-07-14 03:00:11 [STATUS  ] GHCN=6.80 GiB | ISD=41.10 GiB | free=8.35 TiB
2026-07-14 03:00:26 [ISD     ] progress=13,000/13,398 | failed=0 | local=41.13 GiB | average=840.90 KiB/s
2026-07-14 03:01:12 [STATUS  ] GHCN=6.80 GiB | ISD=41.23 GiB | free=8.35 TiB
2026-07-14 03:02:12 [STATUS  ] GHCN=6.80 GiB | ISD=41.33 GiB | free=8.35 TiB
2026-07-14 03:02:51 [ISD     ] progress=13,100/13,398 | failed=0 | local=41.38 GiB | average=843.67 KiB/s
2026-07-14 03:03:12 [STATUS  ] GHCN=6.80 GiB | ISD=41.42 GiB | free=8.35 TiB
2026-07-14 03:04:12 [STATUS  ] GHCN=6.80 GiB | ISD=41.52 GiB | free=8.35 TiB
2026-07-14 03:05:13 [STATUS  ] GHCN=6.80 GiB | ISD=41.61 GiB | free=8.35 TiB
2026-07-14 03:06:13 [STATUS  ] GHCN=6.80 GiB | ISD=41.71 GiB | free=8.35 TiB
2026-07-14 03:06:45 [ISD     ] progress=13,200/13,398 | failed=0 | local=41.74 GiB | average=847.02 KiB/s
2026-07-14 03:07:13 [STATUS  ] GHCN=6.80 GiB | ISD=41.80 GiB | free=8.35 TiB
2026-07-14 03:08:13 [STATUS  ] GHCN=6.80 GiB | ISD=41.89 GiB | free=8.35 TiB
2026-07-14 03:09:14 [STATUS  ] GHCN=6.80 GiB | ISD=41.98 GiB | free=8.35 TiB
2026-07-14 03:10:14 [STATUS  ] GHCN=6.80 GiB | ISD=42.06 GiB | free=8.35 TiB
2026-07-14 03:11:14 [STATUS  ] GHCN=6.80 GiB | ISD=42.13 GiB | free=8.35 TiB
2026-07-14 03:12:14 [STATUS  ] GHCN=6.80 GiB | ISD=42.22 GiB | free=8.35 TiB
2026-07-14 03:13:14 [STATUS  ] GHCN=6.80 GiB | ISD=42.30 GiB | free=8.35 TiB
2026-07-14 03:14:15 [STATUS  ] GHCN=6.80 GiB | ISD=42.38 GiB | free=8.35 TiB
2026-07-14 03:15:15 [STATUS  ] GHCN=6.80 GiB | ISD=42.44 GiB | free=8.35 TiB
2026-07-14 03:16:15 [STATUS  ] GHCN=6.80 GiB | ISD=42.52 GiB | free=8.35 TiB
2026-07-14 03:17:15 [STATUS  ] GHCN=6.80 GiB | ISD=42.60 GiB | free=8.35 TiB
2026-07-14 03:18:16 [STATUS  ] GHCN=6.80 GiB | ISD=42.67 GiB | free=8.35 TiB
2026-07-14 03:19:16 [STATUS  ] GHCN=6.80 GiB | ISD=42.75 GiB | free=8.35 TiB
2026-07-14 03:20:16 [STATUS  ] GHCN=6.80 GiB | ISD=42.81 GiB | free=8.35 TiB
2026-07-14 03:21:16 [STATUS  ] GHCN=6.80 GiB | ISD=42.88 GiB | free=8.35 TiB
2026-07-14 03:22:17 [STATUS  ] GHCN=6.80 GiB | ISD=42.96 GiB | free=8.35 TiB
2026-07-14 03:23:17 [STATUS  ] GHCN=6.80 GiB | ISD=43.03 GiB | free=8.35 TiB
2026-07-14 03:24:17 [STATUS  ] GHCN=6.80 GiB | ISD=43.10 GiB | free=8.35 TiB
2026-07-14 03:25:17 [STATUS  ] GHCN=6.80 GiB | ISD=43.17 GiB | free=8.35 TiB
2026-07-14 03:26:18 [STATUS  ] GHCN=6.80 GiB | ISD=43.26 GiB | free=8.35 TiB
2026-07-14 03:27:18 [STATUS  ] GHCN=6.80 GiB | ISD=43.33 GiB | free=8.35 TiB
2026-07-14 03:28:18 [STATUS  ] GHCN=6.80 GiB | ISD=43.41 GiB | free=8.35 TiB
2026-07-14 03:29:18 [STATUS  ] GHCN=6.80 GiB | ISD=43.48 GiB | free=8.35 TiB
2026-07-14 03:30:19 [STATUS  ] GHCN=6.80 GiB | ISD=43.56 GiB | free=8.35 TiB
2026-07-14 03:31:19 [STATUS  ] GHCN=6.80 GiB | ISD=43.63 GiB | free=8.35 TiB
2026-07-14 03:32:19 [STATUS  ] GHCN=6.80 GiB | ISD=43.71 GiB | free=8.35 TiB
2026-07-14 03:33:20 [STATUS  ] GHCN=6.80 GiB | ISD=43.78 GiB | free=8.35 TiB
2026-07-14 03:34:20 [STATUS  ] GHCN=6.80 GiB | ISD=43.87 GiB | free=8.35 TiB
2026-07-14 03:35:20 [STATUS  ] GHCN=6.80 GiB | ISD=43.94 GiB | free=8.35 TiB
2026-07-14 03:36:20 [STATUS  ] GHCN=6.80 GiB | ISD=44.01 GiB | free=8.35 TiB
2026-07-14 03:37:21 [STATUS  ] GHCN=6.80 GiB | ISD=44.08 GiB | free=8.35 TiB
2026-07-14 03:38:21 [STATUS  ] GHCN=6.80 GiB | ISD=44.15 GiB | free=8.35 TiB
2026-07-14 03:39:21 [STATUS  ] GHCN=6.80 GiB | ISD=44.21 GiB | free=8.35 TiB
2026-07-14 03:40:21 [STATUS  ] GHCN=6.80 GiB | ISD=44.24 GiB | free=8.35 TiB
2026-07-14 03:41:21 [STATUS  ] GHCN=6.80 GiB | ISD=44.27 GiB | free=8.35 TiB
2026-07-14 03:42:22 [STATUS  ] GHCN=6.80 GiB | ISD=44.31 GiB | free=8.35 TiB
2026-07-14 03:43:22 [STATUS  ] GHCN=6.80 GiB | ISD=44.35 GiB | free=8.35 TiB
2026-07-14 03:44:22 [STATUS  ] GHCN=6.80 GiB | ISD=44.39 GiB | free=8.35 TiB
2026-07-14 03:45:22 [STATUS  ] GHCN=6.80 GiB | ISD=44.42 GiB | free=8.35 TiB
2026-07-14 03:46:23 [STATUS  ] GHCN=6.80 GiB | ISD=44.45 GiB | free=8.35 TiB
2026-07-14 03:47:23 [STATUS  ] GHCN=6.80 GiB | ISD=44.48 GiB | free=8.35 TiB
2026-07-14 03:48:23 [STATUS  ] GHCN=6.80 GiB | ISD=44.52 GiB | free=8.34 TiB
2026-07-14 03:49:23 [STATUS  ] GHCN=6.80 GiB | ISD=44.55 GiB | free=8.34 TiB
2026-07-14 03:50:24 [STATUS  ] GHCN=6.80 GiB | ISD=44.57 GiB | free=8.34 TiB
2026-07-14 03:51:24 [STATUS  ] GHCN=6.80 GiB | ISD=44.61 GiB | free=8.34 TiB
2026-07-14 03:52:24 [STATUS  ] GHCN=6.80 GiB | ISD=44.64 GiB | free=8.34 TiB
2026-07-14 03:53:24 [STATUS  ] GHCN=6.80 GiB | ISD=44.68 GiB | free=8.34 TiB
2026-07-14 03:54:25 [STATUS  ] GHCN=6.80 GiB | ISD=44.70 GiB | free=8.34 TiB
2026-07-14 03:55:25 [STATUS  ] GHCN=6.80 GiB | ISD=44.73 GiB | free=8.34 TiB
2026-07-14 03:56:25 [STATUS  ] GHCN=6.80 GiB | ISD=44.76 GiB | free=8.34 TiB
2026-07-14 03:57:25 [STATUS  ] GHCN=6.80 GiB | ISD=44.80 GiB | free=8.34 TiB
2026-07-14 03:58:26 [STATUS  ] GHCN=6.80 GiB | ISD=44.82 GiB | free=8.34 TiB
2026-07-14 03:59:26 [STATUS  ] GHCN=6.80 GiB | ISD=44.86 GiB | free=8.34 TiB
2026-07-14 04:00:26 [STATUS  ] GHCN=6.80 GiB | ISD=44.89 GiB | free=8.34 TiB
2026-07-14 04:01:26 [STATUS  ] GHCN=6.80 GiB | ISD=44.92 GiB | free=8.34 TiB
2026-07-14 04:01:38 [ISD     ] progress=13,300/13,398 | failed=0 | local=44.77 GiB | average=854.19 KiB/s
2026-07-14 04:02:26 [STATUS  ] GHCN=6.80 GiB | ISD=44.95 GiB | free=8.34 TiB
2026-07-14 04:03:27 [STATUS  ] GHCN=6.80 GiB | ISD=44.97 GiB | free=8.34 TiB
2026-07-14 04:04:27 [STATUS  ] GHCN=6.80 GiB | ISD=45.00 GiB | free=8.34 TiB
2026-07-14 04:05:27 [STATUS  ] GHCN=6.80 GiB | ISD=45.03 GiB | free=8.34 TiB
2026-07-14 04:06:27 [STATUS  ] GHCN=6.80 GiB | ISD=45.06 GiB | free=8.34 TiB
2026-07-14 04:07:28 [STATUS  ] GHCN=6.80 GiB | ISD=45.09 GiB | free=8.34 TiB
2026-07-14 04:08:28 [STATUS  ] GHCN=6.80 GiB | ISD=45.12 GiB | free=8.34 TiB
2026-07-14 04:09:28 [STATUS  ] GHCN=6.80 GiB | ISD=45.15 GiB | free=8.34 TiB
2026-07-14 04:10:28 [STATUS  ] GHCN=6.80 GiB | ISD=45.18 GiB | free=8.34 TiB
2026-07-14 04:11:28 [STATUS  ] GHCN=6.80 GiB | ISD=45.21 GiB | free=8.34 TiB
2026-07-14 04:12:29 [STATUS  ] GHCN=6.80 GiB | ISD=45.24 GiB | free=8.34 TiB
2026-07-14 04:13:29 [STATUS  ] GHCN=6.80 GiB | ISD=45.27 GiB | free=8.34 TiB
2026-07-14 04:14:29 [STATUS  ] GHCN=6.80 GiB | ISD=45.30 GiB | free=8.34 TiB
2026-07-14 04:15:30 [STATUS  ] GHCN=6.80 GiB | ISD=45.33 GiB | free=8.34 TiB
2026-07-14 04:16:30 [STATUS  ] GHCN=6.80 GiB | ISD=45.36 GiB | free=8.34 TiB
2026-07-14 04:17:30 [STATUS  ] GHCN=6.80 GiB | ISD=45.40 GiB | free=8.34 TiB
2026-07-14 04:18:30 [STATUS  ] GHCN=6.80 GiB | ISD=45.43 GiB | free=8.33 TiB
2026-07-14 04:19:31 [STATUS  ] GHCN=6.80 GiB | ISD=45.47 GiB | free=8.33 TiB
2026-07-14 04:20:31 [STATUS  ] GHCN=6.80 GiB | ISD=45.51 GiB | free=8.33 TiB
2026-07-14 04:21:31 [STATUS  ] GHCN=6.80 GiB | ISD=45.54 GiB | free=8.33 TiB
2026-07-14 04:22:31 [STATUS  ] GHCN=6.80 GiB | ISD=45.57 GiB | free=8.33 TiB
2026-07-14 04:23:32 [STATUS  ] GHCN=6.80 GiB | ISD=45.64 GiB | free=8.33 TiB
2026-07-14 04:24:32 [STATUS  ] GHCN=6.80 GiB | ISD=45.68 GiB | free=8.33 TiB
2026-07-14 04:25:32 [STATUS  ] GHCN=6.80 GiB | ISD=45.70 GiB | free=8.33 TiB
2026-07-14 04:26:32 [STATUS  ] GHCN=6.80 GiB | ISD=45.74 GiB | free=8.33 TiB
2026-07-14 04:27:32 [STATUS  ] GHCN=6.80 GiB | ISD=45.77 GiB | free=8.33 TiB
2026-07-14 04:28:33 [STATUS  ] GHCN=6.80 GiB | ISD=45.80 GiB | free=8.33 TiB
2026-07-14 04:29:33 [STATUS  ] GHCN=6.80 GiB | ISD=45.84 GiB | free=8.33 TiB
2026-07-14 04:30:33 [STATUS  ] GHCN=6.80 GiB | ISD=45.87 GiB | free=8.33 TiB
2026-07-14 04:31:33 [STATUS  ] GHCN=6.80 GiB | ISD=45.90 GiB | free=8.33 TiB
2026-07-14 04:32:34 [STATUS  ] GHCN=6.80 GiB | ISD=45.93 GiB | free=8.33 TiB
2026-07-14 04:33:34 [STATUS  ] GHCN=6.80 GiB | ISD=45.96 GiB | free=8.33 TiB
2026-07-14 04:34:34 [STATUS  ] GHCN=6.80 GiB | ISD=45.99 GiB | free=8.33 TiB
2026-07-14 04:35:34 [STATUS  ] GHCN=6.80 GiB | ISD=46.02 GiB | free=8.33 TiB
2026-07-14 04:36:34 [STATUS  ] GHCN=6.80 GiB | ISD=46.05 GiB | free=8.33 TiB
2026-07-14 04:37:35 [STATUS  ] GHCN=6.80 GiB | ISD=46.08 GiB | free=8.33 TiB
2026-07-14 04:38:35 [STATUS  ] GHCN=6.80 GiB | ISD=46.12 GiB | free=8.33 TiB
2026-07-14 04:39:35 [STATUS  ] GHCN=6.80 GiB | ISD=46.14 GiB | free=8.33 TiB
2026-07-14 04:40:35 [STATUS  ] GHCN=6.80 GiB | ISD=46.17 GiB | free=8.33 TiB
2026-07-14 04:41:36 [STATUS  ] GHCN=6.80 GiB | ISD=46.20 GiB | free=8.33 TiB
2026-07-14 04:42:36 [STATUS  ] GHCN=6.80 GiB | ISD=46.23 GiB | free=8.33 TiB
2026-07-14 04:43:36 [STATUS  ] GHCN=6.80 GiB | ISD=46.26 GiB | free=8.33 TiB
2026-07-14 04:44:36 [STATUS  ] GHCN=6.80 GiB | ISD=46.29 GiB | free=8.33 TiB
2026-07-14 04:45:37 [STATUS  ] GHCN=6.80 GiB | ISD=46.32 GiB | free=8.33 TiB
2026-07-14 04:46:37 [STATUS  ] GHCN=6.80 GiB | ISD=46.32 GiB | free=8.33 TiB
2026-07-14 04:47:37 [STATUS  ] GHCN=6.80 GiB | ISD=46.32 GiB | free=8.33 TiB
2026-07-14 04:47:43 [ISD     ] retry 1/50: 99999963858.csv | TimeoutError: The read operation timed out | saved=0.00 B
2026-07-14 04:47:43 [ISD     ] retry 1/50: 99999963869.csv | TimeoutError: The read operation timed out | saved=0.00 B
2026-07-14 04:47:43 [ISD     ] retry 1/50: 99999963868.csv | TimeoutError: The read operation timed out | saved=0.00 B
2026-07-14 04:47:43 [ISD     ] retry 1/50: 99999963862.csv | TimeoutError: The read operation timed out | saved=0.00 B
2026-07-14 04:47:43 [ISD     ] retry 1/50: 99999963855.csv | TimeoutError: The read operation timed out | saved=0.00 B
2026-07-14 04:47:43 [ISD     ] retry 1/50: 99999963867.csv | TimeoutError: The read operation timed out | saved=0.00 B
2026-07-14 04:47:43 [ISD     ] retry 1/50: 99999963857.csv | TimeoutError: The read operation timed out | saved=0.00 B
2026-07-14 04:47:43 [ISD     ] retry 1/50: 99999963856.csv | TimeoutError: The read operation timed out | saved=0.00 B
2026-07-14 04:48:37 [STATUS  ] GHCN=6.80 GiB | ISD=46.38 GiB | free=8.33 TiB
2026-07-14 04:49:38 [STATUS  ] GHCN=6.80 GiB | ISD=46.46 GiB | free=8.33 TiB
2026-07-14 04:50:38 [STATUS  ] GHCN=6.80 GiB | ISD=46.54 GiB | free=8.33 TiB
2026-07-14 04:51:38 [STATUS  ] GHCN=6.80 GiB | ISD=46.62 GiB | free=8.33 TiB
2026-07-14 04:52:38 [STATUS  ] GHCN=6.80 GiB | ISD=46.69 GiB | free=8.33 TiB
2026-07-14 04:53:39 [STATUS  ] GHCN=6.80 GiB | ISD=46.77 GiB | free=8.33 TiB
2026-07-14 04:54:39 [STATUS  ] GHCN=6.80 GiB | ISD=46.86 GiB | free=8.33 TiB
2026-07-14 04:55:39 [STATUS  ] GHCN=6.80 GiB | ISD=46.94 GiB | free=8.33 TiB
2026-07-14 04:56:39 [STATUS  ] GHCN=6.80 GiB | ISD=47.01 GiB | free=8.33 TiB
2026-07-14 04:57:40 [STATUS  ] GHCN=6.80 GiB | ISD=47.09 GiB | free=8.33 TiB
2026-07-14 04:58:40 [STATUS  ] GHCN=6.80 GiB | ISD=47.18 GiB | free=8.33 TiB
2026-07-14 04:59:40 [STATUS  ] GHCN=6.80 GiB | ISD=47.27 GiB | free=8.33 TiB
2026-07-14 05:00:41 [STATUS  ] GHCN=6.80 GiB | ISD=47.34 GiB | free=8.33 TiB
2026-07-14 05:01:41 [STATUS  ] GHCN=6.80 GiB | ISD=47.42 GiB | free=8.33 TiB
2026-07-14 05:02:41 [STATUS  ] GHCN=6.80 GiB | ISD=47.49 GiB | free=8.33 TiB
2026-07-14 05:03:41 [STATUS  ] GHCN=6.80 GiB | ISD=47.58 GiB | free=8.33 TiB
2026-07-14 05:04:42 [STATUS  ] GHCN=6.80 GiB | ISD=47.66 GiB | free=8.33 TiB
2026-07-14 05:05:42 [STATUS  ] GHCN=6.80 GiB | ISD=47.75 GiB | free=8.33 TiB
2026-07-14 05:06:42 [STATUS  ] GHCN=6.80 GiB | ISD=47.84 GiB | free=8.33 TiB
2026-07-14 05:07:42 [STATUS  ] GHCN=6.80 GiB | ISD=47.92 GiB | free=8.33 TiB
2026-07-14 05:08:43 [STATUS  ] GHCN=6.80 GiB | ISD=48.01 GiB | free=8.33 TiB
2026-07-14 05:09:43 [STATUS  ] GHCN=6.80 GiB | ISD=48.05 GiB | free=8.33 TiB
2026-07-14 05:10:43 [STATUS  ] GHCN=6.80 GiB | ISD=48.09 GiB | free=8.32 TiB
2026-07-14 05:11:43 [STATUS  ] GHCN=6.80 GiB | ISD=48.13 GiB | free=8.32 TiB
2026-07-14 05:12:44 [STATUS  ] GHCN=6.80 GiB | ISD=48.17 GiB | free=8.32 TiB
2026-07-14 05:13:44 [STATUS  ] GHCN=6.80 GiB | ISD=48.21 GiB | free=8.32 TiB
2026-07-14 05:14:44 [STATUS  ] GHCN=6.80 GiB | ISD=48.24 GiB | free=8.32 TiB
2026-07-14 05:15:44 [STATUS  ] GHCN=6.80 GiB | ISD=48.27 GiB | free=8.32 TiB
2026-07-14 05:16:45 [STATUS  ] GHCN=6.80 GiB | ISD=48.29 GiB | free=8.32 TiB
2026-07-14 05:17:45 [STATUS  ] GHCN=6.80 GiB | ISD=48.31 GiB | free=8.32 TiB
2026-07-14 05:18:45 [STATUS  ] GHCN=6.80 GiB | ISD=48.32 GiB | free=8.32 TiB
2026-07-14 05:19:45 [STATUS  ] GHCN=6.80 GiB | ISD=48.34 GiB | free=8.32 TiB
2026-07-14 05:20:45 [STATUS  ] GHCN=6.80 GiB | ISD=48.34 GiB | free=8.32 TiB
2026-07-14 05:21:19 [ISD     ] progress=13,398/13,398 | failed=0 | local=48.35 GiB | average=848.56 KiB/s
2026-07-14 05:21:19 [ISD     ] COMPLETE | files=13,398 | failed=0 | size=48.35 GiB
2026-07-14 05:21:45 [MAIN    ] BOTH STATION DATASETS COMPLETE
