[SETUP] device=cuda
[SETUP] run_id=train_climax_static_physics_loss_s43 method=static_physics_loss backbone=climax
[FORECAST] using frozen forecast cache: /home/tahiti/ConserveFM/forecasts/climax.zarr
[STAGE] finetune epochs=6 start_epoch=0
[TRAIN] stage=finetune epoch=1/6 batch=10/87647 step=10 repair=0.1621 localization=0 type=0 minimal=0 physics=1.392 total=0.2317
[TRAIN] stage=finetune epoch=1/6 batch=20/87647 step=20 repair=0.1012 localization=0 type=0 minimal=0 physics=0.8773 total=0.1451
[TRAIN] stage=finetune epoch=1/6 batch=30/87647 step=30 repair=0.09057 localization=0 type=0 minimal=0 physics=0.8561 total=0.1334
[TRAIN] stage=finetune epoch=1/6 batch=40/87647 step=40 repair=0.09938 localization=0 type=0 minimal=0 physics=0.8721 total=0.143
[TRAIN] stage=finetune epoch=1/6 batch=50/87647 step=50 repair=0.1327 localization=0 type=0 minimal=0 physics=0.9958 total=0.1825
[TRAIN] stage=finetune epoch=1/6 batch=60/87647 step=60 repair=0.09135 localization=0 type=0 minimal=0 physics=0.8378 total=0.1332
[TRAIN] stage=finetune epoch=1/6 batch=70/87647 step=70 repair=0.0955 localization=0 type=0 minimal=0 physics=0.79 total=0.135
[TRAIN] stage=finetune epoch=1/6 batch=80/87647 step=80 repair=0.1273 localization=0 type=0 minimal=0 physics=1.056 total=0.1801
[TRAIN] stage=finetune epoch=1/6 batch=90/87647 step=90 repair=0.07981 localization=0 type=0 minimal=0 physics=0.7915 total=0.1194
[TRAIN] stage=finetune epoch=1/6 batch=100/87647 step=100 repair=0.1258 localization=0 type=0 minimal=0 physics=0.8953 total=0.1705
[TRAIN] stage=finetune epoch=1/6 batch=110/87647 step=110 repair=0.1375 localization=0 type=0 minimal=0 physics=0.8768 total=0.1813
[TRAIN] stage=finetune epoch=1/6 batch=120/87647 step=120 repair=0.1646 localization=0 type=0 minimal=0 physics=0.8877 total=0.209
[TRAIN] stage=finetune epoch=1/6 batch=130/87647 step=130 repair=0.1222 localization=0 type=0 minimal=0 physics=0.8156 total=0.1629
[TRAIN] stage=finetune epoch=1/6 batch=140/87647 step=140 repair=0.1305 localization=0 type=0 minimal=0 physics=0.8006 total=0.1705
[TRAIN] stage=finetune epoch=1/6 batch=150/87647 step=150 repair=0.07837 localization=0 type=0 minimal=0 physics=0.727 total=0.1147
[TRAIN] stage=finetune epoch=1/6 batch=160/87647 step=160 repair=0.08716 localization=0 type=0 minimal=0 physics=0.7473 total=0.1245
[TRAIN] stage=finetune epoch=1/6 batch=170/87647 step=170 repair=0.127 localization=0 type=0 minimal=0 physics=0.7658 total=0.1653
[TRAIN] stage=finetune epoch=1/6 batch=180/87647 step=180 repair=0.1255 localization=0 type=0 minimal=0 physics=0.73 total=0.162
[TRAIN] stage=finetune epoch=1/6 batch=190/87647 step=190 repair=0.1693 localization=0 type=0 minimal=0 physics=0.7668 total=0.2077
[TRAIN] stage=finetune epoch=1/6 batch=200/87647 step=200 repair=0.09732 localization=0 type=0 minimal=0 physics=0.7042 total=0.1325
[TRAIN] stage=finetune epoch=1/6 batch=210/87647 step=210 repair=0.08567 localization=0 type=0 minimal=0 physics=0.7147 total=0.1214
